Copyright 1986-2022 Xilinx, Inc. All Rights Reserved. Copyright 2022-2025 Advanced Micro Devices, Inc. All Rights Reserved.
---------------------------------------------------------------------------------------------------------------------------------------------
| Tool Version : Vivado v.2025.2 (lin64) Build 6299465 Fri Nov 14 12:34:56 MST 2025
| Date         : Sat Sep 19 17:44:26 2026
| Host         : johan2-Yoga-7-15ITL5 running 64-bit Ubuntu 22.04.5 LTS
| Command      : report_control_sets -verbose -file bd_0_wrapper_control_sets_placed.rpt
| Design       : bd_0_wrapper
| Device       : xc7z020
---------------------------------------------------------------------------------------------------------------------------------------------

Control Set Information

Table of Contents
-----------------
1. Summary
2. Histogram
3. Flip-Flop Distribution
4. Detailed Control Set Information

1. Summary
----------

+----------------------------------------------------------+-------+
|                          Status                          | Count |
+----------------------------------------------------------+-------+
| Total control sets                                       |    94 |
|    Minimum number of control sets                        |    94 |
|    Addition due to synthesis replication                 |     0 |
|    Addition due to physical synthesis replication        |     0 |
| Unused register locations in slices containing registers |   238 |
+----------------------------------------------------------+-------+
* Control sets can be merged at opt_design using control_set_merge or merge_equivalent_drivers
** Run report_qor_suggestions for automated merging and remapping suggestions


2. Histogram
------------

+--------------------+-------+
|       Fanout       | Count |
+--------------------+-------+
| Total control sets |    94 |
| >= 0 to < 4        |     6 |
| >= 4 to < 6        |    20 |
| >= 6 to < 8        |     0 |
| >= 8 to < 10       |    12 |
| >= 10 to < 12      |     2 |
| >= 12 to < 14      |     0 |
| >= 14 to < 16      |     0 |
| >= 16              |    54 |
+--------------------+-------+
* Control sets can be remapped at either synth_design or opt_design


3. Flip-Flop Distribution
-------------------------

+--------------+-----------------------+------------------------+-----------------+--------------+
| Clock Enable | Synchronous Set/Reset | Asynchronous Set/Reset | Total Registers | Total Slices |
+--------------+-----------------------+------------------------+-----------------+--------------+
| No           | No                    | No                     |              16 |           14 |
| No           | No                    | Yes                    |               0 |            0 |
| No           | Yes                   | No                     |              96 |           52 |
| Yes          | No                    | No                     |            1444 |          419 |
| Yes          | No                    | Yes                    |               0 |            0 |
| Yes          | Yes                   | No                     |            1598 |          469 |
+--------------+-----------------------+------------------------+-----------------+--------------+


4. Detailed Control Set Information
-----------------------------------

+--------------+-------------------------------------------------------------------------------------------------------------------------+--------------------------------------------------------------------------------------------------------------------------------------------------------------------------+------------------+----------------+--------------+
| Clock Signal |                                                      Enable Signal                                                      |                                                                             Set/Reset Signal                                                                             | Slice Load Count | Bel Load Count | Bels / Slice |
+--------------+-------------------------------------------------------------------------------------------------------------------------+--------------------------------------------------------------------------------------------------------------------------------------------------------------------------+------------------+----------------+--------------+
|  ap_clk      | bd_0_i/hls_inst/inst/gmem0_m_axi_U/bus_read/rreq_burst_conv/burst_sequential/push                                       |                                                                                                                                                                          |                1 |              1 |         1.00 |
|  ap_clk      | bd_0_i/hls_inst/inst/gmem0_m_axi_U/bus_read/ost_ctrl_gen[0].fifo_burst/U_fifo_srl/pop                                   | bd_0_i/hls_inst/inst/gmem1_m_axi_U/bus_read/rreq_burst_conv/burst_sequential/rs_req/ap_rst_n_0                                                                           |                1 |              1 |         1.00 |
|  ap_clk      | bd_0_i/hls_inst/inst/faddfsub_32ns_32ns_32_5_full_dsp_1_U1/ce_r                                                         | bd_0_i/hls_inst/inst/fmul_32ns_32ns_32_4_max_dsp_1_U3/gnss_correlator_fmul_32ns_32ns_32_4_max_dsp_1_ip_u/U0/i_synth/MULT.OP/i_non_prim.EXP/SIG_DELAY/i_pipe/p_2_in10_out |                1 |              1 |         1.00 |
|  ap_clk      | bd_0_i/hls_inst/inst/gmem1_m_axi_U/bus_read/ost_ctrl_gen[0].fifo_burst/U_fifo_srl/pop                                   | bd_0_i/hls_inst/inst/gmem1_m_axi_U/bus_read/rreq_burst_conv/burst_sequential/rs_req/ap_rst_n_0                                                                           |                1 |              1 |         1.00 |
|  ap_clk      | bd_0_i/hls_inst/inst/gmem1_m_axi_U/bus_read/rreq_burst_conv/burst_sequential/push                                       |                                                                                                                                                                          |                1 |              1 |         1.00 |
|  ap_clk      | bd_0_i/hls_inst/inst/fmul_32ns_32ns_32_4_max_dsp_1_U4/ce_r                                                              | bd_0_i/hls_inst/inst/fmul_32ns_32ns_32_4_max_dsp_1_U4/gnss_correlator_fmul_32ns_32ns_32_4_max_dsp_1_ip_u/U0/i_synth/MULT.OP/i_non_prim.EXP/SIG_DELAY/i_pipe/p_2_in10_out |                1 |              1 |         1.00 |
|  ap_clk      | bd_0_i/hls_inst/inst/gmem0_m_axi_U/bus_read/rreq_burst_conv/burst_sequential/could_multi_bursts.burst_len[3]_i_1_n_0    | bd_0_i/hls_inst/inst/gmem1_m_axi_U/bus_read/rreq_burst_conv/burst_sequential/rs_req/ap_rst_n_0                                                                           |                1 |              4 |         4.00 |
|  ap_clk      | bd_0_i/hls_inst/inst/gmem0_m_axi_U/bus_read/rreq_burst_conv/burst_sequential/could_multi_bursts.burst_addr[5]           | bd_0_i/hls_inst/inst/gmem1_m_axi_U/bus_read/rreq_burst_conv/burst_sequential/rs_req/ap_rst_n_0                                                                           |                1 |              4 |         4.00 |
|  ap_clk      | bd_0_i/hls_inst/inst/gmem0_m_axi_U/bus_read/ost_ctrl_gen[0].fifo_burst/raddr[3]_i_1_n_0                                 | bd_0_i/hls_inst/inst/gmem1_m_axi_U/bus_read/rreq_burst_conv/burst_sequential/rs_req/ap_rst_n_0                                                                           |                1 |              4 |         4.00 |
|  ap_clk      | bd_0_i/hls_inst/inst/control_r_s_axi_U/waddr                                                                            |                                                                                                                                                                          |                1 |              4 |         4.00 |
|  ap_clk      | bd_0_i/hls_inst/inst/gmem1_m_axi_U/load_unit_0/fifo_rreq/mOutPtr[3]_i_1__2_n_0                                          | bd_0_i/hls_inst/inst/gmem1_m_axi_U/bus_read/rreq_burst_conv/burst_sequential/rs_req/ap_rst_n_0                                                                           |                1 |              4 |         4.00 |
|  ap_clk      | bd_0_i/hls_inst/inst/gmem1_m_axi_U/load_unit_0/fifo_rreq/num_data_cnt[3]_i_1__2_n_0                                     | bd_0_i/hls_inst/inst/gmem1_m_axi_U/bus_read/rreq_burst_conv/burst_sequential/rs_req/ap_rst_n_0                                                                           |                1 |              4 |         4.00 |
|  ap_clk      | bd_0_i/hls_inst/inst/gmem1_m_axi_U/bus_read/ost_ctrl_gen[0].fifo_burst/raddr[3]_i_1__1_n_0                              | bd_0_i/hls_inst/inst/gmem1_m_axi_U/bus_read/rreq_burst_conv/burst_sequential/rs_req/ap_rst_n_0                                                                           |                1 |              4 |         4.00 |
|  ap_clk      | bd_0_i/hls_inst/inst/gmem1_m_axi_U/bus_read/rreq_burst_conv/burst_sequential/could_multi_bursts.burst_addr[5]           | bd_0_i/hls_inst/inst/gmem1_m_axi_U/bus_read/rreq_burst_conv/burst_sequential/rs_req/ap_rst_n_0                                                                           |                1 |              4 |         4.00 |
|  ap_clk      | bd_0_i/hls_inst/inst/gmem1_m_axi_U/bus_read/rreq_burst_conv/burst_sequential/could_multi_bursts.burst_len[3]_i_1__0_n_0 | bd_0_i/hls_inst/inst/gmem1_m_axi_U/bus_read/rreq_burst_conv/burst_sequential/rs_req/ap_rst_n_0                                                                           |                1 |              4 |         4.00 |
|  ap_clk      | bd_0_i/hls_inst/inst/gmem0_m_axi_U/load_unit_0/fifo_rreq/mOutPtr[3]_i_1_n_0                                             | bd_0_i/hls_inst/inst/gmem1_m_axi_U/bus_read/rreq_burst_conv/burst_sequential/rs_req/ap_rst_n_0                                                                           |                1 |              4 |         4.00 |
|  ap_clk      | bd_0_i/hls_inst/inst/control_s_axi_U/waddr                                                                              |                                                                                                                                                                          |                1 |              4 |         4.00 |
|  ap_clk      | bd_0_i/hls_inst/inst/gmem0_m_axi_U/load_unit_0/fifo_rreq/num_data_cnt[3]_i_1_n_0                                        | bd_0_i/hls_inst/inst/gmem1_m_axi_U/bus_read/rreq_burst_conv/burst_sequential/rs_req/ap_rst_n_0                                                                           |                2 |              4 |         2.00 |
|  ap_clk      | bd_0_i/hls_inst/inst/gmem0_m_axi_U/bus_read/ost_ctrl_gen[0].fifo_burst/mOutPtr[4]_i_1_n_0                               | bd_0_i/hls_inst/inst/gmem1_m_axi_U/bus_read/rreq_burst_conv/burst_sequential/rs_req/ap_rst_n_0                                                                           |                2 |              5 |         2.50 |
|  ap_clk      | bd_0_i/hls_inst/inst/gmem0_m_axi_U/bus_read/ost_ctrl_gen[0].fifo_rctl/mOutPtr                                           | bd_0_i/hls_inst/inst/gmem1_m_axi_U/bus_read/rreq_burst_conv/burst_sequential/rs_req/ap_rst_n_0                                                                           |                1 |              5 |         5.00 |
|  ap_clk      | bd_0_i/hls_inst/inst/gmem0_m_axi_U/bus_read/ost_ctrl_gen[0].fifo_rctl/num_data_cnt                                      | bd_0_i/hls_inst/inst/gmem1_m_axi_U/bus_read/rreq_burst_conv/burst_sequential/rs_req/ap_rst_n_0                                                                           |                1 |              5 |         5.00 |
|  ap_clk      | bd_0_i/hls_inst/inst/gmem1_m_axi_U/bus_read/ost_ctrl_gen[0].fifo_rctl/num_data_cnt                                      | bd_0_i/hls_inst/inst/gmem1_m_axi_U/bus_read/rreq_burst_conv/burst_sequential/rs_req/ap_rst_n_0                                                                           |                2 |              5 |         2.50 |
|  ap_clk      | bd_0_i/hls_inst/inst/gmem1_m_axi_U/bus_read/ost_ctrl_gen[0].fifo_rctl/mOutPtr                                           | bd_0_i/hls_inst/inst/gmem1_m_axi_U/bus_read/rreq_burst_conv/burst_sequential/rs_req/ap_rst_n_0                                                                           |                2 |              5 |         2.50 |
|  ap_clk      | bd_0_i/hls_inst/inst/gmem1_m_axi_U/bus_read/ost_ctrl_gen[0].fifo_burst/num_data_cnt[4]_i_1__1_n_0                       | bd_0_i/hls_inst/inst/gmem1_m_axi_U/bus_read/rreq_burst_conv/burst_sequential/rs_req/ap_rst_n_0                                                                           |                1 |              5 |         5.00 |
|  ap_clk      | bd_0_i/hls_inst/inst/gmem1_m_axi_U/bus_read/ost_ctrl_gen[0].fifo_burst/mOutPtr[4]_i_1__1_n_0                            | bd_0_i/hls_inst/inst/gmem1_m_axi_U/bus_read/rreq_burst_conv/burst_sequential/rs_req/ap_rst_n_0                                                                           |                2 |              5 |         2.50 |
|  ap_clk      | bd_0_i/hls_inst/inst/gmem0_m_axi_U/bus_read/ost_ctrl_gen[0].fifo_burst/num_data_cnt[4]_i_1_n_0                          | bd_0_i/hls_inst/inst/gmem1_m_axi_U/bus_read/rreq_burst_conv/burst_sequential/rs_req/ap_rst_n_0                                                                           |                2 |              5 |         2.50 |
|  ap_clk      | bd_0_i/hls_inst/inst/gmem1_m_axi_U/bus_read/rreq_burst_conv/burst_sequential/could_multi_bursts.last_loop               | bd_0_i/hls_inst/inst/gmem1_m_axi_U/bus_read/rreq_burst_conv/burst_sequential/rs_req/ap_rst_n_0                                                                           |                2 |              8 |         4.00 |
|  ap_clk      | bd_0_i/hls_inst/inst/gmem0_m_axi_U/bus_read/rreq_burst_conv/burst_sequential/could_multi_bursts.last_loop               | bd_0_i/hls_inst/inst/gmem1_m_axi_U/bus_read/rreq_burst_conv/burst_sequential/rs_req/ap_rst_n_0                                                                           |                2 |              8 |         4.00 |
|  ap_clk      | bd_0_i/hls_inst/inst/gmem1_m_axi_U/load_unit_0/buff_rdata/U_fifo_mem/WEBWE[0]                                           | bd_0_i/hls_inst/inst/gmem1_m_axi_U/bus_read/rreq_burst_conv/burst_sequential/rs_req/ap_rst_n_0                                                                           |                2 |              8 |         4.00 |
|  ap_clk      | bd_0_i/hls_inst/inst/gmem1_m_axi_U/load_unit_0/buff_rdata/U_fifo_mem/pop                                                | bd_0_i/hls_inst/inst/gmem1_m_axi_U/bus_read/rreq_burst_conv/burst_sequential/rs_req/ap_rst_n_0                                                                           |                3 |              8 |         2.67 |
|  ap_clk      | bd_0_i/hls_inst/inst/gmem0_m_axi_U/load_unit_0/buff_rdata/U_fifo_mem/WEBWE[0]                                           | bd_0_i/hls_inst/inst/gmem1_m_axi_U/bus_read/rreq_burst_conv/burst_sequential/rs_req/ap_rst_n_0                                                                           |                3 |              8 |         2.67 |
|  ap_clk      | bd_0_i/hls_inst/inst/gmem0_m_axi_U/load_unit_0/fifo_rreq/ap_block_pp0_stage1_subdone_grp2_done_reg_reg                  | bd_0_i/hls_inst/inst/gmem1_m_axi_U/bus_read/rreq_burst_conv/burst_sequential/rs_req/ap_rst_n_0                                                                           |                3 |              8 |         2.67 |
|  ap_clk      | bd_0_i/hls_inst/inst/gmem0_m_axi_U/load_unit_0/buff_rdata/U_fifo_mem/pop                                                | bd_0_i/hls_inst/inst/gmem1_m_axi_U/bus_read/rreq_burst_conv/burst_sequential/rs_req/ap_rst_n_0                                                                           |                2 |              8 |         4.00 |
|  ap_clk      | bd_0_i/hls_inst/inst/gmem0_m_axi_U/load_unit_0/buff_rdata/num_data_cnt[8]_i_1_n_0                                       | bd_0_i/hls_inst/inst/gmem1_m_axi_U/bus_read/rreq_burst_conv/burst_sequential/rs_req/ap_rst_n_0                                                                           |                3 |              9 |         3.00 |
|  ap_clk      | bd_0_i/hls_inst/inst/gmem1_m_axi_U/load_unit_0/buff_rdata/num_data_cnt[8]_i_1__0_n_0                                    | bd_0_i/hls_inst/inst/gmem1_m_axi_U/bus_read/rreq_burst_conv/burst_sequential/rs_req/ap_rst_n_0                                                                           |                2 |              9 |         4.50 |
|  ap_clk      | bd_0_i/hls_inst/inst/gmem1_m_axi_U/load_unit_0/buff_rdata/mOutPtr[8]_i_1__0_n_0                                         | bd_0_i/hls_inst/inst/gmem1_m_axi_U/bus_read/rreq_burst_conv/burst_sequential/rs_req/ap_rst_n_0                                                                           |                3 |              9 |         3.00 |
|  ap_clk      | bd_0_i/hls_inst/inst/gmem0_m_axi_U/load_unit_0/buff_rdata/mOutPtr[8]_i_1_n_0                                            | bd_0_i/hls_inst/inst/gmem1_m_axi_U/bus_read/rreq_burst_conv/burst_sequential/rs_req/ap_rst_n_0                                                                           |                3 |              9 |         3.00 |
|  ap_clk      | bd_0_i/hls_inst/inst/gmem0_m_axi_U/load_unit_0/fifo_rreq/ap_block_pp0_stage1_subdone_grp2_done_reg_reg                  | bd_0_i/hls_inst/inst/control_s_axi_U/ap_enable_reg_pp0_iter4_reg_0                                                                                                       |                2 |              9 |         4.50 |
|  ap_clk      | bd_0_i/hls_inst/inst/gmem0_m_axi_U/bus_read/rreq_burst_conv/burst_sequential/rs_req/p_17_in                             | bd_0_i/hls_inst/inst/gmem0_m_axi_U/bus_read/rreq_burst_conv/burst_sequential/sect_addr_buf[11]_i_1_n_0                                                                   |                4 |             10 |         2.50 |
|  ap_clk      | bd_0_i/hls_inst/inst/gmem1_m_axi_U/bus_read/rreq_burst_conv/burst_sequential/rs_req/p_17_in                             | bd_0_i/hls_inst/inst/gmem1_m_axi_U/bus_read/rreq_burst_conv/burst_sequential/sect_addr_buf[11]_i_1__0_n_0                                                                |                6 |             10 |         1.67 |
|  ap_clk      |                                                                                                                         |                                                                                                                                                                          |               14 |             16 |         1.14 |
|  ap_clk      | bd_0_i/hls_inst/inst/faddfsub_32ns_32ns_32_5_full_dsp_1_U1/ce_r                                                         | bd_0_i/hls_inst/inst/fmul_32ns_32ns_32_4_max_dsp_1_U3/gnss_correlator_fmul_32ns_32ns_32_4_max_dsp_1_ip_u/U0/i_synth/MULT.OP/i_non_prim.EXP/SIG_DELAY/i_pipe/ce_r_reg     |                8 |             22 |         2.75 |
|  ap_clk      | bd_0_i/hls_inst/inst/fmul_32ns_32ns_32_4_max_dsp_1_U4/ce_r                                                              | bd_0_i/hls_inst/inst/fmul_32ns_32ns_32_4_max_dsp_1_U4/gnss_correlator_fmul_32ns_32ns_32_4_max_dsp_1_ip_u/U0/i_synth/MULT.OP/i_non_prim.EXP/SIG_DELAY/i_pipe/ce_r_reg     |                7 |             22 |         3.14 |
|  ap_clk      | bd_0_i/hls_inst/inst/control_s_axi_U/ar_hs                                                                              | bd_0_i/hls_inst/inst/control_s_axi_U/rdata[31]_i_1__0_n_0                                                                                                                |               10 |             30 |         3.00 |
|  ap_clk      | bd_0_i/hls_inst/inst/control_s_axi_U/E[0]                                                                               | bd_0_i/hls_inst/inst/control_s_axi_U/SR[0]                                                                                                                               |                9 |             31 |         3.44 |
|  ap_clk      | bd_0_i/hls_inst/inst/mul8_reg_5250                                                                                      |                                                                                                                                                                          |               13 |             32 |         2.46 |
|  ap_clk      | bd_0_i/hls_inst/inst/gmem0_m_axi_U/load_unit_0/buff_rdata/ap_enable_reg_pp0_iter9_reg[0]                                |                                                                                                                                                                          |                9 |             32 |         3.56 |
|  ap_clk      | bd_0_i/hls_inst/inst/control_r_s_axi_U/int_code_Q[31]_i_1_n_0                                                           | bd_0_i/hls_inst/inst/gmem1_m_axi_U/bus_read/rreq_burst_conv/burst_sequential/rs_req/ap_rst_n_0                                                                           |                8 |             32 |         4.00 |
|  ap_clk      | bd_0_i/hls_inst/inst/acc_Q_fu_102                                                                                       | bd_0_i/hls_inst/inst/flow_control_loop_delay_pipe_U/SR[0]                                                                                                                |               14 |             32 |         2.29 |
|  ap_clk      | bd_0_i/hls_inst/inst/acc_I_fu_98021_out                                                                                 | bd_0_i/hls_inst/inst/flow_control_loop_delay_pipe_U/SR[0]                                                                                                                |               14 |             32 |         2.29 |
|  ap_clk      | bd_0_i/hls_inst/inst/fadd_32ns_32ns_32_2_full_dsp_1_U2/ce_r                                                             |                                                                                                                                                                          |               12 |             32 |         2.67 |
|  ap_clk      | bd_0_i/hls_inst/inst/control_r_s_axi_U/int_signal_Q[31]_i_1_n_0                                                         | bd_0_i/hls_inst/inst/gmem1_m_axi_U/bus_read/rreq_burst_conv/burst_sequential/rs_req/ap_rst_n_0                                                                           |                7 |             32 |         4.57 |
|  ap_clk      | bd_0_i/hls_inst/inst/control_r_s_axi_U/int_signal_Q[63]_i_1_n_0                                                         | bd_0_i/hls_inst/inst/gmem1_m_axi_U/bus_read/rreq_burst_conv/burst_sequential/rs_req/ap_rst_n_0                                                                           |                6 |             32 |         5.33 |
|  ap_clk      | bd_0_i/hls_inst/inst/control_r_s_axi_U/int_signal_I[31]_i_1_n_0                                                         | bd_0_i/hls_inst/inst/gmem1_m_axi_U/bus_read/rreq_burst_conv/burst_sequential/rs_req/ap_rst_n_0                                                                           |                9 |             32 |         3.56 |
|  ap_clk      | bd_0_i/hls_inst/inst/gmem1_m_axi_U/load_unit_0/buff_rdata/ap_CS_fsm_reg[0]_rep[0]                                       |                                                                                                                                                                          |                9 |             32 |         3.56 |
|  ap_clk      | bd_0_i/hls_inst/inst/control_s_axi_U/int_num_samples[31]_i_1_n_0                                                        | bd_0_i/hls_inst/inst/gmem1_m_axi_U/bus_read/rreq_burst_conv/burst_sequential/rs_req/ap_rst_n_0                                                                           |                8 |             32 |         4.00 |
|  ap_clk      | bd_0_i/hls_inst/inst/gmem0_m_axi_U/load_unit_0/buff_rdata/ap_enable_reg_pp0_iter8_reg[0]                                |                                                                                                                                                                          |                9 |             32 |         3.56 |
|  ap_clk      | bd_0_i/hls_inst/inst/gmem0_m_axi_U/load_unit_0/buff_rdata/ap_enable_reg_pp0_iter6_reg[0]                                |                                                                                                                                                                          |                8 |             32 |         4.00 |
|  ap_clk      | bd_0_i/hls_inst/inst/control_r_s_axi_U/int_code_Q[63]_i_1_n_0                                                           | bd_0_i/hls_inst/inst/gmem1_m_axi_U/bus_read/rreq_burst_conv/burst_sequential/rs_req/ap_rst_n_0                                                                           |                5 |             32 |         6.40 |
|  ap_clk      | bd_0_i/hls_inst/inst/control_r_s_axi_U/rdata[31]_i_2__0_n_0                                                             | bd_0_i/hls_inst/inst/control_r_s_axi_U/rdata[31]_i_1_n_0                                                                                                                 |               18 |             32 |         1.78 |
|  ap_clk      | bd_0_i/hls_inst/inst/control_r_s_axi_U/int_signal_I[63]_i_1_n_0                                                         | bd_0_i/hls_inst/inst/gmem1_m_axi_U/bus_read/rreq_burst_conv/burst_sequential/rs_req/ap_rst_n_0                                                                           |                8 |             32 |         4.00 |
|  ap_clk      | bd_0_i/hls_inst/inst/control_r_s_axi_U/int_code_I[31]_i_1_n_0                                                           | bd_0_i/hls_inst/inst/gmem1_m_axi_U/bus_read/rreq_burst_conv/burst_sequential/rs_req/ap_rst_n_0                                                                           |                8 |             32 |         4.00 |
|  ap_clk      | bd_0_i/hls_inst/inst/control_r_s_axi_U/int_code_I[63]_i_1_n_0                                                           | bd_0_i/hls_inst/inst/gmem1_m_axi_U/bus_read/rreq_burst_conv/burst_sequential/rs_req/ap_rst_n_0                                                                           |                7 |             32 |         4.57 |
|  ap_clk      | bd_0_i/hls_inst/inst/gmem1_m_axi_U/bus_read/rs_rdata/load_p1                                                            |                                                                                                                                                                          |               12 |             33 |         2.75 |
|  ap_clk      | bd_0_i/hls_inst/inst/gmem1_m_axi_U/bus_read/rs_rdata/load_p2                                                            |                                                                                                                                                                          |               10 |             33 |         3.30 |
|  ap_clk      | bd_0_i/hls_inst/inst/gmem0_m_axi_U/bus_read/rs_rdata/load_p1                                                            |                                                                                                                                                                          |               10 |             33 |         3.30 |
|  ap_clk      | bd_0_i/hls_inst/inst/gmem0_m_axi_U/bus_read/rs_rdata/load_p2                                                            |                                                                                                                                                                          |                7 |             33 |         4.71 |
|  ap_clk      | bd_0_i/hls_inst/inst/gmem0_m_axi_U/bus_read/rreq_burst_conv/burst_sequential/rs_req/E[0]                                | bd_0_i/hls_inst/inst/gmem1_m_axi_U/bus_read/rreq_burst_conv/burst_sequential/rs_req/ap_rst_n_0                                                                           |               14 |             53 |         3.79 |
|  ap_clk      | bd_0_i/hls_inst/inst/gmem1_m_axi_U/bus_read/rreq_burst_conv/burst_sequential/rs_req/E[0]                                | bd_0_i/hls_inst/inst/gmem1_m_axi_U/bus_read/rreq_burst_conv/burst_sequential/rs_req/ap_rst_n_0                                                                           |               11 |             53 |         4.82 |
|  ap_clk      | bd_0_i/hls_inst/inst/fmul_32ns_32ns_32_4_max_dsp_1_U4/ce_r                                                              |                                                                                                                                                                          |               17 |             56 |         3.29 |
|  ap_clk      | bd_0_i/hls_inst/inst/gmem0_m_axi_U/bus_read/rreq_burst_conv/burst_sequential/E[0]                                       | bd_0_i/hls_inst/inst/gmem1_m_axi_U/bus_read/rreq_burst_conv/burst_sequential/rs_req/ap_rst_n_0                                                                           |               18 |             58 |         3.22 |
|  ap_clk      | bd_0_i/hls_inst/inst/gmem1_m_axi_U/bus_read/rreq_burst_conv/burst_sequential/E[0]                                       | bd_0_i/hls_inst/inst/gmem1_m_axi_U/bus_read/rreq_burst_conv/burst_sequential/rs_req/ap_rst_n_0                                                                           |               20 |             58 |         2.90 |
|  ap_clk      | bd_0_i/hls_inst/inst/gmem1_m_axi_U/load_unit_0/fifo_rreq/U_fifo_srl/pop                                                 | bd_0_i/hls_inst/inst/gmem1_m_axi_U/bus_read/rreq_burst_conv/burst_sequential/rs_req/ap_rst_n_0                                                                           |                9 |             63 |         7.00 |
|  ap_clk      | bd_0_i/hls_inst/inst/gmem0_m_axi_U/load_unit_0/fifo_rreq/U_fifo_srl/push                                                |                                                                                                                                                                          |                9 |             63 |         7.00 |
|  ap_clk      | bd_0_i/hls_inst/inst/gmem0_m_axi_U/load_unit_0/fifo_rreq/U_fifo_srl/pop                                                 | bd_0_i/hls_inst/inst/gmem1_m_axi_U/bus_read/rreq_burst_conv/burst_sequential/rs_req/ap_rst_n_0                                                                           |                9 |             63 |         7.00 |
|  ap_clk      | bd_0_i/hls_inst/inst/gmem1_m_axi_U/load_unit_0/fifo_rreq/U_fifo_srl/push                                                |                                                                                                                                                                          |                9 |             63 |         7.00 |
|  ap_clk      | bd_0_i/hls_inst/inst/gmem0_m_axi_U/bus_read/rreq_burst_conv/burst_sequential/rs_req/load_p1                             |                                                                                                                                                                          |               25 |             64 |         2.56 |
|  ap_clk      | bd_0_i/hls_inst/inst/gmem0_m_axi_U/load_unit_0/tmp_valid_reg_0[0]                                                       |                                                                                                                                                                          |               22 |             64 |         2.91 |
|  ap_clk      | bd_0_i/hls_inst/inst/gmem1_m_axi_U/load_unit_0/fifo_rreq/E[0]                                                           | bd_0_i/hls_inst/inst/gmem1_m_axi_U/bus_read/rreq_burst_conv/burst_sequential/rs_req/ap_rst_n_0                                                                           |               15 |             64 |         4.27 |
|  ap_clk      | bd_0_i/hls_inst/inst/control_s_axi_U/corr_I_ap_vld                                                                      | bd_0_i/hls_inst/inst/gmem1_m_axi_U/bus_read/rreq_burst_conv/burst_sequential/rs_req/ap_rst_n_0                                                                           |               22 |             64 |         2.91 |
|  ap_clk      | bd_0_i/hls_inst/inst/fadd_32ns_32ns_32_2_full_dsp_1_U2/grp_fu_182_ce                                                    |                                                                                                                                                                          |               11 |             64 |         5.82 |
|  ap_clk      | bd_0_i/hls_inst/inst/gmem1_m_axi_U/bus_read/rreq_burst_conv/burst_sequential/rs_req/load_p1                             |                                                                                                                                                                          |               22 |             64 |         2.91 |
|  ap_clk      | bd_0_i/hls_inst/inst/gmem1_m_axi_U/load_unit_0/tmp_valid_reg_0[0]                                                       |                                                                                                                                                                          |               17 |             64 |         3.76 |
|  ap_clk      | bd_0_i/hls_inst/inst/gmem0_m_axi_U/load_unit_0/fifo_rreq/E[0]                                                           | bd_0_i/hls_inst/inst/gmem1_m_axi_U/bus_read/rreq_burst_conv/burst_sequential/rs_req/ap_rst_n_0                                                                           |               22 |             64 |         2.91 |
|  ap_clk      | bd_0_i/hls_inst/inst/gmem1_m_axi_U/load_unit_0/buff_rdata/ap_block_pp0_stage1_subdone_grp0_done_reg_reg[0]              |                                                                                                                                                                          |               15 |             64 |         4.27 |
|  ap_clk      | bd_0_i/hls_inst/inst/gmem1_m_axi_U/load_unit_0/buff_rdata/ap_CS_fsm_reg[1]_0[0]                                         |                                                                                                                                                                          |               14 |             64 |         4.57 |
|  ap_clk      | bd_0_i/hls_inst/inst/gmem0_m_axi_U/bus_read/rreq_burst_conv/burst_sequential/rs_req/p_17_in                             | bd_0_i/hls_inst/inst/gmem1_m_axi_U/bus_read/rreq_burst_conv/burst_sequential/rs_req/ap_rst_n_0                                                                           |               25 |             77 |         3.08 |
|  ap_clk      | bd_0_i/hls_inst/inst/gmem1_m_axi_U/bus_read/rreq_burst_conv/burst_sequential/rs_req/p_17_in                             | bd_0_i/hls_inst/inst/gmem1_m_axi_U/bus_read/rreq_burst_conv/burst_sequential/rs_req/ap_rst_n_0                                                                           |               28 |             77 |         2.75 |
|  ap_clk      |                                                                                                                         | bd_0_i/hls_inst/inst/gmem1_m_axi_U/bus_read/rreq_burst_conv/burst_sequential/rs_req/ap_rst_n_0                                                                           |               52 |             96 |         1.85 |
|  ap_clk      | bd_0_i/hls_inst/inst/gmem1_m_axi_U/bus_read/rreq_burst_conv/burst_sequential/rs_req/next_req                            | bd_0_i/hls_inst/inst/gmem1_m_axi_U/bus_read/rreq_burst_conv/burst_sequential/rs_req/ap_rst_n_0                                                                           |               28 |            105 |         3.75 |
|  ap_clk      | bd_0_i/hls_inst/inst/gmem0_m_axi_U/bus_read/rreq_burst_conv/burst_sequential/rs_req/next_req                            | bd_0_i/hls_inst/inst/gmem1_m_axi_U/bus_read/rreq_burst_conv/burst_sequential/rs_req/ap_rst_n_0                                                                           |               34 |            105 |         3.09 |
|  ap_clk      | bd_0_i/hls_inst/inst/gmem1_m_axi_U/load_unit_0/buff_rdata/ap_block_pp0_stage0_subdone_grp6_done_reg_reg[0]              |                                                                                                                                                                          |               37 |            129 |         3.49 |
|  ap_clk      | bd_0_i/hls_inst/inst/faddfsub_32ns_32ns_32_5_full_dsp_1_U1/ce_r                                                         |                                                                                                                                                                          |               68 |            197 |         2.90 |
|  ap_clk      | bd_0_i/hls_inst/inst/gmem0_m_axi_U/load_unit_0/fifo_rreq/full_n_reg_1                                                   |                                                                                                                                                                          |               70 |            315 |         4.50 |
+--------------+-------------------------------------------------------------------------------------------------------------------------+--------------------------------------------------------------------------------------------------------------------------------------------------------------------------+------------------+----------------+--------------+


