Copyright 1986-2022 Xilinx, Inc. All Rights Reserved. Copyright 2022-2025 Advanced Micro Devices, Inc. All Rights Reserved.
---------------------------------------------------------------------------------------------------------------------------------------------
| Tool Version : Vivado v.2025.2 (lin64) Build 6299465 Fri Nov 14 12:34:56 MST 2025
| Date         : Wed Sep 16 18:07:02 2026
| Host         : johan2-Yoga-7-15ITL5 running 64-bit Ubuntu 22.04.5 LTS
| Command      : report_control_sets -verbose -file bd_0_wrapper_control_sets_placed.rpt
| Design       : bd_0_wrapper
| Device       : xc7z020
---------------------------------------------------------------------------------------------------------------------------------------------

Control Set Information

Table of Contents
-----------------
1. Summary
2. Histogram
3. Flip-Flop Distribution
4. Detailed Control Set Information

1. Summary
----------

+----------------------------------------------------------+-------+
|                          Status                          | Count |
+----------------------------------------------------------+-------+
| Total control sets                                       |    96 |
|    Minimum number of control sets                        |    96 |
|    Addition due to synthesis replication                 |     0 |
|    Addition due to physical synthesis replication        |     0 |
| Unused register locations in slices containing registers |   271 |
+----------------------------------------------------------+-------+
* Control sets can be merged at opt_design using control_set_merge or merge_equivalent_drivers
** Run report_qor_suggestions for automated merging and remapping suggestions


2. Histogram
------------

+--------------------+-------+
|       Fanout       | Count |
+--------------------+-------+
| Total control sets |    96 |
| >= 0 to < 4        |     5 |
| >= 4 to < 6        |    22 |
| >= 6 to < 8        |     0 |
| >= 8 to < 10       |    12 |
| >= 10 to < 12      |     2 |
| >= 12 to < 14      |     2 |
| >= 14 to < 16      |     0 |
| >= 16              |    53 |
+--------------------+-------+
* Control sets can be remapped at either synth_design or opt_design


3. Flip-Flop Distribution
-------------------------

+--------------+-----------------------+------------------------+-----------------+--------------+
| Clock Enable | Synchronous Set/Reset | Asynchronous Set/Reset | Total Registers | Total Slices |
+--------------+-----------------------+------------------------+-----------------+--------------+
| No           | No                    | No                     |              22 |           17 |
| No           | No                    | Yes                    |               0 |            0 |
| No           | Yes                   | No                     |             110 |           52 |
| Yes          | No                    | No                     |            1535 |          438 |
| Yes          | No                    | Yes                    |               0 |            0 |
| Yes          | Yes                   | No                     |            1606 |          424 |
+--------------+-----------------------+------------------------+-----------------+--------------+


4. Detailed Control Set Information
-----------------------------------

+--------------+-------------------------------------------------------------------------------------------------------------------------------------------------------------------------------------+---------------------------------------------------------------------------------------------------------------------------------------------+------------------+----------------+--------------+
| Clock Signal |                                                                                    Enable Signal                                                                                    |                                                               Set/Reset Signal                                                              | Slice Load Count | Bel Load Count | Bels / Slice |
+--------------+-------------------------------------------------------------------------------------------------------------------------------------------------------------------------------------+---------------------------------------------------------------------------------------------------------------------------------------------+------------------+----------------+--------------+
|  ap_clk      | bd_0_i/hls_inst/inst/grp_gnss_correlator_Pipeline_VITIS_LOOP_30_1_fu_170/mac_muladd_18s_18s_34s_34_4_1_U10/gnss_correlator_mac_muladd_18s_18s_34s_34_4_1_DSP48_0_U/ap_condition_356 | bd_0_i/hls_inst/inst/grp_gnss_correlator_Pipeline_VITIS_LOOP_30_1_fu_170/select_ln37_3_reg_1667[0]                                          |                1 |              1 |         1.00 |
|  ap_clk      | bd_0_i/hls_inst/inst/gmem0_m_axi_U/bus_read/rreq_burst_conv/burst_sequential/push                                                                                                   |                                                                                                                                             |                1 |              1 |         1.00 |
|  ap_clk      | bd_0_i/hls_inst/inst/gmem1_m_axi_U/bus_read/rs_rdata/pop                                                                                                                            | bd_0_i/hls_inst/inst/gmem1_m_axi_U/bus_read/rreq_burst_conv/burst_sequential/rs_req/ap_rst_n_0                                              |                1 |              1 |         1.00 |
|  ap_clk      | bd_0_i/hls_inst/inst/gmem0_m_axi_U/bus_read/rs_rdata/pop                                                                                                                            | bd_0_i/hls_inst/inst/gmem1_m_axi_U/bus_read/rreq_burst_conv/burst_sequential/rs_req/ap_rst_n_0                                              |                1 |              1 |         1.00 |
|  ap_clk      | bd_0_i/hls_inst/inst/gmem1_m_axi_U/bus_read/rreq_burst_conv/burst_sequential/push                                                                                                   |                                                                                                                                             |                1 |              1 |         1.00 |
|  ap_clk      | bd_0_i/hls_inst/inst/gmem0_m_axi_U/load_unit_0/fifo_rreq/mOutPtr[3]_i_1__0_n_0                                                                                                      | bd_0_i/hls_inst/inst/gmem1_m_axi_U/bus_read/rreq_burst_conv/burst_sequential/rs_req/ap_rst_n_0                                              |                1 |              4 |         4.00 |
|  ap_clk      | bd_0_i/hls_inst/inst/gmem1_m_axi_U/load_unit_0/fifo_rreq/num_data_cnt[3]_i_1_n_0                                                                                                    | bd_0_i/hls_inst/inst/gmem1_m_axi_U/bus_read/rreq_burst_conv/burst_sequential/rs_req/ap_rst_n_0                                              |                2 |              4 |         2.00 |
|  ap_clk      | bd_0_i/hls_inst/inst/gmem1_m_axi_U/load_unit_0/fifo_rreq/mOutPtr[3]_i_1_n_0                                                                                                         | bd_0_i/hls_inst/inst/gmem1_m_axi_U/bus_read/rreq_burst_conv/burst_sequential/rs_req/ap_rst_n_0                                              |                1 |              4 |         4.00 |
|  ap_clk      | bd_0_i/hls_inst/inst/gmem0_m_axi_U/load_unit_0/fifo_rreq/num_data_cnt[3]_i_1__0_n_0                                                                                                 | bd_0_i/hls_inst/inst/gmem1_m_axi_U/bus_read/rreq_burst_conv/burst_sequential/rs_req/ap_rst_n_0                                              |                1 |              4 |         4.00 |
|  ap_clk      | bd_0_i/hls_inst/inst/control_r_s_axi_U/waddr                                                                                                                                        |                                                                                                                                             |                1 |              4 |         4.00 |
|  ap_clk      | bd_0_i/hls_inst/inst/control_s_axi_U/waddr                                                                                                                                          |                                                                                                                                             |                1 |              4 |         4.00 |
|  ap_clk      | bd_0_i/hls_inst/inst/gmem0_m_axi_U/bus_read/rreq_burst_conv/burst_sequential/could_multi_bursts.burst_addr[5]                                                                       | bd_0_i/hls_inst/inst/gmem1_m_axi_U/bus_read/rreq_burst_conv/burst_sequential/rs_req/ap_rst_n_0                                              |                1 |              4 |         4.00 |
|  ap_clk      | bd_0_i/hls_inst/inst/gmem1_m_axi_U/bus_read/ost_ctrl_gen[0].fifo_burst/raddr[3]_i_1__0_n_0                                                                                          | bd_0_i/hls_inst/inst/gmem1_m_axi_U/bus_read/rreq_burst_conv/burst_sequential/rs_req/ap_rst_n_0                                              |                2 |              4 |         2.00 |
|  ap_clk      | bd_0_i/hls_inst/inst/gmem0_m_axi_U/bus_read/ost_ctrl_gen[0].fifo_burst/raddr[3]_i_1_n_0                                                                                             | bd_0_i/hls_inst/inst/gmem1_m_axi_U/bus_read/rreq_burst_conv/burst_sequential/rs_req/ap_rst_n_0                                              |                2 |              4 |         2.00 |
|  ap_clk      | bd_0_i/hls_inst/inst/gmem1_m_axi_U/bus_read/rreq_burst_conv/burst_sequential/could_multi_bursts.burst_addr[5]                                                                       | bd_0_i/hls_inst/inst/gmem1_m_axi_U/bus_read/rreq_burst_conv/burst_sequential/rs_req/ap_rst_n_0                                              |                1 |              4 |         4.00 |
|  ap_clk      | bd_0_i/hls_inst/inst/gmem1_m_axi_U/bus_read/rreq_burst_conv/burst_sequential/could_multi_bursts.burst_len[3]_i_1__0_n_0                                                             | bd_0_i/hls_inst/inst/gmem1_m_axi_U/bus_read/rreq_burst_conv/burst_sequential/rs_req/ap_rst_n_0                                              |                2 |              4 |         2.00 |
|  ap_clk      | bd_0_i/hls_inst/inst/gmem0_m_axi_U/bus_read/rreq_burst_conv/burst_sequential/could_multi_bursts.burst_len[3]_i_1_n_0                                                                | bd_0_i/hls_inst/inst/gmem1_m_axi_U/bus_read/rreq_burst_conv/burst_sequential/rs_req/ap_rst_n_0                                              |                1 |              4 |         4.00 |
|  ap_clk      |                                                                                                                                                                                     | bd_0_i/hls_inst/inst/grp_gnss_correlator_Pipeline_VITIS_LOOP_30_1_fu_170/ap_block_pp0_stage1_subdone_grp1_done_reg_i_1_n_0                  |                2 |              4 |         2.00 |
|  ap_clk      |                                                                                                                                                                                     | bd_0_i/hls_inst/inst/grp_gnss_correlator_Pipeline_VITIS_LOOP_30_1_fu_170/ap_block_pp0_stage0_subdone_grp3_done_reg_i_1_n_0                  |                2 |              4 |         2.00 |
|  ap_clk      | bd_0_i/hls_inst/inst/gmem0_m_axi_U/bus_read/ost_ctrl_gen[0].fifo_burst/num_data_cnt[4]_i_1_n_0                                                                                      | bd_0_i/hls_inst/inst/gmem1_m_axi_U/bus_read/rreq_burst_conv/burst_sequential/rs_req/ap_rst_n_0                                              |                2 |              5 |         2.50 |
|  ap_clk      | bd_0_i/hls_inst/inst/gmem0_m_axi_U/bus_read/ost_ctrl_gen[0].fifo_rctl/mOutPtr                                                                                                       | bd_0_i/hls_inst/inst/gmem1_m_axi_U/bus_read/rreq_burst_conv/burst_sequential/rs_req/ap_rst_n_0                                              |                2 |              5 |         2.50 |
|  ap_clk      | bd_0_i/hls_inst/inst/gmem0_m_axi_U/bus_read/ost_ctrl_gen[0].fifo_rctl/num_data_cnt                                                                                                  | bd_0_i/hls_inst/inst/gmem1_m_axi_U/bus_read/rreq_burst_conv/burst_sequential/rs_req/ap_rst_n_0                                              |                2 |              5 |         2.50 |
|  ap_clk      | bd_0_i/hls_inst/inst/gmem0_m_axi_U/bus_read/ost_ctrl_gen[0].fifo_burst/mOutPtr[4]_i_1_n_0                                                                                           | bd_0_i/hls_inst/inst/gmem1_m_axi_U/bus_read/rreq_burst_conv/burst_sequential/rs_req/ap_rst_n_0                                              |                2 |              5 |         2.50 |
|  ap_clk      | bd_0_i/hls_inst/inst/gmem1_m_axi_U/bus_read/ost_ctrl_gen[0].fifo_rctl/num_data_cnt                                                                                                  | bd_0_i/hls_inst/inst/gmem1_m_axi_U/bus_read/rreq_burst_conv/burst_sequential/rs_req/ap_rst_n_0                                              |                2 |              5 |         2.50 |
|  ap_clk      | bd_0_i/hls_inst/inst/gmem1_m_axi_U/bus_read/ost_ctrl_gen[0].fifo_rctl/mOutPtr                                                                                                       | bd_0_i/hls_inst/inst/gmem1_m_axi_U/bus_read/rreq_burst_conv/burst_sequential/rs_req/ap_rst_n_0                                              |                1 |              5 |         5.00 |
|  ap_clk      | bd_0_i/hls_inst/inst/gmem1_m_axi_U/bus_read/ost_ctrl_gen[0].fifo_burst/num_data_cnt[4]_i_1__1_n_0                                                                                   | bd_0_i/hls_inst/inst/gmem1_m_axi_U/bus_read/rreq_burst_conv/burst_sequential/rs_req/ap_rst_n_0                                              |                2 |              5 |         2.50 |
|  ap_clk      | bd_0_i/hls_inst/inst/gmem1_m_axi_U/bus_read/ost_ctrl_gen[0].fifo_burst/mOutPtr[4]_i_1__1_n_0                                                                                        | bd_0_i/hls_inst/inst/gmem1_m_axi_U/bus_read/rreq_burst_conv/burst_sequential/rs_req/ap_rst_n_0                                              |                1 |              5 |         5.00 |
|  ap_clk      | bd_0_i/hls_inst/inst/gmem1_m_axi_U/load_unit_0/buff_rdata/pop                                                                                                                       | bd_0_i/hls_inst/inst/gmem1_m_axi_U/bus_read/rreq_burst_conv/burst_sequential/rs_req/ap_rst_n_0                                              |                3 |              8 |         2.67 |
|  ap_clk      | bd_0_i/hls_inst/inst/grp_gnss_correlator_Pipeline_VITIS_LOOP_30_1_fu_170/flow_control_loop_pipe_sequential_init_U/full_n_reg                                                        | bd_0_i/hls_inst/inst/gmem1_m_axi_U/bus_read/rreq_burst_conv/burst_sequential/rs_req/ap_rst_n_0                                              |                2 |              8 |         4.00 |
|  ap_clk      | bd_0_i/hls_inst/inst/grp_gnss_correlator_Pipeline_VITIS_LOOP_30_1_fu_170/flow_control_loop_pipe_sequential_init_U/full_n_reg                                                        |                                                                                                                                             |                2 |              8 |         4.00 |
|  ap_clk      | bd_0_i/hls_inst/inst/gmem0_m_axi_U/bus_read/rreq_burst_conv/burst_sequential/could_multi_bursts.last_loop                                                                           | bd_0_i/hls_inst/inst/gmem1_m_axi_U/bus_read/rreq_burst_conv/burst_sequential/rs_req/ap_rst_n_0                                              |                3 |              8 |         2.67 |
|  ap_clk      | bd_0_i/hls_inst/inst/gmem0_m_axi_U/load_unit_0/buff_rdata/U_fifo_mem/WEBWE[0]                                                                                                       | bd_0_i/hls_inst/inst/gmem1_m_axi_U/bus_read/rreq_burst_conv/burst_sequential/rs_req/ap_rst_n_0                                              |                2 |              8 |         4.00 |
|  ap_clk      | bd_0_i/hls_inst/inst/gmem0_m_axi_U/load_unit_0/buff_rdata/pop                                                                                                                       | bd_0_i/hls_inst/inst/gmem1_m_axi_U/bus_read/rreq_burst_conv/burst_sequential/rs_req/ap_rst_n_0                                              |                3 |              8 |         2.67 |
|  ap_clk      | bd_0_i/hls_inst/inst/gmem1_m_axi_U/bus_read/rreq_burst_conv/burst_sequential/could_multi_bursts.last_loop                                                                           | bd_0_i/hls_inst/inst/gmem1_m_axi_U/bus_read/rreq_burst_conv/burst_sequential/rs_req/ap_rst_n_0                                              |                3 |              8 |         2.67 |
|  ap_clk      | bd_0_i/hls_inst/inst/gmem1_m_axi_U/load_unit_0/buff_rdata/U_fifo_mem/WEBWE[0]                                                                                                       | bd_0_i/hls_inst/inst/gmem1_m_axi_U/bus_read/rreq_burst_conv/burst_sequential/rs_req/ap_rst_n_0                                              |                3 |              8 |         2.67 |
|  ap_clk      | bd_0_i/hls_inst/inst/gmem0_m_axi_U/load_unit_0/buff_rdata/num_data_cnt[8]_i_1__0_n_0                                                                                                | bd_0_i/hls_inst/inst/gmem1_m_axi_U/bus_read/rreq_burst_conv/burst_sequential/rs_req/ap_rst_n_0                                              |                3 |              9 |         3.00 |
|  ap_clk      | bd_0_i/hls_inst/inst/gmem0_m_axi_U/load_unit_0/buff_rdata/mOutPtr[8]_i_1__0_n_0                                                                                                     | bd_0_i/hls_inst/inst/gmem1_m_axi_U/bus_read/rreq_burst_conv/burst_sequential/rs_req/ap_rst_n_0                                              |                2 |              9 |         4.50 |
|  ap_clk      | bd_0_i/hls_inst/inst/gmem1_m_axi_U/load_unit_0/buff_rdata/num_data_cnt[8]_i_1_n_0                                                                                                   | bd_0_i/hls_inst/inst/gmem1_m_axi_U/bus_read/rreq_burst_conv/burst_sequential/rs_req/ap_rst_n_0                                              |                2 |              9 |         4.50 |
|  ap_clk      | bd_0_i/hls_inst/inst/gmem1_m_axi_U/load_unit_0/buff_rdata/mOutPtr[8]_i_1_n_0                                                                                                        | bd_0_i/hls_inst/inst/gmem1_m_axi_U/bus_read/rreq_burst_conv/burst_sequential/rs_req/ap_rst_n_0                                              |                3 |              9 |         3.00 |
|  ap_clk      | bd_0_i/hls_inst/inst/gmem0_m_axi_U/bus_read/rreq_burst_conv/burst_sequential/rs_req/p_17_in                                                                                         | bd_0_i/hls_inst/inst/gmem0_m_axi_U/bus_read/rreq_burst_conv/burst_sequential/sect_addr_buf[11]_i_1_n_0                                      |                4 |             10 |         2.50 |
|  ap_clk      | bd_0_i/hls_inst/inst/gmem1_m_axi_U/bus_read/rreq_burst_conv/burst_sequential/rs_req/p_17_in                                                                                         | bd_0_i/hls_inst/inst/gmem1_m_axi_U/bus_read/rreq_burst_conv/burst_sequential/sect_addr_buf[11]_i_1__0_n_0                                   |                3 |             10 |         3.33 |
|  ap_clk      | bd_0_i/hls_inst/inst/ap_CS_fsm_state4                                                                                                                                               | bd_0_i/hls_inst/inst/retval_0_i_i_reg_594[0]                                                                                                |                6 |             12 |         2.00 |
|  ap_clk      | bd_0_i/hls_inst/inst/ap_CS_fsm_state4                                                                                                                                               | bd_0_i/hls_inst/inst/retval_0_i_i69_reg_589[0]                                                                                              |                6 |             12 |         2.00 |
|  ap_clk      | bd_0_i/hls_inst/inst/grp_gnss_correlator_Pipeline_VITIS_LOOP_30_1_fu_170/mac_muladd_18s_18s_34s_34_4_1_U10/gnss_correlator_mac_muladd_18s_18s_34s_34_4_1_DSP48_0_U/ap_condition_356 | bd_0_i/hls_inst/inst/grp_gnss_correlator_Pipeline_VITIS_LOOP_30_1_fu_170/select_ln37_2_reg_1662[17]_i_1_n_0                                 |                5 |             16 |         3.20 |
|  ap_clk      | bd_0_i/hls_inst/inst/grp_gnss_correlator_Pipeline_VITIS_LOOP_30_1_fu_170/mac_muladd_18s_18s_34s_34_4_1_U10/gnss_correlator_mac_muladd_18s_18s_34s_34_4_1_DSP48_0_U/ap_condition_356 | bd_0_i/hls_inst/inst/grp_gnss_correlator_Pipeline_VITIS_LOOP_30_1_fu_170/select_ln35_2_reg_1647[17]_i_1_n_0                                 |                7 |             16 |         2.29 |
|  ap_clk      | bd_0_i/hls_inst/inst/grp_gnss_correlator_Pipeline_VITIS_LOOP_30_1_fu_170/mac_muladd_18s_18s_34s_34_4_1_U10/gnss_correlator_mac_muladd_18s_18s_34s_34_4_1_DSP48_0_U/ap_CS_fsm_reg[1] | bd_0_i/hls_inst/inst/grp_gnss_correlator_Pipeline_VITIS_LOOP_30_1_fu_170/select_ln36_2_reg_1595[17]_i_1_n_0                                 |                7 |             18 |         2.57 |
|  ap_clk      | bd_0_i/hls_inst/inst/grp_gnss_correlator_Pipeline_VITIS_LOOP_30_1_fu_170/mac_muladd_18s_18s_34s_34_4_1_U10/gnss_correlator_mac_muladd_18s_18s_34s_34_4_1_DSP48_0_U/ap_CS_fsm_reg[1] | bd_0_i/hls_inst/inst/grp_gnss_correlator_Pipeline_VITIS_LOOP_30_1_fu_170/select_ln34_2_reg_1550[17]_i_1_n_0                                 |                6 |             18 |         3.00 |
|  ap_clk      | bd_0_i/hls_inst/inst/grp_gnss_correlator_Pipeline_VITIS_LOOP_30_1_fu_170/acc_I_fu_118[0]                                                                                            | bd_0_i/hls_inst/inst/grp_gnss_correlator_Pipeline_VITIS_LOOP_30_1_fu_170/flow_control_loop_pipe_sequential_init_U/ap_loop_init_int_reg_0[0] |                5 |             18 |         3.60 |
|  ap_clk      | bd_0_i/hls_inst/inst/grp_gnss_correlator_Pipeline_VITIS_LOOP_30_1_fu_170/acc_Q_fu_122022_out                                                                                        | bd_0_i/hls_inst/inst/grp_gnss_correlator_Pipeline_VITIS_LOOP_30_1_fu_170/flow_control_loop_pipe_sequential_init_U/ap_loop_init_int_reg_0[0] |                5 |             18 |         3.60 |
|  ap_clk      |                                                                                                                                                                                     |                                                                                                                                             |               17 |             22 |         1.29 |
|  ap_clk      | bd_0_i/hls_inst/inst/control_s_axi_U/ar_hs                                                                                                                                          | bd_0_i/hls_inst/inst/control_s_axi_U/rdata[31]_i_1__0_n_0                                                                                   |                9 |             30 |         3.33 |
|  ap_clk      | bd_0_i/hls_inst/inst/grp_gnss_correlator_Pipeline_VITIS_LOOP_30_1_fu_170/flow_control_loop_pipe_sequential_init_U/E[0]                                                              | bd_0_i/hls_inst/inst/grp_gnss_correlator_Pipeline_VITIS_LOOP_30_1_fu_170/flow_control_loop_pipe_sequential_init_U/SR[0]                     |                9 |             31 |         3.44 |
|  ap_clk      | bd_0_i/hls_inst/inst/control_r_s_axi_U/int_code_I[63]_i_1_n_0                                                                                                                       | bd_0_i/hls_inst/inst/gmem1_m_axi_U/bus_read/rreq_burst_conv/burst_sequential/rs_req/ap_rst_n_0                                              |                5 |             32 |         6.40 |
|  ap_clk      | bd_0_i/hls_inst/inst/grp_gnss_correlator_Pipeline_VITIS_LOOP_30_1_fu_170/dout_vld_reg[0]                                                                                            |                                                                                                                                             |                8 |             32 |         4.00 |
|  ap_clk      | bd_0_i/hls_inst/inst/grp_gnss_correlator_Pipeline_VITIS_LOOP_30_1_fu_170/E[0]                                                                                                       |                                                                                                                                             |                5 |             32 |         6.40 |
|  ap_clk      | bd_0_i/hls_inst/inst/control_r_s_axi_U/int_signal_Q[63]_i_1_n_0                                                                                                                     | bd_0_i/hls_inst/inst/gmem1_m_axi_U/bus_read/rreq_burst_conv/burst_sequential/rs_req/ap_rst_n_0                                              |                5 |             32 |         6.40 |
|  ap_clk      | bd_0_i/hls_inst/inst/control_r_s_axi_U/int_signal_Q[31]_i_1_n_0                                                                                                                     | bd_0_i/hls_inst/inst/gmem1_m_axi_U/bus_read/rreq_burst_conv/burst_sequential/rs_req/ap_rst_n_0                                              |                7 |             32 |         4.57 |
|  ap_clk      | bd_0_i/hls_inst/inst/control_r_s_axi_U/int_code_I[31]_i_1_n_0                                                                                                                       | bd_0_i/hls_inst/inst/gmem1_m_axi_U/bus_read/rreq_burst_conv/burst_sequential/rs_req/ap_rst_n_0                                              |                7 |             32 |         4.57 |
|  ap_clk      | bd_0_i/hls_inst/inst/control_r_s_axi_U/int_signal_I[63]_i_1_n_0                                                                                                                     | bd_0_i/hls_inst/inst/gmem1_m_axi_U/bus_read/rreq_burst_conv/burst_sequential/rs_req/ap_rst_n_0                                              |                7 |             32 |         4.57 |
|  ap_clk      | bd_0_i/hls_inst/inst/control_r_s_axi_U/rdata[31]_i_2_n_0                                                                                                                            | bd_0_i/hls_inst/inst/control_r_s_axi_U/rdata[31]_i_1_n_0                                                                                    |               18 |             32 |         1.78 |
|  ap_clk      | bd_0_i/hls_inst/inst/control_s_axi_U/int_num_samples[31]_i_1_n_0                                                                                                                    | bd_0_i/hls_inst/inst/gmem1_m_axi_U/bus_read/rreq_burst_conv/burst_sequential/rs_req/ap_rst_n_0                                              |                5 |             32 |         6.40 |
|  ap_clk      | bd_0_i/hls_inst/inst/control_r_s_axi_U/int_signal_I[31]_i_1_n_0                                                                                                                     | bd_0_i/hls_inst/inst/gmem1_m_axi_U/bus_read/rreq_burst_conv/burst_sequential/rs_req/ap_rst_n_0                                              |                6 |             32 |         5.33 |
|  ap_clk      | bd_0_i/hls_inst/inst/control_r_s_axi_U/int_code_Q[63]_i_1_n_0                                                                                                                       | bd_0_i/hls_inst/inst/gmem1_m_axi_U/bus_read/rreq_burst_conv/burst_sequential/rs_req/ap_rst_n_0                                              |                6 |             32 |         5.33 |
|  ap_clk      | bd_0_i/hls_inst/inst/control_r_s_axi_U/int_code_Q[31]_i_1_n_0                                                                                                                       | bd_0_i/hls_inst/inst/gmem1_m_axi_U/bus_read/rreq_burst_conv/burst_sequential/rs_req/ap_rst_n_0                                              |                6 |             32 |         5.33 |
|  ap_clk      | bd_0_i/hls_inst/inst/gmem0_m_axi_U/bus_read/rs_rdata/load_p2                                                                                                                        |                                                                                                                                             |                9 |             33 |         3.67 |
|  ap_clk      | bd_0_i/hls_inst/inst/gmem0_m_axi_U/bus_read/rs_rdata/load_p1                                                                                                                        |                                                                                                                                             |                9 |             33 |         3.67 |
|  ap_clk      | bd_0_i/hls_inst/inst/gmem1_m_axi_U/bus_read/rs_rdata/load_p2                                                                                                                        |                                                                                                                                             |                6 |             33 |         5.50 |
|  ap_clk      | bd_0_i/hls_inst/inst/gmem1_m_axi_U/bus_read/rs_rdata/load_p1                                                                                                                        |                                                                                                                                             |                9 |             33 |         3.67 |
|  ap_clk      | bd_0_i/hls_inst/inst/ap_CS_fsm_state4                                                                                                                                               |                                                                                                                                             |               12 |             38 |         3.17 |
|  ap_clk      | bd_0_i/hls_inst/inst/gmem0_m_axi_U/bus_read/rreq_burst_conv/burst_sequential/rs_req/E[0]                                                                                            | bd_0_i/hls_inst/inst/gmem1_m_axi_U/bus_read/rreq_burst_conv/burst_sequential/rs_req/ap_rst_n_0                                              |               10 |             53 |         5.30 |
|  ap_clk      | bd_0_i/hls_inst/inst/gmem1_m_axi_U/bus_read/rreq_burst_conv/burst_sequential/rs_req/E[0]                                                                                            | bd_0_i/hls_inst/inst/gmem1_m_axi_U/bus_read/rreq_burst_conv/burst_sequential/rs_req/ap_rst_n_0                                              |               10 |             53 |         5.30 |
|  ap_clk      | bd_0_i/hls_inst/inst/ap_CS_fsm_state3                                                                                                                                               |                                                                                                                                             |               20 |             58 |         2.90 |
|  ap_clk      | bd_0_i/hls_inst/inst/gmem0_m_axi_U/bus_read/rreq_burst_conv/burst_sequential/E[0]                                                                                                   | bd_0_i/hls_inst/inst/gmem1_m_axi_U/bus_read/rreq_burst_conv/burst_sequential/rs_req/ap_rst_n_0                                              |               16 |             58 |         3.62 |
|  ap_clk      | bd_0_i/hls_inst/inst/gmem1_m_axi_U/bus_read/rreq_burst_conv/burst_sequential/E[0]                                                                                                   | bd_0_i/hls_inst/inst/gmem1_m_axi_U/bus_read/rreq_burst_conv/burst_sequential/rs_req/ap_rst_n_0                                              |               21 |             58 |         2.76 |
|  ap_clk      | bd_0_i/hls_inst/inst/ap_CS_fsm_state5                                                                                                                                               | bd_0_i/hls_inst/inst/gmem1_m_axi_U/bus_read/rreq_burst_conv/burst_sequential/rs_req/ap_rst_n_0                                              |               12 |             62 |         5.17 |
|  ap_clk      | bd_0_i/hls_inst/inst/gmem1_m_axi_U/load_unit_0/fifo_rreq/U_fifo_srl/pop                                                                                                             | bd_0_i/hls_inst/inst/gmem1_m_axi_U/bus_read/rreq_burst_conv/burst_sequential/rs_req/ap_rst_n_0                                              |                9 |             63 |         7.00 |
|  ap_clk      | bd_0_i/hls_inst/inst/grp_gnss_correlator_Pipeline_VITIS_LOOP_30_1_fu_170/push                                                                                                       |                                                                                                                                             |                9 |             63 |         7.00 |
|  ap_clk      | bd_0_i/hls_inst/inst/grp_gnss_correlator_Pipeline_VITIS_LOOP_30_1_fu_170/push_0                                                                                                     |                                                                                                                                             |                9 |             63 |         7.00 |
|  ap_clk      | bd_0_i/hls_inst/inst/gmem0_m_axi_U/load_unit_0/fifo_rreq/U_fifo_srl/pop                                                                                                             | bd_0_i/hls_inst/inst/gmem1_m_axi_U/bus_read/rreq_burst_conv/burst_sequential/rs_req/ap_rst_n_0                                              |                9 |             63 |         7.00 |
|  ap_clk      | bd_0_i/hls_inst/inst/gmem0_m_axi_U/load_unit_0/E[0]                                                                                                                                 |                                                                                                                                             |               19 |             64 |         3.37 |
|  ap_clk      | bd_0_i/hls_inst/inst/gmem0_m_axi_U/load_unit_0/fifo_rreq/E[0]                                                                                                                       | bd_0_i/hls_inst/inst/gmem1_m_axi_U/bus_read/rreq_burst_conv/burst_sequential/rs_req/ap_rst_n_0                                              |               20 |             64 |         3.20 |
|  ap_clk      | bd_0_i/hls_inst/inst/gmem1_m_axi_U/load_unit_0/E[0]                                                                                                                                 |                                                                                                                                             |               19 |             64 |         3.37 |
|  ap_clk      | bd_0_i/hls_inst/inst/gmem0_m_axi_U/bus_read/rreq_burst_conv/burst_sequential/rs_req/load_p1                                                                                         |                                                                                                                                             |               22 |             64 |         2.91 |
|  ap_clk      | bd_0_i/hls_inst/inst/gmem1_m_axi_U/load_unit_0/fifo_rreq/E[0]                                                                                                                       | bd_0_i/hls_inst/inst/gmem1_m_axi_U/bus_read/rreq_burst_conv/burst_sequential/rs_req/ap_rst_n_0                                              |               14 |             64 |         4.57 |
|  ap_clk      | bd_0_i/hls_inst/inst/grp_gnss_correlator_Pipeline_VITIS_LOOP_30_1_fu_170/fpext_32ns_64_2_no_dsp_1_U1/E[0]                                                                           |                                                                                                                                             |               19 |             64 |         3.37 |
|  ap_clk      | bd_0_i/hls_inst/inst/gmem1_m_axi_U/bus_read/rreq_burst_conv/burst_sequential/rs_req/load_p1                                                                                         |                                                                                                                                             |               21 |             64 |         3.05 |
|  ap_clk      | bd_0_i/hls_inst/inst/grp_gnss_correlator_Pipeline_VITIS_LOOP_30_1_fu_170/fpext_32ns_64_2_no_dsp_1_U1/ce_r                                                                           |                                                                                                                                             |               26 |             70 |         2.69 |
|  ap_clk      | bd_0_i/hls_inst/inst/gmem0_m_axi_U/bus_read/rreq_burst_conv/burst_sequential/rs_req/p_17_in                                                                                         | bd_0_i/hls_inst/inst/gmem1_m_axi_U/bus_read/rreq_burst_conv/burst_sequential/rs_req/ap_rst_n_0                                              |               23 |             77 |         3.35 |
|  ap_clk      | bd_0_i/hls_inst/inst/gmem1_m_axi_U/bus_read/rreq_burst_conv/burst_sequential/rs_req/p_17_in                                                                                         | bd_0_i/hls_inst/inst/gmem1_m_axi_U/bus_read/rreq_burst_conv/burst_sequential/rs_req/ap_rst_n_0                                              |               24 |             77 |         3.21 |
|  ap_clk      |                                                                                                                                                                                     | bd_0_i/hls_inst/inst/gmem1_m_axi_U/bus_read/rreq_burst_conv/burst_sequential/rs_req/ap_rst_n_0                                              |               48 |            102 |         2.12 |
|  ap_clk      | bd_0_i/hls_inst/inst/gmem0_m_axi_U/bus_read/rreq_burst_conv/burst_sequential/rs_req/next_req                                                                                        | bd_0_i/hls_inst/inst/gmem1_m_axi_U/bus_read/rreq_burst_conv/burst_sequential/rs_req/ap_rst_n_0                                              |               23 |            105 |         4.57 |
|  ap_clk      | bd_0_i/hls_inst/inst/gmem1_m_axi_U/bus_read/rreq_burst_conv/burst_sequential/rs_req/next_req                                                                                        | bd_0_i/hls_inst/inst/gmem1_m_axi_U/bus_read/rreq_burst_conv/burst_sequential/rs_req/ap_rst_n_0                                              |               29 |            105 |         3.62 |
|  ap_clk      | bd_0_i/hls_inst/inst/grp_gnss_correlator_Pipeline_VITIS_LOOP_30_1_fu_170/mac_muladd_18s_18s_34s_34_4_1_U10/gnss_correlator_mac_muladd_18s_18s_34s_34_4_1_DSP48_0_U/ap_CS_fsm_reg[1] |                                                                                                                                             |               49 |            144 |         2.94 |
|  ap_clk      | bd_0_i/hls_inst/inst/grp_gnss_correlator_Pipeline_VITIS_LOOP_30_1_fu_170/mac_muladd_18s_18s_34s_34_4_1_U10/gnss_correlator_mac_muladd_18s_18s_34s_34_4_1_DSP48_0_U/ap_condition_356 |                                                                                                                                             |               58 |            164 |         2.83 |
|  ap_clk      | bd_0_i/hls_inst/inst/grp_gnss_correlator_Pipeline_VITIS_LOOP_30_1_fu_170/i_fu_1261                                                                                                  |                                                                                                                                             |               65 |            249 |         3.83 |
|  ap_clk      | bd_0_i/hls_inst/inst/ap_CS_fsm_state1                                                                                                                                               |                                                                                                                                             |               58 |            280 |         4.83 |
+--------------+-------------------------------------------------------------------------------------------------------------------------------------------------------------------------------------+---------------------------------------------------------------------------------------------------------------------------------------------+------------------+----------------+--------------+


