
*** Running vivado
    with args -log bd_0_wrapper.vds -m64 -product Vivado -mode batch -messageDb vivado.pb -notrace -source bd_0_wrapper.tcl


****** Vivado v2025.2 (64-bit)
  **** SW Build 6299465 on Fri Nov 14 12:34:56 MST 2025
  **** IP Build 6300035 on Fri Nov 14 10:48:45 MST 2025
  **** SharedData Build 6298862 on Thu Nov 13 04:50:51 MST 2025
  **** Start of session at: Sat Sep 19 17:39:36 2026
    ** Copyright 1986-2022 Xilinx, Inc. All Rights Reserved.
    ** Copyright 2022-2025 Advanced Micro Devices, Inc. All Rights Reserved.

source bd_0_wrapper.tcl -notrace
INFO: Dispatch client connection id - 39017
create_project: Time (s): cpu = 00:00:24 ; elapsed = 00:00:05 . Memory (MB): peak = 1642.430 ; gain = 65.051 ; free physical = 1564 ; free virtual = 9935
INFO: [IP_Flow 19-234] Refreshing IP repositories
INFO: [IP_Flow 19-1700] Loaded user IP repository '/home/johan2/Documents/fpga/zynq-pynq-gnss-receiver/vitis_workspace/gnss_correlator_hls/gnss_correlator_hls/hls/impl/ip'.
INFO: [IP_Flow 19-2313] Loaded Vivado IP repository '/opt/Xilinx/2025.2/data/ip'.
Command: synth_design -top bd_0_wrapper -part xc7z020clg484-1 -mode out_of_context
Starting synth_design
Attempting to get a license for feature 'Synthesis' and/or device 'xc7z020'
INFO: [Common 17-349] Got license for feature 'Synthesis' and/or device 'xc7z020'
INFO: [Device 21-403] Loading part xc7z020clg484-1
INFO: [Synth 8-7079] Multithreading enabled for synth_design using a maximum of 7 processes.
INFO: [Synth 8-7078] Launching helper process for spawning children vivado processes
INFO: [Synth 8-7075] Helper process launched with PID 123215
---------------------------------------------------------------------------------
Starting RTL Elaboration : Time (s): cpu = 00:00:10 ; elapsed = 00:00:10 . Memory (MB): peak = 2301.039 ; gain = 479.906 ; free physical = 571 ; free virtual = 8970
---------------------------------------------------------------------------------
INFO: [Synth 8-6157] synthesizing module 'bd_0_wrapper' [/home/johan2/Documents/fpga/zynq-pynq-gnss-receiver/vitis_workspace/gnss_correlator_hls/gnss_correlator_hls/hls/impl/verilog/project.gen/sources_1/bd/bd_0/hdl/bd_0_wrapper.v:13]
INFO: [Synth 8-6157] synthesizing module 'bd_0' [/home/johan2/Documents/fpga/zynq-pynq-gnss-receiver/vitis_workspace/gnss_correlator_hls/gnss_correlator_hls/hls/impl/verilog/project.gen/sources_1/bd/bd_0/synth/bd_0.v:13]
INFO: [Synth 8-6157] synthesizing module 'bd_0_hls_inst_0' [/home/johan2/Documents/fpga/zynq-pynq-gnss-receiver/vitis_workspace/gnss_correlator_hls/gnss_correlator_hls/hls/impl/verilog/project.runs/synth_1/.Xil/Vivado-123058-johan2-Yoga-7-15ITL5/realtime/bd_0_hls_inst_0_stub.v:6]
INFO: [Synth 8-6155] done synthesizing module 'bd_0_hls_inst_0' (0#1) [/home/johan2/Documents/fpga/zynq-pynq-gnss-receiver/vitis_workspace/gnss_correlator_hls/gnss_correlator_hls/hls/impl/verilog/project.runs/synth_1/.Xil/Vivado-123058-johan2-Yoga-7-15ITL5/realtime/bd_0_hls_inst_0_stub.v:6]
INFO: [Synth 8-6155] done synthesizing module 'bd_0' (0#1) [/home/johan2/Documents/fpga/zynq-pynq-gnss-receiver/vitis_workspace/gnss_correlator_hls/gnss_correlator_hls/hls/impl/verilog/project.gen/sources_1/bd/bd_0/synth/bd_0.v:13]
INFO: [Synth 8-6155] done synthesizing module 'bd_0_wrapper' (0#1) [/home/johan2/Documents/fpga/zynq-pynq-gnss-receiver/vitis_workspace/gnss_correlator_hls/gnss_correlator_hls/hls/impl/verilog/project.gen/sources_1/bd/bd_0/hdl/bd_0_wrapper.v:13]
---------------------------------------------------------------------------------
Finished RTL Elaboration : Time (s): cpu = 00:00:13 ; elapsed = 00:00:14 . Memory (MB): peak = 2401.977 ; gain = 580.844 ; free physical = 454 ; free virtual = 8852
---------------------------------------------------------------------------------
---------------------------------------------------------------------------------
Start Handling Custom Attributes
---------------------------------------------------------------------------------
---------------------------------------------------------------------------------
Finished Handling Custom Attributes : Time (s): cpu = 00:00:13 ; elapsed = 00:00:14 . Memory (MB): peak = 2416.820 ; gain = 595.688 ; free physical = 463 ; free virtual = 8861
---------------------------------------------------------------------------------
---------------------------------------------------------------------------------
Finished RTL Optimization Phase 1 : Time (s): cpu = 00:00:13 ; elapsed = 00:00:14 . Memory (MB): peak = 2416.820 ; gain = 595.688 ; free physical = 463 ; free virtual = 8861
---------------------------------------------------------------------------------
Netlist sorting complete. Time (s): cpu = 00:00:00.01 ; elapsed = 00:00:00.01 . Memory (MB): peak = 2416.820 ; gain = 0.000 ; free physical = 462 ; free virtual = 8860
INFO: [Project 1-570] Preparing netlist for logic optimization

Processing XDC Constraints
Initializing timing engine
Parsing XDC File [/home/johan2/Documents/fpga/zynq-pynq-gnss-receiver/vitis_workspace/gnss_correlator_hls/gnss_correlator_hls/hls/impl/verilog/project.gen/sources_1/bd/bd_0/ip/bd_0_hls_inst_0/bd_0_hls_inst_0/bd_0_hls_inst_0_in_context.xdc] for cell 'bd_0_i/hls_inst'
Finished Parsing XDC File [/home/johan2/Documents/fpga/zynq-pynq-gnss-receiver/vitis_workspace/gnss_correlator_hls/gnss_correlator_hls/hls/impl/verilog/project.gen/sources_1/bd/bd_0/ip/bd_0_hls_inst_0/bd_0_hls_inst_0/bd_0_hls_inst_0_in_context.xdc] for cell 'bd_0_i/hls_inst'
Parsing XDC File [/home/johan2/Documents/fpga/zynq-pynq-gnss-receiver/vitis_workspace/gnss_correlator_hls/gnss_correlator_hls/hls/impl/verilog/gnss_correlator.xdc]
Finished Parsing XDC File [/home/johan2/Documents/fpga/zynq-pynq-gnss-receiver/vitis_workspace/gnss_correlator_hls/gnss_correlator_hls/hls/impl/verilog/gnss_correlator.xdc]
Parsing XDC File [/home/johan2/Documents/fpga/zynq-pynq-gnss-receiver/vitis_workspace/gnss_correlator_hls/gnss_correlator_hls/hls/impl/verilog/project.runs/synth_1/dont_touch.xdc]
Finished Parsing XDC File [/home/johan2/Documents/fpga/zynq-pynq-gnss-receiver/vitis_workspace/gnss_correlator_hls/gnss_correlator_hls/hls/impl/verilog/project.runs/synth_1/dont_touch.xdc]
Completed Processing XDC Constraints

Netlist sorting complete. Time (s): cpu = 00:00:00 ; elapsed = 00:00:00 . Memory (MB): peak = 2465.746 ; gain = 0.000 ; free physical = 410 ; free virtual = 8817
INFO: [Project 1-111] Unisim Transformation Summary:
No Unisim elements were transformed.

Constraint Validation Runtime : Time (s): cpu = 00:00:00.05 ; elapsed = 00:00:00.04 . Memory (MB): peak = 2465.781 ; gain = 0.000 ; free physical = 410 ; free virtual = 8817
---------------------------------------------------------------------------------
Finished Constraint Validation : Time (s): cpu = 00:00:29 ; elapsed = 00:00:30 . Memory (MB): peak = 2465.781 ; gain = 644.648 ; free physical = 572 ; free virtual = 8976
---------------------------------------------------------------------------------
---------------------------------------------------------------------------------
Start Loading Part and Timing Information
---------------------------------------------------------------------------------
Loading part: xc7z020clg484-1
---------------------------------------------------------------------------------
Finished Loading Part and Timing Information : Time (s): cpu = 00:00:29 ; elapsed = 00:00:30 . Memory (MB): peak = 2473.750 ; gain = 652.617 ; free physical = 571 ; free virtual = 8976
---------------------------------------------------------------------------------
---------------------------------------------------------------------------------
Start Applying 'set_property' XDC Constraints
---------------------------------------------------------------------------------
---------------------------------------------------------------------------------
Finished applying 'set_property' XDC Constraints : Time (s): cpu = 00:00:29 ; elapsed = 00:00:30 . Memory (MB): peak = 2473.750 ; gain = 652.617 ; free physical = 570 ; free virtual = 8976
---------------------------------------------------------------------------------
---------------------------------------------------------------------------------
Finished RTL Optimization Phase 2 : Time (s): cpu = 00:00:30 ; elapsed = 00:00:30 . Memory (MB): peak = 2473.750 ; gain = 652.617 ; free physical = 570 ; free virtual = 8976
---------------------------------------------------------------------------------
---------------------------------------------------------------------------------
Start RTL Component Statistics 
---------------------------------------------------------------------------------
Detailed RTL Component Info : 
---------------------------------------------------------------------------------
Finished RTL Component Statistics 
---------------------------------------------------------------------------------
---------------------------------------------------------------------------------
Start Part Resource Summary
---------------------------------------------------------------------------------
Part Resources:
DSPs: 220 (col length:60)
BRAMs: 280 (col length: RAMB18 60 RAMB36 30)
---------------------------------------------------------------------------------
Finished Part Resource Summary
---------------------------------------------------------------------------------
---------------------------------------------------------------------------------
Start Cross Boundary and Area Optimization
---------------------------------------------------------------------------------
---------------------------------------------------------------------------------
Finished Cross Boundary and Area Optimization : Time (s): cpu = 00:00:33 ; elapsed = 00:00:34 . Memory (MB): peak = 2473.750 ; gain = 652.617 ; free physical = 479 ; free virtual = 8884
---------------------------------------------------------------------------------
---------------------------------------------------------------------------------
Start Applying XDC Timing Constraints
---------------------------------------------------------------------------------
---------------------------------------------------------------------------------
Finished Applying XDC Timing Constraints : Time (s): cpu = 00:00:45 ; elapsed = 00:00:45 . Memory (MB): peak = 2554.750 ; gain = 733.617 ; free physical = 474 ; free virtual = 8933
---------------------------------------------------------------------------------
---------------------------------------------------------------------------------
Start Timing Optimization
---------------------------------------------------------------------------------
---------------------------------------------------------------------------------
Finished Timing Optimization : Time (s): cpu = 00:00:45 ; elapsed = 00:00:45 . Memory (MB): peak = 2555.750 ; gain = 734.617 ; free physical = 474 ; free virtual = 8933
---------------------------------------------------------------------------------
---------------------------------------------------------------------------------
Start Technology Mapping
---------------------------------------------------------------------------------
---------------------------------------------------------------------------------
Finished Technology Mapping : Time (s): cpu = 00:00:45 ; elapsed = 00:00:45 . Memory (MB): peak = 2564.766 ; gain = 743.633 ; free physical = 460 ; free virtual = 8919
---------------------------------------------------------------------------------
---------------------------------------------------------------------------------
Start IO Insertion
---------------------------------------------------------------------------------
---------------------------------------------------------------------------------
Start Flattening Before IO Insertion
---------------------------------------------------------------------------------
---------------------------------------------------------------------------------
Finished Flattening Before IO Insertion
---------------------------------------------------------------------------------
---------------------------------------------------------------------------------
Start Final Netlist Cleanup
---------------------------------------------------------------------------------
---------------------------------------------------------------------------------
Finished Final Netlist Cleanup
---------------------------------------------------------------------------------
---------------------------------------------------------------------------------
Finished IO Insertion : Time (s): cpu = 00:00:53 ; elapsed = 00:00:54 . Memory (MB): peak = 2751.578 ; gain = 930.445 ; free physical = 226 ; free virtual = 8688
---------------------------------------------------------------------------------
---------------------------------------------------------------------------------
Start Renaming Generated Instances
---------------------------------------------------------------------------------
---------------------------------------------------------------------------------
Finished Renaming Generated Instances : Time (s): cpu = 00:00:53 ; elapsed = 00:00:54 . Memory (MB): peak = 2751.578 ; gain = 930.445 ; free physical = 226 ; free virtual = 8688
---------------------------------------------------------------------------------
---------------------------------------------------------------------------------
Start Rebuilding User Hierarchy
---------------------------------------------------------------------------------
---------------------------------------------------------------------------------
Finished Rebuilding User Hierarchy : Time (s): cpu = 00:00:53 ; elapsed = 00:00:54 . Memory (MB): peak = 2751.578 ; gain = 930.445 ; free physical = 226 ; free virtual = 8688
---------------------------------------------------------------------------------
---------------------------------------------------------------------------------
Start Renaming Generated Ports
---------------------------------------------------------------------------------
---------------------------------------------------------------------------------
Finished Renaming Generated Ports : Time (s): cpu = 00:00:53 ; elapsed = 00:00:54 . Memory (MB): peak = 2751.578 ; gain = 930.445 ; free physical = 226 ; free virtual = 8688
---------------------------------------------------------------------------------
---------------------------------------------------------------------------------
Start Handling Custom Attributes
---------------------------------------------------------------------------------
---------------------------------------------------------------------------------
Finished Handling Custom Attributes : Time (s): cpu = 00:00:53 ; elapsed = 00:00:54 . Memory (MB): peak = 2751.578 ; gain = 930.445 ; free physical = 226 ; free virtual = 8688
---------------------------------------------------------------------------------
---------------------------------------------------------------------------------
Start Renaming Generated Nets
---------------------------------------------------------------------------------
---------------------------------------------------------------------------------
Finished Renaming Generated Nets : Time (s): cpu = 00:00:53 ; elapsed = 00:00:54 . Memory (MB): peak = 2751.578 ; gain = 930.445 ; free physical = 226 ; free virtual = 8688
---------------------------------------------------------------------------------
---------------------------------------------------------------------------------
Start Writing Synthesis Report
---------------------------------------------------------------------------------

Report BlackBoxes: 
+------+----------------+----------+
|      |BlackBox name   |Instances |
+------+----------------+----------+
|1     |bd_0_hls_inst_0 |         1|
+------+----------------+----------+

Report Cell Usage: 
+------+--------------+------+
|      |Cell          |Count |
+------+--------------+------+
|1     |bd_0_hls_inst |     1|
+------+--------------+------+
---------------------------------------------------------------------------------
Finished Writing Synthesis Report : Time (s): cpu = 00:00:53 ; elapsed = 00:00:54 . Memory (MB): peak = 2751.578 ; gain = 930.445 ; free physical = 226 ; free virtual = 8688
---------------------------------------------------------------------------------
Synthesis finished with 0 errors, 0 critical warnings and 0 warnings.
Synthesis Optimization Runtime : Time (s): cpu = 00:00:50 ; elapsed = 00:00:50 . Memory (MB): peak = 2751.578 ; gain = 881.484 ; free physical = 221 ; free virtual = 8689
Synthesis Optimization Complete : Time (s): cpu = 00:00:54 ; elapsed = 00:00:54 . Memory (MB): peak = 2751.586 ; gain = 930.445 ; free physical = 221 ; free virtual = 8689
INFO: [Project 1-571] Translating synthesized netlist
Netlist sorting complete. Time (s): cpu = 00:00:00.01 ; elapsed = 00:00:00.01 . Memory (MB): peak = 2751.586 ; gain = 0.000 ; free physical = 221 ; free virtual = 8689
INFO: [Project 1-570] Preparing netlist for logic optimization
INFO: [Opt 31-138] Pushed 0 inverter(s) to 0 load pin(s).
Netlist sorting complete. Time (s): cpu = 00:00:00 ; elapsed = 00:00:00 . Memory (MB): peak = 2751.586 ; gain = 0.000 ; free physical = 418 ; free virtual = 8892
INFO: [Project 1-111] Unisim Transformation Summary:
No Unisim elements were transformed.

Synth Design complete | Checksum: dfcc890f
INFO: [Common 17-83] Releasing license: Synthesis
21 Infos, 0 Warnings, 0 Critical Warnings and 0 Errors encountered.
synth_design completed successfully
synth_design: Time (s): cpu = 00:01:19 ; elapsed = 00:01:13 . Memory (MB): peak = 2751.613 ; gain = 1109.184 ; free physical = 418 ; free virtual = 8892
INFO: [Common 17-2834] synth_design peak Physical Memory [PSS] (MB): overall = 2051.450; main = 1893.169; forked = 283.421
INFO: [Common 17-2834] synth_design peak Virtual Memory [VSS] (MB): overall = 3655.961; main = 2751.582; forked = 994.191
INFO: [Common 17-1381] The checkpoint '/home/johan2/Documents/fpga/zynq-pynq-gnss-receiver/vitis_workspace/gnss_correlator_hls/gnss_correlator_hls/hls/impl/verilog/project.runs/synth_1/bd_0_wrapper.dcp' has been generated.
INFO: [Vivado 12-24828] Executing command : report_utilization -file bd_0_wrapper_utilization_synth.rpt -pb bd_0_wrapper_utilization_synth.pb
INFO: [Common 17-206] Exiting Vivado at Sat Sep 19 17:41:02 2026...
