#-----------------------------------------------------------
# Vivado v2025.2 (64-bit)
# SW Build 6299465 on Fri Nov 14 12:34:56 MST 2025
# IP Build 6300035 on Fri Nov 14 10:48:45 MST 2025
# SharedData Build 6298862 on Thu Nov 13 04:50:51 MST 2025
# Start of session at: Sat Sep 19 17:39:36 2026
# Process ID         : 123058
# Current directory  : /home/johan2/Documents/fpga/zynq-pynq-gnss-receiver/vitis_workspace/gnss_correlator_hls/gnss_correlator_hls/hls/impl/verilog/project.runs/synth_1
# Command line       : vivado -log bd_0_wrapper.vds -product Vivado -mode batch -messageDb vivado.pb -notrace -source bd_0_wrapper.tcl
# Log file           : /home/johan2/Documents/fpga/zynq-pynq-gnss-receiver/vitis_workspace/gnss_correlator_hls/gnss_correlator_hls/hls/impl/verilog/project.runs/synth_1/bd_0_wrapper.vds
# Journal file       : /home/johan2/Documents/fpga/zynq-pynq-gnss-receiver/vitis_workspace/gnss_correlator_hls/gnss_correlator_hls/hls/impl/verilog/project.runs/synth_1/vivado.jou
# Running On         : johan2-Yoga-7-15ITL5
# Platform           : Ubuntu
# Operating System   : Ubuntu 22.04.5 LTS
# Processor Detail   : 11th Gen Intel(R) Core(TM) i7-1165G7 @ 2.80GHz
# CPU Frequency      : 766.726 MHz
# CPU Physical cores : 4
# CPU Logical cores  : 8
# Host memory        : 12330 MB
# Swap memory        : 8589 MB
# Total Virtual      : 20920 MB
# Available Virtual  : 10743 MB
#-----------------------------------------------------------
source bd_0_wrapper.tcl -notrace
