#-----------------------------------------------------------
# Vivado v2025.2 (64-bit)
# SW Build 6299465 on Fri Nov 14 12:34:56 MST 2025
# IP Build 6300035 on Fri Nov 14 10:48:45 MST 2025
# SharedData Build 6298862 on Thu Nov 13 04:50:51 MST 2025
# Start of session at: Sat Sep 19 14:45:31 2026
# Process ID         : 38985
# Current directory  : /home/johan2/Documents/fpga/zynq-pynq-gnss-receiver/vivado/ip_repo/gnss_correlator/src
# Command line       : vivado
# Log file           : /home/johan2/Documents/fpga/zynq-pynq-gnss-receiver/vivado/ip_repo/gnss_correlator/src/vivado.log
# Journal file       : /home/johan2/Documents/fpga/zynq-pynq-gnss-receiver/vivado/ip_repo/gnss_correlator/src/vivado.jou
# Running On         : johan2-Yoga-7-15ITL5
# Platform           : Ubuntu
# Operating System   : Ubuntu 22.04.5 LTS
# Processor Detail   : 11th Gen Intel(R) Core(TM) i7-1165G7 @ 2.80GHz
# CPU Frequency      : 1239.951 MHz
# CPU Physical cores : 4
# CPU Logical cores  : 8
# Host memory        : 12330 MB
# Swap memory        : 8589 MB
# Total Virtual      : 20920 MB
# Available Virtual  : 14309 MB
#-----------------------------------------------------------
start_gui
open_project /home/johan2/zynq_gnss_correlator_system/zynq_gnss_correlator_system.xpr
update_compile_order -fileset sources_1
open_bd_design {/home/johan2/zynq_gnss_correlator_system/zynq_gnss_correlator_system.srcs/sources_1/bd/system/system.bd}
delete_bd_objs [get_bd_intf_nets gnss_correlator_0_m_axi_gmem0]
delete_bd_objs [get_bd_intf_nets gnss_correlator_0_m_axi_gmem1]
connect_bd_intf_net [get_bd_intf_pins gnss_correlator_0/m_axi_gmem0] [get_bd_intf_pins axi_smc/S01_AXI]
connect_bd_intf_net [get_bd_intf_pins gnss_correlator_0/m_axi_gmem1] [get_bd_intf_pins axi_smc/S02_AXI]
regenerate_bd_layout
validate_bd_design
startgroup
set_property CONFIG.NUM_MI {3} [get_bd_cells axi_smc]
endgroup
startgroup
set_property CONFIG.PCW_USE_S_AXI_HP0 {1} [get_bd_cells processing_system7_0]
endgroup
startgroup
set_property CONFIG.PCW_QSPI_GRP_SINGLE_SS_ENABLE {1} [get_bd_cells processing_system7_0]
endgroup
connect_bd_intf_net [get_bd_intf_pins axi_smc/M02_AXI] [get_bd_intf_pins processing_system7_0/S_AXI_HP0]
apply_bd_automation -rule xilinx.com:bd_rule:clkrst -config { Clk {/processing_system7_0/FCLK_CLK0 (100 MHz)} Freq {100} Ref_Clk0 {} Ref_Clk1 {} Ref_Clk2 {}}  [get_bd_pins processing_system7_0/S_AXI_HP0_ACLK]
regenerate_bd_layout
assign_bd_address
validate_bd_design
save_bd_design
reset_run synth_1
reset_run system_processing_system7_0_0_synth_1
reset_run system_axi_smc_0_synth_1
launch_runs impl_1 -to_step write_bitstream -jobs 8
wait_on_run impl_1
startgroup
include_bd_addr_seg [get_bd_addr_segs -excluded processing_system7_0/Data/SEG_processing_system7_0_HP0_DDR_LOWOCM]
endgroup
assign_bd_address -target_address_space /processing_system7_0/Data [get_bd_addr_segs processing_system7_0/S_AXI_HP0/HP0_DDR_LOWOCM] -force
reset_run synth_1
regenerate_bd_layout
regenerate_bd_layout
validate_bd_design
startgroup
exclude_bd_addr_seg [get_bd_addr_segs processing_system7_0/Data/SEG_processing_system7_0_HP0_DDR_LOWOCM]
endgroup
regenerate_bd_layout
validate_bd_design
save_bd_design
reset_run system_axi_smc_0_synth_1
launch_runs impl_1 -to_step write_bitstream -jobs 8
wait_on_run impl_1
open_run impl_1
