

================================================================
== Vitis HLS Report for 'enhanced_correlator'
================================================================
* Date:           Sun Sep 20 21:47:30 2026

* Version:        2025.2 (Build 6295257 on Nov 14 2025)
* Project:        enhanced_correlator
* Solution:       hls (Vivado IP Flow Target)
* Product family: zynq
* Target device:  xc7z020-clg484-1


================================================================
== Performance Estimates
================================================================
+ Timing: 
    * Summary: 
    +--------+----------+----------+------------+
    |  Clock |  Target  | Estimated| Uncertainty|
    +--------+----------+----------+------------+
    |ap_clk  |  10.00 ns|  8.424 ns|     2.70 ns|
    +--------+----------+----------+------------+

+ Latency: 
    * Summary: 
    +---------+---------+----------+----------+-----+-----+---------+
    |  Latency (cycles) |  Latency (absolute) |  Interval | Pipeline|
    |   min   |   max   |    min   |    max   | min | max |   Type  |
    +---------+---------+----------+----------+-----+-----+---------+
    |        ?|        ?|         ?|         ?|    ?|    ?|       no|
    +---------+---------+----------+----------+-----+-----+---------+

    + Detail: 
        * Instance: 
        +-------------------------------+--------------------+---------+---------+----------+----------+-----+-----+---------+
        |                               |                    |  Latency (cycles) |  Latency (absolute) |  Interval | Pipeline|
        |            Instance           |       Module       |   min   |   max   |    min   |    max   | min | max |   Type  |
        +-------------------------------+--------------------+---------+---------+----------+----------+-----+-----+---------+
        |grp_sin_or_cos_float_s_fu_479  |sin_or_cos_float_s  |       17|       17|  0.170 us|  0.170 us|    1|    1|      yes|
        |grp_sin_or_cos_float_s_fu_495  |sin_or_cos_float_s  |       17|       17|  0.170 us|  0.170 us|    1|    1|      yes|
        +-------------------------------+--------------------+---------+---------+----------+----------+-----+-----+---------+

        * Loop: 
        +--------------------+---------+---------+----------+-----------+-----------+------+----------+
        |                    |  Latency (cycles) | Iteration|  Initiation Interval  | Trip |          |
        |      Loop Name     |   min   |   max   |  Latency |  achieved |   target  | Count| Pipelined|
        +--------------------+---------+---------+----------+-----------+-----------+------+----------+
        |- VITIS_LOOP_61_1   |        ?|        ?|         ?|          -|          -|     ?|        no|
        | + VITIS_LOOP_70_2  |        ?|        ?|         7|          -|          -|     ?|        no|
        | + VITIS_LOOP_71_3  |        ?|        ?|         7|          -|          -|     ?|        no|
        | + VITIS_LOOP_86_4  |        ?|        ?|         7|          -|          -|     ?|        no|
        | + VITIS_LOOP_87_5  |        ?|        ?|         7|          -|          -|     ?|        no|
        | + VITIS_LOOP_88_6  |        ?|        ?|         7|          -|          -|     ?|        no|
        +--------------------+---------+---------+----------+-----------+-----------+------+----------+



================================================================
== Utilization Estimates
================================================================
* Summary: 
+-----------------+---------+-----+--------+-------+-----+
|       Name      | BRAM_18K| DSP |   FF   |  LUT  | URAM|
+-----------------+---------+-----+--------+-------+-----+
|DSP              |        -|    -|       -|      -|    -|
|Expression       |        -|    -|       0|   3079|    -|
|FIFO             |        -|    -|       -|      -|    -|
|Instance         |        4|   44|    7753|  10648|    -|
|Memory           |        -|    -|       -|      -|    -|
|Multiplexer      |        -|    -|       0|   1330|    -|
|Register         |        -|    -|    2623|      -|    -|
+-----------------+---------+-----+--------+-------+-----+
|Total            |        4|   44|   10376|  15057|    0|
+-----------------+---------+-----+--------+-------+-----+
|Available        |      280|  220|  106400|  53200|    0|
+-----------------+---------+-----+--------+-------+-----+
|Utilization (%)  |        1|   20|       9|     28|    0|
+-----------------+---------+-----+--------+-------+-----+

+ Detail: 
    * Instance: 
    +----------------------------------------+------------------------------------+---------+----+------+------+-----+
    |                Instance                |               Module               | BRAM_18K| DSP|  FF  |  LUT | URAM|
    +----------------------------------------+------------------------------------+---------+----+------+------+-----+
    |control_r_s_axi_U                       |control_r_s_axi                     |        0|   0|   240|   424|    0|
    |control_s_axi_U                         |control_s_axi                       |        0|   0|   568|   936|    0|
    |fadd_32ns_32ns_32_5_full_dsp_1_U29      |fadd_32ns_32ns_32_5_full_dsp_1      |        0|   2|   205|   390|    0|
    |fadd_32ns_32ns_32_5_full_dsp_1_U30      |fadd_32ns_32ns_32_5_full_dsp_1      |        0|   2|   205|   390|    0|
    |faddfsub_32ns_32ns_32_5_full_dsp_1_U28  |faddfsub_32ns_32ns_32_5_full_dsp_1  |        0|   2|   205|   390|    0|
    |fcmp_32ns_32ns_1_2_no_dsp_1_U39         |fcmp_32ns_32ns_1_2_no_dsp_1         |        0|   0|     0|     0|    0|
    |fdiv_32ns_32ns_32_16_no_dsp_1_U35       |fdiv_32ns_32ns_32_16_no_dsp_1       |        0|   0|     0|     0|    0|
    |fdiv_32ns_32ns_32_16_no_dsp_1_U36       |fdiv_32ns_32ns_32_16_no_dsp_1       |        0|   0|     0|     0|    0|
    |fdiv_32ns_32ns_32_16_no_dsp_1_U37       |fdiv_32ns_32ns_32_16_no_dsp_1       |        0|   0|     0|     0|    0|
    |fmul_32ns_32ns_32_4_max_dsp_1_U31       |fmul_32ns_32ns_32_4_max_dsp_1       |        0|   3|   143|   321|    0|
    |fmul_32ns_32ns_32_4_max_dsp_1_U32       |fmul_32ns_32ns_32_4_max_dsp_1       |        0|   3|   143|   321|    0|
    |fmul_32ns_32ns_32_4_max_dsp_1_U33       |fmul_32ns_32ns_32_4_max_dsp_1       |        0|   3|   143|   321|    0|
    |fmul_32ns_32ns_32_4_max_dsp_1_U34       |fmul_32ns_32ns_32_4_max_dsp_1       |        0|   3|   143|   321|    0|
    |gmem0_m_axi_U                           |gmem0_m_axi                         |        2|   0|   671|   657|    0|
    |gmem1_m_axi_U                           |gmem1_m_axi                         |        2|   0|   671|   657|    0|
    |grp_sin_or_cos_float_s_fu_479           |sin_or_cos_float_s                  |        0|  13|  2208|  2760|    0|
    |grp_sin_or_cos_float_s_fu_495           |sin_or_cos_float_s                  |        0|  13|  2208|  2760|    0|
    |sitofp_32ns_32_6_no_dsp_1_U38           |sitofp_32ns_32_6_no_dsp_1           |        0|   0|     0|     0|    0|
    +----------------------------------------+------------------------------------+---------+----+------+------+-----+
    |Total                                   |                                    |        4|  44|  7753| 10648|    0|
    +----------------------------------------+------------------------------------+---------+----+------+------+-----+

    * DSP: 
    N/A

    * Memory: 
    N/A

    * FIFO: 
    N/A

    * Expression: 
    +--------------------------+----------+----+---+-----+------------+------------+
    |       Variable Name      | Operation| DSP| FF| LUT | Bitwidth P0| Bitwidth P1|
    +--------------------------+----------+----+---+-----+------------+------------+
    |add_ln317_1_fu_1374_p2    |         +|   0|  0|   14|           9|           8|
    |add_ln317_2_fu_1426_p2    |         +|   0|  0|   14|           9|           8|
    |add_ln317_fu_1322_p2      |         +|   0|  0|   14|           9|           8|
    |add_ln61_fu_697_p2        |         +|   0|  0|   38|          31|           1|
    |add_ln65_fu_715_p2        |         +|   0|  0|   71|          64|          64|
    |add_ln66_fu_740_p2        |         +|   0|  0|   71|          64|          64|
    |add_ln95_fu_1694_p2       |         +|   0|  0|   71|          64|          64|
    |add_ln96_fu_1738_p2       |         +|   0|  0|   71|          64|          64|
    |add_ln97_fu_1782_p2       |         +|   0|  0|   71|          64|          64|
    |result_1_fu_1646_p2       |         -|   0|  0|   39|           1|          32|
    |result_3_fu_1658_p2       |         -|   0|  0|   39|           1|          32|
    |result_5_fu_1670_p2       |         -|   0|  0|   39|           1|          32|
    |sub_ln18_1_fu_1388_p2     |         -|   0|  0|   15|           7|           8|
    |sub_ln18_2_fu_1440_p2     |         -|   0|  0|   15|           7|           8|
    |sub_ln18_fu_1336_p2       |         -|   0|  0|   15|           7|           8|
    |and_ln70_1_fu_932_p2      |       and|   0|  0|    2|           1|           1|
    |and_ln70_fu_887_p2        |       and|   0|  0|    2|           1|           1|
    |and_ln71_1_fu_1014_p2     |       and|   0|  0|    2|           1|           1|
    |and_ln71_fu_974_p2        |       and|   0|  0|    2|           1|           1|
    |and_ln86_1_fu_1096_p2     |       and|   0|  0|    2|           1|           1|
    |and_ln86_fu_1056_p2       |       and|   0|  0|    2|           1|           1|
    |and_ln87_1_fu_1168_p2     |       and|   0|  0|    2|           1|           1|
    |and_ln87_2_fu_1209_p2     |       and|   0|  0|    2|           1|           1|
    |and_ln87_fu_1163_p2       |       and|   0|  0|    2|           1|           1|
    |and_ln88_1_fu_1255_p2     |       and|   0|  0|    2|           1|           1|
    |and_ln88_2_fu_1296_p2     |       and|   0|  0|    2|           1|           1|
    |and_ln88_fu_1250_p2       |       and|   0|  0|    2|           1|           1|
    |icmp_ln61_1_fu_765_p2     |      icmp|   0|  0|   39|          32|           1|
    |icmp_ln61_fu_692_p2       |      icmp|   0|  0|   39|          32|          32|
    |icmp_ln70_1_fu_875_p2     |      icmp|   0|  0|   30|          23|           1|
    |icmp_ln70_2_fu_914_p2     |      icmp|   0|  0|   15|           8|           2|
    |icmp_ln70_3_fu_920_p2     |      icmp|   0|  0|   30|          23|           1|
    |icmp_ln70_fu_869_p2       |      icmp|   0|  0|   15|           8|           2|
    |icmp_ln71_1_fu_962_p2     |      icmp|   0|  0|   30|          23|           1|
    |icmp_ln71_2_fu_996_p2     |      icmp|   0|  0|   15|           8|           2|
    |icmp_ln71_3_fu_1002_p2    |      icmp|   0|  0|   30|          23|           1|
    |icmp_ln71_fu_956_p2       |      icmp|   0|  0|   15|           8|           2|
    |icmp_ln86_1_fu_1044_p2    |      icmp|   0|  0|   30|          23|           1|
    |icmp_ln86_2_fu_1078_p2    |      icmp|   0|  0|   15|           8|           2|
    |icmp_ln86_3_fu_1084_p2    |      icmp|   0|  0|   30|          23|           1|
    |icmp_ln86_fu_1038_p2      |      icmp|   0|  0|   15|           8|           2|
    |icmp_ln87_1_fu_1151_p2    |      icmp|   0|  0|   30|          23|           1|
    |icmp_ln87_2_fu_1111_p2    |      icmp|   0|  0|   15|           8|           2|
    |icmp_ln87_3_fu_1117_p2    |      icmp|   0|  0|   30|          23|           1|
    |icmp_ln87_4_fu_1191_p2    |      icmp|   0|  0|   15|           8|           2|
    |icmp_ln87_5_fu_1197_p2    |      icmp|   0|  0|   30|          23|           1|
    |icmp_ln87_fu_1145_p2      |      icmp|   0|  0|   15|           8|           2|
    |icmp_ln88_1_fu_1238_p2    |      icmp|   0|  0|   30|          23|           1|
    |icmp_ln88_2_fu_1278_p2    |      icmp|   0|  0|   15|           8|           2|
    |icmp_ln88_3_fu_1284_p2    |      icmp|   0|  0|   30|          23|           1|
    |icmp_ln88_fu_1232_p2      |      icmp|   0|  0|   15|           8|           2|
    |lshr_ln18_1_fu_1541_p2    |      lshr|   0|  0|  242|          79|          79|
    |lshr_ln18_2_fu_1600_p2    |      lshr|   0|  0|  242|          79|          79|
    |lshr_ln18_fu_1482_p2      |      lshr|   0|  0|  242|          79|          79|
    |or_ln70_1_fu_926_p2       |        or|   0|  0|    2|           1|           1|
    |or_ln70_fu_881_p2         |        or|   0|  0|    2|           1|           1|
    |or_ln71_1_fu_1008_p2      |        or|   0|  0|    2|           1|           1|
    |or_ln71_fu_968_p2         |        or|   0|  0|    2|           1|           1|
    |or_ln86_1_fu_1090_p2      |        or|   0|  0|    2|           1|           1|
    |or_ln86_fu_1050_p2        |        or|   0|  0|    2|           1|           1|
    |or_ln87_1_fu_1122_p2      |        or|   0|  0|    2|           1|           1|
    |or_ln87_2_fu_1203_p2      |        or|   0|  0|    2|           1|           1|
    |or_ln87_fu_1157_p2        |        or|   0|  0|    2|           1|           1|
    |or_ln88_1_fu_1290_p2      |        or|   0|  0|    2|           1|           1|
    |or_ln88_fu_1244_p2        |        or|   0|  0|    2|           1|           1|
    |corr_E_I                  |    select|   0|  0|   32|           1|          32|
    |corr_E_Q                  |    select|   0|  0|   32|           1|          32|
    |corr_L_I                  |    select|   0|  0|   32|           1|          32|
    |corr_L_Q                  |    select|   0|  0|   32|           1|          32|
    |corr_P_I                  |    select|   0|  0|   32|           1|          32|
    |corr_P_Q                  |    select|   0|  0|   32|           1|          32|
    |select_ln18_2_fu_1398_p3  |    select|   0|  0|    9|           1|           9|
    |select_ln18_4_fu_1450_p3  |    select|   0|  0|    9|           1|           9|
    |select_ln18_fu_1346_p3    |    select|   0|  0|    9|           1|           9|
    |select_ln59_1_fu_1719_p3  |    select|   0|  0|   32|           1|          32|
    |select_ln59_2_fu_1763_p3  |    select|   0|  0|   32|           1|          32|
    |select_ln59_fu_1675_p3    |    select|   0|  0|   32|           1|          32|
    |val_1_fu_1573_p3          |    select|   0|  0|   32|           1|          32|
    |val_2_fu_1632_p3          |    select|   0|  0|   32|           1|          32|
    |val_fu_1514_p3            |    select|   0|  0|   32|           1|          32|
    |shl_ln18_1_fu_1547_p2     |       shl|   0|  0|  242|          79|          79|
    |shl_ln18_2_fu_1606_p2     |       shl|   0|  0|  242|          79|          79|
    |shl_ln18_fu_1488_p2       |       shl|   0|  0|  242|          79|          79|
    +--------------------------+----------+----+---+-----+------------+------------+
    |Total                     |          |   0|  0| 3079|        1319|        1439|
    +--------------------------+----------+----+---+-----+------------+------------+

    * Multiplexer: 
    +-----------------------------------+-----+-----------+-----+-----------+
    |                Name               | LUT | Input Size| Bits| Total Bits|
    +-----------------------------------+-----+-----------+-----+-----------+
    |acc_E_I_fu_210                     |    9|          2|   32|         64|
    |acc_E_Q_fu_214                     |    9|          2|   32|         64|
    |acc_L_I_fu_226                     |    9|          2|   32|         64|
    |acc_L_Q_fu_230                     |    9|          2|   32|         64|
    |acc_P_I_fu_218                     |    9|          2|   32|         64|
    |acc_P_Q_fu_222                     |    9|          2|   32|         64|
    |ap_NS_fsm                          |  673|        128|    1|        128|
    |ap_phi_mux_dc_phi_fu_473_p4        |    9|          2|   32|         64|
    |ap_phi_mux_phase_3_phi_fu_391_p4   |    9|          2|   32|         64|
    |ap_phi_mux_x_assign_phi_fu_412_p4  |    9|          2|   32|         64|
    |dc_1_reg_430                       |    9|          2|   32|         64|
    |dc_2_reg_450                       |    9|          2|   32|         64|
    |dc_reg_470                         |    9|          2|   32|         64|
    |early_phase_1_reg_420              |    9|          2|   32|         64|
    |gmem0_0_ARADDR                     |   14|          3|   64|        192|
    |gmem0_blk_n_AR                     |    9|          2|    1|          2|
    |gmem0_blk_n_R                      |    9|          2|    1|          2|
    |gmem1_0_ARADDR                     |   20|          4|   64|        256|
    |gmem1_blk_n_AR                     |    9|          2|    1|          2|
    |gmem1_blk_n_R                      |    9|          2|    1|          2|
    |grp_fu_511_opcode                  |   14|          3|    2|          6|
    |grp_fu_511_p0                      |   65|         12|   32|        384|
    |grp_fu_511_p1                      |   53|         10|   32|        320|
    |grp_fu_519_p0                      |   31|          6|   32|        192|
    |grp_fu_519_p1                      |   31|          6|   32|        192|
    |grp_fu_530_p0                      |   20|          4|   32|        128|
    |grp_fu_530_p1                      |   31|          6|   32|        192|
    |grp_fu_536_p0                      |   20|          4|   32|        128|
    |grp_fu_536_p1                      |   31|          6|   32|        192|
    |grp_fu_565_opcode                  |   14|          3|    5|         15|
    |grp_fu_565_p0                      |   59|         11|   32|        352|
    |grp_fu_565_p1                      |   20|          4|   32|        128|
    |i_fu_234                           |    9|          2|   31|         62|
    |late_phase_1_reg_440               |    9|          2|   32|         64|
    |phase_1_reg_378                    |    9|          2|   32|         64|
    |phase_3_reg_388                    |    9|          2|   32|         64|
    |phase_4_reg_398                    |    9|          2|   32|         64|
    |phase_fu_238                       |    9|          2|   32|         64|
    |prompt_phase_1_reg_460             |    9|          2|   32|         64|
    |prompt_phase_fu_242                |    9|          2|   32|         64|
    |x_assign_reg_409                   |    9|          2|   32|         64|
    +-----------------------------------+-----+-----------+-----+-----------+
    |Total                              | 1330|        262| 1163|       4219|
    +-----------------------------------+-----+-----------+-----+-----------+

    * Register: 
    +-----------------------------+-----+----+-----+-----------+
    |             Name            |  FF | LUT| Bits| Const Bits|
    +-----------------------------+-----+----+-----+-----------+
    |acc_E_I_fu_210               |   32|   0|   32|          0|
    |acc_E_Q_fu_214               |   32|   0|   32|          0|
    |acc_L_I_fu_226               |   32|   0|   32|          0|
    |acc_L_Q_fu_230               |   32|   0|   32|          0|
    |acc_P_I_fu_218               |   32|   0|   32|          0|
    |acc_P_Q_fu_222               |   32|   0|   32|          0|
    |add_ln61_reg_2019            |   31|   0|   31|          0|
    |and_ln70_reg_2042            |    1|   0|    1|          0|
    |and_ln71_reg_2068            |    1|   0|    1|          0|
    |and_ln86_reg_2123            |    1|   0|    1|          0|
    |and_ln87_1_reg_2144          |    1|   0|    1|          0|
    |and_ln88_1_reg_2159          |    1|   0|    1|          0|
    |ap_CS_fsm                    |  127|   0|  127|          0|
    |bitcast_ln87_1_reg_2000      |   32|   0|   32|          0|
    |carrier_phase_inc_reg_1978   |   32|   0|   32|          0|
    |code_freq_read_reg_1951      |   32|   0|   32|          0|
    |code_length_read_reg_1939    |   32|   0|   32|          0|
    |code_phase_inc_reg_1983      |   32|   0|   32|          0|
    |code_phase_reg_2270          |   32|   0|   32|          0|
    |conv_reg_1994                |   32|   0|   32|          0|
    |cos_val_reg_2083             |   32|   0|   32|          0|
    |data_1_reg_2194              |   32|   0|   32|          0|
    |data_2_reg_2214              |   32|   0|   32|          0|
    |data_reg_2174                |   32|   0|   32|          0|
    |dc_1_reg_430                 |   32|   0|   32|          0|
    |dc_2_reg_450                 |   32|   0|   32|          0|
    |dc_reg_470                   |   32|   0|   32|          0|
    |early_phase_1_reg_420        |   32|   0|   32|          0|
    |early_phase_2_reg_2127       |   32|   0|   32|          0|
    |el_spacing_samples_reg_1988  |   32|   0|   32|          0|
    |gmem0_addr_1_reg_2030        |   64|   0|   64|          0|
    |gmem0_addr_reg_2024          |   64|   0|   64|          0|
    |gmem1_addr_1_reg_2258        |   64|   0|   64|          0|
    |gmem1_addr_2_reg_2264        |   64|   0|   64|          0|
    |gmem1_addr_reg_2252          |   64|   0|   64|          0|
    |i_fu_234                     |   31|   0|   31|          0|
    |late_phase_1_reg_440         |   32|   0|   32|          0|
    |late_phase_2_reg_2148        |   32|   0|   32|          0|
    |late_phase_reg_2115          |   32|   0|   32|          0|
    |mixed_I_reg_2110             |   32|   0|   32|          0|
    |mul10_reg_2323               |   32|   0|   32|          0|
    |mul11_reg_2328               |   32|   0|   32|          0|
    |mul4_reg_2095                |   32|   0|   32|          0|
    |mul5_reg_2100                |   32|   0|   32|          0|
    |mul6_reg_2303                |   32|   0|   32|          0|
    |mul7_reg_2308                |   32|   0|   32|          0|
    |num_samples_read_reg_1962    |   32|   0|   32|          0|
    |or_ln87_1_reg_2138           |    1|   0|    1|          0|
    |phase_1_reg_378              |   32|   0|   32|          0|
    |phase_2_reg_2052             |   32|   0|   32|          0|
    |phase_3_reg_388              |   32|   0|   32|          0|
    |phase_4_reg_398              |   32|   0|   32|          0|
    |phase_5_reg_2072             |   32|   0|   32|          0|
    |phase_fu_238                 |   32|   0|   32|          0|
    |prn_code_read_reg_1927       |   64|   0|   64|          0|
    |prompt_phase_1_reg_460       |   32|   0|   32|          0|
    |prompt_phase_2_reg_2163      |   32|   0|   32|          0|
    |prompt_phase_fu_242          |   32|   0|   32|          0|
    |reg_596                      |   32|   0|   32|          0|
    |reg_603                      |   32|   0|   32|          0|
    |reg_610                      |   32|   0|   32|          0|
    |reg_617                      |   32|   0|   32|          0|
    |reg_622                      |   32|   0|   32|          0|
    |sample_rate_read_reg_1944    |   32|   0|   32|          0|
    |select_ln18_2_reg_2209       |    9|   0|    9|          0|
    |select_ln18_4_reg_2229       |    9|   0|    9|          0|
    |select_ln18_reg_2189         |    9|   0|    9|          0|
    |sig_I_reg_2036               |   32|   0|   32|          0|
    |sig_Q_reg_2046               |   32|   0|   32|          0|
    |signal_I_read_reg_1973       |   64|   0|   64|          0|
    |signal_Q_read_reg_1968       |   64|   0|   64|          0|
    |sin_val_reg_2089             |   32|   0|   32|          0|
    |tmp_27_reg_2184              |    1|   0|    1|          0|
    |tmp_29_reg_2204              |    1|   0|    1|          0|
    |tmp_31_reg_2224              |    1|   0|    1|          0|
    |tmp_5_reg_2063               |    1|   0|    1|          0|
    |tmp_9_reg_2105               |    1|   0|    1|          0|
    |trunc_ln342_1_reg_2199       |   23|   0|   23|          0|
    |trunc_ln342_2_reg_2219       |   23|   0|   23|          0|
    |trunc_ln342_reg_2179         |   23|   0|   23|          0|
    |trunc_ln87_reg_2005          |   23|   0|   23|          0|
    |val_1_reg_2240               |   32|   0|   32|          0|
    |val_2_reg_2246               |   32|   0|   32|          0|
    |val_reg_2234                 |   32|   0|   32|          0|
    |x_assign_reg_409             |   32|   0|   32|          0|
    +-----------------------------+-----+----+-----+-----------+
    |Total                        | 2623|   0| 2623|          0|
    +-----------------------------+-----+----+-----+-----------+



================================================================
== Interface
================================================================
* Summary: 
+-------------------------+-----+-----+------------+---------------------+--------------+
|        RTL Ports        | Dir | Bits|  Protocol  |    Source Object    |    C Type    |
+-------------------------+-----+-----+------------+---------------------+--------------+
|s_axi_control_AWVALID    |   in|    1|       s_axi|              control|        scalar|
|s_axi_control_AWREADY    |  out|    1|       s_axi|              control|        scalar|
|s_axi_control_AWADDR     |   in|    8|       s_axi|              control|        scalar|
|s_axi_control_WVALID     |   in|    1|       s_axi|              control|        scalar|
|s_axi_control_WREADY     |  out|    1|       s_axi|              control|        scalar|
|s_axi_control_WDATA      |   in|   32|       s_axi|              control|        scalar|
|s_axi_control_WSTRB      |   in|    4|       s_axi|              control|        scalar|
|s_axi_control_ARVALID    |   in|    1|       s_axi|              control|        scalar|
|s_axi_control_ARREADY    |  out|    1|       s_axi|              control|        scalar|
|s_axi_control_ARADDR     |   in|    8|       s_axi|              control|        scalar|
|s_axi_control_RVALID     |  out|    1|       s_axi|              control|        scalar|
|s_axi_control_RREADY     |   in|    1|       s_axi|              control|        scalar|
|s_axi_control_RDATA      |  out|   32|       s_axi|              control|        scalar|
|s_axi_control_RRESP      |  out|    2|       s_axi|              control|        scalar|
|s_axi_control_BVALID     |  out|    1|       s_axi|              control|        scalar|
|s_axi_control_BREADY     |   in|    1|       s_axi|              control|        scalar|
|s_axi_control_BRESP      |  out|    2|       s_axi|              control|        scalar|
|s_axi_control_r_AWVALID  |   in|    1|       s_axi|            control_r|        scalar|
|s_axi_control_r_AWREADY  |  out|    1|       s_axi|            control_r|        scalar|
|s_axi_control_r_AWADDR   |   in|    6|       s_axi|            control_r|        scalar|
|s_axi_control_r_WVALID   |   in|    1|       s_axi|            control_r|        scalar|
|s_axi_control_r_WREADY   |  out|    1|       s_axi|            control_r|        scalar|
|s_axi_control_r_WDATA    |   in|   32|       s_axi|            control_r|        scalar|
|s_axi_control_r_WSTRB    |   in|    4|       s_axi|            control_r|        scalar|
|s_axi_control_r_ARVALID  |   in|    1|       s_axi|            control_r|        scalar|
|s_axi_control_r_ARREADY  |  out|    1|       s_axi|            control_r|        scalar|
|s_axi_control_r_ARADDR   |   in|    6|       s_axi|            control_r|        scalar|
|s_axi_control_r_RVALID   |  out|    1|       s_axi|            control_r|        scalar|
|s_axi_control_r_RREADY   |   in|    1|       s_axi|            control_r|        scalar|
|s_axi_control_r_RDATA    |  out|   32|       s_axi|            control_r|        scalar|
|s_axi_control_r_RRESP    |  out|    2|       s_axi|            control_r|        scalar|
|s_axi_control_r_BVALID   |  out|    1|       s_axi|            control_r|        scalar|
|s_axi_control_r_BREADY   |   in|    1|       s_axi|            control_r|        scalar|
|s_axi_control_r_BRESP    |  out|    2|       s_axi|            control_r|        scalar|
|ap_clk                   |   in|    1|  ap_ctrl_hs|  enhanced_correlator|  return value|
|ap_rst_n                 |   in|    1|  ap_ctrl_hs|  enhanced_correlator|  return value|
|interrupt                |  out|    1|  ap_ctrl_hs|  enhanced_correlator|  return value|
|m_axi_gmem0_AWVALID      |  out|    1|       m_axi|                gmem0|       pointer|
|m_axi_gmem0_AWREADY      |   in|    1|       m_axi|                gmem0|       pointer|
|m_axi_gmem0_AWADDR       |  out|   64|       m_axi|                gmem0|       pointer|
|m_axi_gmem0_AWID         |  out|    1|       m_axi|                gmem0|       pointer|
|m_axi_gmem0_AWLEN        |  out|    8|       m_axi|                gmem0|       pointer|
|m_axi_gmem0_AWSIZE       |  out|    3|       m_axi|                gmem0|       pointer|
|m_axi_gmem0_AWBURST      |  out|    2|       m_axi|                gmem0|       pointer|
|m_axi_gmem0_AWLOCK       |  out|    2|       m_axi|                gmem0|       pointer|
|m_axi_gmem0_AWCACHE      |  out|    4|       m_axi|                gmem0|       pointer|
|m_axi_gmem0_AWPROT       |  out|    3|       m_axi|                gmem0|       pointer|
|m_axi_gmem0_AWQOS        |  out|    4|       m_axi|                gmem0|       pointer|
|m_axi_gmem0_AWREGION     |  out|    4|       m_axi|                gmem0|       pointer|
|m_axi_gmem0_AWUSER       |  out|    1|       m_axi|                gmem0|       pointer|
|m_axi_gmem0_WVALID       |  out|    1|       m_axi|                gmem0|       pointer|
|m_axi_gmem0_WREADY       |   in|    1|       m_axi|                gmem0|       pointer|
|m_axi_gmem0_WDATA        |  out|   32|       m_axi|                gmem0|       pointer|
|m_axi_gmem0_WSTRB        |  out|    4|       m_axi|                gmem0|       pointer|
|m_axi_gmem0_WLAST        |  out|    1|       m_axi|                gmem0|       pointer|
|m_axi_gmem0_WID          |  out|    1|       m_axi|                gmem0|       pointer|
|m_axi_gmem0_WUSER        |  out|    1|       m_axi|                gmem0|       pointer|
|m_axi_gmem0_ARVALID      |  out|    1|       m_axi|                gmem0|       pointer|
|m_axi_gmem0_ARREADY      |   in|    1|       m_axi|                gmem0|       pointer|
|m_axi_gmem0_ARADDR       |  out|   64|       m_axi|                gmem0|       pointer|
|m_axi_gmem0_ARID         |  out|    1|       m_axi|                gmem0|       pointer|
|m_axi_gmem0_ARLEN        |  out|    8|       m_axi|                gmem0|       pointer|
|m_axi_gmem0_ARSIZE       |  out|    3|       m_axi|                gmem0|       pointer|
|m_axi_gmem0_ARBURST      |  out|    2|       m_axi|                gmem0|       pointer|
|m_axi_gmem0_ARLOCK       |  out|    2|       m_axi|                gmem0|       pointer|
|m_axi_gmem0_ARCACHE      |  out|    4|       m_axi|                gmem0|       pointer|
|m_axi_gmem0_ARPROT       |  out|    3|       m_axi|                gmem0|       pointer|
|m_axi_gmem0_ARQOS        |  out|    4|       m_axi|                gmem0|       pointer|
|m_axi_gmem0_ARREGION     |  out|    4|       m_axi|                gmem0|       pointer|
|m_axi_gmem0_ARUSER       |  out|    1|       m_axi|                gmem0|       pointer|
|m_axi_gmem0_RVALID       |   in|    1|       m_axi|                gmem0|       pointer|
|m_axi_gmem0_RREADY       |  out|    1|       m_axi|                gmem0|       pointer|
|m_axi_gmem0_RDATA        |   in|   32|       m_axi|                gmem0|       pointer|
|m_axi_gmem0_RLAST        |   in|    1|       m_axi|                gmem0|       pointer|
|m_axi_gmem0_RID          |   in|    1|       m_axi|                gmem0|       pointer|
|m_axi_gmem0_RUSER        |   in|    1|       m_axi|                gmem0|       pointer|
|m_axi_gmem0_RRESP        |   in|    2|       m_axi|                gmem0|       pointer|
|m_axi_gmem0_BVALID       |   in|    1|       m_axi|                gmem0|       pointer|
|m_axi_gmem0_BREADY       |  out|    1|       m_axi|                gmem0|       pointer|
|m_axi_gmem0_BRESP        |   in|    2|       m_axi|                gmem0|       pointer|
|m_axi_gmem0_BID          |   in|    1|       m_axi|                gmem0|       pointer|
|m_axi_gmem0_BUSER        |   in|    1|       m_axi|                gmem0|       pointer|
|m_axi_gmem1_AWVALID      |  out|    1|       m_axi|                gmem1|       pointer|
|m_axi_gmem1_AWREADY      |   in|    1|       m_axi|                gmem1|       pointer|
|m_axi_gmem1_AWADDR       |  out|   64|       m_axi|                gmem1|       pointer|
|m_axi_gmem1_AWID         |  out|    1|       m_axi|                gmem1|       pointer|
|m_axi_gmem1_AWLEN        |  out|    8|       m_axi|                gmem1|       pointer|
|m_axi_gmem1_AWSIZE       |  out|    3|       m_axi|                gmem1|       pointer|
|m_axi_gmem1_AWBURST      |  out|    2|       m_axi|                gmem1|       pointer|
|m_axi_gmem1_AWLOCK       |  out|    2|       m_axi|                gmem1|       pointer|
|m_axi_gmem1_AWCACHE      |  out|    4|       m_axi|                gmem1|       pointer|
|m_axi_gmem1_AWPROT       |  out|    3|       m_axi|                gmem1|       pointer|
|m_axi_gmem1_AWQOS        |  out|    4|       m_axi|                gmem1|       pointer|
|m_axi_gmem1_AWREGION     |  out|    4|       m_axi|                gmem1|       pointer|
|m_axi_gmem1_AWUSER       |  out|    1|       m_axi|                gmem1|       pointer|
|m_axi_gmem1_WVALID       |  out|    1|       m_axi|                gmem1|       pointer|
|m_axi_gmem1_WREADY       |   in|    1|       m_axi|                gmem1|       pointer|
|m_axi_gmem1_WDATA        |  out|   32|       m_axi|                gmem1|       pointer|
|m_axi_gmem1_WSTRB        |  out|    4|       m_axi|                gmem1|       pointer|
|m_axi_gmem1_WLAST        |  out|    1|       m_axi|                gmem1|       pointer|
|m_axi_gmem1_WID          |  out|    1|       m_axi|                gmem1|       pointer|
|m_axi_gmem1_WUSER        |  out|    1|       m_axi|                gmem1|       pointer|
|m_axi_gmem1_ARVALID      |  out|    1|       m_axi|                gmem1|       pointer|
|m_axi_gmem1_ARREADY      |   in|    1|       m_axi|                gmem1|       pointer|
|m_axi_gmem1_ARADDR       |  out|   64|       m_axi|                gmem1|       pointer|
|m_axi_gmem1_ARID         |  out|    1|       m_axi|                gmem1|       pointer|
|m_axi_gmem1_ARLEN        |  out|    8|       m_axi|                gmem1|       pointer|
|m_axi_gmem1_ARSIZE       |  out|    3|       m_axi|                gmem1|       pointer|
|m_axi_gmem1_ARBURST      |  out|    2|       m_axi|                gmem1|       pointer|
|m_axi_gmem1_ARLOCK       |  out|    2|       m_axi|                gmem1|       pointer|
|m_axi_gmem1_ARCACHE      |  out|    4|       m_axi|                gmem1|       pointer|
|m_axi_gmem1_ARPROT       |  out|    3|       m_axi|                gmem1|       pointer|
|m_axi_gmem1_ARQOS        |  out|    4|       m_axi|                gmem1|       pointer|
|m_axi_gmem1_ARREGION     |  out|    4|       m_axi|                gmem1|       pointer|
|m_axi_gmem1_ARUSER       |  out|    1|       m_axi|                gmem1|       pointer|
|m_axi_gmem1_RVALID       |   in|    1|       m_axi|                gmem1|       pointer|
|m_axi_gmem1_RREADY       |  out|    1|       m_axi|                gmem1|       pointer|
|m_axi_gmem1_RDATA        |   in|   32|       m_axi|                gmem1|       pointer|
|m_axi_gmem1_RLAST        |   in|    1|       m_axi|                gmem1|       pointer|
|m_axi_gmem1_RID          |   in|    1|       m_axi|                gmem1|       pointer|
|m_axi_gmem1_RUSER        |   in|    1|       m_axi|                gmem1|       pointer|
|m_axi_gmem1_RRESP        |   in|    2|       m_axi|                gmem1|       pointer|
|m_axi_gmem1_BVALID       |   in|    1|       m_axi|                gmem1|       pointer|
|m_axi_gmem1_BREADY       |  out|    1|       m_axi|                gmem1|       pointer|
|m_axi_gmem1_BRESP        |   in|    2|       m_axi|                gmem1|       pointer|
|m_axi_gmem1_BID          |   in|    1|       m_axi|                gmem1|       pointer|
|m_axi_gmem1_BUSER        |   in|    1|       m_axi|                gmem1|       pointer|
+-------------------------+-----+-----+------------+---------------------+--------------+

