

================================================================
== Vitis HLS Report for 'sin_or_cos_float_s'
================================================================
* Date:           Sun Sep 20 21:47:29 2026

* Version:        2025.2 (Build 6295257 on Nov 14 2025)
* Project:        enhanced_correlator
* Solution:       hls (Vivado IP Flow Target)
* Product family: zynq
* Target device:  xc7z020-clg484-1


================================================================
== Performance Estimates
================================================================
+ Timing: 
    * Summary: 
    +--------+----------+----------+------------+
    |  Clock |  Target  | Estimated| Uncertainty|
    +--------+----------+----------+------------+
    |ap_clk  |  10.00 ns|  7.139 ns|     2.70 ns|
    +--------+----------+----------+------------+

+ Latency: 
    * Summary: 
    +---------+---------+----------+----------+-----+-----+---------+
    |  Latency (cycles) |  Latency (absolute) |  Interval | Pipeline|
    |   min   |   max   |    min   |    max   | min | max |   Type  |
    +---------+---------+----------+----------+-----+-----+---------+
    |       17|       17|  0.170 us|  0.170 us|    1|    1|      yes|
    +---------+---------+----------+----------+-----+-----+---------+

    + Detail: 
        * Instance: 
        N/A

        * Loop: 
        N/A



================================================================
== Utilization Estimates
================================================================
* Summary: 
+-----------------+---------+-----+--------+-------+-----+
|       Name      | BRAM_18K| DSP |   FF   |  LUT  | URAM|
+-----------------+---------+-----+--------+-------+-----+
|DSP              |        -|    -|       -|      -|    -|
|Expression       |        -|    -|       0|   1469|    -|
|FIFO             |        -|    -|       -|      -|    -|
|Instance         |        -|   13|     559|    646|    -|
|Memory           |        -|    -|     168|    293|    -|
|Multiplexer      |        -|    -|       -|      -|    -|
|Register         |        -|    -|    1481|    352|    -|
+-----------------+---------+-----+--------+-------+-----+
|Total            |        0|   13|    2208|   2760|    0|
+-----------------+---------+-----+--------+-------+-----+
|Available        |      280|  220|  106400|  53200|    0|
+-----------------+---------+-----+--------+-------+-----+
|Utilization (%)  |        0|    5|       2|      5|    0|
+-----------------+---------+-----+--------+-------+-----+

+ Detail: 
    * Instance: 
    +-------------------------+----------------------+---------+----+-----+-----+-----+
    |         Instance        |        Module        | BRAM_18K| DSP|  FF | LUT | URAM|
    +-------------------------+----------------------+---------+----+-----+-----+-----+
    |ctlz_30_30_1_1_U5        |ctlz_30_30_1_1        |        0|   0|    0|   40|    0|
    |ctlz_32_32_1_1_U10       |ctlz_32_32_1_1        |        0|   0|    0|   44|    0|
    |ctlz_32_32_1_1_U11       |ctlz_32_32_1_1        |        0|   0|    0|   44|    0|
    |mul_15ns_15ns_30_1_1_U8  |mul_15ns_15ns_30_1_1  |        0|   1|    0|    6|    0|
    |mul_15ns_15s_30_1_1_U9   |mul_15ns_15s_30_1_1   |        0|   1|    0|    6|    0|
    |mul_23s_22ns_45_1_1_U1   |mul_23s_22ns_45_1_1   |        0|   2|    0|   31|    0|
    |mul_30s_29ns_58_2_1_U2   |mul_30s_29ns_58_2_1   |        0|   4|  118|   47|    0|
    |mul_80s_24ns_80_5_1_U3   |mul_80s_24ns_80_5_1   |        0|   5|  441|  256|    0|
    |sparsemux_17_3_1_1_1_U4  |sparsemux_17_3_1_1_1  |        0|   0|    0|   42|    0|
    |sparsemux_33_4_1_1_1_U6  |sparsemux_33_4_1_1_1  |        0|   0|    0|   65|    0|
    |sparsemux_33_4_1_1_1_U7  |sparsemux_33_4_1_1_1  |        0|   0|    0|   65|    0|
    +-------------------------+----------------------+---------+----+-----+-----+-----+
    |Total                    |                      |        0|  13|  559|  646|    0|
    +-------------------------+----------------------+---------+----+-----+-----+-----+

    * DSP: 
    N/A

    * Memory: 
    +---------------------------------+-------------------------------------------------------------------+---------+-----+-----+-----+------+-----+------+-------------+
    |              Memory             |                               Module                              | BRAM_18K|  FF | LUT | URAM| Words| Bits| Banks| W*Bits*Banks|
    +---------------------------------+-------------------------------------------------------------------+---------+-----+-----+-----+------+-----+------+-------------+
    |ref_4oPi_table_100_U             |sin_or_cos_float_s_ref_4oPi_table_100_ROM_1P_LUTRAM_1R             |        0|  100|   21|    0|    13|  100|     1|         1300|
    |second_order_float_sin_cos_K0_U  |sin_or_cos_float_s_second_order_float_sin_cos_K0_ROM_1P_LUTRAM_1R  |        0|   30|  120|    0|   256|   30|     1|         7680|
    |second_order_float_sin_cos_K1_U  |sin_or_cos_float_s_second_order_float_sin_cos_K1_ROM_1P_LUTRAM_1R  |        0|   23|   92|    0|   256|   23|     1|         5888|
    |second_order_float_sin_cos_K2_U  |sin_or_cos_float_s_second_order_float_sin_cos_K2_ROM_1P_LUTRAM_1R  |        0|   15|   60|    0|   256|   15|     1|         3840|
    +---------------------------------+-------------------------------------------------------------------+---------+-----+-----+-----+------+-----+------+-------------+
    |Total                            |                                                                   |        0|  168|  293|    0|   781|  168|     4|        18708|
    +---------------------------------+-------------------------------------------------------------------+---------+-----+-----+-----+------+-----+------+-------------+

    * FIFO: 
    N/A

    * Expression: 
    +---------------------------+----------+----+---+-----+------------+------------+
    |       Variable Name       | Operation| DSP| FF| LUT | Bitwidth P0| Bitwidth P1|
    +---------------------------+----------+----+---+-----+------------+------------+
    |Ex_fu_487_p2               |         +|   0|  0|   15|           8|           8|
    |add_ln300_fu_1081_p2       |         +|   0|  0|    9|           9|           7|
    |add_ln32_1_fu_941_p2       |         +|   0|  0|   30|          30|          30|
    |add_ln32_fu_932_p2         |         +|   0|  0|   30|          30|          30|
    |add_ln376_fu_330_p2        |         +|   0|  0|   15|           8|           7|
    |Ex_1_fu_537_p2             |         -|   0|  0|   15|           8|           8|
    |Mx_bits_1_fu_427_p2        |         -|   0|  0|   65|           1|          58|
    |newexp_fu_1087_p2          |         -|   0|  0|    9|           9|           9|
    |sub_ln506_fu_551_p2        |         -|   0|  0|   15|           1|           8|
    |and_ln271_fu_737_p2        |       and|   0|  0|    2|           1|           1|
    |results_sign_2_fu_747_p2   |       and|   0|  0|    2|           1|           1|
    |results_sign_4_fu_763_p2   |       and|   0|  0|    2|           1|           1|
    |closepath_fu_324_p2        |      icmp|   0|  0|   15|           8|           7|
    |icmp_ln271_1_fu_392_p2     |      icmp|   0|  0|   30|          23|           1|
    |icmp_ln271_fu_732_p2       |      icmp|   0|  0|   15|           8|           1|
    |icmp_ln282_fu_752_p2       |      icmp|   0|  0|   15|           8|           2|
    |icmp_ln292_fu_1042_p2      |      icmp|   0|  0|   14|           5|           6|
    |icmp_ln306_fu_1048_p2      |      icmp|   0|  0|   36|          29|           1|
    |lshr_ln506_fu_789_p2       |      lshr|   0|  0|  100|          32|          32|
    |or_ln282_fu_1150_p2        |        or|   0|  0|    2|           1|           1|
    |or_ln306_fu_1101_p2        |        or|   0|  0|    2|           1|           1|
    |Ex_2_fu_818_p3             |    select|   0|  0|    8|           1|           1|
    |Mx_1_fu_812_p3             |    select|   0|  0|   29|           1|           2|
    |Mx_bits_3_fu_432_p3        |    select|   0|  0|   58|           1|          58|
    |addr_fu_336_p3             |    select|   0|  0|    8|           1|           6|
    |cos_basis_fu_562_p3        |    select|   0|  0|    2|           1|           1|
    |empty_59_fu_1129_p3        |    select|   0|  0|   23|           1|          23|
    |k_fu_417_p3                |    select|   0|  0|    3|           1|           1|
    |results_exp_1_fu_1178_p3   |    select|   0|  0|    8|           1|           8|
    |results_exp_fu_1155_p3     |    select|   0|  0|    8|           1|           8|
    |results_sig_1_fu_1185_p3   |    select|   0|  0|   23|           1|           1|
    |results_sig_fu_1170_p3     |    select|   0|  0|   23|           1|          23|
    |results_sign_3_fu_769_p3   |    select|   0|  0|    2|           1|           1|
    |results_sign_fu_724_p3     |    select|   0|  0|    2|           1|           1|
    |select_ln259_fu_1136_p3    |    select|   0|  0|    7|           1|           7|
    |select_ln282_2_fu_1163_p3  |    select|   0|  0|    2|           1|           2|
    |select_ln282_fu_1143_p3    |    select|   0|  0|    2|           1|           2|
    |select_ln453_fu_492_p3     |    select|   0|  0|    8|           1|           8|
    |select_ln506_1_fu_801_p3   |    select|   0|  0|   32|           1|          32|
    |select_ln506_fu_777_p3     |    select|   0|  0|    8|           1|           8|
    |shift_2_fu_1071_p3         |    select|   0|  0|    5|           1|           5|
    |sin_basis_fu_568_p3        |    select|   0|  0|    2|           1|           1|
    |in_shift_1_fu_1037_p2      |       shl|   0|  0|   84|          28|          28|
    |in_shift_2_fu_1066_p2      |       shl|   0|  0|   84|          28|          28|
    |shl_ln379_fu_366_p2        |       shl|   0|  0|  325|         100|         100|
    |shl_ln504_fu_518_p2        |       shl|   0|  0|  169|          58|          58|
    |shl_ln506_fu_795_p2        |       shl|   0|  0|  100|          32|          32|
    |xor_ln242_fu_557_p2        |       xor|   0|  0|    2|           1|           2|
    |xor_ln278_fu_742_p2        |       xor|   0|  0|    2|           1|           2|
    |xor_ln282_fu_757_p2        |       xor|   0|  0|    2|           1|           2|
    +---------------------------+----------+----+---+-----+------------+------------+
    |Total                      |          |   0|  0| 1469|         492|         671|
    +---------------------------+----------+----+---+-----+------------+------------+

    * Multiplexer: 
    N/A

    * Register: 
    +---------------------------------------------+----+----+-----+-----------+
    |                     Name                    | FF | LUT| Bits| Const Bits|
    +---------------------------------------------+----+----+-----+-----------+
    |B_reg_1348                                   |  22|   0|   22|          0|
    |B_squared_reg_1388                           |  15|   0|   15|          0|
    |B_trunc_reg_1368                             |  15|   0|   15|          0|
    |B_trunc_reg_1368_pp0_iter10_reg              |  15|   0|   15|          0|
    |Ex_1_reg_1302                                |   8|   0|    8|          0|
    |Ex_2_reg_1358                                |   8|   0|    8|          0|
    |Med_reg_1248                                 |  80|   0|   80|          0|
    |Mx_1_reg_1353                                |  29|   0|   29|          0|
    |Mx_bits_3_reg_1279                           |  58|   0|   58|          0|
    |Mx_bits_reg_1263                             |  58|   0|   58|          0|
    |Mx_reg_1296                                  |  29|   0|   29|          0|
    |add_ln32_1_reg_1418                          |  30|   0|   30|          0|
    |and_ln271_reg_1330                           |   1|   0|    1|          0|
    |closepath_reg_1232                           |   1|   0|    1|          0|
    |cos_basis_reg_1319                           |   1|   0|    1|          0|
    |din_exp_reg_1219                             |   8|   0|    8|          0|
    |din_sig_reg_1226                             |  23|   0|   23|          0|
    |din_sig_reg_1226_pp0_iter1_reg               |  23|   0|   23|          0|
    |din_sign_reg_1213                            |   1|   0|    1|          0|
    |do_cos_int_reg                               |   1|   0|    1|          0|
    |do_cos_read_reg_1205                         |   1|   0|    1|          0|
    |icmp_ln271_1_reg_1258                        |   1|   0|    1|          0|
    |icmp_ln282_reg_1336                          |   1|   0|    1|          0|
    |icmp_ln292_reg_1470                          |   1|   0|    1|          0|
    |icmp_ln306_reg_1476                          |   1|   0|    1|          0|
    |in_shift_1_reg_1464                          |  28|   0|   28|          0|
    |k_reg_1274                                   |   3|   0|    3|          0|
    |result_reg_1433                              |  29|   0|   29|          0|
    |results_sign_3_reg_1343                      |   1|   0|    1|          0|
    |second_order_float_sin_cos_K1_load_reg_1398  |  23|   0|   23|          0|
    |second_order_float_sin_cos_K2_load_reg_1403  |  15|   0|   15|          0|
    |sin_basis_reg_1325                           |   1|   0|    1|          0|
    |sin_basis_reg_1325_pp0_iter9_reg             |   1|   0|    1|          0|
    |sub_ln506_reg_1314                           |   8|   0|    8|          0|
    |t1_reg_1393                                  |  29|   0|   29|          0|
    |t1_reg_1393_pp0_iter12_reg                   |  29|   0|   29|          0|
    |t_in_int_reg                                 |  32|   0|   32|          0|
    |tmp_1_reg_1363                               |   7|   0|    7|          0|
    |tmp_3_reg_1438                               |  16|   0|   16|          0|
    |tmp_4_reg_1443                               |  13|   0|   13|          0|
    |tmp_7_reg_1284                               |  29|   0|   29|          0|
    |tmp_reg_1308                                 |   1|   0|    1|          0|
    |tmp_s_reg_1289                               |   1|   0|    1|          0|
    |trunc_ln281_1_reg_1458                       |   4|   0|    4|          0|
    |trunc_ln281_reg_1453                         |   5|   0|    5|          0|
    |trunc_ln2_reg_1408                           |  22|   0|   22|          0|
    |trunc_ln379_reg_1243                         |   4|   0|    4|          0|
    |trunc_ln3_reg_1413                           |  14|   0|   14|          0|
    |trunc_ln5_reg_1448                           |  28|   0|   28|          0|
    |trunc_ln_reg_1269                            |   3|   0|    3|          0|
    |B_reg_1348                                   |  64|  32|   22|          0|
    |Ex_2_reg_1358                                |  64|  32|    8|          0|
    |Mx_1_reg_1353                                |  64|  32|   29|          0|
    |and_ln271_reg_1330                           |  64|  32|    1|          0|
    |closepath_reg_1232                           |  64|  32|    1|          0|
    |din_exp_reg_1219                             |  64|  32|    8|          0|
    |din_sign_reg_1213                            |  64|  32|    1|          0|
    |do_cos_read_reg_1205                         |  64|  32|    1|          0|
    |icmp_ln271_1_reg_1258                        |  64|  32|    1|          0|
    |icmp_ln282_reg_1336                          |  64|  32|    1|          0|
    |results_sign_3_reg_1343                      |  64|  32|    1|          0|
    +---------------------------------------------+----+----+-----+-----------+
    |Total                                        |1481| 352|  851|          0|
    +---------------------------------------------+----+----+-----+-----------+



================================================================
== Interface
================================================================
* Summary: 
+-----------+-----+-----+------------+-------------------+--------------+
| RTL Ports | Dir | Bits|  Protocol  |   Source Object   |    C Type    |
+-----------+-----+-----+------------+-------------------+--------------+
|ap_clk     |   in|    1|  ap_ctrl_hs|  sin_or_cos<float>|  return value|
|ap_rst     |   in|    1|  ap_ctrl_hs|  sin_or_cos<float>|  return value|
|ap_return  |  out|   32|  ap_ctrl_hs|  sin_or_cos<float>|  return value|
|t_in       |   in|   32|     ap_none|               t_in|        scalar|
|do_cos     |   in|    1|     ap_none|             do_cos|        scalar|
+-----------+-----+-----+------------+-------------------+--------------+

