  **** HLS Build v2025.2 6295257
INFO: [HLS 200-2005] Using work_dir /home/johan2/Documents/fpga/zynq-pynq-gnss-receiver/enhanced_correlator/enhanced_correlator/enhanced_correlator 
INFO: [HLS 200-2176] Writing Vitis IDE component file /home/johan2/Documents/fpga/zynq-pynq-gnss-receiver/enhanced_correlator/enhanced_correlator/enhanced_correlator/vitis-comp.json
INFO: [HLS 200-10] Creating and opening component '/home/johan2/Documents/fpga/zynq-pynq-gnss-receiver/enhanced_correlator/enhanced_correlator/enhanced_correlator'.
INFO: [HLS 200-1505] Using default flow_target 'vivado'
Resolution: For help on HLS 200-1505 see docs.amd.com/access/sources/dita/topic?Doc_Version=2025.2%20English&url=ug1448-hls-guidance&resourceid=200-1505.html
INFO: [HLS 200-2174] Applying component config ini file enhanced_correlator_hls_config.cfg
INFO: [HLS 200-1465] Applying config ini 'syn.file=/home/johan2/Documents/fpga/zynq-pynq-gnss-receiver/vivado/ip_repo/gnss_enhanced_correlator/src/enhanced_correlator.cpp' from enhanced_correlator_hls_config.cfg(7)
INFO: [HLS 200-10] Adding design file '/home/johan2/Documents/fpga/zynq-pynq-gnss-receiver/vivado/ip_repo/gnss_enhanced_correlator/src/enhanced_correlator.cpp' to the project
INFO: [HLS 200-1465] Applying config ini 'syn.file=/home/johan2/Documents/fpga/zynq-pynq-gnss-receiver/vivado/ip_repo/gnss_enhanced_correlator/src/enhanced_correlator.h' from enhanced_correlator_hls_config.cfg(8)
INFO: [HLS 200-10] Adding design file '/home/johan2/Documents/fpga/zynq-pynq-gnss-receiver/vivado/ip_repo/gnss_enhanced_correlator/src/enhanced_correlator.h' to the project
INFO: [HLS 200-1465] Applying config ini 'tb.file=/home/johan2/Documents/fpga/zynq-pynq-gnss-receiver/vivado/ip_repo/gnss_enhanced_correlator/src/enhanced_correlator_tb.cpp' from enhanced_correlator_hls_config.cfg(9)
INFO: [HLS 200-10] Adding test bench file '/home/johan2/Documents/fpga/zynq-pynq-gnss-receiver/vivado/ip_repo/gnss_enhanced_correlator/src/enhanced_correlator_tb.cpp' to the project
INFO: [HLS 200-1465] Applying config ini 'syn.top=enhanced_correlator' from enhanced_correlator_hls_config.cfg(11)
INFO: [HLS 200-1465] Applying config ini 'flow_target=vivado' from enhanced_correlator_hls_config.cfg(4)
INFO: [HLS 200-1505] Using flow_target 'vivado'
Resolution: For help on HLS 200-1505 see docs.amd.com/access/sources/dita/topic?Doc_Version=2025.2%20English&url=ug1448-hls-guidance&resourceid=200-1505.html
INFO: [HLS 200-1465] Applying config ini 'part=xc7z020clg484-1' from enhanced_correlator_hls_config.cfg(1)
INFO: [HLS 200-1611] Setting target device to 'xc7z020-clg484-1'
INFO: [HLS 200-1465] Applying config ini 'clock=10ns' from enhanced_correlator_hls_config.cfg(10)
INFO: [SYN 201-201] Setting up clock 'default' with a period of 10ns.
INFO: [HLS 200-1465] Applying config ini 'package.output.format=ip_catalog' from enhanced_correlator_hls_config.cfg(5)
INFO: [HLS 200-2176] Writing Vitis IDE component file /home/johan2/Documents/fpga/zynq-pynq-gnss-receiver/enhanced_correlator/enhanced_correlator/enhanced_correlator/vitis-comp.json
INFO: [HLS 200-111] Finished File checks and directory preparation: CPU user time: 5.27 seconds. CPU system time: 1.23 seconds. Elapsed time: 6.16 seconds; current allocated memory: 486.488 MB.
INFO: [HLS 200-2191] C-Synthesis will use clang-16 as the compiler
INFO: [HLS 200-10] Analyzing design file '/home/johan2/Documents/fpga/zynq-pynq-gnss-receiver/vivado/ip_repo/gnss_enhanced_correlator/src/enhanced_correlator.cpp' ... 
INFO: [HLS 200-111] Finished Source Code Analysis and Preprocessing: CPU user time: 2.65 seconds. CPU system time: 0.82 seconds. Elapsed time: 3.81 seconds; current allocated memory: 488.457 MB.
INFO: [HLS 200-777] Using interface defaults for 'Vivado' flow target.
INFO: [HLS 200-1995] There were 25,801 instructions in the design after the 'Compile/Link' phase of compilation. See the Design Size Report for more details (/home/johan2/Documents/fpga/zynq-pynq-gnss-receiver/enhanced_correlator/enhanced_correlator/enhanced_correlator/hls/syn/report/csynth_design_size.rpt:2)
INFO: [HLS 200-1995] There were 2,034 instructions in the design after the 'Unroll/Inline (step 1)' phase of compilation. See the Design Size Report for more details (/home/johan2/Documents/fpga/zynq-pynq-gnss-receiver/enhanced_correlator/enhanced_correlator/enhanced_correlator/hls/syn/report/csynth_design_size.rpt:2)
INFO: [HLS 200-1995] There were 1,104 instructions in the design after the 'Unroll/Inline (step 2)' phase of compilation. See the Design Size Report for more details (/home/johan2/Documents/fpga/zynq-pynq-gnss-receiver/enhanced_correlator/enhanced_correlator/enhanced_correlator/hls/syn/report/csynth_design_size.rpt:2)
INFO: [HLS 200-1995] There were 1,032 instructions in the design after the 'Unroll/Inline (step 3)' phase of compilation. See the Design Size Report for more details (/home/johan2/Documents/fpga/zynq-pynq-gnss-receiver/enhanced_correlator/enhanced_correlator/enhanced_correlator/hls/syn/report/csynth_design_size.rpt:2)
INFO: [HLS 200-1995] There were 634 instructions in the design after the 'Unroll/Inline (step 4)' phase of compilation. See the Design Size Report for more details (/home/johan2/Documents/fpga/zynq-pynq-gnss-receiver/enhanced_correlator/enhanced_correlator/enhanced_correlator/hls/syn/report/csynth_design_size.rpt:2)
INFO: [HLS 200-1995] There were 717 instructions in the design after the 'Array/Struct (step 1)' phase of compilation. See the Design Size Report for more details (/home/johan2/Documents/fpga/zynq-pynq-gnss-receiver/enhanced_correlator/enhanced_correlator/enhanced_correlator/hls/syn/report/csynth_design_size.rpt:2)
INFO: [HLS 200-1995] There were 607 instructions in the design after the 'Array/Struct (step 2)' phase of compilation. See the Design Size Report for more details (/home/johan2/Documents/fpga/zynq-pynq-gnss-receiver/enhanced_correlator/enhanced_correlator/enhanced_correlator/hls/syn/report/csynth_design_size.rpt:2)
INFO: [HLS 200-1995] There were 607 instructions in the design after the 'Array/Struct (step 3)' phase of compilation. See the Design Size Report for more details (/home/johan2/Documents/fpga/zynq-pynq-gnss-receiver/enhanced_correlator/enhanced_correlator/enhanced_correlator/hls/syn/report/csynth_design_size.rpt:2)
INFO: [HLS 200-1995] There were 607 instructions in the design after the 'Array/Struct (step 4)' phase of compilation. See the Design Size Report for more details (/home/johan2/Documents/fpga/zynq-pynq-gnss-receiver/enhanced_correlator/enhanced_correlator/enhanced_correlator/hls/syn/report/csynth_design_size.rpt:2)
INFO: [HLS 200-1995] There were 624 instructions in the design after the 'Array/Struct (step 5)' phase of compilation. See the Design Size Report for more details (/home/johan2/Documents/fpga/zynq-pynq-gnss-receiver/enhanced_correlator/enhanced_correlator/enhanced_correlator/hls/syn/report/csynth_design_size.rpt:2)
INFO: [HLS 200-1995] There were 624 instructions in the design after the 'Performance (step 1)' phase of compilation. See the Design Size Report for more details (/home/johan2/Documents/fpga/zynq-pynq-gnss-receiver/enhanced_correlator/enhanced_correlator/enhanced_correlator/hls/syn/report/csynth_design_size.rpt:2)
INFO: [HLS 200-1995] There were 613 instructions in the design after the 'Performance (step 2)' phase of compilation. See the Design Size Report for more details (/home/johan2/Documents/fpga/zynq-pynq-gnss-receiver/enhanced_correlator/enhanced_correlator/enhanced_correlator/hls/syn/report/csynth_design_size.rpt:2)
INFO: [HLS 200-1995] There were 607 instructions in the design after the 'Performance (step 3)' phase of compilation. See the Design Size Report for more details (/home/johan2/Documents/fpga/zynq-pynq-gnss-receiver/enhanced_correlator/enhanced_correlator/enhanced_correlator/hls/syn/report/csynth_design_size.rpt:2)
INFO: [HLS 200-1995] There were 607 instructions in the design after the 'Performance (step 4)' phase of compilation. See the Design Size Report for more details (/home/johan2/Documents/fpga/zynq-pynq-gnss-receiver/enhanced_correlator/enhanced_correlator/enhanced_correlator/hls/syn/report/csynth_design_size.rpt:2)
INFO: [HLS 200-1995] There were 662 instructions in the design after the 'HW Transforms (step 1)' phase of compilation. See the Design Size Report for more details (/home/johan2/Documents/fpga/zynq-pynq-gnss-receiver/enhanced_correlator/enhanced_correlator/enhanced_correlator/hls/syn/report/csynth_design_size.rpt:2)
INFO: [HLS 200-1995] There were 674 instructions in the design after the 'HW Transforms (step 2)' phase of compilation. See the Design Size Report for more details (/home/johan2/Documents/fpga/zynq-pynq-gnss-receiver/enhanced_correlator/enhanced_correlator/enhanced_correlator/hls/syn/report/csynth_design_size.rpt:2)
INFO: [HLS 214-291] Loop 'VITIS_LOOP_70_2' is marked as complete unroll implied by the pipeline pragma (vivado/ip_repo/gnss_enhanced_correlator/src/enhanced_correlator.cpp:70:26)
INFO: [HLS 214-291] Loop 'VITIS_LOOP_71_3' is marked as complete unroll implied by the pipeline pragma (vivado/ip_repo/gnss_enhanced_correlator/src/enhanced_correlator.cpp:71:26)
INFO: [HLS 214-291] Loop 'VITIS_LOOP_86_4' is marked as complete unroll implied by the pipeline pragma (vivado/ip_repo/gnss_enhanced_correlator/src/enhanced_correlator.cpp:86:26)
INFO: [HLS 214-291] Loop 'VITIS_LOOP_87_5' is marked as complete unroll implied by the pipeline pragma (vivado/ip_repo/gnss_enhanced_correlator/src/enhanced_correlator.cpp:87:26)
INFO: [HLS 214-291] Loop 'VITIS_LOOP_88_6' is marked as complete unroll implied by the pipeline pragma (vivado/ip_repo/gnss_enhanced_correlator/src/enhanced_correlator.cpp:88:26)
INFO: [HLS 214-291] Loop 'anonymous' is marked as complete unroll implied by the pipeline pragma (/wrk/ci/prod/2025.2/hls_product/continuous/666/2025.2/src/shared/hls/clib/src/hls/utils/x_hls_float_utils.h:289:5)
INFO: [HLS 214-291] Loop 'anonymous' is marked as complete unroll implied by the pipeline pragma (/wrk/ci/prod/2025.2/hls_product/continuous/666/2025.2/src/shared/hls/clib/src/hls/utils/x_hls_float_utils.h:282:5)
INFO: [HLS 214-291] Loop 'anonymous' is marked as complete unroll implied by the pipeline pragma (/wrk/ci/prod/2025.2/hls_product/continuous/666/2025.2/src/shared/hls/clib/src/hls/utils/x_hls_float_utils.h:269:5)
INFO: [HLS 214-291] Loop 'anonymous' is marked as complete unroll implied by the pipeline pragma (/wrk/ci/prod/2025.2/hls_product/continuous/666/2025.2/src/shared/hls/clib/src/hls/utils/x_hls_float_utils.h:268:41)
INFO: [HLS 214-291] Loop 'anonymous' is marked as complete unroll implied by the pipeline pragma
INFO: [HLS 214-186] Unrolling loop 'anonymous' (/wrk/ci/prod/2025.2/hls_product/continuous/666/2025.2/src/shared/hls/clib/src/hls/utils/x_hls_float_utils.h:289:5) in function 'scaled_fixed2ieee<29, 1>' completely with a factor of 2 (/wrk/ci/prod/2025.2/hls_product/continuous/666/2025.2/src/shared/hls/clib/src/hls/utils/x_hls_float_utils.h:257:0)
INFO: [HLS 214-186] Unrolling loop 'anonymous' (/wrk/ci/prod/2025.2/hls_product/continuous/666/2025.2/src/shared/hls/clib/src/hls/utils/x_hls_float_utils.h:282:5) in function 'scaled_fixed2ieee<29, 1>' completely with a factor of 2 (/wrk/ci/prod/2025.2/hls_product/continuous/666/2025.2/src/shared/hls/clib/src/hls/utils/x_hls_float_utils.h:257:0)
INFO: [HLS 214-186] Unrolling loop 'anonymous' (/wrk/ci/prod/2025.2/hls_product/continuous/666/2025.2/src/shared/hls/clib/src/hls/utils/x_hls_float_utils.h:269:5) in function 'scaled_fixed2ieee<29, 1>' completely with a factor of 1 (/wrk/ci/prod/2025.2/hls_product/continuous/666/2025.2/src/shared/hls/clib/src/hls/utils/x_hls_float_utils.h:257:0)
INFO: [HLS 214-186] Unrolling loop 'anonymous' (/wrk/ci/prod/2025.2/hls_product/continuous/666/2025.2/src/shared/hls/clib/src/hls/utils/x_hls_float_utils.h:268:41) in function 'scaled_fixed2ieee<29, 1>' completely with a factor of 2 (/wrk/ci/prod/2025.2/hls_product/continuous/666/2025.2/src/shared/hls/clib/src/hls/utils/x_hls_float_utils.h:257:0)
INFO: [HLS 214-186] Unrolling loop 'anonymous' () in function 'scaled_fixed2ieee<29, 1>' completely with a factor of 1 (/wrk/ci/prod/2025.2/hls_product/continuous/666/2025.2/src/shared/hls/clib/src/hls/utils/x_hls_float_utils.h:257:0)
INFO: [HLS 214-178] Inlining function 'fp_struct<float>::fp_struct(float)' into 'void range_redux_payne_hanek_hotbm<29, float, 29, 29>(float, ap_uint<3>&, ap_ufixed<29, 0, (ap_q_mode)5, (ap_o_mode)3, 0>&, ap_ufixed<29, 0, (ap_q_mode)5, (ap_o_mode)3, 0>&, ap_int<fp_struct<float>::EXP_BITS>&)' (/wrk/ci/prod/2025.2/hls_product/continuous/666/2025.2/src/shared/hls/clib/hlsmath/include/FloatingPoint/hls_range_redux.h:437:0)
INFO: [HLS 214-178] Inlining function 'fp_struct<float>::expv() const' into 'void range_redux_payne_hanek_hotbm<29, float, 29, 29>(float, ap_uint<3>&, ap_ufixed<29, 0, (ap_q_mode)5, (ap_o_mode)3, 0>&, ap_ufixed<29, 0, (ap_q_mode)5, (ap_o_mode)3, 0>&, ap_int<fp_struct<float>::EXP_BITS>&)' (/wrk/ci/prod/2025.2/hls_product/continuous/666/2025.2/src/shared/hls/clib/hlsmath/include/FloatingPoint/hls_range_redux.h:437:0)
INFO: [HLS 214-178] Inlining function 'ap_uint<(((2) * ((23) + (1))) + (29)) + (3)> table_lookup_4oPi_hotbm<23, 29>(int, float)' into 'void range_redux_payne_hanek_hotbm<29, float, 29, 29>(float, ap_uint<3>&, ap_ufixed<29, 0, (ap_q_mode)5, (ap_o_mode)3, 0>&, ap_ufixed<29, 0, (ap_q_mode)5, (ap_o_mode)3, 0>&, ap_int<fp_struct<float>::EXP_BITS>&)' (/wrk/ci/prod/2025.2/hls_product/continuous/666/2025.2/src/shared/hls/clib/hlsmath/include/FloatingPoint/hls_range_redux.h:437:0)
INFO: [HLS 214-178] Inlining function 'unsigned int clz<29, 58, 0>(ap_ufixed<58, 0, (ap_q_mode)5, (ap_o_mode)3, 0>)' into 'void range_redux_payne_hanek_hotbm<29, float, 29, 29>(float, ap_uint<3>&, ap_ufixed<29, 0, (ap_q_mode)5, (ap_o_mode)3, 0>&, ap_ufixed<29, 0, (ap_q_mode)5, (ap_o_mode)3, 0>&, ap_int<fp_struct<float>::EXP_BITS>&)' (/wrk/ci/prod/2025.2/hls_product/continuous/666/2025.2/src/shared/hls/clib/hlsmath/include/FloatingPoint/hls_range_redux.h:437:0)
INFO: [HLS 214-178] Inlining function 'fp_struct<float>::data() const (.62.71.82.91)' into 'fp_struct<float>::to_float() const (.59.68.79.88)' (/wrk/ci/prod/2025.2/hls_product/continuous/666/2025.2/src/shared/hls/clib/src/hls/utils/x_hls_utils.h:322:0)
INFO: [HLS 214-178] Inlining function 'fp_struct<float>::to_float() const (.59.68.79.88)' into 'fp_struct<float>::to_ieee() const' (/wrk/ci/prod/2025.2/hls_product/continuous/666/2025.2/src/shared/hls/clib/src/hls/utils/x_hls_utils.h:346:0)
INFO: [HLS 214-178] Inlining function 'clz(int) (.34983)' into 'void scaled_fixed2ieee<29, 1>(ap_ufixed<29, 1, (ap_q_mode)5, (ap_o_mode)3, 0>, float&, int)' (/wrk/ci/prod/2025.2/hls_product/continuous/666/2025.2/src/shared/hls/clib/src/hls/utils/x_hls_float_utils.h:257:0)
INFO: [HLS 214-178] Inlining function 'fp_struct<float>::set_mantissa(ap_ufixed<24, 1, (ap_q_mode)5, (ap_o_mode)3, 0>)' into 'void scaled_fixed2ieee<29, 1>(ap_ufixed<29, 1, (ap_q_mode)5, (ap_o_mode)3, 0>, float&, int)' (/wrk/ci/prod/2025.2/hls_product/continuous/666/2025.2/src/shared/hls/clib/src/hls/utils/x_hls_float_utils.h:257:0)
INFO: [HLS 214-178] Inlining function 'fp_struct<float>::to_ieee() const' into 'void scaled_fixed2ieee<29, 1>(ap_ufixed<29, 1, (ap_q_mode)5, (ap_o_mode)3, 0>, float&, int)' (/wrk/ci/prod/2025.2/hls_product/continuous/666/2025.2/src/shared/hls/clib/src/hls/utils/x_hls_float_utils.h:257:0)
INFO: [HLS 214-178] Inlining function 'fp_struct<float>::fp_struct(float)' into 'float hotbm_::sin_or_cos<float>(float, bool, bool)' (/wrk/ci/prod/2025.2/hls_product/continuous/666/2025.2/src/shared/hls/clib/hlsmath/include/FloatingPoint/hls_hotbm.h:210:0)
INFO: [HLS 214-178] Inlining function 'void range_redux_payne_hanek_hotbm<29, float, 29, 29>(float, ap_uint<3>&, ap_ufixed<29, 0, (ap_q_mode)5, (ap_o_mode)3, 0>&, ap_ufixed<29, 0, (ap_q_mode)5, (ap_o_mode)3, 0>&, ap_int<fp_struct<float>::EXP_BITS>&)' into 'float hotbm_::sin_or_cos<float>(float, bool, bool)' (/wrk/ci/prod/2025.2/hls_product/continuous/666/2025.2/src/shared/hls/clib/hlsmath/include/FloatingPoint/hls_hotbm.h:210:0)
INFO: [HLS 214-178] Inlining function 'ap_ufixed<29, 1, (ap_q_mode)5, (ap_o_mode)3, 0> hotbm_::value_list<float>::sin_or_cos_approximation<29, 29>(bool, ap_uint<3>&, ap_ufixed<29, 0, (ap_q_mode)5, (ap_o_mode)3, 0>&, ap_ufixed<29, 0, (ap_q_mode)5, (ap_o_mode)3, 0>&, ap_int<8>&)' into 'float hotbm_::sin_or_cos<float>(float, bool, bool)' (/wrk/ci/prod/2025.2/hls_product/continuous/666/2025.2/src/shared/hls/clib/hlsmath/include/FloatingPoint/hls_hotbm.h:210:0)
INFO: [HLS 214-178] Inlining function 'void scaled_fixed2ieee<29, 1>(ap_ufixed<29, 1, (ap_q_mode)5, (ap_o_mode)3, 0>, float&, int)' into 'float hotbm_::sin_or_cos<float>(float, bool, bool)' (/wrk/ci/prod/2025.2/hls_product/continuous/666/2025.2/src/shared/hls/clib/hlsmath/include/FloatingPoint/hls_hotbm.h:210:0)
INFO: [HLS 214-178] Inlining function 'fp_struct<float>::to_ieee() const' into 'float hotbm_::sin_or_cos<float>(float, bool, bool)' (/wrk/ci/prod/2025.2/hls_product/continuous/666/2025.2/src/shared/hls/clib/hlsmath/include/FloatingPoint/hls_hotbm.h:210:0)
INFO: [HLS 214-178] Inlining function 'hotbm_::cos(float)' into 'cosf' (/wrk/ci/prod/2025.2/hls_product/continuous/666/2025.2/src/shared/hls/clib/hlsmath/src/c/sincosfloat.cpp:11:0)
INFO: [HLS 214-178] Inlining function 'hotbm_::sin(float)' into 'sinf' (/wrk/ci/prod/2025.2/hls_product/continuous/666/2025.2/src/shared/hls/clib/hlsmath/src/c/sincosfloat.cpp:7:0)
INFO: [HLS 214-178] Inlining function 'fp_struct<float>::fp_struct(float)' into 'int generic_cast_IEEE754<int, (ap_q_mode)6, float>(float, bool, hls::enable_if<std::numeric_limits<int>::is_signed, bool>::type)' (/wrk/ci/prod/2025.2/hls_product/continuous/666/2025.2/src/shared/hls/clib/hlsmath/include/FloatingPoint/hls_case_IEEE754.h:12:0)
INFO: [HLS 214-178] Inlining function 'fp_struct<float>::mantissa() const' into 'int generic_cast_IEEE754<int, (ap_q_mode)6, float>(float, bool, hls::enable_if<std::numeric_limits<int>::is_signed, bool>::type)' (/wrk/ci/prod/2025.2/hls_product/continuous/666/2025.2/src/shared/hls/clib/hlsmath/include/FloatingPoint/hls_case_IEEE754.h:12:0)
INFO: [HLS 214-178] Inlining function 'fp_struct<float>::expv() const' into 'int generic_cast_IEEE754<int, (ap_q_mode)6, float>(float, bool, hls::enable_if<std::numeric_limits<int>::is_signed, bool>::type)' (/wrk/ci/prod/2025.2/hls_product/continuous/666/2025.2/src/shared/hls/clib/hlsmath/include/FloatingPoint/hls_case_IEEE754.h:12:0)
INFO: [HLS 214-178] Inlining function 'fp_struct<float>::__signbit() const' into 'int generic_cast_IEEE754<int, (ap_q_mode)6, float>(float, bool, hls::enable_if<std::numeric_limits<int>::is_signed, bool>::type)' (/wrk/ci/prod/2025.2/hls_product/continuous/666/2025.2/src/shared/hls/clib/hlsmath/include/FloatingPoint/hls_case_IEEE754.h:12:0)
INFO: [HLS 214-178] Inlining function 'int generic_cast_IEEE754<int, (ap_q_mode)6, float>(float, bool, hls::enable_if<std::numeric_limits<int>::is_signed, bool>::type)' into 'int generic_cast_IEEE754<int, float>(float, bool)' (/wrk/ci/prod/2025.2/hls_product/continuous/666/2025.2/src/shared/hls/clib/hlsmath/include/FloatingPoint/hls_case_IEEE754.h:116:0)
INFO: [HLS 214-178] Inlining function 'int generic_cast_IEEE754<int, float>(float, bool)' into '__hls_fptosi_float_i32' (/wrk/ci/prod/2025.2/hls_product/continuous/666/2025.2/src/shared/hls/clib/hlsmath/src/lib_floatconversion.cpp:51:0)
INFO: [HLS 214-178] Inlining function 'cosf' into 'enhanced_correlator(float const*, float const*, float*, float*, float*, float*, float*, float*, int, float, float, float, float, float, int, float, float const*)' (vivado/ip_repo/gnss_enhanced_correlator/src/enhanced_correlator.cpp:24:0)
INFO: [HLS 214-178] Inlining function 'sinf' into 'enhanced_correlator(float const*, float const*, float*, float*, float*, float*, float*, float*, int, float, float, float, float, float, int, float, float const*)' (vivado/ip_repo/gnss_enhanced_correlator/src/enhanced_correlator.cpp:24:0)
INFO: [HLS 214-248] Applying array_partition to '_ZZN6hotbm_10value_listIfE24sin_or_cos_approximationILi29ELi29EEE9ap_ufixedIXT_ELi1EL9ap_q_mode5EL9ap_o_mode3ELi0EEbR7ap_uintILi3EERS3_IXT_ELi0ELS4_5ELS5_3ELi0EERS3_IXT0_ELi0ELS4_5ELS5_3ELi0EER6ap_intILi8EEE10swap_table': Complete partitioning on dimension 1. (/wrk/ci/prod/2025.2/hls_product/continuous/666/2025.2/src/shared/hls/clib/hlsmath/src/common/hls_hotbm_float.cpp:14:0)
INFO: [HLS 214-248] Applying array_partition to '_ZZN6hotbm_10sin_or_cosIfEET_S1_bbE13neg_cos_table': Complete partitioning on dimension 1. (/wrk/ci/prod/2025.2/hls_product/continuous/666/2025.2/src/shared/hls/clib/hlsmath/include/FloatingPoint/hls_hotbm.h:217:0)
INFO: [HLS 214-248] Applying array_partition to '_ZZN6hotbm_10sin_or_cosIfEET_S1_bbE13neg_sin_table': Complete partitioning on dimension 1. (/wrk/ci/prod/2025.2/hls_product/continuous/666/2025.2/src/shared/hls/clib/hlsmath/include/FloatingPoint/hls_hotbm.h:216:0)
INFO: [HLS 214-248] Applying array_partition to '_ZZN6hotbm_10sin_or_cosIfEET_S1_bbE10swap_table': Complete partitioning on dimension 1. (/wrk/ci/prod/2025.2/hls_product/continuous/666/2025.2/src/shared/hls/clib/hlsmath/include/FloatingPoint/hls_hotbm.h:215:0)
WARNING: [HLS 214-358] Array transformation on index using bit extension logic may lead to poor performance. Please use int or long for array index computation to benefit from optimizations. (/wrk/ci/prod/2025.2/hls_product/continuous/666/2025.2/src/shared/hls/clib/hlsmath/include/FloatingPoint/hls_hotbm.h:242:30)
WARNING: [HLS 214-358] Array transformation on index using bit extension logic may lead to poor performance. Please use int or long for array index computation to benefit from optimizations. (/wrk/ci/prod/2025.2/hls_product/continuous/666/2025.2/src/shared/hls/clib/hlsmath/src/common/hls_hotbm_float.cpp:25:67)
WARNING: [HLS 214-358] Array transformation on index using bit extension logic may lead to poor performance. Please use int or long for array index computation to benefit from optimizations. (/wrk/ci/prod/2025.2/hls_product/continuous/666/2025.2/src/shared/hls/clib/hlsmath/include/FloatingPoint/hls_hotbm.h:267:8)
WARNING: [HLS 214-187] Cannot unroll loop 'VITIS_LOOP_70_2' (vivado/ip_repo/gnss_enhanced_correlator/src/enhanced_correlator.cpp:70:26) in function 'enhanced_correlator' as it has a variable trip count (vivado/ip_repo/gnss_enhanced_correlator/src/enhanced_correlator.cpp:70:26)
WARNING: [HLS 214-187] Cannot unroll loop 'VITIS_LOOP_71_3' (vivado/ip_repo/gnss_enhanced_correlator/src/enhanced_correlator.cpp:71:26) in function 'enhanced_correlator' as it has a variable trip count (vivado/ip_repo/gnss_enhanced_correlator/src/enhanced_correlator.cpp:71:26)
WARNING: [HLS 214-187] Cannot unroll loop 'VITIS_LOOP_86_4' (vivado/ip_repo/gnss_enhanced_correlator/src/enhanced_correlator.cpp:86:26) in function 'enhanced_correlator' as it has a variable trip count (vivado/ip_repo/gnss_enhanced_correlator/src/enhanced_correlator.cpp:86:26)
WARNING: [HLS 214-187] Cannot unroll loop 'VITIS_LOOP_87_5' (vivado/ip_repo/gnss_enhanced_correlator/src/enhanced_correlator.cpp:87:26) in function 'enhanced_correlator' as it has a variable trip count (vivado/ip_repo/gnss_enhanced_correlator/src/enhanced_correlator.cpp:87:26)
WARNING: [HLS 214-187] Cannot unroll loop 'VITIS_LOOP_88_6' (vivado/ip_repo/gnss_enhanced_correlator/src/enhanced_correlator.cpp:88:26) in function 'enhanced_correlator' as it has a variable trip count (vivado/ip_repo/gnss_enhanced_correlator/src/enhanced_correlator.cpp:88:26)
INFO: [HLS 200-111] Finished Compiling Optimization and Transform: CPU user time: 9.31 seconds. CPU system time: 1.24 seconds. Elapsed time: 13.31 seconds; current allocated memory: 492.734 MB.
INFO: [HLS 200-111] Finished Checking Pragmas: CPU user time: 0 seconds. CPU system time: 0 seconds. Elapsed time: 0.01 seconds; current allocated memory: 492.734 MB.
INFO: [HLS 200-10] Starting code transformations ...
INFO: [HLS 200-111] Finished Standard Transforms: CPU user time: 0.06 seconds. CPU system time: 0.01 seconds. Elapsed time: 0.09 seconds; current allocated memory: 495.125 MB.
INFO: [HLS 200-10] Checking synthesizability ...
INFO: [XFORM 203-602] Inlining function '__hls_fptosi_float_i32' into 'enhanced_correlator' (vivado/ip_repo/gnss_enhanced_correlator/src/enhanced_correlator.cpp:91) automatically.
INFO: [HLS 200-111] Finished Checking Synthesizability: CPU user time: 0.1 seconds. CPU system time: 0.01 seconds. Elapsed time: 0.1 seconds; current allocated memory: 497.965 MB.
INFO: [XFORM 203-602] Inlining function '__hls_fptosi_float_i32' into 'enhanced_correlator' (vivado/ip_repo/gnss_enhanced_correlator/src/enhanced_correlator.cpp:91) automatically.
INFO: [XFORM 203-401] Performing if-conversion on hyperblock from (/wrk/ci/prod/2025.2/hls_product/continuous/666/2025.2/src/shared/hls/clib/hlsmath/include/FloatingPoint/hls_hotbm.h:209:18) to (/wrk/ci/prod/2025.2/hls_product/continuous/666/2025.2/src/shared/hls/clib/hlsmath/include/FloatingPoint/hls_hotbm.h:287:5) in function 'hotbm_::sin_or_cos<float>'... converting 13 basic blocks.
INFO: [HLS 200-111] Finished Loop, function and other optimizations: CPU user time: 0.32 seconds. CPU system time: 0.01 seconds. Elapsed time: 0.34 seconds; current allocated memory: 522.316 MB.
INFO: [HLS 200-111] Finished Architecture Synthesis: CPU user time: 0.37 seconds. CPU system time: 0.01 seconds. Elapsed time: 0.38 seconds; current allocated memory: 526.090 MB.
INFO: [HLS 200-10] Starting hardware synthesis ...
INFO: [HLS 200-10] Synthesizing 'enhanced_correlator' ...
WARNING: [SYN 201-103] Legalizing function name 'sin_or_cos<float>' to 'sin_or_cos_float_s'.
INFO: [HLS 200-10] ----------------------------------------------------------------
INFO: [HLS 200-42] -- Implementing module 'sin_or_cos_float_s' 
INFO: [HLS 200-10] ----------------------------------------------------------------
INFO: [SCHED 204-11] Starting scheduling ...
INFO: [SCHED 204-61] Pipelining function 'sin_or_cos<float>'.
INFO: [HLS 200-1470] Pipelining result : Target II = 1, Final II = 1, Depth = 18, function 'sin_or_cos<float>'
INFO: [SCHED 204-11] Finished scheduling.
INFO: [HLS 200-111] Finished Scheduling: CPU user time: 0.23 seconds. CPU system time: 0.04 seconds. Elapsed time: 0.28 seconds; current allocated memory: 527.160 MB.
INFO: [BIND 205-100] Starting micro-architecture generation ...
INFO: [BIND 205-101] Performing variable lifetime analysis.
INFO: [BIND 205-101] Exploring resource sharing.
INFO: [BIND 205-101] Binding ...
INFO: [BIND 205-100] Finished micro-architecture generation.
INFO: [HLS 200-111] Finished Binding: CPU user time: 0.05 seconds. CPU system time: 0.01 seconds. Elapsed time: 0.06 seconds; current allocated memory: 527.160 MB.
INFO: [HLS 200-10] ----------------------------------------------------------------
INFO: [HLS 200-42] -- Implementing module 'enhanced_correlator' 
INFO: [HLS 200-10] ----------------------------------------------------------------
INFO: [SCHED 204-11] Starting scheduling ...
WARNING: [SCHED 204-65] Unable to satisfy pipeline directive for loop 'VITIS_LOOP_61_1': contains subloop(s) that are not unrolled or flattened.
INFO: [SCHED 204-11] Finished scheduling.
INFO: [HLS 200-111] Finished Scheduling: CPU user time: 0.33 seconds. CPU system time: 0 seconds. Elapsed time: 0.34 seconds; current allocated memory: 529.559 MB.
INFO: [BIND 205-100] Starting micro-architecture generation ...
INFO: [BIND 205-101] Performing variable lifetime analysis.
INFO: [BIND 205-101] Exploring resource sharing.
INFO: [BIND 205-101] Binding ...
INFO: [BIND 205-100] Finished micro-architecture generation.
INFO: [HLS 200-111] Finished Binding: CPU user time: 0.13 seconds. CPU system time: 0.01 seconds. Elapsed time: 0.14 seconds; current allocated memory: 529.559 MB.
INFO: [HLS 200-10] ----------------------------------------------------------------
INFO: [HLS 200-10] -- Generating RTL for module 'sin_or_cos_float_s' 
INFO: [HLS 200-10] ----------------------------------------------------------------
INFO: [RTGEN 206-100] Generating core module 'ctlz_30_30_1_1': 1 instance(s).
INFO: [RTGEN 206-100] Generating core module 'ctlz_32_32_1_1': 2 instance(s).
INFO: [RTGEN 206-100] Generating core module 'mul_15ns_15ns_30_1_1': 1 instance(s).
INFO: [RTGEN 206-100] Generating core module 'mul_15ns_15s_30_1_1': 1 instance(s).
INFO: [RTGEN 206-100] Generating core module 'mul_23s_22ns_45_1_1': 1 instance(s).
INFO: [RTGEN 206-100] Generating core module 'mul_30s_29ns_58_2_1': 1 instance(s).
INFO: [RTGEN 206-100] Generating core module 'mul_80s_24ns_80_5_1': 1 instance(s).
INFO: [RTGEN 206-100] Generating core module 'sparsemux_17_3_1_1_1': 1 instance(s).
INFO: [RTGEN 206-100] Generating core module 'sparsemux_33_4_1_1_1': 2 instance(s).
INFO: [RTGEN 206-100] Finished creating RTL model for 'sin_or_cos_float_s'.
INFO: [RTMG 210-279] Implementing memory 'enhanced_correlator_sin_or_cos_float_s_ref_4oPi_table_100_ROM_1P_LUTRAM_1R' using distributed ROMs.
INFO: [RTMG 210-279] Implementing memory 'enhanced_correlator_sin_or_cos_float_s_second_order_float_sin_cos_K0_ROM_1P_LUTRAM_1R' using distributed ROMs.
INFO: [RTMG 210-279] Implementing memory 'enhanced_correlator_sin_or_cos_float_s_second_order_float_sin_cos_K1_ROM_1P_LUTRAM_1R' using distributed ROMs.
INFO: [RTMG 210-279] Implementing memory 'enhanced_correlator_sin_or_cos_float_s_second_order_float_sin_cos_K2_ROM_1P_LUTRAM_1R' using distributed ROMs.
INFO: [HLS 200-111] Finished Creating RTL model: CPU user time: 0.2 seconds. CPU system time: 0.01 seconds. Elapsed time: 0.23 seconds; current allocated memory: 530.598 MB.
INFO: [HLS 200-10] ----------------------------------------------------------------
INFO: [HLS 200-10] -- Generating RTL for module 'enhanced_correlator' 
INFO: [HLS 200-10] ----------------------------------------------------------------
WARNING: [RTGEN 206-101] Design contains AXI ports. Reset is fixed to synchronous and active low.
INFO: [RTGEN 206-500] Setting interface mode on port 'enhanced_correlator/gmem0' to 'm_axi'.
INFO: [RTGEN 206-500] Setting interface mode on port 'enhanced_correlator/gmem1' to 'm_axi'.
INFO: [RTGEN 206-500] Setting interface mode on port 'enhanced_correlator/signal_I' to 's_axilite & ap_none'.
INFO: [RTGEN 206-500] Setting interface mode on port 'enhanced_correlator/signal_Q' to 's_axilite & ap_none'.
INFO: [RTGEN 206-500] Setting interface mode on port 'enhanced_correlator/corr_E_I' to 's_axilite & ap_vld'.
INFO: [RTGEN 206-500] Setting interface mode on port 'enhanced_correlator/corr_E_Q' to 's_axilite & ap_vld'.
INFO: [RTGEN 206-500] Setting interface mode on port 'enhanced_correlator/corr_P_I' to 's_axilite & ap_vld'.
INFO: [RTGEN 206-500] Setting interface mode on port 'enhanced_correlator/corr_P_Q' to 's_axilite & ap_vld'.
INFO: [RTGEN 206-500] Setting interface mode on port 'enhanced_correlator/corr_L_I' to 's_axilite & ap_vld'.
INFO: [RTGEN 206-500] Setting interface mode on port 'enhanced_correlator/corr_L_Q' to 's_axilite & ap_vld'.
INFO: [RTGEN 206-500] Setting interface mode on port 'enhanced_correlator/num_samples' to 's_axilite & ap_none'.
INFO: [RTGEN 206-500] Setting interface mode on port 'enhanced_correlator/carrier_freq' to 's_axilite & ap_none'.
INFO: [RTGEN 206-500] Setting interface mode on port 'enhanced_correlator/carrier_phase_init' to 's_axilite & ap_none'.
INFO: [RTGEN 206-500] Setting interface mode on port 'enhanced_correlator/code_phase_init' to 's_axilite & ap_none'.
INFO: [RTGEN 206-500] Setting interface mode on port 'enhanced_correlator/code_freq' to 's_axilite & ap_none'.
INFO: [RTGEN 206-500] Setting interface mode on port 'enhanced_correlator/sample_rate' to 's_axilite & ap_none'.
INFO: [RTGEN 206-500] Setting interface mode on port 'enhanced_correlator/code_length' to 's_axilite & ap_none'.
INFO: [RTGEN 206-500] Setting interface mode on port 'enhanced_correlator/correlator_spacing' to 's_axilite & ap_none'.
INFO: [RTGEN 206-500] Setting interface mode on port 'enhanced_correlator/prn_code' to 's_axilite & ap_none'.
INFO: [RTGEN 206-500] Setting interface mode on function 'enhanced_correlator' to 's_axilite & ap_ctrl_hs'.
INFO: [RTGEN 206-100] Bundling port 'corr_E_I', 'corr_E_Q', 'corr_P_I', 'corr_P_Q', 'corr_L_I', 'corr_L_Q', 'num_samples', 'carrier_freq', 'carrier_phase_init', 'code_phase_init', 'code_freq', 'sample_rate', 'code_length', 'correlator_spacing' and 'return' to AXI-Lite port control.
INFO: [RTGEN 206-100] Bundling port 'signal_I', 'signal_Q' and 'prn_code' to AXI-Lite port control_r.
INFO: [RTGEN 206-100] Generating core module 'fadd_32ns_32ns_32_5_full_dsp_1': 2 instance(s).
INFO: [RTGEN 206-100] Generating core module 'faddfsub_32ns_32ns_32_5_full_dsp_1': 1 instance(s).
INFO: [RTGEN 206-100] Generating core module 'fcmp_32ns_32ns_1_2_no_dsp_1': 1 instance(s).
INFO: [RTGEN 206-100] Generating core module 'fdiv_32ns_32ns_32_16_no_dsp_1': 3 instance(s).
INFO: [RTGEN 206-100] Generating core module 'fmul_32ns_32ns_32_4_max_dsp_1': 4 instance(s).
INFO: [RTGEN 206-100] Generating core module 'sitofp_32ns_32_6_no_dsp_1': 1 instance(s).
INFO: [RTGEN 206-100] Finished creating RTL model for 'enhanced_correlator'.
INFO: [HLS 200-111] Finished Creating RTL model: CPU user time: 0.58 seconds. CPU system time: 0.03 seconds. Elapsed time: 0.65 seconds; current allocated memory: 538.258 MB.
INFO: [HLS 200-111] Finished Generating all RTL models: CPU user time: 1.05 seconds. CPU system time: 0.1 seconds. Elapsed time: 1.19 seconds; current allocated memory: 547.449 MB.
INFO: [HLS 200-2225] Wrote inferred directives to file /home/johan2/Documents/fpga/zynq-pynq-gnss-receiver/enhanced_correlator/enhanced_correlator/enhanced_correlator/hls/syn/inferred_directives.ini
INFO: [HLS 200-111] Finished Updating report files: CPU user time: 3.56 seconds. CPU system time: 0.22 seconds. Elapsed time: 3.9 seconds; current allocated memory: 554.656 MB.
INFO: [VHDL 208-304] Generating VHDL RTL for enhanced_correlator.
INFO: [VLOG 209-307] Generating Verilog RTL for enhanced_correlator.
INFO: [HLS 200-790] **** Loop Constraint Status: All loop constraints were satisfied.
INFO: [HLS 200-789] **** Estimated Fmax: 118.71 MHz
INFO: [HLS 200-112] Total CPU user time: 24.28 seconds. Total CPU system time: 3.76 seconds. Total elapsed time: 31.04 seconds; peak allocated memory: 554.656 MB.
INFO: [v++ 60-791] Total elapsed time: 0h 0m 43s
