  **** HLS Build v2025.2 6295257
INFO: [HLS 200-2005] Using work_dir /home/johan2/Documents/fpga/zynq-pynq-gnss-receiver/enhanced_correlator/enhanced_correlator/enhanced_correlator 
INFO: [HLS 200-2176] Writing Vitis IDE component file /home/johan2/Documents/fpga/zynq-pynq-gnss-receiver/enhanced_correlator/enhanced_correlator/enhanced_correlator/vitis-comp.json
INFO: [HLS 200-10] Creating and opening component '/home/johan2/Documents/fpga/zynq-pynq-gnss-receiver/enhanced_correlator/enhanced_correlator/enhanced_correlator'.
INFO: [HLS 200-1505] Using default flow_target 'vivado'
Resolution: For help on HLS 200-1505 see docs.amd.com/access/sources/dita/topic?Doc_Version=2025.2%20English&url=ug1448-hls-guidance&resourceid=200-1505.html
INFO: [HLS 200-2174] Applying component config ini file enhanced_correlator_hls_config.cfg
INFO: [HLS 200-1465] Applying config ini 'syn.file=/home/johan2/Documents/fpga/zynq-pynq-gnss-receiver/vivado/ip_repo/gnss_enhanced_correlator/src/enhanced_correlator.cpp' from enhanced_correlator_hls_config.cfg(7)
INFO: [HLS 200-10] Adding design file '/home/johan2/Documents/fpga/zynq-pynq-gnss-receiver/vivado/ip_repo/gnss_enhanced_correlator/src/enhanced_correlator.cpp' to the project
INFO: [HLS 200-1465] Applying config ini 'syn.file=/home/johan2/Documents/fpga/zynq-pynq-gnss-receiver/vivado/ip_repo/gnss_enhanced_correlator/src/enhanced_correlator.h' from enhanced_correlator_hls_config.cfg(8)
INFO: [HLS 200-10] Adding design file '/home/johan2/Documents/fpga/zynq-pynq-gnss-receiver/vivado/ip_repo/gnss_enhanced_correlator/src/enhanced_correlator.h' to the project
INFO: [HLS 200-1465] Applying config ini 'tb.file=/home/johan2/Documents/fpga/zynq-pynq-gnss-receiver/vivado/ip_repo/gnss_enhanced_correlator/src/enhanced_correlator_tb.cpp' from enhanced_correlator_hls_config.cfg(9)
INFO: [HLS 200-10] Adding test bench file '/home/johan2/Documents/fpga/zynq-pynq-gnss-receiver/vivado/ip_repo/gnss_enhanced_correlator/src/enhanced_correlator_tb.cpp' to the project
INFO: [HLS 200-1465] Applying config ini 'flow_target=vivado' from enhanced_correlator_hls_config.cfg(4)
INFO: [HLS 200-1505] Using flow_target 'vivado'
Resolution: For help on HLS 200-1505 see docs.amd.com/access/sources/dita/topic?Doc_Version=2025.2%20English&url=ug1448-hls-guidance&resourceid=200-1505.html
INFO: [HLS 200-1465] Applying config ini 'part=xc7z020clg484-1' from enhanced_correlator_hls_config.cfg(1)
INFO: [HLS 200-1611] Setting target device to 'xc7z020-clg484-1'
INFO: [HLS 200-1465] Applying config ini 'clock=10ns' from enhanced_correlator_hls_config.cfg(10)
INFO: [SYN 201-201] Setting up clock 'default' with a period of 10ns.
INFO: [HLS 200-1465] Applying config ini 'package.output.format=ip_catalog' from enhanced_correlator_hls_config.cfg(5)
INFO: [HLS 200-2176] Writing Vitis IDE component file /home/johan2/Documents/fpga/zynq-pynq-gnss-receiver/enhanced_correlator/enhanced_correlator/enhanced_correlator/vitis-comp.json
INFO: [SIM 211-2] *************** CSIM start ***************
INFO: [HLS 200-2191] C-Simulation will use clang-16 as the compiler
INFO: [HLS 200-2036] Building debug C Simulation binaries
   Compiling ../../../../../../vivado/ip_repo/gnss_enhanced_correlator/src/enhanced_correlator_tb.cpp in debug mode
   Compiling ../../../../../../vivado/ip_repo/gnss_enhanced_correlator/src/enhanced_correlator.cpp in debug mode
../../../../../../vivado/ip_repo/gnss_enhanced_correlator/src/enhanced_correlator.cpp:96:17: error: use of overloaded operator '+=' is ambiguous (with operand types 'accumulator_t' (aka 'ap_fixed<64, 32>') and 'float')
        acc_E_I += mixed_I * early_code;
        ~~~~~~~ ^  ~~~~~~~~~~~~~~~~~~~~
/opt/Xilinx/2025.2/Vitis/include/etc/ap_fixed_base.h:2376:1: note: candidate function [with _AP_W = 64, _AP_I = 32, _AP_S = true, _AP_Q = AP_TRN, _AP_O = AP_WRAP, _AP_N = 0]
ALL_AF_OP_WITH_INT(bool, 1, false)
^
/opt/Xilinx/2025.2/Vitis/include/etc/ap_fixed_base.h:2359:3: note: expanded from macro 'ALL_AF_OP_WITH_INT'
  AF_ASSIGN_OP_WITH_INT(+=, C_TYPE, (BITS), (SIGN))     \
  ^
/opt/Xilinx/2025.2/Vitis/include/etc/ap_fixed_base.h:2332:3: note: expanded from macro 'AF_ASSIGN_OP_WITH_INT'
  operator ASSIGN_OP(                                                          \
  ^
/opt/Xilinx/2025.2/Vitis/include/etc/ap_fixed_base.h:2377:1: note: candidate function [with _AP_W = 64, _AP_I = 32, _AP_S = true, _AP_Q = AP_TRN, _AP_O = AP_WRAP, _AP_N = 0]
ALL_AF_OP_WITH_INT(char, 8, CHAR_IS_SIGNED)
^
/opt/Xilinx/2025.2/Vitis/include/etc/ap_fixed_base.h:2359:3: note: expanded from macro 'ALL_AF_OP_WITH_INT'
  AF_ASSIGN_OP_WITH_INT(+=, C_TYPE, (BITS), (SIGN))     \
  ^
/opt/Xilinx/2025.2/Vitis/include/etc/ap_fixed_base.h:2332:3: note: expanded from macro 'AF_ASSIGN_OP_WITH_INT'
  operator ASSIGN_OP(                                                          \
  ^
/opt/Xilinx/2025.2/Vitis/include/etc/ap_fixed_base.h:2378:1: note: candidate function [with _AP_W = 64, _AP_I = 32, _AP_S = true, _AP_Q = AP_TRN, _AP_O = AP_WRAP, _AP_N = 0]
ALL_AF_OP_WITH_INT(signed char, 8, true)
^
/opt/Xilinx/2025.2/Vitis/include/etc/ap_fixed_base.h:2359:3: note: expanded from macro 'ALL_AF_OP_WITH_INT'
  AF_ASSIGN_OP_WITH_INT(+=, C_TYPE, (BITS), (SIGN))     \
  ^
/opt/Xilinx/2025.2/Vitis/include/etc/ap_fixed_base.h:2332:3: note: expanded from macro 'AF_ASSIGN_OP_WITH_INT'
  operator ASSIGN_OP(                                                          \
  ^
/opt/Xilinx/2025.2/Vitis/include/etc/ap_fixed_base.h:2379:1: note: candidate function [with _AP_W = 64, _AP_I = 32, _AP_S = true, _AP_Q = AP_TRN, _AP_O = AP_WRAP, _AP_N = 0]
ALL_AF_OP_WITH_INT(unsigned char, 8, false)
^
/opt/Xilinx/2025.2/Vitis/include/etc/ap_fixed_base.h:2359:3: note: expanded from macro 'ALL_AF_OP_WITH_INT'
  AF_ASSIGN_OP_WITH_INT(+=, C_TYPE, (BITS), (SIGN))     \
  ^
/opt/Xilinx/2025.2/Vitis/include/etc/ap_fixed_base.h:2332:3: note: expanded from macro 'AF_ASSIGN_OP_WITH_INT'
  operator ASSIGN_OP(                                                          \
  ^
/opt/Xilinx/2025.2/Vitis/include/etc/ap_fixed_base.h:2380:1: note: candidate function [with _AP_W = 64, _AP_I = 32, _AP_S = true, _AP_Q = AP_TRN, _AP_O = AP_WRAP, _AP_N = 0]
ALL_AF_OP_WITH_INT(short, _AP_SIZE_short, true)
^
/opt/Xilinx/2025.2/Vitis/include/etc/ap_fixed_base.h:2359:3: note: expanded from macro 'ALL_AF_OP_WITH_INT'
  AF_ASSIGN_OP_WITH_INT(+=, C_TYPE, (BITS), (SIGN))     \
  ^
/opt/Xilinx/2025.2/Vitis/include/etc/ap_fixed_base.h:2332:3: note: expanded from macro 'AF_ASSIGN_OP_WITH_INT'
  operator ASSIGN_OP(                                                          \
  ^
/opt/Xilinx/2025.2/Vitis/include/etc/ap_fixed_base.h:2381:1: note: candidate function [with _AP_W = 64, _AP_I = 32, _AP_S = true, _AP_Q = AP_TRN, _AP_O = AP_WRAP, _AP_N = 0]
ALL_AF_OP_WITH_INT(unsigned short, _AP_SIZE_short, false)
^
/opt/Xilinx/2025.2/Vitis/include/etc/ap_fixed_base.h:2359:3: note: expanded from macro 'ALL_AF_OP_WITH_INT'
  AF_ASSIGN_OP_WITH_INT(+=, C_TYPE, (BITS), (SIGN))     \
  ^
/opt/Xilinx/2025.2/Vitis/include/etc/ap_fixed_base.h:2332:3: note: expanded from macro 'AF_ASSIGN_OP_WITH_INT'
  operator ASSIGN_OP(                                                          \
  ^
/opt/Xilinx/2025.2/Vitis/include/etc/ap_fixed_base.h:2382:1: note: candidate function [with _AP_W = 64, _AP_I = 32, _AP_S = true, _AP_Q = AP_TRN, _AP_O = AP_WRAP, _AP_N = 0]
ALL_AF_OP_WITH_INT(int, _AP_SIZE_int, true)
^
/opt/Xilinx/2025.2/Vitis/include/etc/ap_fixed_base.h:2359:3: note: expanded from macro 'ALL_AF_OP_WITH_INT'
  AF_ASSIGN_OP_WITH_INT(+=, C_TYPE, (BITS), (SIGN))     \
  ^
/opt/Xilinx/2025.2/Vitis/include/etc/ap_fixed_base.h:2332:3: note: expanded from macro 'AF_ASSIGN_OP_WITH_INT'
  operator ASSIGN_OP(                                                          \
  ^
/opt/Xilinx/2025.2/Vitis/include/etc/ap_fixed_base.h:2383:1: note: candidate function [with _AP_W = 64, _AP_I = 32, _AP_S = true, _AP_Q = AP_TRN, _AP_O = AP_WRAP, _AP_N = 0]
ALL_AF_OP_WITH_INT(unsigned int, _AP_SIZE_int, false)
^
/opt/Xilinx/2025.2/Vitis/include/etc/ap_fixed_base.h:2359:3: note: expanded from macro 'ALL_AF_OP_WITH_INT'
  AF_ASSIGN_OP_WITH_INT(+=, C_TYPE, (BITS), (SIGN))     \
  ^
/opt/Xilinx/2025.2/Vitis/include/etc/ap_fixed_base.h:2332:3: note: expanded from macro 'AF_ASSIGN_OP_WITH_INT'
  operator ASSIGN_OP(                                                          \
  ^
/opt/Xilinx/2025.2/Vitis/include/etc/ap_fixed_base.h:2384:1: note: candidate function [with _AP_W = 64, _AP_I = 32, _AP_S = true, _AP_Q = AP_TRN, _AP_O = AP_WRAP, _AP_N = 0]
ALL_AF_OP_WITH_INT(long, _AP_SIZE_long, true)
^
/opt/Xilinx/2025.2/Vitis/include/etc/ap_fixed_base.h:2359:3: note: expanded from macro 'ALL_AF_OP_WITH_INT'
  AF_ASSIGN_OP_WITH_INT(+=, C_TYPE, (BITS), (SIGN))     \
  ^
/opt/Xilinx/2025.2/Vitis/include/etc/ap_fixed_base.h:2332:3: note: expanded from macro 'AF_ASSIGN_OP_WITH_INT'
  operator ASSIGN_OP(                                                          \
  ^
/opt/Xilinx/2025.2/Vitis/include/etc/ap_fixed_base.h:2385:1: note: candidate function [with _AP_W = 64, _AP_I = 32, _AP_S = true, _AP_Q = AP_TRN, _AP_O = AP_WRAP, _AP_N = 0]
ALL_AF_OP_WITH_INT(unsigned long, _AP_SIZE_long, false)
^
/opt/Xilinx/2025.2/Vitis/include/etc/ap_fixed_base.h:2359:3: note: expanded from macro 'ALL_AF_OP_WITH_INT'
  AF_ASSIGN_OP_WITH_INT(+=, C_TYPE, (BITS), (SIGN))     \
  ^
/opt/Xilinx/2025.2/Vitis/include/etc/ap_fixed_base.h:2332:3: note: expanded from macro 'AF_ASSIGN_OP_WITH_INT'
  operator ASSIGN_OP(                                                          \
  ^
/opt/Xilinx/2025.2/Vitis/include/etc/ap_fixed_base.h:2386:1: note: candidate function [with _AP_W = 64, _AP_I = 32, _AP_S = true, _AP_Q = AP_TRN, _AP_O = AP_WRAP, _AP_N = 0]
ALL_AF_OP_WITH_INT(ap_slong, _AP_SIZE_ap_slong, true)
^
/opt/Xilinx/2025.2/Vitis/include/etc/ap_fixed_base.h:2359:3: note: expanded from macro 'ALL_AF_OP_WITH_INT'
  AF_ASSIGN_OP_WITH_INT(+=, C_TYPE, (BITS), (SIGN))     \
  ^
/opt/Xilinx/2025.2/Vitis/include/etc/ap_fixed_base.h:2332:3: note: expanded from macro 'AF_ASSIGN_OP_WITH_INT'
  operator ASSIGN_OP(                                                          \
  ^
/opt/Xilinx/2025.2/Vitis/include/etc/ap_fixed_base.h:2387:1: note: candidate function [with _AP_W = 64, _AP_I = 32, _AP_S = true, _AP_Q = AP_TRN, _AP_O = AP_WRAP, _AP_N = 0]
ALL_AF_OP_WITH_INT(ap_ulong, _AP_SIZE_ap_slong, false)
^
/opt/Xilinx/2025.2/Vitis/include/etc/ap_fixed_base.h:2359:3: note: expanded from macro 'ALL_AF_OP_WITH_INT'
  AF_ASSIGN_OP_WITH_INT(+=, C_TYPE, (BITS), (SIGN))     \
  ^
/opt/Xilinx/2025.2/Vitis/include/etc/ap_fixed_base.h:2332:3: note: expanded from macro 'AF_ASSIGN_OP_WITH_INT'
  operator ASSIGN_OP(                                                          \
  ^
../../../../../../vivado/ip_repo/gnss_enhanced_correlator/src/enhanced_correlator.cpp:97:17: error: use of overloaded operator '+=' is ambiguous (with operand types 'accumulator_t' (aka 'ap_fixed<64, 32>') and 'float')
        acc_E_Q += mixed_Q * early_code;
        ~~~~~~~ ^  ~~~~~~~~~~~~~~~~~~~~
/opt/Xilinx/2025.2/Vitis/include/etc/ap_fixed_base.h:2376:1: note: candidate function [with _AP_W = 64, _AP_I = 32, _AP_S = true, _AP_Q = AP_TRN, _AP_O = AP_WRAP, _AP_N = 0]
ALL_AF_OP_WITH_INT(bool, 1, false)
^
/opt/Xilinx/2025.2/Vitis/include/etc/ap_fixed_base.h:2359:3: note: expanded from macro 'ALL_AF_OP_WITH_INT'
  AF_ASSIGN_OP_WITH_INT(+=, C_TYPE, (BITS), (SIGN))     \
  ^
/opt/Xilinx/2025.2/Vitis/include/etc/ap_fixed_base.h:2332:3: note: expanded from macro 'AF_ASSIGN_OP_WITH_INT'
  operator ASSIGN_OP(                                                          \
  ^
/opt/Xilinx/2025.2/Vitis/include/etc/ap_fixed_base.h:2377:1: note: candidate function [with _AP_W = 64, _AP_I = 32, _AP_S = true, _AP_Q = AP_TRN, _AP_O = AP_WRAP, _AP_N = 0]
ALL_AF_OP_WITH_INT(char, 8, CHAR_IS_SIGNED)
^
/opt/Xilinx/2025.2/Vitis/include/etc/ap_fixed_base.h:2359:3: note: expanded from macro 'ALL_AF_OP_WITH_INT'
  AF_ASSIGN_OP_WITH_INT(+=, C_TYPE, (BITS), (SIGN))     \
  ^
/opt/Xilinx/2025.2/Vitis/include/etc/ap_fixed_base.h:2332:3: note: expanded from macro 'AF_ASSIGN_OP_WITH_INT'
  operator ASSIGN_OP(                                                          \
  ^
/opt/Xilinx/2025.2/Vitis/include/etc/ap_fixed_base.h:2378:1: note: candidate function [with _AP_W = 64, _AP_I = 32, _AP_S = true, _AP_Q = AP_TRN, _AP_O = AP_WRAP, _AP_N = 0]
ALL_AF_OP_WITH_INT(signed char, 8, true)
^
/opt/Xilinx/2025.2/Vitis/include/etc/ap_fixed_base.h:2359:3: note: expanded from macro 'ALL_AF_OP_WITH_INT'
  AF_ASSIGN_OP_WITH_INT(+=, C_TYPE, (BITS), (SIGN))     \
  ^
/opt/Xilinx/2025.2/Vitis/include/etc/ap_fixed_base.h:2332:3: note: expanded from macro 'AF_ASSIGN_OP_WITH_INT'
  operator ASSIGN_OP(                                                          \
  ^
/opt/Xilinx/2025.2/Vitis/include/etc/ap_fixed_base.h:2379:1: note: candidate function [with _AP_W = 64, _AP_I = 32, _AP_S = true, _AP_Q = AP_TRN, _AP_O = AP_WRAP, _AP_N = 0]
ALL_AF_OP_WITH_INT(unsigned char, 8, false)
^
/opt/Xilinx/2025.2/Vitis/include/etc/ap_fixed_base.h:2359:3: note: expanded from macro 'ALL_AF_OP_WITH_INT'
  AF_ASSIGN_OP_WITH_INT(+=, C_TYPE, (BITS), (SIGN))     \
  ^
/opt/Xilinx/2025.2/Vitis/include/etc/ap_fixed_base.h:2332:3: note: expanded from macro 'AF_ASSIGN_OP_WITH_INT'
  operator ASSIGN_OP(                                                          \
  ^
/opt/Xilinx/2025.2/Vitis/include/etc/ap_fixed_base.h:2380:1: note: candidate function [with _AP_W = 64, _AP_I = 32, _AP_S = true, _AP_Q = AP_TRN, _AP_O = AP_WRAP, _AP_N = 0]
ALL_AF_OP_WITH_INT(short, _AP_SIZE_short, true)
^
/opt/Xilinx/2025.2/Vitis/include/etc/ap_fixed_base.h:2359:3: note: expanded from macro 'ALL_AF_OP_WITH_INT'
  AF_ASSIGN_OP_WITH_INT(+=, C_TYPE, (BITS), (SIGN))     \
  ^
/opt/Xilinx/2025.2/Vitis/include/etc/ap_fixed_base.h:2332:3: note: expanded from macro 'AF_ASSIGN_OP_WITH_INT'
  operator ASSIGN_OP(                                                          \
  ^
/opt/Xilinx/2025.2/Vitis/include/etc/ap_fixed_base.h:2381:1: note: candidate function [with _AP_W = 64, _AP_I = 32, _AP_S = true, _AP_Q = AP_TRN, _AP_O = AP_WRAP, _AP_N = 0]
ALL_AF_OP_WITH_INT(unsigned short, _AP_SIZE_short, false)
^
/opt/Xilinx/2025.2/Vitis/include/etc/ap_fixed_base.h:2359:3: note: expanded from macro 'ALL_AF_OP_WITH_INT'
  AF_ASSIGN_OP_WITH_INT(+=, C_TYPE, (BITS), (SIGN))     \
  ^
/opt/Xilinx/2025.2/Vitis/include/etc/ap_fixed_base.h:2332:3: note: expanded from macro 'AF_ASSIGN_OP_WITH_INT'
  operator ASSIGN_OP(                                                          \
  ^
/opt/Xilinx/2025.2/Vitis/include/etc/ap_fixed_base.h:2382:1: note: candidate function [with _AP_W = 64, _AP_I = 32, _AP_S = true, _AP_Q = AP_TRN, _AP_O = AP_WRAP, _AP_N = 0]
ALL_AF_OP_WITH_INT(int, _AP_SIZE_int, true)
^
/opt/Xilinx/2025.2/Vitis/include/etc/ap_fixed_base.h:2359:3: note: expanded from macro 'ALL_AF_OP_WITH_INT'
  AF_ASSIGN_OP_WITH_INT(+=, C_TYPE, (BITS), (SIGN))     \
  ^
/opt/Xilinx/2025.2/Vitis/include/etc/ap_fixed_base.h:2332:3: note: expanded from macro 'AF_ASSIGN_OP_WITH_INT'
  operator ASSIGN_OP(                                                          \
  ^
/opt/Xilinx/2025.2/Vitis/include/etc/ap_fixed_base.h:2383:1: note: candidate function [with _AP_W = 64, _AP_I = 32, _AP_S = true, _AP_Q = AP_TRN, _AP_O = AP_WRAP, _AP_N = 0]
ALL_AF_OP_WITH_INT(unsigned int, _AP_SIZE_int, false)
^
/opt/Xilinx/2025.2/Vitis/include/etc/ap_fixed_base.h:2359:3: note: expanded from macro 'ALL_AF_OP_WITH_INT'
  AF_ASSIGN_OP_WITH_INT(+=, C_TYPE, (BITS), (SIGN))     \
  ^
/opt/Xilinx/2025.2/Vitis/include/etc/ap_fixed_base.h:2332:3: note: expanded from macro 'AF_ASSIGN_OP_WITH_INT'
  operator ASSIGN_OP(                                                          \
  ^
/opt/Xilinx/2025.2/Vitis/include/etc/ap_fixed_base.h:2384:1: note: candidate function [with _AP_W = 64, _AP_I = 32, _AP_S = true, _AP_Q = AP_TRN, _AP_O = AP_WRAP, _AP_N = 0]
ALL_AF_OP_WITH_INT(long, _AP_SIZE_long, true)
^
/opt/Xilinx/2025.2/Vitis/include/etc/ap_fixed_base.h:2359:3: note: expanded from macro 'ALL_AF_OP_WITH_INT'
  AF_ASSIGN_OP_WITH_INT(+=, C_TYPE, (BITS), (SIGN))     \
  ^
/opt/Xilinx/2025.2/Vitis/include/etc/ap_fixed_base.h:2332:3: note: expanded from macro 'AF_ASSIGN_OP_WITH_INT'
  operator ASSIGN_OP(                                                          \
  ^
/opt/Xilinx/2025.2/Vitis/include/etc/ap_fixed_base.h:2385:1: note: candidate function [with _AP_W = 64, _AP_I = 32, _AP_S = true, _AP_Q = AP_TRN, _AP_O = AP_WRAP, _AP_N = 0]
ALL_AF_OP_WITH_INT(unsigned long, _AP_SIZE_long, false)
^
/opt/Xilinx/2025.2/Vitis/include/etc/ap_fixed_base.h:2359:3: note: expanded from macro 'ALL_AF_OP_WITH_INT'
  AF_ASSIGN_OP_WITH_INT(+=, C_TYPE, (BITS), (SIGN))     \
  ^
/opt/Xilinx/2025.2/Vitis/include/etc/ap_fixed_base.h:2332:3: note: expanded from macro 'AF_ASSIGN_OP_WITH_INT'
  operator ASSIGN_OP(                                                          \
  ^
/opt/Xilinx/2025.2/Vitis/include/etc/ap_fixed_base.h:2386:1: note: candidate function [with _AP_W = 64, _AP_I = 32, _AP_S = true, _AP_Q = AP_TRN, _AP_O = AP_WRAP, _AP_N = 0]
ALL_AF_OP_WITH_INT(ap_slong, _AP_SIZE_ap_slong, true)
^
/opt/Xilinx/2025.2/Vitis/include/etc/ap_fixed_base.h:2359:3: note: expanded from macro 'ALL_AF_OP_WITH_INT'
  AF_ASSIGN_OP_WITH_INT(+=, C_TYPE, (BITS), (SIGN))     \
  ^
/opt/Xilinx/2025.2/Vitis/include/etc/ap_fixed_base.h:2332:3: note: expanded from macro 'AF_ASSIGN_OP_WITH_INT'
  operator ASSIGN_OP(                                                          \
  ^
/opt/Xilinx/2025.2/Vitis/include/etc/ap_fixed_base.h:2387:1: note: candidate function [with _AP_W = 64, _AP_I = 32, _AP_S = true, _AP_Q = AP_TRN, _AP_O = AP_WRAP, _AP_N = 0]
ALL_AF_OP_WITH_INT(ap_ulong, _AP_SIZE_ap_slong, false)
^
/opt/Xilinx/2025.2/Vitis/include/etc/ap_fixed_base.h:2359:3: note: expanded from macro 'ALL_AF_OP_WITH_INT'
  AF_ASSIGN_OP_WITH_INT(+=, C_TYPE, (BITS), (SIGN))     \
  ^
/opt/Xilinx/2025.2/Vitis/include/etc/ap_fixed_base.h:2332:3: note: expanded from macro 'AF_ASSIGN_OP_WITH_INT'
  operator ASSIGN_OP(                                                          \
  ^
../../../../../../vivado/ip_repo/gnss_enhanced_correlator/src/enhanced_correlator.cpp:98:17: error: use of overloaded operator '+=' is ambiguous (with operand types 'accumulator_t' (aka 'ap_fixed<64, 32>') and 'float')
        acc_P_I += mixed_I * prompt_code;
        ~~~~~~~ ^  ~~~~~~~~~~~~~~~~~~~~~
/opt/Xilinx/2025.2/Vitis/include/etc/ap_fixed_base.h:2376:1: note: candidate function [with _AP_W = 64, _AP_I = 32, _AP_S = true, _AP_Q = AP_TRN, _AP_O = AP_WRAP, _AP_N = 0]
ALL_AF_OP_WITH_INT(bool, 1, false)
^
/opt/Xilinx/2025.2/Vitis/include/etc/ap_fixed_base.h:2359:3: note: expanded from macro 'ALL_AF_OP_WITH_INT'
  AF_ASSIGN_OP_WITH_INT(+=, C_TYPE, (BITS), (SIGN))     \
  ^
/opt/Xilinx/2025.2/Vitis/include/etc/ap_fixed_base.h:2332:3: note: expanded from macro 'AF_ASSIGN_OP_WITH_INT'
  operator ASSIGN_OP(                                                          \
  ^
/opt/Xilinx/2025.2/Vitis/include/etc/ap_fixed_base.h:2377:1: note: candidate function [with _AP_W = 64, _AP_I = 32, _AP_S = true, _AP_Q = AP_TRN, _AP_O = AP_WRAP, _AP_N = 0]
ALL_AF_OP_WITH_INT(char, 8, CHAR_IS_SIGNED)
^
/opt/Xilinx/2025.2/Vitis/include/etc/ap_fixed_base.h:2359:3: note: expanded from macro 'ALL_AF_OP_WITH_INT'
  AF_ASSIGN_OP_WITH_INT(+=, C_TYPE, (BITS), (SIGN))     \
  ^
/opt/Xilinx/2025.2/Vitis/include/etc/ap_fixed_base.h:2332:3: note: expanded from macro 'AF_ASSIGN_OP_WITH_INT'
  operator ASSIGN_OP(                                                          \
  ^
/opt/Xilinx/2025.2/Vitis/include/etc/ap_fixed_base.h:2378:1: note: candidate function [with _AP_W = 64, _AP_I = 32, _AP_S = true, _AP_Q = AP_TRN, _AP_O = AP_WRAP, _AP_N = 0]
ALL_AF_OP_WITH_INT(signed char, 8, true)
^
/opt/Xilinx/2025.2/Vitis/include/etc/ap_fixed_base.h:2359:3: note: expanded from macro 'ALL_AF_OP_WITH_INT'
  AF_ASSIGN_OP_WITH_INT(+=, C_TYPE, (BITS), (SIGN))     \
  ^
/opt/Xilinx/2025.2/Vitis/include/etc/ap_fixed_base.h:2332:3: note: expanded from macro 'AF_ASSIGN_OP_WITH_INT'
  operator ASSIGN_OP(                                                          \
  ^
/opt/Xilinx/2025.2/Vitis/include/etc/ap_fixed_base.h:2379:1: note: candidate function [with _AP_W = 64, _AP_I = 32, _AP_S = true, _AP_Q = AP_TRN, _AP_O = AP_WRAP, _AP_N = 0]
ALL_AF_OP_WITH_INT(unsigned char, 8, false)
^
/opt/Xilinx/2025.2/Vitis/include/etc/ap_fixed_base.h:2359:3: note: expanded from macro 'ALL_AF_OP_WITH_INT'
  AF_ASSIGN_OP_WITH_INT(+=, C_TYPE, (BITS), (SIGN))     \
  ^
/opt/Xilinx/2025.2/Vitis/include/etc/ap_fixed_base.h:2332:3: note: expanded from macro 'AF_ASSIGN_OP_WITH_INT'
  operator ASSIGN_OP(                                                          \
  ^
/opt/Xilinx/2025.2/Vitis/include/etc/ap_fixed_base.h:2380:1: note: candidate function [with _AP_W = 64, _AP_I = 32, _AP_S = true, _AP_Q = AP_TRN, _AP_O = AP_WRAP, _AP_N = 0]
ALL_AF_OP_WITH_INT(short, _AP_SIZE_short, true)
^
/opt/Xilinx/2025.2/Vitis/include/etc/ap_fixed_base.h:2359:3: note: expanded from macro 'ALL_AF_OP_WITH_INT'
  AF_ASSIGN_OP_WITH_INT(+=, C_TYPE, (BITS), (SIGN))     \
  ^
/opt/Xilinx/2025.2/Vitis/include/etc/ap_fixed_base.h:2332:3: note: expanded from macro 'AF_ASSIGN_OP_WITH_INT'
  operator ASSIGN_OP(                                                          \
  ^
/opt/Xilinx/2025.2/Vitis/include/etc/ap_fixed_base.h:2381:1: note: candidate function [with _AP_W = 64, _AP_I = 32, _AP_S = true, _AP_Q = AP_TRN, _AP_O = AP_WRAP, _AP_N = 0]
ALL_AF_OP_WITH_INT(unsigned short, _AP_SIZE_short, false)
^
/opt/Xilinx/2025.2/Vitis/include/etc/ap_fixed_base.h:2359:3: note: expanded from macro 'ALL_AF_OP_WITH_INT'
  AF_ASSIGN_OP_WITH_INT(+=, C_TYPE, (BITS), (SIGN))     \
  ^
/opt/Xilinx/2025.2/Vitis/include/etc/ap_fixed_base.h:2332:3: note: expanded from macro 'AF_ASSIGN_OP_WITH_INT'
  operator ASSIGN_OP(                                                          \
  ^
/opt/Xilinx/2025.2/Vitis/include/etc/ap_fixed_base.h:2382:1: note: candidate function [with _AP_W = 64, _AP_I = 32, _AP_S = true, _AP_Q = AP_TRN, _AP_O = AP_WRAP, _AP_N = 0]
ALL_AF_OP_WITH_INT(int, _AP_SIZE_int, true)
^
/opt/Xilinx/2025.2/Vitis/include/etc/ap_fixed_base.h:2359:3: note: expanded from macro 'ALL_AF_OP_WITH_INT'
  AF_ASSIGN_OP_WITH_INT(+=, C_TYPE, (BITS), (SIGN))     \
  ^
/opt/Xilinx/2025.2/Vitis/include/etc/ap_fixed_base.h:2332:3: note: expanded from macro 'AF_ASSIGN_OP_WITH_INT'
  operator ASSIGN_OP(                                                          \
  ^
/opt/Xilinx/2025.2/Vitis/include/etc/ap_fixed_base.h:2383:1: note: candidate function [with _AP_W = 64, _AP_I = 32, _AP_S = true, _AP_Q = AP_TRN, _AP_O = AP_WRAP, _AP_N = 0]
ALL_AF_OP_WITH_INT(unsigned int, _AP_SIZE_int, false)
^
/opt/Xilinx/2025.2/Vitis/include/etc/ap_fixed_base.h:2359:3: note: expanded from macro 'ALL_AF_OP_WITH_INT'
  AF_ASSIGN_OP_WITH_INT(+=, C_TYPE, (BITS), (SIGN))     \
  ^
/opt/Xilinx/2025.2/Vitis/include/etc/ap_fixed_base.h:2332:3: note: expanded from macro 'AF_ASSIGN_OP_WITH_INT'
  operator ASSIGN_OP(                                                          \
  ^
/opt/Xilinx/2025.2/Vitis/include/etc/ap_fixed_base.h:2384:1: note: candidate function [with _AP_W = 64, _AP_I = 32, _AP_S = true, _AP_Q = AP_TRN, _AP_O = AP_WRAP, _AP_N = 0]
ALL_AF_OP_WITH_INT(long, _AP_SIZE_long, true)
^
/opt/Xilinx/2025.2/Vitis/include/etc/ap_fixed_base.h:2359:3: note: expanded from macro 'ALL_AF_OP_WITH_INT'
  AF_ASSIGN_OP_WITH_INT(+=, C_TYPE, (BITS), (SIGN))     \
  ^
/opt/Xilinx/2025.2/Vitis/include/etc/ap_fixed_base.h:2332:3: note: expanded from macro 'AF_ASSIGN_OP_WITH_INT'
  operator ASSIGN_OP(                                                          \
  ^
/opt/Xilinx/2025.2/Vitis/include/etc/ap_fixed_base.h:2385:1: note: candidate function [with _AP_W = 64, _AP_I = 32, _AP_S = true, _AP_Q = AP_TRN, _AP_O = AP_WRAP, _AP_N = 0]
ALL_AF_OP_WITH_INT(unsigned long, _AP_SIZE_long, false)
^
/opt/Xilinx/2025.2/Vitis/include/etc/ap_fixed_base.h:2359:3: note: expanded from macro 'ALL_AF_OP_WITH_INT'
  AF_ASSIGN_OP_WITH_INT(+=, C_TYPE, (BITS), (SIGN))     \
  ^
/opt/Xilinx/2025.2/Vitis/include/etc/ap_fixed_base.h:2332:3: note: expanded from macro 'AF_ASSIGN_OP_WITH_INT'
  operator ASSIGN_OP(                                                          \
  ^
/opt/Xilinx/2025.2/Vitis/include/etc/ap_fixed_base.h:2386:1: note: candidate function [with _AP_W = 64, _AP_I = 32, _AP_S = true, _AP_Q = AP_TRN, _AP_O = AP_WRAP, _AP_N = 0]
ALL_AF_OP_WITH_INT(ap_slong, _AP_SIZE_ap_slong, true)
^
/opt/Xilinx/2025.2/Vitis/include/etc/ap_fixed_base.h:2359:3: note: expanded from macro 'ALL_AF_OP_WITH_INT'
  AF_ASSIGN_OP_WITH_INT(+=, C_TYPE, (BITS), (SIGN))     \
  ^
/opt/Xilinx/2025.2/Vitis/include/etc/ap_fixed_base.h:2332:3: note: expanded from macro 'AF_ASSIGN_OP_WITH_INT'
  operator ASSIGN_OP(                                                          \
  ^
/opt/Xilinx/2025.2/Vitis/include/etc/ap_fixed_base.h:2387:1: note: candidate function [with _AP_W = 64, _AP_I = 32, _AP_S = true, _AP_Q = AP_TRN, _AP_O = AP_WRAP, _AP_N = 0]
ALL_AF_OP_WITH_INT(ap_ulong, _AP_SIZE_ap_slong, false)
^
/opt/Xilinx/2025.2/Vitis/include/etc/ap_fixed_base.h:2359:3: note: expanded from macro 'ALL_AF_OP_WITH_INT'
  AF_ASSIGN_OP_WITH_INT(+=, C_TYPE, (BITS), (SIGN))     \
  ^
/opt/Xilinx/2025.2/Vitis/include/etc/ap_fixed_base.h:2332:3: note: expanded from macro 'AF_ASSIGN_OP_WITH_INT'
  operator ASSIGN_OP(                                                          \
  ^
../../../../../../vivado/ip_repo/gnss_enhanced_correlator/src/enhanced_correlator.cpp:99:17: error: use of overloaded operator '+=' is ambiguous (with operand types 'accumulator_t' (aka 'ap_fixed<64, 32>') and 'float')
        acc_P_Q += mixed_Q * prompt_code;
        ~~~~~~~ ^  ~~~~~~~~~~~~~~~~~~~~~
/opt/Xilinx/2025.2/Vitis/include/etc/ap_fixed_base.h:2376:1: note: candidate function [with _AP_W = 64, _AP_I = 32, _AP_S = true, _AP_Q = AP_TRN, _AP_O = AP_WRAP, _AP_N = 0]
ALL_AF_OP_WITH_INT(bool, 1, false)
^
/opt/Xilinx/2025.2/Vitis/include/etc/ap_fixed_base.h:2359:3: note: expanded from macro 'ALL_AF_OP_WITH_INT'
  AF_ASSIGN_OP_WITH_INT(+=, C_TYPE, (BITS), (SIGN))     \
  ^
/opt/Xilinx/2025.2/Vitis/include/etc/ap_fixed_base.h:2332:3: note: expanded from macro 'AF_ASSIGN_OP_WITH_INT'
  operator ASSIGN_OP(                                                          \
  ^
/opt/Xilinx/2025.2/Vitis/include/etc/ap_fixed_base.h:2377:1: note: candidate function [with _AP_W = 64, _AP_I = 32, _AP_S = true, _AP_Q = AP_TRN, _AP_O = AP_WRAP, _AP_N = 0]
ALL_AF_OP_WITH_INT(char, 8, CHAR_IS_SIGNED)
^
/opt/Xilinx/2025.2/Vitis/include/etc/ap_fixed_base.h:2359:3: note: expanded from macro 'ALL_AF_OP_WITH_INT'
  AF_ASSIGN_OP_WITH_INT(+=, C_TYPE, (BITS), (SIGN))     \
  ^
/opt/Xilinx/2025.2/Vitis/include/etc/ap_fixed_base.h:2332:3: note: expanded from macro 'AF_ASSIGN_OP_WITH_INT'
  operator ASSIGN_OP(                                                          \
  ^
/opt/Xilinx/2025.2/Vitis/include/etc/ap_fixed_base.h:2378:1: note: candidate function [with _AP_W = 64, _AP_I = 32, _AP_S = true, _AP_Q = AP_TRN, _AP_O = AP_WRAP, _AP_N = 0]
ALL_AF_OP_WITH_INT(signed char, 8, true)
^
/opt/Xilinx/2025.2/Vitis/include/etc/ap_fixed_base.h:2359:3: note: expanded from macro 'ALL_AF_OP_WITH_INT'
  AF_ASSIGN_OP_WITH_INT(+=, C_TYPE, (BITS), (SIGN))     \
  ^
/opt/Xilinx/2025.2/Vitis/include/etc/ap_fixed_base.h:2332:3: note: expanded from macro 'AF_ASSIGN_OP_WITH_INT'
  operator ASSIGN_OP(                                                          \
  ^
/opt/Xilinx/2025.2/Vitis/include/etc/ap_fixed_base.h:2379:1: note: candidate function [with _AP_W = 64, _AP_I = 32, _AP_S = true, _AP_Q = AP_TRN, _AP_O = AP_WRAP, _AP_N = 0]
ALL_AF_OP_WITH_INT(unsigned char, 8, false)
^
/opt/Xilinx/2025.2/Vitis/include/etc/ap_fixed_base.h:2359:3: note: expanded from macro 'ALL_AF_OP_WITH_INT'
  AF_ASSIGN_OP_WITH_INT(+=, C_TYPE, (BITS), (SIGN))     \
  ^
/opt/Xilinx/2025.2/Vitis/include/etc/ap_fixed_base.h:2332:3: note: expanded from macro 'AF_ASSIGN_OP_WITH_INT'
  operator ASSIGN_OP(                                                          \
  ^
/opt/Xilinx/2025.2/Vitis/include/etc/ap_fixed_base.h:2380:1: note: candidate function [with _AP_W = 64, _AP_I = 32, _AP_S = true, _AP_Q = AP_TRN, _AP_O = AP_WRAP, _AP_N = 0]
ALL_AF_OP_WITH_INT(short, _AP_SIZE_short, true)
^
/opt/Xilinx/2025.2/Vitis/include/etc/ap_fixed_base.h:2359:3: note: expanded from macro 'ALL_AF_OP_WITH_INT'
  AF_ASSIGN_OP_WITH_INT(+=, C_TYPE, (BITS), (SIGN))     \
  ^
/opt/Xilinx/2025.2/Vitis/include/etc/ap_fixed_base.h:2332:3: note: expanded from macro 'AF_ASSIGN_OP_WITH_INT'
  operator ASSIGN_OP(                                                          \
  ^
/opt/Xilinx/2025.2/Vitis/include/etc/ap_fixed_base.h:2381:1: note: candidate function [with _AP_W = 64, _AP_I = 32, _AP_S = true, _AP_Q = AP_TRN, _AP_O = AP_WRAP, _AP_N = 0]
ALL_AF_OP_WITH_INT(unsigned short, _AP_SIZE_short, false)
^
/opt/Xilinx/2025.2/Vitis/include/etc/ap_fixed_base.h:2359:3: note: expanded from macro 'ALL_AF_OP_WITH_INT'
  AF_ASSIGN_OP_WITH_INT(+=, C_TYPE, (BITS), (SIGN))     \
  ^
/opt/Xilinx/2025.2/Vitis/include/etc/ap_fixed_base.h:2332:3: note: expanded from macro 'AF_ASSIGN_OP_WITH_INT'
  operator ASSIGN_OP(                                                          \
  ^
/opt/Xilinx/2025.2/Vitis/include/etc/ap_fixed_base.h:2382:1: note: candidate function [with _AP_W = 64, _AP_I = 32, _AP_S = true, _AP_Q = AP_TRN, _AP_O = AP_WRAP, _AP_N = 0]
ALL_AF_OP_WITH_INT(int, _AP_SIZE_int, true)
^
/opt/Xilinx/2025.2/Vitis/include/etc/ap_fixed_base.h:2359:3: note: expanded from macro 'ALL_AF_OP_WITH_INT'
  AF_ASSIGN_OP_WITH_INT(+=, C_TYPE, (BITS), (SIGN))     \
  ^
/opt/Xilinx/2025.2/Vitis/include/etc/ap_fixed_base.h:2332:3: note: expanded from macro 'AF_ASSIGN_OP_WITH_INT'
  operator ASSIGN_OP(                                                          \
  ^
/opt/Xilinx/2025.2/Vitis/include/etc/ap_fixed_base.h:2383:1: note: candidate function [with _AP_W = 64, _AP_I = 32, _AP_S = true, _AP_Q = AP_TRN, _AP_O = AP_WRAP, _AP_N = 0]
ALL_AF_OP_WITH_INT(unsigned int, _AP_SIZE_int, false)
^
/opt/Xilinx/2025.2/Vitis/include/etc/ap_fixed_base.h:2359:3: note: expanded from macro 'ALL_AF_OP_WITH_INT'
  AF_ASSIGN_OP_WITH_INT(+=, C_TYPE, (BITS), (SIGN))     \
  ^
/opt/Xilinx/2025.2/Vitis/include/etc/ap_fixed_base.h:2332:3: note: expanded from macro 'AF_ASSIGN_OP_WITH_INT'
  operator ASSIGN_OP(                                                          \
  ^
/opt/Xilinx/2025.2/Vitis/include/etc/ap_fixed_base.h:2384:1: note: candidate function [with _AP_W = 64, _AP_I = 32, _AP_S = true, _AP_Q = AP_TRN, _AP_O = AP_WRAP, _AP_N = 0]
ALL_AF_OP_WITH_INT(long, _AP_SIZE_long, true)
^
/opt/Xilinx/2025.2/Vitis/include/etc/ap_fixed_base.h:2359:3: note: expanded from macro 'ALL_AF_OP_WITH_INT'
  AF_ASSIGN_OP_WITH_INT(+=, C_TYPE, (BITS), (SIGN))     \
  ^
/opt/Xilinx/2025.2/Vitis/include/etc/ap_fixed_base.h:2332:3: note: expanded from macro 'AF_ASSIGN_OP_WITH_INT'
  operator ASSIGN_OP(                                                          \
  ^
/opt/Xilinx/2025.2/Vitis/include/etc/ap_fixed_base.h:2385:1: note: candidate function [with _AP_W = 64, _AP_I = 32, _AP_S = true, _AP_Q = AP_TRN, _AP_O = AP_WRAP, _AP_N = 0]
ALL_AF_OP_WITH_INT(unsigned long, _AP_SIZE_long, false)
^
/opt/Xilinx/2025.2/Vitis/include/etc/ap_fixed_base.h:2359:3: note: expanded from macro 'ALL_AF_OP_WITH_INT'
  AF_ASSIGN_OP_WITH_INT(+=, C_TYPE, (BITS), (SIGN))     \
  ^
/opt/Xilinx/2025.2/Vitis/include/etc/ap_fixed_base.h:2332:3: note: expanded from macro 'AF_ASSIGN_OP_WITH_INT'
  operator ASSIGN_OP(                                                          \
  ^
/opt/Xilinx/2025.2/Vitis/include/etc/ap_fixed_base.h:2386:1: note: candidate function [with _AP_W = 64, _AP_I = 32, _AP_S = true, _AP_Q = AP_TRN, _AP_O = AP_WRAP, _AP_N = 0]
ALL_AF_OP_WITH_INT(ap_slong, _AP_SIZE_ap_slong, true)
^
/opt/Xilinx/2025.2/Vitis/include/etc/ap_fixed_base.h:2359:3: note: expanded from macro 'ALL_AF_OP_WITH_INT'
  AF_ASSIGN_OP_WITH_INT(+=, C_TYPE, (BITS), (SIGN))     \
  ^
/opt/Xilinx/2025.2/Vitis/include/etc/ap_fixed_base.h:2332:3: note: expanded from macro 'AF_ASSIGN_OP_WITH_INT'
  operator ASSIGN_OP(                                                          \
  ^
/opt/Xilinx/2025.2/Vitis/include/etc/ap_fixed_base.h:2387:1: note: candidate function [with _AP_W = 64, _AP_I = 32, _AP_S = true, _AP_Q = AP_TRN, _AP_O = AP_WRAP, _AP_N = 0]
ALL_AF_OP_WITH_INT(ap_ulong, _AP_SIZE_ap_slong, false)
^
/opt/Xilinx/2025.2/Vitis/include/etc/ap_fixed_base.h:2359:3: note: expanded from macro 'ALL_AF_OP_WITH_INT'
  AF_ASSIGN_OP_WITH_INT(+=, C_TYPE, (BITS), (SIGN))     \
  ^
/opt/Xilinx/2025.2/Vitis/include/etc/ap_fixed_base.h:2332:3: note: expanded from macro 'AF_ASSIGN_OP_WITH_INT'
  operator ASSIGN_OP(                                                          \
  ^
../../../../../../vivado/ip_repo/gnss_enhanced_correlator/src/enhanced_correlator.cpp:100:17: error: use of overloaded operator '+=' is ambiguous (with operand types 'accumulator_t' (aka 'ap_fixed<64, 32>') and 'float')
        acc_L_I += mixed_I * late_code;
        ~~~~~~~ ^  ~~~~~~~~~~~~~~~~~~~
/opt/Xilinx/2025.2/Vitis/include/etc/ap_fixed_base.h:2376:1: note: candidate function [with _AP_W = 64, _AP_I = 32, _AP_S = true, _AP_Q = AP_TRN, _AP_O = AP_WRAP, _AP_N = 0]
ALL_AF_OP_WITH_INT(bool, 1, false)
^
/opt/Xilinx/2025.2/Vitis/include/etc/ap_fixed_base.h:2359:3: note: expanded from macro 'ALL_AF_OP_WITH_INT'
  AF_ASSIGN_OP_WITH_INT(+=, C_TYPE, (BITS), (SIGN))     \
  ^
/opt/Xilinx/2025.2/Vitis/include/etc/ap_fixed_base.h:2332:3: note: expanded from macro 'AF_ASSIGN_OP_WITH_INT'
  operator ASSIGN_OP(                                                          \
  ^
/opt/Xilinx/2025.2/Vitis/include/etc/ap_fixed_base.h:2377:1: note: candidate function [with _AP_W = 64, _AP_I = 32, _AP_S = true, _AP_Q = AP_TRN, _AP_O = AP_WRAP, _AP_N = 0]
ALL_AF_OP_WITH_INT(char, 8, CHAR_IS_SIGNED)
^
/opt/Xilinx/2025.2/Vitis/include/etc/ap_fixed_base.h:2359:3: note: expanded from macro 'ALL_AF_OP_WITH_INT'
  AF_ASSIGN_OP_WITH_INT(+=, C_TYPE, (BITS), (SIGN))     \
  ^
/opt/Xilinx/2025.2/Vitis/include/etc/ap_fixed_base.h:2332:3: note: expanded from macro 'AF_ASSIGN_OP_WITH_INT'
  operator ASSIGN_OP(                                                          \
  ^
/opt/Xilinx/2025.2/Vitis/include/etc/ap_fixed_base.h:2378:1: note: candidate function [with _AP_W = 64, _AP_I = 32, _AP_S = true, _AP_Q = AP_TRN, _AP_O = AP_WRAP, _AP_N = 0]
ALL_AF_OP_WITH_INT(signed char, 8, true)
^
/opt/Xilinx/2025.2/Vitis/include/etc/ap_fixed_base.h:2359:3: note: expanded from macro 'ALL_AF_OP_WITH_INT'
  AF_ASSIGN_OP_WITH_INT(+=, C_TYPE, (BITS), (SIGN))     \
  ^
/opt/Xilinx/2025.2/Vitis/include/etc/ap_fixed_base.h:2332:3: note: expanded from macro 'AF_ASSIGN_OP_WITH_INT'
  operator ASSIGN_OP(                                                          \
  ^
/opt/Xilinx/2025.2/Vitis/include/etc/ap_fixed_base.h:2379:1: note: candidate function [with _AP_W = 64, _AP_I = 32, _AP_S = true, _AP_Q = AP_TRN, _AP_O = AP_WRAP, _AP_N = 0]
ALL_AF_OP_WITH_INT(unsigned char, 8, false)
^
/opt/Xilinx/2025.2/Vitis/include/etc/ap_fixed_base.h:2359:3: note: expanded from macro 'ALL_AF_OP_WITH_INT'
  AF_ASSIGN_OP_WITH_INT(+=, C_TYPE, (BITS), (SIGN))     \
  ^
/opt/Xilinx/2025.2/Vitis/include/etc/ap_fixed_base.h:2332:3: note: expanded from macro 'AF_ASSIGN_OP_WITH_INT'
  operator ASSIGN_OP(                                                          \
  ^
/opt/Xilinx/2025.2/Vitis/include/etc/ap_fixed_base.h:2380:1: note: candidate function [with _AP_W = 64, _AP_I = 32, _AP_S = true, _AP_Q = AP_TRN, _AP_O = AP_WRAP, _AP_N = 0]
ALL_AF_OP_WITH_INT(short, _AP_SIZE_short, true)
^
/opt/Xilinx/2025.2/Vitis/include/etc/ap_fixed_base.h:2359:3: note: expanded from macro 'ALL_AF_OP_WITH_INT'
  AF_ASSIGN_OP_WITH_INT(+=, C_TYPE, (BITS), (SIGN))     \
  ^
/opt/Xilinx/2025.2/Vitis/include/etc/ap_fixed_base.h:2332:3: note: expanded from macro 'AF_ASSIGN_OP_WITH_INT'
  operator ASSIGN_OP(                                                          \
  ^
/opt/Xilinx/2025.2/Vitis/include/etc/ap_fixed_base.h:2381:1: note: candidate function [with _AP_W = 64, _AP_I = 32, _AP_S = true, _AP_Q = AP_TRN, _AP_O = AP_WRAP, _AP_N = 0]
ALL_AF_OP_WITH_INT(unsigned short, _AP_SIZE_short, false)
^
/opt/Xilinx/2025.2/Vitis/include/etc/ap_fixed_base.h:2359:3: note: expanded from macro 'ALL_AF_OP_WITH_INT'
  AF_ASSIGN_OP_WITH_INT(+=, C_TYPE, (BITS), (SIGN))     \
  ^
/opt/Xilinx/2025.2/Vitis/include/etc/ap_fixed_base.h:2332:3: note: expanded from macro 'AF_ASSIGN_OP_WITH_INT'
  operator ASSIGN_OP(                                                          \
  ^
/opt/Xilinx/2025.2/Vitis/include/etc/ap_fixed_base.h:2382:1: note: candidate function [with _AP_W = 64, _AP_I = 32, _AP_S = true, _AP_Q = AP_TRN, _AP_O = AP_WRAP, _AP_N = 0]
ALL_AF_OP_WITH_INT(int, _AP_SIZE_int, true)
^
/opt/Xilinx/2025.2/Vitis/include/etc/ap_fixed_base.h:2359:3: note: expanded from macro 'ALL_AF_OP_WITH_INT'
  AF_ASSIGN_OP_WITH_INT(+=, C_TYPE, (BITS), (SIGN))     \
  ^
/opt/Xilinx/2025.2/Vitis/include/etc/ap_fixed_base.h:2332:3: note: expanded from macro 'AF_ASSIGN_OP_WITH_INT'
  operator ASSIGN_OP(                                                          \
  ^
/opt/Xilinx/2025.2/Vitis/include/etc/ap_fixed_base.h:2383:1: note: candidate function [with _AP_W = 64, _AP_I = 32, _AP_S = true, _AP_Q = AP_TRN, _AP_O = AP_WRAP, _AP_N = 0]
ALL_AF_OP_WITH_INT(unsigned int, _AP_SIZE_int, false)
^
/opt/Xilinx/2025.2/Vitis/include/etc/ap_fixed_base.h:2359:3: note: expanded from macro 'ALL_AF_OP_WITH_INT'
  AF_ASSIGN_OP_WITH_INT(+=, C_TYPE, (BITS), (SIGN))     \
  ^
/opt/Xilinx/2025.2/Vitis/include/etc/ap_fixed_base.h:2332:3: note: expanded from macro 'AF_ASSIGN_OP_WITH_INT'
  operator ASSIGN_OP(                                                          \
  ^
/opt/Xilinx/2025.2/Vitis/include/etc/ap_fixed_base.h:2384:1: note: candidate function [with _AP_W = 64, _AP_I = 32, _AP_S = true, _AP_Q = AP_TRN, _AP_O = AP_WRAP, _AP_N = 0]
ALL_AF_OP_WITH_INT(long, _AP_SIZE_long, true)
^
/opt/Xilinx/2025.2/Vitis/include/etc/ap_fixed_base.h:2359:3: note: expanded from macro 'ALL_AF_OP_WITH_INT'
  AF_ASSIGN_OP_WITH_INT(+=, C_TYPE, (BITS), (SIGN))     \
  ^
/opt/Xilinx/2025.2/Vitis/include/etc/ap_fixed_base.h:2332:3: note: expanded from macro 'AF_ASSIGN_OP_WITH_INT'
  operator ASSIGN_OP(                                                          \
  ^
/opt/Xilinx/2025.2/Vitis/include/etc/ap_fixed_base.h:2385:1: note: candidate function [with _AP_W = 64, _AP_I = 32, _AP_S = true, _AP_Q = AP_TRN, _AP_O = AP_WRAP, _AP_N = 0]
ALL_AF_OP_WITH_INT(unsigned long, _AP_SIZE_long, false)
^
/opt/Xilinx/2025.2/Vitis/include/etc/ap_fixed_base.h:2359:3: note: expanded from macro 'ALL_AF_OP_WITH_INT'
  AF_ASSIGN_OP_WITH_INT(+=, C_TYPE, (BITS), (SIGN))     \
  ^
/opt/Xilinx/2025.2/Vitis/include/etc/ap_fixed_base.h:2332:3: note: expanded from macro 'AF_ASSIGN_OP_WITH_INT'
  operator ASSIGN_OP(                                                          \
  ^
/opt/Xilinx/2025.2/Vitis/include/etc/ap_fixed_base.h:2386:1: note: candidate function [with _AP_W = 64, _AP_I = 32, _AP_S = true, _AP_Q = AP_TRN, _AP_O = AP_WRAP, _AP_N = 0]
ALL_AF_OP_WITH_INT(ap_slong, _AP_SIZE_ap_slong, true)
^
/opt/Xilinx/2025.2/Vitis/include/etc/ap_fixed_base.h:2359:3: note: expanded from macro 'ALL_AF_OP_WITH_INT'
  AF_ASSIGN_OP_WITH_INT(+=, C_TYPE, (BITS), (SIGN))     \
  ^
/opt/Xilinx/2025.2/Vitis/include/etc/ap_fixed_base.h:2332:3: note: expanded from macro 'AF_ASSIGN_OP_WITH_INT'
  operator ASSIGN_OP(                                                          \
  ^
/opt/Xilinx/2025.2/Vitis/include/etc/ap_fixed_base.h:2387:1: note: candidate function [with _AP_W = 64, _AP_I = 32, _AP_S = true, _AP_Q = AP_TRN, _AP_O = AP_WRAP, _AP_N = 0]
ALL_AF_OP_WITH_INT(ap_ulong, _AP_SIZE_ap_slong, false)
^
/opt/Xilinx/2025.2/Vitis/include/etc/ap_fixed_base.h:2359:3: note: expanded from macro 'ALL_AF_OP_WITH_INT'
  AF_ASSIGN_OP_WITH_INT(+=, C_TYPE, (BITS), (SIGN))     \
  ^
/opt/Xilinx/2025.2/Vitis/include/etc/ap_fixed_base.h:2332:3: note: expanded from macro 'AF_ASSIGN_OP_WITH_INT'
  operator ASSIGN_OP(                                                          \
  ^
../../../../../../vivado/ip_repo/gnss_enhanced_correlator/src/enhanced_correlator.cpp:101:17: error: use of overloaded operator '+=' is ambiguous (with operand types 'accumulator_t' (aka 'ap_fixed<64, 32>') and 'float')
        acc_L_Q += mixed_Q * late_code;
        ~~~~~~~ ^  ~~~~~~~~~~~~~~~~~~~
/opt/Xilinx/2025.2/Vitis/include/etc/ap_fixed_base.h:2376:1: note: candidate function [with _AP_W = 64, _AP_I = 32, _AP_S = true, _AP_Q = AP_TRN, _AP_O = AP_WRAP, _AP_N = 0]
ALL_AF_OP_WITH_INT(bool, 1, false)
^
/opt/Xilinx/2025.2/Vitis/include/etc/ap_fixed_base.h:2359:3: note: expanded from macro 'ALL_AF_OP_WITH_INT'
  AF_ASSIGN_OP_WITH_INT(+=, C_TYPE, (BITS), (SIGN))     \
  ^
/opt/Xilinx/2025.2/Vitis/include/etc/ap_fixed_base.h:2332:3: note: expanded from macro 'AF_ASSIGN_OP_WITH_INT'
  operator ASSIGN_OP(                                                          \
  ^
/opt/Xilinx/2025.2/Vitis/include/etc/ap_fixed_base.h:2377:1: note: candidate function [with _AP_W = 64, _AP_I = 32, _AP_S = true, _AP_Q = AP_TRN, _AP_O = AP_WRAP, _AP_N = 0]
ALL_AF_OP_WITH_INT(char, 8, CHAR_IS_SIGNED)
^
/opt/Xilinx/2025.2/Vitis/include/etc/ap_fixed_base.h:2359:3: note: expanded from macro 'ALL_AF_OP_WITH_INT'
  AF_ASSIGN_OP_WITH_INT(+=, C_TYPE, (BITS), (SIGN))     \
  ^
/opt/Xilinx/2025.2/Vitis/include/etc/ap_fixed_base.h:2332:3: note: expanded from macro 'AF_ASSIGN_OP_WITH_INT'
  operator ASSIGN_OP(                                                          \
  ^
/opt/Xilinx/2025.2/Vitis/include/etc/ap_fixed_base.h:2378:1: note: candidate function [with _AP_W = 64, _AP_I = 32, _AP_S = true, _AP_Q = AP_TRN, _AP_O = AP_WRAP, _AP_N = 0]
ALL_AF_OP_WITH_INT(signed char, 8, true)
^
/opt/Xilinx/2025.2/Vitis/include/etc/ap_fixed_base.h:2359:3: note: expanded from macro 'ALL_AF_OP_WITH_INT'
  AF_ASSIGN_OP_WITH_INT(+=, C_TYPE, (BITS), (SIGN))     \
  ^
/opt/Xilinx/2025.2/Vitis/include/etc/ap_fixed_base.h:2332:3: note: expanded from macro 'AF_ASSIGN_OP_WITH_INT'
  operator ASSIGN_OP(                                                          \
  ^
/opt/Xilinx/2025.2/Vitis/include/etc/ap_fixed_base.h:2379:1: note: candidate function [with _AP_W = 64, _AP_I = 32, _AP_S = true, _AP_Q = AP_TRN, _AP_O = AP_WRAP, _AP_N = 0]
ALL_AF_OP_WITH_INT(unsigned char, 8, false)
^
/opt/Xilinx/2025.2/Vitis/include/etc/ap_fixed_base.h:2359:3: note: expanded from macro 'ALL_AF_OP_WITH_INT'
  AF_ASSIGN_OP_WITH_INT(+=, C_TYPE, (BITS), (SIGN))     \
  ^
/opt/Xilinx/2025.2/Vitis/include/etc/ap_fixed_base.h:2332:3: note: expanded from macro 'AF_ASSIGN_OP_WITH_INT'
  operator ASSIGN_OP(                                                          \
  ^
/opt/Xilinx/2025.2/Vitis/include/etc/ap_fixed_base.h:2380:1: note: candidate function [with _AP_W = 64, _AP_I = 32, _AP_S = true, _AP_Q = AP_TRN, _AP_O = AP_WRAP, _AP_N = 0]
ALL_AF_OP_WITH_INT(short, _AP_SIZE_short, true)
^
/opt/Xilinx/2025.2/Vitis/include/etc/ap_fixed_base.h:2359:3: note: expanded from macro 'ALL_AF_OP_WITH_INT'
  AF_ASSIGN_OP_WITH_INT(+=, C_TYPE, (BITS), (SIGN))     \
  ^
/opt/Xilinx/2025.2/Vitis/include/etc/ap_fixed_base.h:2332:3: note: expanded from macro 'AF_ASSIGN_OP_WITH_INT'
  operator ASSIGN_OP(                                                          \
  ^
/opt/Xilinx/2025.2/Vitis/include/etc/ap_fixed_base.h:2381:1: note: candidate function [with _AP_W = 64, _AP_I = 32, _AP_S = true, _AP_Q = AP_TRN, _AP_O = AP_WRAP, _AP_N = 0]
ALL_AF_OP_WITH_INT(unsigned short, _AP_SIZE_short, false)
^
/opt/Xilinx/2025.2/Vitis/include/etc/ap_fixed_base.h:2359:3: note: expanded from macro 'ALL_AF_OP_WITH_INT'
  AF_ASSIGN_OP_WITH_INT(+=, C_TYPE, (BITS), (SIGN))     \
  ^
/opt/Xilinx/2025.2/Vitis/include/etc/ap_fixed_base.h:2332:3: note: expanded from macro 'AF_ASSIGN_OP_WITH_INT'
  operator ASSIGN_OP(                                                          \
  ^
/opt/Xilinx/2025.2/Vitis/include/etc/ap_fixed_base.h:2382:1: note: candidate function [with _AP_W = 64, _AP_I = 32, _AP_S = true, _AP_Q = AP_TRN, _AP_O = AP_WRAP, _AP_N = 0]
ALL_AF_OP_WITH_INT(int, _AP_SIZE_int, true)
^
/opt/Xilinx/2025.2/Vitis/include/etc/ap_fixed_base.h:2359:3: note: expanded from macro 'ALL_AF_OP_WITH_INT'
  AF_ASSIGN_OP_WITH_INT(+=, C_TYPE, (BITS), (SIGN))     \
  ^
/opt/Xilinx/2025.2/Vitis/include/etc/ap_fixed_base.h:2332:3: note: expanded from macro 'AF_ASSIGN_OP_WITH_INT'
  operator ASSIGN_OP(                                                          \
  ^
/opt/Xilinx/2025.2/Vitis/include/etc/ap_fixed_base.h:2383:1: note: candidate function [with _AP_W = 64, _AP_I = 32, _AP_S = true, _AP_Q = AP_TRN, _AP_O = AP_WRAP, _AP_N = 0]
ALL_AF_OP_WITH_INT(unsigned int, _AP_SIZE_int, false)
^
/opt/Xilinx/2025.2/Vitis/include/etc/ap_fixed_base.h:2359:3: note: expanded from macro 'ALL_AF_OP_WITH_INT'
  AF_ASSIGN_OP_WITH_INT(+=, C_TYPE, (BITS), (SIGN))     \
  ^
/opt/Xilinx/2025.2/Vitis/include/etc/ap_fixed_base.h:2332:3: note: expanded from macro 'AF_ASSIGN_OP_WITH_INT'
  operator ASSIGN_OP(                                                          \
  ^
/opt/Xilinx/2025.2/Vitis/include/etc/ap_fixed_base.h:2384:1: note: candidate function [with _AP_W = 64, _AP_I = 32, _AP_S = true, _AP_Q = AP_TRN, _AP_O = AP_WRAP, _AP_N = 0]
ALL_AF_OP_WITH_INT(long, _AP_SIZE_long, true)
^
/opt/Xilinx/2025.2/Vitis/include/etc/ap_fixed_base.h:2359:3: note: expanded from macro 'ALL_AF_OP_WITH_INT'
  AF_ASSIGN_OP_WITH_INT(+=, C_TYPE, (BITS), (SIGN))     \
  ^
/opt/Xilinx/2025.2/Vitis/include/etc/ap_fixed_base.h:2332:3: note: expanded from macro 'AF_ASSIGN_OP_WITH_INT'
  operator ASSIGN_OP(                                                          \
  ^
/opt/Xilinx/2025.2/Vitis/include/etc/ap_fixed_base.h:2385:1: note: candidate function [with _AP_W = 64, _AP_I = 32, _AP_S = true, _AP_Q = AP_TRN, _AP_O = AP_WRAP, _AP_N = 0]
ALL_AF_OP_WITH_INT(unsigned long, _AP_SIZE_long, false)
^
/opt/Xilinx/2025.2/Vitis/include/etc/ap_fixed_base.h:2359:3: note: expanded from macro 'ALL_AF_OP_WITH_INT'
  AF_ASSIGN_OP_WITH_INT(+=, C_TYPE, (BITS), (SIGN))     \
  ^
/opt/Xilinx/2025.2/Vitis/include/etc/ap_fixed_base.h:2332:3: note: expanded from macro 'AF_ASSIGN_OP_WITH_INT'
  operator ASSIGN_OP(                                                          \
  ^
/opt/Xilinx/2025.2/Vitis/include/etc/ap_fixed_base.h:2386:1: note: candidate function [with _AP_W = 64, _AP_I = 32, _AP_S = true, _AP_Q = AP_TRN, _AP_O = AP_WRAP, _AP_N = 0]
ALL_AF_OP_WITH_INT(ap_slong, _AP_SIZE_ap_slong, true)
^
/opt/Xilinx/2025.2/Vitis/include/etc/ap_fixed_base.h:2359:3: note: expanded from macro 'ALL_AF_OP_WITH_INT'
  AF_ASSIGN_OP_WITH_INT(+=, C_TYPE, (BITS), (SIGN))     \
  ^
/opt/Xilinx/2025.2/Vitis/include/etc/ap_fixed_base.h:2332:3: note: expanded from macro 'AF_ASSIGN_OP_WITH_INT'
  operator ASSIGN_OP(                                                          \
  ^
/opt/Xilinx/2025.2/Vitis/include/etc/ap_fixed_base.h:2387:1: note: candidate function [with _AP_W = 64, _AP_I = 32, _AP_S = true, _AP_Q = AP_TRN, _AP_O = AP_WRAP, _AP_N = 0]
ALL_AF_OP_WITH_INT(ap_ulong, _AP_SIZE_ap_slong, false)
^
/opt/Xilinx/2025.2/Vitis/include/etc/ap_fixed_base.h:2359:3: note: expanded from macro 'ALL_AF_OP_WITH_INT'
  AF_ASSIGN_OP_WITH_INT(+=, C_TYPE, (BITS), (SIGN))     \
  ^
/opt/Xilinx/2025.2/Vitis/include/etc/ap_fixed_base.h:2332:3: note: expanded from macro 'AF_ASSIGN_OP_WITH_INT'
  operator ASSIGN_OP(                                                          \
  ^
6 errors generated.
make: *** [csim.mk:95: obj/enhanced_correlator.o] Error 1
ERROR: [SIM 211-100] 'csim_design' failed: compilation error(s).
INFO: [SIM 211-3] *************** CSIM finish ***************
ERROR: CSIM Failed
INFO: [HLS 200-112] Total CPU user time: 10.86 seconds. Total CPU system time: 1.83 seconds. Total elapsed time: 12.64 seconds; peak allocated memory: 486.648 MB.
