Sun Sep 20 21:07:35 2026: Running xcd server. This server was built by gradle.
Sun Sep 20 21:07:35 2026: Server was asked to start on port: '46077'
Sun Sep 20 21:07:35 2026: Server is using token UUID: '14d700f9-9632-43a8-9d48-85e368381eae'
Sun Sep 20 21:07:35 2026: SESSION_MGR: creating session with session uuid: '6d04a3e9-ade5-4ab9-8d63-1f78fcd2ec76' and name 'default'
Sun Sep 20 21:07:35 2026: Attempting to start server on port '46077'
Sun Sep 20 21:07:35 2026: XCD main fifo: created main fifo '/tmp/xcdmain14d700f9-9632-43a8-9d48-85e368381eae', fd read = 13
Sun Sep 20 21:07:35 2026: Running Dispatch Server
Sun Sep 20 21:07:35 2026: Version 2.2.0
Sun Sep 20 21:07:38 2026: Dispatch Server: Accepted socket connection from client
Sun Sep 20 21:07:38 2026: Starting Socket connection
Sun Sep 20 21:07:38 2026: EXCHANGE_TOKEN received, server token: 14d700f9-9632-43a8-9d48-85e368381eae, passed token: 14d700f9-9632-43a8-9d48-85e368381eae
Sun Sep 20 21:07:39 2026: DISPATCH_HANDLER: Adding handler from function makeHandler in library libxv_system_diagram
Sun Sep 20 21:07:39 2026: SESSION_MGR: creating session with session uuid: 'f1fa9178-3060-4259-b8c7-256b61d9b414' and name 'vitis-run_compile_enhanced_correlator'
Sun Sep 20 21:07:39 2026: KERNEL_SVC: creating session with uuid: 'f1fa9178-3060-4259-b8c7-256b61d9b414' and name 'vitis-run_compile_enhanced_correlator'
Sun Sep 20 21:07:39 2026: GUIDANCE_SMGR: creating guidance session with uuid: 'f1fa9178-3060-4259-b8c7-256b61d9b414' and name 'vitis-run_compile_enhanced_correlator'
Sun Sep 20 21:07:39 2026: SYSTEM_DIAGRAM: creating session with uuid: 'f1fa9178-3060-4259-b8c7-256b61d9b414' and name 'vitis-run_compile_enhanced_correlator'
Sun Sep 20 21:07:49 2026: Dispatch Server: Accepted socket connection from client
Sun Sep 20 21:07:49 2026: Starting Socket connection
Sun Sep 20 21:07:56 2026: SESSION_MGR: closing session for UUID 'f1fa9178-3060-4259-b8c7-256b61d9b414' with name 'vitis-run_compile_enhanced_correlator'
Sun Sep 20 21:07:56 2026: KERNEL_SVC: closing session for UUID 'f1fa9178-3060-4259-b8c7-256b61d9b414' with name 'vitis-run_compile_enhanced_correlator'
Sun Sep 20 21:07:56 2026: GUIDANCE_SMGR: closing session for UUID 'f1fa9178-3060-4259-b8c7-256b61d9b414' with name 'vitis-run_compile_enhanced_correlator'
Sun Sep 20 21:07:56 2026: SYSTEM_DIAGRAM: closing session for UUID 'f1fa9178-3060-4259-b8c7-256b61d9b414' with name 'vitis-run_compile_enhanced_correlator'
Sun Sep 20 21:07:56 2026: STOP_SERVER received, server token: 14d700f9-9632-43a8-9d48-85e368381eae, passed token: 14d700f9-9632-43a8-9d48-85e368381eae
Sun Sep 20 21:07:56 2026: Socket received request to stop server.
Sun Sep 20 21:07:56 2026: Dispatch Server: do_await_stop
Sun Sep 20 21:07:56 2026: Dispatch Server: stopping mainFifo_
Sun Sep 20 21:07:56 2026: XCD main fifo: Stopping
Sun Sep 20 21:07:56 2026: XCD main fifo: do_read error code: Operation canceled
Sun Sep 20 21:07:56 2026: XCD main fifo: bytes_transferred: 0
Sun Sep 20 21:07:56 2026: SERVER: destructor for server bound to port 46077
Sun Sep 20 21:07:56 2026: XCD main fifo: Good unlink of /tmp/xcdmain14d700f9-9632-43a8-9d48-85e368381eae
Sun Sep 20 21:07:56 2026: Server exiting with status 0.
Sun Sep 20 21:07:56 2026: Closing log file.
Sun Sep 20 21:14:14 2026: Running xcd server. This server was built by gradle.
Sun Sep 20 21:14:14 2026: Server was asked to start on port: '40115'
Sun Sep 20 21:14:14 2026: Server is using token UUID: '137e2eba-5b5d-444d-90c0-43d4e50bc0eb'
Sun Sep 20 21:14:14 2026: SESSION_MGR: creating session with session uuid: '6d04a3e9-ade5-4ab9-8d63-1f78fcd2ec76' and name 'default'
Sun Sep 20 21:14:14 2026: Attempting to start server on port '40115'
Sun Sep 20 21:14:14 2026: XCD main fifo: created main fifo '/tmp/xcdmain137e2eba-5b5d-444d-90c0-43d4e50bc0eb', fd read = 13
Sun Sep 20 21:14:14 2026: Running Dispatch Server
Sun Sep 20 21:14:14 2026: Version 2.2.0
Sun Sep 20 21:14:17 2026: Dispatch Server: Accepted socket connection from client
Sun Sep 20 21:14:17 2026: Starting Socket connection
Sun Sep 20 21:14:17 2026: EXCHANGE_TOKEN received, server token: 137e2eba-5b5d-444d-90c0-43d4e50bc0eb, passed token: 137e2eba-5b5d-444d-90c0-43d4e50bc0eb
Sun Sep 20 21:14:18 2026: DISPATCH_HANDLER: Adding handler from function makeHandler in library libxv_system_diagram
Sun Sep 20 21:14:18 2026: SESSION_MGR: creating session with session uuid: '54c1c618-576d-4a98-af25-4f2edc1b7909' and name 'vitis-run_compile_enhanced_correlator'
Sun Sep 20 21:14:18 2026: KERNEL_SVC: creating session with uuid: '54c1c618-576d-4a98-af25-4f2edc1b7909' and name 'vitis-run_compile_enhanced_correlator'
Sun Sep 20 21:14:18 2026: GUIDANCE_SMGR: creating guidance session with uuid: '54c1c618-576d-4a98-af25-4f2edc1b7909' and name 'vitis-run_compile_enhanced_correlator'
Sun Sep 20 21:14:18 2026: SYSTEM_DIAGRAM: creating session with uuid: '54c1c618-576d-4a98-af25-4f2edc1b7909' and name 'vitis-run_compile_enhanced_correlator'
Sun Sep 20 21:14:27 2026: Dispatch Server: Accepted socket connection from client
Sun Sep 20 21:14:27 2026: Starting Socket connection
Sun Sep 20 21:14:29 2026: SESSION_MGR: closing session for UUID '54c1c618-576d-4a98-af25-4f2edc1b7909' with name 'vitis-run_compile_enhanced_correlator'
Sun Sep 20 21:14:29 2026: KERNEL_SVC: closing session for UUID '54c1c618-576d-4a98-af25-4f2edc1b7909' with name 'vitis-run_compile_enhanced_correlator'
Sun Sep 20 21:14:29 2026: GUIDANCE_SMGR: closing session for UUID '54c1c618-576d-4a98-af25-4f2edc1b7909' with name 'vitis-run_compile_enhanced_correlator'
Sun Sep 20 21:14:29 2026: SYSTEM_DIAGRAM: closing session for UUID '54c1c618-576d-4a98-af25-4f2edc1b7909' with name 'vitis-run_compile_enhanced_correlator'
Sun Sep 20 21:14:29 2026: STOP_SERVER received, server token: 137e2eba-5b5d-444d-90c0-43d4e50bc0eb, passed token: 137e2eba-5b5d-444d-90c0-43d4e50bc0eb
Sun Sep 20 21:14:29 2026: Socket received request to stop server.
Sun Sep 20 21:14:29 2026: Dispatch Server: do_await_stop
Sun Sep 20 21:14:29 2026: Dispatch Server: stopping mainFifo_
Sun Sep 20 21:14:29 2026: XCD main fifo: Stopping
Sun Sep 20 21:14:29 2026: XCD main fifo: do_read error code: Operation canceled
Sun Sep 20 21:14:29 2026: XCD main fifo: bytes_transferred: 0
Sun Sep 20 21:14:29 2026: SERVER: destructor for server bound to port 40115
Sun Sep 20 21:14:29 2026: XCD main fifo: Good unlink of /tmp/xcdmain137e2eba-5b5d-444d-90c0-43d4e50bc0eb
Sun Sep 20 21:14:29 2026: Server exiting with status 0.
Sun Sep 20 21:14:29 2026: Closing log file.
Sun Sep 20 21:18:06 2026: Running xcd server. This server was built by gradle.
Sun Sep 20 21:18:06 2026: Server was asked to start on port: '33659'
Sun Sep 20 21:18:06 2026: Server is using token UUID: '2e0e1c22-498e-4c90-85cc-af5153276fb1'
Sun Sep 20 21:18:06 2026: SESSION_MGR: creating session with session uuid: '6d04a3e9-ade5-4ab9-8d63-1f78fcd2ec76' and name 'default'
Sun Sep 20 21:18:06 2026: Attempting to start server on port '33659'
Sun Sep 20 21:18:06 2026: XCD main fifo: created main fifo '/tmp/xcdmain2e0e1c22-498e-4c90-85cc-af5153276fb1', fd read = 13
Sun Sep 20 21:18:06 2026: Running Dispatch Server
Sun Sep 20 21:18:06 2026: Version 2.2.0
Sun Sep 20 21:18:10 2026: Dispatch Server: Accepted socket connection from client
Sun Sep 20 21:18:10 2026: Starting Socket connection
Sun Sep 20 21:18:10 2026: EXCHANGE_TOKEN received, server token: 2e0e1c22-498e-4c90-85cc-af5153276fb1, passed token: 2e0e1c22-498e-4c90-85cc-af5153276fb1
Sun Sep 20 21:18:10 2026: DISPATCH_HANDLER: Adding handler from function makeHandler in library libxv_system_diagram
Sun Sep 20 21:18:10 2026: SESSION_MGR: creating session with session uuid: '1de0d411-5cbc-40f6-ad39-eaffd2144ac3' and name 'vitis-run_compile_enhanced_correlator'
Sun Sep 20 21:18:10 2026: KERNEL_SVC: creating session with uuid: '1de0d411-5cbc-40f6-ad39-eaffd2144ac3' and name 'vitis-run_compile_enhanced_correlator'
Sun Sep 20 21:18:10 2026: GUIDANCE_SMGR: creating guidance session with uuid: '1de0d411-5cbc-40f6-ad39-eaffd2144ac3' and name 'vitis-run_compile_enhanced_correlator'
Sun Sep 20 21:18:10 2026: SYSTEM_DIAGRAM: creating session with uuid: '1de0d411-5cbc-40f6-ad39-eaffd2144ac3' and name 'vitis-run_compile_enhanced_correlator'
Sun Sep 20 21:18:20 2026: Dispatch Server: Accepted socket connection from client
Sun Sep 20 21:18:20 2026: Starting Socket connection
Sun Sep 20 21:18:21 2026: SESSION_MGR: closing session for UUID '1de0d411-5cbc-40f6-ad39-eaffd2144ac3' with name 'vitis-run_compile_enhanced_correlator'
Sun Sep 20 21:18:21 2026: KERNEL_SVC: closing session for UUID '1de0d411-5cbc-40f6-ad39-eaffd2144ac3' with name 'vitis-run_compile_enhanced_correlator'
Sun Sep 20 21:18:21 2026: GUIDANCE_SMGR: closing session for UUID '1de0d411-5cbc-40f6-ad39-eaffd2144ac3' with name 'vitis-run_compile_enhanced_correlator'
Sun Sep 20 21:18:21 2026: SYSTEM_DIAGRAM: closing session for UUID '1de0d411-5cbc-40f6-ad39-eaffd2144ac3' with name 'vitis-run_compile_enhanced_correlator'
Sun Sep 20 21:18:21 2026: STOP_SERVER received, server token: 2e0e1c22-498e-4c90-85cc-af5153276fb1, passed token: 2e0e1c22-498e-4c90-85cc-af5153276fb1
Sun Sep 20 21:18:21 2026: Socket received request to stop server.
Sun Sep 20 21:18:21 2026: Dispatch Server: do_await_stop
Sun Sep 20 21:18:21 2026: Dispatch Server: stopping mainFifo_
Sun Sep 20 21:18:21 2026: XCD main fifo: Stopping
Sun Sep 20 21:18:21 2026: XCD main fifo: do_read error code: Operation canceled
Sun Sep 20 21:18:21 2026: XCD main fifo: bytes_transferred: 0
Sun Sep 20 21:18:21 2026: SERVER: destructor for server bound to port 33659
Sun Sep 20 21:18:21 2026: XCD main fifo: Good unlink of /tmp/xcdmain2e0e1c22-498e-4c90-85cc-af5153276fb1
Sun Sep 20 21:18:21 2026: Server exiting with status 0.
Sun Sep 20 21:18:21 2026: Closing log file.
Sun Sep 20 21:28:54 2026: Running xcd server. This server was built by gradle.
Sun Sep 20 21:28:54 2026: Server was asked to start on port: '37635'
Sun Sep 20 21:28:54 2026: Server is using token UUID: '5110a0bd-3201-4b30-bec6-abfe96812a8a'
Sun Sep 20 21:28:54 2026: SESSION_MGR: creating session with session uuid: '6d04a3e9-ade5-4ab9-8d63-1f78fcd2ec76' and name 'default'
Sun Sep 20 21:28:54 2026: Attempting to start server on port '37635'
Sun Sep 20 21:28:54 2026: XCD main fifo: created main fifo '/tmp/xcdmain5110a0bd-3201-4b30-bec6-abfe96812a8a', fd read = 13
Sun Sep 20 21:28:54 2026: Running Dispatch Server
Sun Sep 20 21:28:54 2026: Version 2.2.0
Sun Sep 20 21:28:58 2026: Dispatch Server: Accepted socket connection from client
Sun Sep 20 21:28:58 2026: Starting Socket connection
Sun Sep 20 21:28:58 2026: EXCHANGE_TOKEN received, server token: 5110a0bd-3201-4b30-bec6-abfe96812a8a, passed token: 5110a0bd-3201-4b30-bec6-abfe96812a8a
Sun Sep 20 21:28:59 2026: DISPATCH_HANDLER: Adding handler from function makeHandler in library libxv_system_diagram
Sun Sep 20 21:28:59 2026: SESSION_MGR: creating session with session uuid: 'e63d0a7c-c3ef-4254-84ab-b28cc13b50ca' and name 'vitis-run_compile_enhanced_correlator'
Sun Sep 20 21:28:59 2026: KERNEL_SVC: creating session with uuid: 'e63d0a7c-c3ef-4254-84ab-b28cc13b50ca' and name 'vitis-run_compile_enhanced_correlator'
Sun Sep 20 21:28:59 2026: GUIDANCE_SMGR: creating guidance session with uuid: 'e63d0a7c-c3ef-4254-84ab-b28cc13b50ca' and name 'vitis-run_compile_enhanced_correlator'
Sun Sep 20 21:28:59 2026: SYSTEM_DIAGRAM: creating session with uuid: 'e63d0a7c-c3ef-4254-84ab-b28cc13b50ca' and name 'vitis-run_compile_enhanced_correlator'
Sun Sep 20 21:29:09 2026: Dispatch Server: Accepted socket connection from client
Sun Sep 20 21:29:09 2026: Starting Socket connection
Sun Sep 20 21:29:11 2026: SESSION_MGR: closing session for UUID 'e63d0a7c-c3ef-4254-84ab-b28cc13b50ca' with name 'vitis-run_compile_enhanced_correlator'
Sun Sep 20 21:29:11 2026: KERNEL_SVC: closing session for UUID 'e63d0a7c-c3ef-4254-84ab-b28cc13b50ca' with name 'vitis-run_compile_enhanced_correlator'
Sun Sep 20 21:29:11 2026: GUIDANCE_SMGR: closing session for UUID 'e63d0a7c-c3ef-4254-84ab-b28cc13b50ca' with name 'vitis-run_compile_enhanced_correlator'
Sun Sep 20 21:29:11 2026: SYSTEM_DIAGRAM: closing session for UUID 'e63d0a7c-c3ef-4254-84ab-b28cc13b50ca' with name 'vitis-run_compile_enhanced_correlator'
Sun Sep 20 21:29:11 2026: STOP_SERVER received, server token: 5110a0bd-3201-4b30-bec6-abfe96812a8a, passed token: 5110a0bd-3201-4b30-bec6-abfe96812a8a
Sun Sep 20 21:29:11 2026: Socket received request to stop server.
Sun Sep 20 21:29:11 2026: Dispatch Server: do_await_stop
Sun Sep 20 21:29:11 2026: Dispatch Server: stopping mainFifo_
Sun Sep 20 21:29:11 2026: XCD main fifo: Stopping
Sun Sep 20 21:29:11 2026: XCD main fifo: do_read error code: Operation canceled
Sun Sep 20 21:29:11 2026: XCD main fifo: bytes_transferred: 0
Sun Sep 20 21:29:11 2026: SERVER: destructor for server bound to port 37635
Sun Sep 20 21:29:11 2026: XCD main fifo: Good unlink of /tmp/xcdmain5110a0bd-3201-4b30-bec6-abfe96812a8a
Sun Sep 20 21:29:11 2026: Server exiting with status 0.
Sun Sep 20 21:29:11 2026: Closing log file.
Sun Sep 20 21:35:21 2026: Running xcd server. This server was built by gradle.
Sun Sep 20 21:35:21 2026: Server was asked to start on port: '46277'
Sun Sep 20 21:35:21 2026: Server is using token UUID: 'c6375d6b-9188-49e2-a7b7-618707225f60'
Sun Sep 20 21:35:21 2026: SESSION_MGR: creating session with session uuid: '6d04a3e9-ade5-4ab9-8d63-1f78fcd2ec76' and name 'default'
Sun Sep 20 21:35:21 2026: Attempting to start server on port '46277'
Sun Sep 20 21:35:21 2026: XCD main fifo: created main fifo '/tmp/xcdmainc6375d6b-9188-49e2-a7b7-618707225f60', fd read = 13
Sun Sep 20 21:35:21 2026: Running Dispatch Server
Sun Sep 20 21:35:21 2026: Version 2.2.0
Sun Sep 20 21:35:24 2026: Dispatch Server: Accepted socket connection from client
Sun Sep 20 21:35:24 2026: Starting Socket connection
Sun Sep 20 21:35:24 2026: EXCHANGE_TOKEN received, server token: c6375d6b-9188-49e2-a7b7-618707225f60, passed token: c6375d6b-9188-49e2-a7b7-618707225f60
Sun Sep 20 21:35:25 2026: DISPATCH_HANDLER: Adding handler from function makeHandler in library libxv_system_diagram
Sun Sep 20 21:35:25 2026: SESSION_MGR: creating session with session uuid: 'd08acc4a-a62f-4887-abd3-1bda199e62a6' and name 'v++_compile_enhanced_correlator'
Sun Sep 20 21:35:25 2026: KERNEL_SVC: creating session with uuid: 'd08acc4a-a62f-4887-abd3-1bda199e62a6' and name 'v++_compile_enhanced_correlator'
Sun Sep 20 21:35:25 2026: GUIDANCE_SMGR: creating guidance session with uuid: 'd08acc4a-a62f-4887-abd3-1bda199e62a6' and name 'v++_compile_enhanced_correlator'
Sun Sep 20 21:35:25 2026: SYSTEM_DIAGRAM: creating session with uuid: 'd08acc4a-a62f-4887-abd3-1bda199e62a6' and name 'v++_compile_enhanced_correlator'
Sun Sep 20 21:35:34 2026: Dispatch Server: Accepted socket connection from client
Sun Sep 20 21:35:34 2026: Starting Socket connection
Sun Sep 20 21:36:00 2026: SESSION_MGR: closing session for UUID 'd08acc4a-a62f-4887-abd3-1bda199e62a6' with name 'v++_compile_enhanced_correlator'
Sun Sep 20 21:36:00 2026: KERNEL_SVC: closing session for UUID 'd08acc4a-a62f-4887-abd3-1bda199e62a6' with name 'v++_compile_enhanced_correlator'
Sun Sep 20 21:36:00 2026: GUIDANCE_SMGR: closing session for UUID 'd08acc4a-a62f-4887-abd3-1bda199e62a6' with name 'v++_compile_enhanced_correlator'
Sun Sep 20 21:36:00 2026: SYSTEM_DIAGRAM: closing session for UUID 'd08acc4a-a62f-4887-abd3-1bda199e62a6' with name 'v++_compile_enhanced_correlator'
Sun Sep 20 21:36:00 2026: STOP_SERVER received, server token: c6375d6b-9188-49e2-a7b7-618707225f60, passed token: c6375d6b-9188-49e2-a7b7-618707225f60
Sun Sep 20 21:36:00 2026: Socket received request to stop server.
Sun Sep 20 21:36:00 2026: Dispatch Server: do_await_stop
Sun Sep 20 21:36:00 2026: Dispatch Server: stopping mainFifo_
Sun Sep 20 21:36:00 2026: XCD main fifo: Stopping
Sun Sep 20 21:36:00 2026: XCD main fifo: do_read error code: Operation canceled
Sun Sep 20 21:36:00 2026: XCD main fifo: bytes_transferred: 0
Sun Sep 20 21:36:00 2026: SERVER: destructor for server bound to port 46277
Sun Sep 20 21:36:00 2026: XCD main fifo: Good unlink of /tmp/xcdmainc6375d6b-9188-49e2-a7b7-618707225f60
Sun Sep 20 21:36:00 2026: Server exiting with status 0.
Sun Sep 20 21:36:00 2026: Closing log file.
Sun Sep 20 21:36:19 2026: Running xcd server. This server was built by gradle.
Sun Sep 20 21:36:19 2026: Server was asked to start on port: '45529'
Sun Sep 20 21:36:19 2026: Server is using token UUID: '0cb9ea28-c03a-44cf-b047-af8590ea0050'
Sun Sep 20 21:36:19 2026: SESSION_MGR: creating session with session uuid: '6d04a3e9-ade5-4ab9-8d63-1f78fcd2ec76' and name 'default'
Sun Sep 20 21:36:19 2026: Attempting to start server on port '45529'
Sun Sep 20 21:36:19 2026: XCD main fifo: created main fifo '/tmp/xcdmain0cb9ea28-c03a-44cf-b047-af8590ea0050', fd read = 13
Sun Sep 20 21:36:19 2026: Running Dispatch Server
Sun Sep 20 21:36:19 2026: Version 2.2.0
Sun Sep 20 21:36:23 2026: Dispatch Server: Accepted socket connection from client
Sun Sep 20 21:36:23 2026: Starting Socket connection
Sun Sep 20 21:36:23 2026: EXCHANGE_TOKEN received, server token: 0cb9ea28-c03a-44cf-b047-af8590ea0050, passed token: 0cb9ea28-c03a-44cf-b047-af8590ea0050
Sun Sep 20 21:36:24 2026: DISPATCH_HANDLER: Adding handler from function makeHandler in library libxv_system_diagram
Sun Sep 20 21:36:24 2026: SESSION_MGR: creating session with session uuid: 'a37c1464-8045-4efc-98d1-7d80260a326a' and name 'vitis-run_compile_enhanced_correlator'
Sun Sep 20 21:36:24 2026: KERNEL_SVC: creating session with uuid: 'a37c1464-8045-4efc-98d1-7d80260a326a' and name 'vitis-run_compile_enhanced_correlator'
Sun Sep 20 21:36:24 2026: GUIDANCE_SMGR: creating guidance session with uuid: 'a37c1464-8045-4efc-98d1-7d80260a326a' and name 'vitis-run_compile_enhanced_correlator'
Sun Sep 20 21:36:24 2026: SYSTEM_DIAGRAM: creating session with uuid: 'a37c1464-8045-4efc-98d1-7d80260a326a' and name 'vitis-run_compile_enhanced_correlator'
Sun Sep 20 21:36:35 2026: Dispatch Server: Accepted socket connection from client
Sun Sep 20 21:36:35 2026: Starting Socket connection
Sun Sep 20 21:38:39 2026: Dispatch Server: Accepted socket connection from client
Sun Sep 20 21:38:39 2026: Starting Socket connection
Sun Sep 20 21:44:17 2026: Dispatch Server: Accepted socket connection from client
Sun Sep 20 21:44:17 2026: Starting Socket connection
Sun Sep 20 21:46:21 2026: Running xcd server. This server was built by gradle.
Sun Sep 20 21:46:21 2026: Server was asked to start on port: '42869'
Sun Sep 20 21:46:21 2026: Server is using token UUID: '07371371-bd32-451c-b9ab-61348be488a3'
Sun Sep 20 21:46:21 2026: SESSION_MGR: creating session with session uuid: '6d04a3e9-ade5-4ab9-8d63-1f78fcd2ec76' and name 'default'
Sun Sep 20 21:46:21 2026: Attempting to start server on port '42869'
Sun Sep 20 21:46:21 2026: XCD main fifo: created main fifo '/tmp/xcdmain07371371-bd32-451c-b9ab-61348be488a3', fd read = 13
Sun Sep 20 21:46:21 2026: Running Dispatch Server
Sun Sep 20 21:46:21 2026: Version 2.2.0
Sun Sep 20 21:46:25 2026: Dispatch Server: Accepted socket connection from client
Sun Sep 20 21:46:25 2026: Starting Socket connection
Sun Sep 20 21:46:25 2026: EXCHANGE_TOKEN received, server token: 07371371-bd32-451c-b9ab-61348be488a3, passed token: 07371371-bd32-451c-b9ab-61348be488a3
Sun Sep 20 21:46:26 2026: DISPATCH_HANDLER: Adding handler from function makeHandler in library libxv_system_diagram
Sun Sep 20 21:46:26 2026: SESSION_MGR: creating session with session uuid: '1da8aa2d-5d69-4361-93f5-0543caf2b187' and name 'vitis-run_compile_enhanced_correlator'
Sun Sep 20 21:46:26 2026: KERNEL_SVC: creating session with uuid: '1da8aa2d-5d69-4361-93f5-0543caf2b187' and name 'vitis-run_compile_enhanced_correlator'
Sun Sep 20 21:46:26 2026: GUIDANCE_SMGR: creating guidance session with uuid: '1da8aa2d-5d69-4361-93f5-0543caf2b187' and name 'vitis-run_compile_enhanced_correlator'
Sun Sep 20 21:46:26 2026: SYSTEM_DIAGRAM: creating session with uuid: '1da8aa2d-5d69-4361-93f5-0543caf2b187' and name 'vitis-run_compile_enhanced_correlator'
Sun Sep 20 21:46:37 2026: Dispatch Server: Accepted socket connection from client
Sun Sep 20 21:46:37 2026: Starting Socket connection
Sun Sep 20 21:46:40 2026: SESSION_MGR: closing session for UUID '1da8aa2d-5d69-4361-93f5-0543caf2b187' with name 'vitis-run_compile_enhanced_correlator'
Sun Sep 20 21:46:40 2026: KERNEL_SVC: closing session for UUID '1da8aa2d-5d69-4361-93f5-0543caf2b187' with name 'vitis-run_compile_enhanced_correlator'
Sun Sep 20 21:46:40 2026: GUIDANCE_SMGR: closing session for UUID '1da8aa2d-5d69-4361-93f5-0543caf2b187' with name 'vitis-run_compile_enhanced_correlator'
Sun Sep 20 21:46:40 2026: SYSTEM_DIAGRAM: closing session for UUID '1da8aa2d-5d69-4361-93f5-0543caf2b187' with name 'vitis-run_compile_enhanced_correlator'
Sun Sep 20 21:46:40 2026: STOP_SERVER received, server token: 07371371-bd32-451c-b9ab-61348be488a3, passed token: 07371371-bd32-451c-b9ab-61348be488a3
Sun Sep 20 21:46:40 2026: Socket received request to stop server.
Sun Sep 20 21:46:40 2026: Dispatch Server: do_await_stop
Sun Sep 20 21:46:40 2026: Dispatch Server: stopping mainFifo_
Sun Sep 20 21:46:40 2026: XCD main fifo: Stopping
Sun Sep 20 21:46:40 2026: XCD main fifo: do_read error code: Operation canceled
Sun Sep 20 21:46:40 2026: XCD main fifo: bytes_transferred: 0
Sun Sep 20 21:46:40 2026: SERVER: destructor for server bound to port 42869
Sun Sep 20 21:46:40 2026: XCD main fifo: Good unlink of /tmp/xcdmain07371371-bd32-451c-b9ab-61348be488a3
Sun Sep 20 21:46:40 2026: Server exiting with status 0.
Sun Sep 20 21:46:40 2026: Closing log file.
Sun Sep 20 21:46:57 2026: Running xcd server. This server was built by gradle.
Sun Sep 20 21:46:57 2026: Server was asked to start on port: '46651'
Sun Sep 20 21:46:57 2026: Server is using token UUID: '0bce7974-1a75-4740-aa83-4505ef13c1d2'
Sun Sep 20 21:46:57 2026: SESSION_MGR: creating session with session uuid: '6d04a3e9-ade5-4ab9-8d63-1f78fcd2ec76' and name 'default'
Sun Sep 20 21:46:57 2026: Attempting to start server on port '46651'
Sun Sep 20 21:46:57 2026: XCD main fifo: created main fifo '/tmp/xcdmain0bce7974-1a75-4740-aa83-4505ef13c1d2', fd read = 13
Sun Sep 20 21:46:57 2026: Running Dispatch Server
Sun Sep 20 21:46:57 2026: Version 2.2.0
Sun Sep 20 21:47:01 2026: Dispatch Server: Accepted socket connection from client
Sun Sep 20 21:47:01 2026: Starting Socket connection
Sun Sep 20 21:47:01 2026: EXCHANGE_TOKEN received, server token: 0bce7974-1a75-4740-aa83-4505ef13c1d2, passed token: 0bce7974-1a75-4740-aa83-4505ef13c1d2
Sun Sep 20 21:47:01 2026: DISPATCH_HANDLER: Adding handler from function makeHandler in library libxv_system_diagram
Sun Sep 20 21:47:01 2026: SESSION_MGR: creating session with session uuid: '9ff6b040-af8c-47bf-a4b8-bbfbc6cde97b' and name 'v++_compile_enhanced_correlator'
Sun Sep 20 21:47:01 2026: KERNEL_SVC: creating session with uuid: '9ff6b040-af8c-47bf-a4b8-bbfbc6cde97b' and name 'v++_compile_enhanced_correlator'
Sun Sep 20 21:47:01 2026: GUIDANCE_SMGR: creating guidance session with uuid: '9ff6b040-af8c-47bf-a4b8-bbfbc6cde97b' and name 'v++_compile_enhanced_correlator'
Sun Sep 20 21:47:01 2026: SYSTEM_DIAGRAM: creating session with uuid: '9ff6b040-af8c-47bf-a4b8-bbfbc6cde97b' and name 'v++_compile_enhanced_correlator'
Sun Sep 20 21:47:10 2026: Dispatch Server: Accepted socket connection from client
Sun Sep 20 21:47:10 2026: Starting Socket connection
Sun Sep 20 21:47:34 2026: SESSION_MGR: closing session for UUID '9ff6b040-af8c-47bf-a4b8-bbfbc6cde97b' with name 'v++_compile_enhanced_correlator'
Sun Sep 20 21:47:34 2026: KERNEL_SVC: closing session for UUID '9ff6b040-af8c-47bf-a4b8-bbfbc6cde97b' with name 'v++_compile_enhanced_correlator'
Sun Sep 20 21:47:34 2026: GUIDANCE_SMGR: closing session for UUID '9ff6b040-af8c-47bf-a4b8-bbfbc6cde97b' with name 'v++_compile_enhanced_correlator'
Sun Sep 20 21:47:34 2026: SYSTEM_DIAGRAM: closing session for UUID '9ff6b040-af8c-47bf-a4b8-bbfbc6cde97b' with name 'v++_compile_enhanced_correlator'
Sun Sep 20 21:47:34 2026: STOP_SERVER received, server token: 0bce7974-1a75-4740-aa83-4505ef13c1d2, passed token: 0bce7974-1a75-4740-aa83-4505ef13c1d2
Sun Sep 20 21:47:34 2026: Socket received request to stop server.
Sun Sep 20 21:47:34 2026: Dispatch Server: do_await_stop
Sun Sep 20 21:47:34 2026: Dispatch Server: stopping mainFifo_
Sun Sep 20 21:47:34 2026: XCD main fifo: Stopping
Sun Sep 20 21:47:34 2026: XCD main fifo: do_read error code: Operation canceled
Sun Sep 20 21:47:34 2026: XCD main fifo: bytes_transferred: 0
Sun Sep 20 21:47:34 2026: SERVER: destructor for server bound to port 46651
Sun Sep 20 21:47:34 2026: XCD main fifo: Good unlink of /tmp/xcdmain0bce7974-1a75-4740-aa83-4505ef13c1d2
Sun Sep 20 21:47:34 2026: Server exiting with status 0.
Sun Sep 20 21:47:34 2026: Closing log file.
Sun Sep 20 21:48:04 2026: Running xcd server. This server was built by gradle.
Sun Sep 20 21:48:04 2026: Server was asked to start on port: '36097'
Sun Sep 20 21:48:04 2026: Server is using token UUID: '0968f5c4-3127-43c6-8a3d-7e040c57c912'
Sun Sep 20 21:48:04 2026: SESSION_MGR: creating session with session uuid: '6d04a3e9-ade5-4ab9-8d63-1f78fcd2ec76' and name 'default'
Sun Sep 20 21:48:04 2026: Attempting to start server on port '36097'
Sun Sep 20 21:48:04 2026: XCD main fifo: created main fifo '/tmp/xcdmain0968f5c4-3127-43c6-8a3d-7e040c57c912', fd read = 13
Sun Sep 20 21:48:04 2026: Running Dispatch Server
Sun Sep 20 21:48:04 2026: Version 2.2.0
Sun Sep 20 21:48:08 2026: Dispatch Server: Accepted socket connection from client
Sun Sep 20 21:48:08 2026: Starting Socket connection
Sun Sep 20 21:48:08 2026: EXCHANGE_TOKEN received, server token: 0968f5c4-3127-43c6-8a3d-7e040c57c912, passed token: 0968f5c4-3127-43c6-8a3d-7e040c57c912
Sun Sep 20 21:48:08 2026: DISPATCH_HANDLER: Adding handler from function makeHandler in library libxv_system_diagram
Sun Sep 20 21:48:08 2026: SESSION_MGR: creating session with session uuid: 'b5adaeb6-1fcd-48a5-975b-1f40b8d971aa' and name 'vitis-run_compile_enhanced_correlator'
Sun Sep 20 21:48:08 2026: KERNEL_SVC: creating session with uuid: 'b5adaeb6-1fcd-48a5-975b-1f40b8d971aa' and name 'vitis-run_compile_enhanced_correlator'
Sun Sep 20 21:48:08 2026: GUIDANCE_SMGR: creating guidance session with uuid: 'b5adaeb6-1fcd-48a5-975b-1f40b8d971aa' and name 'vitis-run_compile_enhanced_correlator'
Sun Sep 20 21:48:08 2026: SYSTEM_DIAGRAM: creating session with uuid: 'b5adaeb6-1fcd-48a5-975b-1f40b8d971aa' and name 'vitis-run_compile_enhanced_correlator'
Sun Sep 20 21:48:18 2026: Dispatch Server: Accepted socket connection from client
Sun Sep 20 21:48:18 2026: Starting Socket connection
Sun Sep 20 21:50:17 2026: Dispatch Server: Accepted socket connection from client
Sun Sep 20 21:50:17 2026: Starting Socket connection
Sun Sep 20 21:55:43 2026: Dispatch Server: Accepted socket connection from client
Sun Sep 20 21:55:43 2026: Starting Socket connection
Sun Sep 20 21:58:24 2026: Dispatch Server: Accepted socket connection from client
Sun Sep 20 21:58:24 2026: Starting Socket connection
Sun Sep 20 22:03:23 2026: SESSION_MGR: closing session for UUID 'b5adaeb6-1fcd-48a5-975b-1f40b8d971aa' with name 'vitis-run_compile_enhanced_correlator'
Sun Sep 20 22:03:23 2026: KERNEL_SVC: closing session for UUID 'b5adaeb6-1fcd-48a5-975b-1f40b8d971aa' with name 'vitis-run_compile_enhanced_correlator'
Sun Sep 20 22:03:23 2026: GUIDANCE_SMGR: closing session for UUID 'b5adaeb6-1fcd-48a5-975b-1f40b8d971aa' with name 'vitis-run_compile_enhanced_correlator'
Sun Sep 20 22:03:23 2026: SYSTEM_DIAGRAM: closing session for UUID 'b5adaeb6-1fcd-48a5-975b-1f40b8d971aa' with name 'vitis-run_compile_enhanced_correlator'
Sun Sep 20 22:03:23 2026: STOP_SERVER received, server token: 0968f5c4-3127-43c6-8a3d-7e040c57c912, passed token: 0968f5c4-3127-43c6-8a3d-7e040c57c912
Sun Sep 20 22:03:23 2026: Socket received request to stop server.
Sun Sep 20 22:03:23 2026: Dispatch Server: do_await_stop
Sun Sep 20 22:03:23 2026: Dispatch Server: stopping mainFifo_
Sun Sep 20 22:03:23 2026: XCD main fifo: Stopping
Sun Sep 20 22:03:23 2026: XCD main fifo: do_read error code: Operation canceled
Sun Sep 20 22:03:23 2026: XCD main fifo: bytes_transferred: 0
Sun Sep 20 22:03:23 2026: SERVER: destructor for server bound to port 36097
Sun Sep 20 22:03:23 2026: XCD main fifo: Good unlink of /tmp/xcdmain0968f5c4-3127-43c6-8a3d-7e040c57c912
Sun Sep 20 22:03:23 2026: Server exiting with status 0.
Sun Sep 20 22:03:23 2026: Closing log file.
