
*** Running vivado
    with args -log bd_0_hls_inst_0.vds -m64 -product Vivado -mode batch -messageDb vivado.pb -notrace -source bd_0_hls_inst_0.tcl


****** Vivado v2025.2 (64-bit)
  **** SW Build 6299465 on Fri Nov 14 12:34:56 MST 2025
  **** IP Build 6300035 on Fri Nov 14 10:48:45 MST 2025
  **** SharedData Build 6298862 on Thu Nov 13 04:50:51 MST 2025
  **** Start of session at: Sat Sep 19 17:36:51 2026
    ** Copyright 1986-2022 Xilinx, Inc. All Rights Reserved.
    ** Copyright 2022-2025 Advanced Micro Devices, Inc. All Rights Reserved.

source bd_0_hls_inst_0.tcl -notrace
INFO: Dispatch client connection id - 39017
create_project: Time (s): cpu = 00:00:25 ; elapsed = 00:00:06 . Memory (MB): peak = 1641.953 ; gain = 64.051 ; free physical = 167 ; free virtual = 9766
INFO: [IP_Flow 19-234] Refreshing IP repositories
INFO: [IP_Flow 19-1700] Loaded user IP repository '/home/johan2/Documents/fpga/zynq-pynq-gnss-receiver/vitis_workspace/gnss_correlator_hls/gnss_correlator_hls/hls/impl/ip'.
INFO: [IP_Flow 19-2313] Loaded Vivado IP repository '/opt/Xilinx/2025.2/data/ip'.
Command: synth_design -top bd_0_hls_inst_0 -part xc7z020clg484-1 -directive sdx_optimization_effort_high -incremental_mode off -mode out_of_context
Starting synth_design
Attempting to get a license for feature 'Synthesis' and/or device 'xc7z020'
INFO: [Common 17-349] Got license for feature 'Synthesis' and/or device 'xc7z020'
INFO: [Device 21-403] Loading part xc7z020clg484-1
INFO: [Synth 8-7079] Multithreading enabled for synth_design using a maximum of 7 processes.
INFO: [Synth 8-7078] Launching helper process for spawning children vivado processes
INFO: [Synth 8-7075] Helper process launched with PID 122606
---------------------------------------------------------------------------------
Starting RTL Elaboration : Time (s): cpu = 00:00:12 ; elapsed = 00:00:13 . Memory (MB): peak = 2302.531 ; gain = 482.875 ; free physical = 206 ; free virtual = 9190
---------------------------------------------------------------------------------
INFO: [Synth 8-6157] synthesizing module 'bd_0_hls_inst_0' [/home/johan2/Documents/fpga/zynq-pynq-gnss-receiver/vitis_workspace/gnss_correlator_hls/gnss_correlator_hls/hls/impl/verilog/project.gen/sources_1/bd/bd_0/ip/bd_0_hls_inst_0/synth/bd_0_hls_inst_0.v:53]
INFO: [Synth 8-6157] synthesizing module 'gnss_correlator' [/home/johan2/Documents/fpga/zynq-pynq-gnss-receiver/vitis_workspace/gnss_correlator_hls/gnss_correlator_hls/hls/impl/verilog/project.gen/sources_1/bd/bd_0/ipshared/6d45/hdl/verilog/gnss_correlator.v:9]
INFO: [Synth 8-6157] synthesizing module 'gnss_correlator_control_s_axi' [/home/johan2/Documents/fpga/zynq-pynq-gnss-receiver/vitis_workspace/gnss_correlator_hls/gnss_correlator_hls/hls/impl/verilog/project.gen/sources_1/bd/bd_0/ipshared/6d45/hdl/verilog/gnss_correlator_control_s_axi.v:9]
INFO: [Synth 8-155] case statement is not full and has no default [/home/johan2/Documents/fpga/zynq-pynq-gnss-receiver/vitis_workspace/gnss_correlator_hls/gnss_correlator_hls/hls/impl/verilog/project.gen/sources_1/bd/bd_0/ipshared/6d45/hdl/verilog/gnss_correlator_control_s_axi.v:226]
INFO: [Synth 8-6155] done synthesizing module 'gnss_correlator_control_s_axi' (0#1) [/home/johan2/Documents/fpga/zynq-pynq-gnss-receiver/vitis_workspace/gnss_correlator_hls/gnss_correlator_hls/hls/impl/verilog/project.gen/sources_1/bd/bd_0/ipshared/6d45/hdl/verilog/gnss_correlator_control_s_axi.v:9]
INFO: [Synth 8-6157] synthesizing module 'gnss_correlator_control_r_s_axi' [/home/johan2/Documents/fpga/zynq-pynq-gnss-receiver/vitis_workspace/gnss_correlator_hls/gnss_correlator_hls/hls/impl/verilog/project.gen/sources_1/bd/bd_0/ipshared/6d45/hdl/verilog/gnss_correlator_control_r_s_axi.v:9]
INFO: [Synth 8-155] case statement is not full and has no default [/home/johan2/Documents/fpga/zynq-pynq-gnss-receiver/vitis_workspace/gnss_correlator_hls/gnss_correlator_hls/hls/impl/verilog/project.gen/sources_1/bd/bd_0/ipshared/6d45/hdl/verilog/gnss_correlator_control_r_s_axi.v:199]
INFO: [Synth 8-6155] done synthesizing module 'gnss_correlator_control_r_s_axi' (0#1) [/home/johan2/Documents/fpga/zynq-pynq-gnss-receiver/vitis_workspace/gnss_correlator_hls/gnss_correlator_hls/hls/impl/verilog/project.gen/sources_1/bd/bd_0/ipshared/6d45/hdl/verilog/gnss_correlator_control_r_s_axi.v:9]
INFO: [Synth 8-6157] synthesizing module 'gnss_correlator_gmem0_m_axi' [/home/johan2/Documents/fpga/zynq-pynq-gnss-receiver/vitis_workspace/gnss_correlator_hls/gnss_correlator_hls/hls/impl/verilog/project.gen/sources_1/bd/bd_0/ipshared/6d45/hdl/verilog/gnss_correlator_gmem0_m_axi.v:9]
INFO: [Synth 8-6157] synthesizing module 'gnss_correlator_gmem0_m_axi_load' [/home/johan2/Documents/fpga/zynq-pynq-gnss-receiver/vitis_workspace/gnss_correlator_hls/gnss_correlator_hls/hls/impl/verilog/project.gen/sources_1/bd/bd_0/ipshared/6d45/hdl/verilog/gnss_correlator_gmem0_m_axi.v:284]
INFO: [Synth 8-6157] synthesizing module 'gnss_correlator_gmem0_m_axi_fifo' [/home/johan2/Documents/fpga/zynq-pynq-gnss-receiver/vitis_workspace/gnss_correlator_hls/gnss_correlator_hls/hls/impl/verilog/project.gen/sources_1/bd/bd_0/ipshared/6d45/hdl/verilog/gnss_correlator_gmem0_m_axi.v:2157]
INFO: [Synth 8-6157] synthesizing module 'gnss_correlator_gmem0_m_axi_srl' [/home/johan2/Documents/fpga/zynq-pynq-gnss-receiver/vitis_workspace/gnss_correlator_hls/gnss_correlator_hls/hls/impl/verilog/project.gen/sources_1/bd/bd_0/ipshared/6d45/hdl/verilog/gnss_correlator_gmem0_m_axi.v:2370]
INFO: [Synth 8-6155] done synthesizing module 'gnss_correlator_gmem0_m_axi_srl' (0#1) [/home/johan2/Documents/fpga/zynq-pynq-gnss-receiver/vitis_workspace/gnss_correlator_hls/gnss_correlator_hls/hls/impl/verilog/project.gen/sources_1/bd/bd_0/ipshared/6d45/hdl/verilog/gnss_correlator_gmem0_m_axi.v:2370]
INFO: [Synth 8-6155] done synthesizing module 'gnss_correlator_gmem0_m_axi_fifo' (0#1) [/home/johan2/Documents/fpga/zynq-pynq-gnss-receiver/vitis_workspace/gnss_correlator_hls/gnss_correlator_hls/hls/impl/verilog/project.gen/sources_1/bd/bd_0/ipshared/6d45/hdl/verilog/gnss_correlator_gmem0_m_axi.v:2157]
INFO: [Synth 8-6157] synthesizing module 'gnss_correlator_gmem0_m_axi_fifo__parameterized0' [/home/johan2/Documents/fpga/zynq-pynq-gnss-receiver/vitis_workspace/gnss_correlator_hls/gnss_correlator_hls/hls/impl/verilog/project.gen/sources_1/bd/bd_0/ipshared/6d45/hdl/verilog/gnss_correlator_gmem0_m_axi.v:2157]
INFO: [Synth 8-6157] synthesizing module 'gnss_correlator_gmem0_m_axi_mem' [/home/johan2/Documents/fpga/zynq-pynq-gnss-receiver/vitis_workspace/gnss_correlator_hls/gnss_correlator_hls/hls/impl/verilog/project.gen/sources_1/bd/bd_0/ipshared/6d45/hdl/verilog/gnss_correlator_gmem0_m_axi.v:2410]
INFO: [Synth 8-6155] done synthesizing module 'gnss_correlator_gmem0_m_axi_mem' (0#1) [/home/johan2/Documents/fpga/zynq-pynq-gnss-receiver/vitis_workspace/gnss_correlator_hls/gnss_correlator_hls/hls/impl/verilog/project.gen/sources_1/bd/bd_0/ipshared/6d45/hdl/verilog/gnss_correlator_gmem0_m_axi.v:2410]
INFO: [Synth 8-6155] done synthesizing module 'gnss_correlator_gmem0_m_axi_fifo__parameterized0' (0#1) [/home/johan2/Documents/fpga/zynq-pynq-gnss-receiver/vitis_workspace/gnss_correlator_hls/gnss_correlator_hls/hls/impl/verilog/project.gen/sources_1/bd/bd_0/ipshared/6d45/hdl/verilog/gnss_correlator_gmem0_m_axi.v:2157]
INFO: [Synth 8-6155] done synthesizing module 'gnss_correlator_gmem0_m_axi_load' (0#1) [/home/johan2/Documents/fpga/zynq-pynq-gnss-receiver/vitis_workspace/gnss_correlator_hls/gnss_correlator_hls/hls/impl/verilog/project.gen/sources_1/bd/bd_0/ipshared/6d45/hdl/verilog/gnss_correlator_gmem0_m_axi.v:284]
INFO: [Synth 8-6157] synthesizing module 'gnss_correlator_gmem0_m_axi_read' [/home/johan2/Documents/fpga/zynq-pynq-gnss-receiver/vitis_workspace/gnss_correlator_hls/gnss_correlator_hls/hls/impl/verilog/project.gen/sources_1/bd/bd_0/ipshared/6d45/hdl/verilog/gnss_correlator_gmem0_m_axi.v:796]
INFO: [Synth 8-6157] synthesizing module 'gnss_correlator_gmem0_m_axi_fifo__parameterized1' [/home/johan2/Documents/fpga/zynq-pynq-gnss-receiver/vitis_workspace/gnss_correlator_hls/gnss_correlator_hls/hls/impl/verilog/project.gen/sources_1/bd/bd_0/ipshared/6d45/hdl/verilog/gnss_correlator_gmem0_m_axi.v:2157]
INFO: [Synth 8-6157] synthesizing module 'gnss_correlator_gmem0_m_axi_srl__parameterized0' [/home/johan2/Documents/fpga/zynq-pynq-gnss-receiver/vitis_workspace/gnss_correlator_hls/gnss_correlator_hls/hls/impl/verilog/project.gen/sources_1/bd/bd_0/ipshared/6d45/hdl/verilog/gnss_correlator_gmem0_m_axi.v:2370]
INFO: [Synth 8-6155] done synthesizing module 'gnss_correlator_gmem0_m_axi_srl__parameterized0' (0#1) [/home/johan2/Documents/fpga/zynq-pynq-gnss-receiver/vitis_workspace/gnss_correlator_hls/gnss_correlator_hls/hls/impl/verilog/project.gen/sources_1/bd/bd_0/ipshared/6d45/hdl/verilog/gnss_correlator_gmem0_m_axi.v:2370]
INFO: [Synth 8-6155] done synthesizing module 'gnss_correlator_gmem0_m_axi_fifo__parameterized1' (0#1) [/home/johan2/Documents/fpga/zynq-pynq-gnss-receiver/vitis_workspace/gnss_correlator_hls/gnss_correlator_hls/hls/impl/verilog/project.gen/sources_1/bd/bd_0/ipshared/6d45/hdl/verilog/gnss_correlator_gmem0_m_axi.v:2157]
INFO: [Synth 8-6157] synthesizing module 'gnss_correlator_gmem0_m_axi_burst_converter' [/home/johan2/Documents/fpga/zynq-pynq-gnss-receiver/vitis_workspace/gnss_correlator_hls/gnss_correlator_hls/hls/impl/verilog/project.gen/sources_1/bd/bd_0/ipshared/6d45/hdl/verilog/gnss_correlator_gmem0_m_axi.v:1050]
INFO: [Synth 8-6157] synthesizing module 'gnss_correlator_gmem0_m_axi_burst_sequential' [/home/johan2/Documents/fpga/zynq-pynq-gnss-receiver/vitis_workspace/gnss_correlator_hls/gnss_correlator_hls/hls/impl/verilog/project.gen/sources_1/bd/bd_0/ipshared/6d45/hdl/verilog/gnss_correlator_gmem0_m_axi.v:1656]
INFO: [Synth 8-6157] synthesizing module 'gnss_correlator_gmem0_m_axi_reg_slice' [/home/johan2/Documents/fpga/zynq-pynq-gnss-receiver/vitis_workspace/gnss_correlator_hls/gnss_correlator_hls/hls/impl/verilog/project.gen/sources_1/bd/bd_0/ipshared/6d45/hdl/verilog/gnss_correlator_gmem0_m_axi.v:2053]
INFO: [Synth 8-6155] done synthesizing module 'gnss_correlator_gmem0_m_axi_reg_slice' (0#1) [/home/johan2/Documents/fpga/zynq-pynq-gnss-receiver/vitis_workspace/gnss_correlator_hls/gnss_correlator_hls/hls/impl/verilog/project.gen/sources_1/bd/bd_0/ipshared/6d45/hdl/verilog/gnss_correlator_gmem0_m_axi.v:2053]
INFO: [Synth 8-6155] done synthesizing module 'gnss_correlator_gmem0_m_axi_burst_sequential' (0#1) [/home/johan2/Documents/fpga/zynq-pynq-gnss-receiver/vitis_workspace/gnss_correlator_hls/gnss_correlator_hls/hls/impl/verilog/project.gen/sources_1/bd/bd_0/ipshared/6d45/hdl/verilog/gnss_correlator_gmem0_m_axi.v:1656]
INFO: [Synth 8-6155] done synthesizing module 'gnss_correlator_gmem0_m_axi_burst_converter' (0#1) [/home/johan2/Documents/fpga/zynq-pynq-gnss-receiver/vitis_workspace/gnss_correlator_hls/gnss_correlator_hls/hls/impl/verilog/project.gen/sources_1/bd/bd_0/ipshared/6d45/hdl/verilog/gnss_correlator_gmem0_m_axi.v:1050]
INFO: [Synth 8-6157] synthesizing module 'gnss_correlator_gmem0_m_axi_reg_slice__parameterized0' [/home/johan2/Documents/fpga/zynq-pynq-gnss-receiver/vitis_workspace/gnss_correlator_hls/gnss_correlator_hls/hls/impl/verilog/project.gen/sources_1/bd/bd_0/ipshared/6d45/hdl/verilog/gnss_correlator_gmem0_m_axi.v:2053]
INFO: [Synth 8-6155] done synthesizing module 'gnss_correlator_gmem0_m_axi_reg_slice__parameterized0' (0#1) [/home/johan2/Documents/fpga/zynq-pynq-gnss-receiver/vitis_workspace/gnss_correlator_hls/gnss_correlator_hls/hls/impl/verilog/project.gen/sources_1/bd/bd_0/ipshared/6d45/hdl/verilog/gnss_correlator_gmem0_m_axi.v:2053]
INFO: [Synth 8-6155] done synthesizing module 'gnss_correlator_gmem0_m_axi_read' (0#1) [/home/johan2/Documents/fpga/zynq-pynq-gnss-receiver/vitis_workspace/gnss_correlator_hls/gnss_correlator_hls/hls/impl/verilog/project.gen/sources_1/bd/bd_0/ipshared/6d45/hdl/verilog/gnss_correlator_gmem0_m_axi.v:796]
INFO: [Synth 8-6155] done synthesizing module 'gnss_correlator_gmem0_m_axi' (0#1) [/home/johan2/Documents/fpga/zynq-pynq-gnss-receiver/vitis_workspace/gnss_correlator_hls/gnss_correlator_hls/hls/impl/verilog/project.gen/sources_1/bd/bd_0/ipshared/6d45/hdl/verilog/gnss_correlator_gmem0_m_axi.v:9]
INFO: [Synth 8-6157] synthesizing module 'gnss_correlator_gmem1_m_axi' [/home/johan2/Documents/fpga/zynq-pynq-gnss-receiver/vitis_workspace/gnss_correlator_hls/gnss_correlator_hls/hls/impl/verilog/project.gen/sources_1/bd/bd_0/ipshared/6d45/hdl/verilog/gnss_correlator_gmem1_m_axi.v:9]
INFO: [Synth 8-6157] synthesizing module 'gnss_correlator_gmem1_m_axi_load' [/home/johan2/Documents/fpga/zynq-pynq-gnss-receiver/vitis_workspace/gnss_correlator_hls/gnss_correlator_hls/hls/impl/verilog/project.gen/sources_1/bd/bd_0/ipshared/6d45/hdl/verilog/gnss_correlator_gmem1_m_axi.v:284]
INFO: [Synth 8-6157] synthesizing module 'gnss_correlator_gmem1_m_axi_fifo' [/home/johan2/Documents/fpga/zynq-pynq-gnss-receiver/vitis_workspace/gnss_correlator_hls/gnss_correlator_hls/hls/impl/verilog/project.gen/sources_1/bd/bd_0/ipshared/6d45/hdl/verilog/gnss_correlator_gmem1_m_axi.v:2157]
INFO: [Synth 8-6157] synthesizing module 'gnss_correlator_gmem1_m_axi_srl' [/home/johan2/Documents/fpga/zynq-pynq-gnss-receiver/vitis_workspace/gnss_correlator_hls/gnss_correlator_hls/hls/impl/verilog/project.gen/sources_1/bd/bd_0/ipshared/6d45/hdl/verilog/gnss_correlator_gmem1_m_axi.v:2370]
INFO: [Synth 8-6155] done synthesizing module 'gnss_correlator_gmem1_m_axi_srl' (0#1) [/home/johan2/Documents/fpga/zynq-pynq-gnss-receiver/vitis_workspace/gnss_correlator_hls/gnss_correlator_hls/hls/impl/verilog/project.gen/sources_1/bd/bd_0/ipshared/6d45/hdl/verilog/gnss_correlator_gmem1_m_axi.v:2370]
INFO: [Synth 8-6155] done synthesizing module 'gnss_correlator_gmem1_m_axi_fifo' (0#1) [/home/johan2/Documents/fpga/zynq-pynq-gnss-receiver/vitis_workspace/gnss_correlator_hls/gnss_correlator_hls/hls/impl/verilog/project.gen/sources_1/bd/bd_0/ipshared/6d45/hdl/verilog/gnss_correlator_gmem1_m_axi.v:2157]
INFO: [Synth 8-6157] synthesizing module 'gnss_correlator_gmem1_m_axi_fifo__parameterized0' [/home/johan2/Documents/fpga/zynq-pynq-gnss-receiver/vitis_workspace/gnss_correlator_hls/gnss_correlator_hls/hls/impl/verilog/project.gen/sources_1/bd/bd_0/ipshared/6d45/hdl/verilog/gnss_correlator_gmem1_m_axi.v:2157]
INFO: [Synth 8-6157] synthesizing module 'gnss_correlator_gmem1_m_axi_mem' [/home/johan2/Documents/fpga/zynq-pynq-gnss-receiver/vitis_workspace/gnss_correlator_hls/gnss_correlator_hls/hls/impl/verilog/project.gen/sources_1/bd/bd_0/ipshared/6d45/hdl/verilog/gnss_correlator_gmem1_m_axi.v:2410]
INFO: [Synth 8-6155] done synthesizing module 'gnss_correlator_gmem1_m_axi_mem' (0#1) [/home/johan2/Documents/fpga/zynq-pynq-gnss-receiver/vitis_workspace/gnss_correlator_hls/gnss_correlator_hls/hls/impl/verilog/project.gen/sources_1/bd/bd_0/ipshared/6d45/hdl/verilog/gnss_correlator_gmem1_m_axi.v:2410]
INFO: [Synth 8-6155] done synthesizing module 'gnss_correlator_gmem1_m_axi_fifo__parameterized0' (0#1) [/home/johan2/Documents/fpga/zynq-pynq-gnss-receiver/vitis_workspace/gnss_correlator_hls/gnss_correlator_hls/hls/impl/verilog/project.gen/sources_1/bd/bd_0/ipshared/6d45/hdl/verilog/gnss_correlator_gmem1_m_axi.v:2157]
INFO: [Synth 8-6155] done synthesizing module 'gnss_correlator_gmem1_m_axi_load' (0#1) [/home/johan2/Documents/fpga/zynq-pynq-gnss-receiver/vitis_workspace/gnss_correlator_hls/gnss_correlator_hls/hls/impl/verilog/project.gen/sources_1/bd/bd_0/ipshared/6d45/hdl/verilog/gnss_correlator_gmem1_m_axi.v:284]
INFO: [Synth 8-6157] synthesizing module 'gnss_correlator_gmem1_m_axi_read' [/home/johan2/Documents/fpga/zynq-pynq-gnss-receiver/vitis_workspace/gnss_correlator_hls/gnss_correlator_hls/hls/impl/verilog/project.gen/sources_1/bd/bd_0/ipshared/6d45/hdl/verilog/gnss_correlator_gmem1_m_axi.v:796]
INFO: [Synth 8-6157] synthesizing module 'gnss_correlator_gmem1_m_axi_fifo__parameterized1' [/home/johan2/Documents/fpga/zynq-pynq-gnss-receiver/vitis_workspace/gnss_correlator_hls/gnss_correlator_hls/hls/impl/verilog/project.gen/sources_1/bd/bd_0/ipshared/6d45/hdl/verilog/gnss_correlator_gmem1_m_axi.v:2157]
INFO: [Synth 8-6157] synthesizing module 'gnss_correlator_gmem1_m_axi_srl__parameterized0' [/home/johan2/Documents/fpga/zynq-pynq-gnss-receiver/vitis_workspace/gnss_correlator_hls/gnss_correlator_hls/hls/impl/verilog/project.gen/sources_1/bd/bd_0/ipshared/6d45/hdl/verilog/gnss_correlator_gmem1_m_axi.v:2370]
INFO: [Synth 8-6155] done synthesizing module 'gnss_correlator_gmem1_m_axi_srl__parameterized0' (0#1) [/home/johan2/Documents/fpga/zynq-pynq-gnss-receiver/vitis_workspace/gnss_correlator_hls/gnss_correlator_hls/hls/impl/verilog/project.gen/sources_1/bd/bd_0/ipshared/6d45/hdl/verilog/gnss_correlator_gmem1_m_axi.v:2370]
INFO: [Synth 8-6155] done synthesizing module 'gnss_correlator_gmem1_m_axi_fifo__parameterized1' (0#1) [/home/johan2/Documents/fpga/zynq-pynq-gnss-receiver/vitis_workspace/gnss_correlator_hls/gnss_correlator_hls/hls/impl/verilog/project.gen/sources_1/bd/bd_0/ipshared/6d45/hdl/verilog/gnss_correlator_gmem1_m_axi.v:2157]
INFO: [Synth 8-6157] synthesizing module 'gnss_correlator_gmem1_m_axi_burst_converter' [/home/johan2/Documents/fpga/zynq-pynq-gnss-receiver/vitis_workspace/gnss_correlator_hls/gnss_correlator_hls/hls/impl/verilog/project.gen/sources_1/bd/bd_0/ipshared/6d45/hdl/verilog/gnss_correlator_gmem1_m_axi.v:1050]
INFO: [Synth 8-6157] synthesizing module 'gnss_correlator_gmem1_m_axi_burst_sequential' [/home/johan2/Documents/fpga/zynq-pynq-gnss-receiver/vitis_workspace/gnss_correlator_hls/gnss_correlator_hls/hls/impl/verilog/project.gen/sources_1/bd/bd_0/ipshared/6d45/hdl/verilog/gnss_correlator_gmem1_m_axi.v:1656]
INFO: [Synth 8-6157] synthesizing module 'gnss_correlator_gmem1_m_axi_reg_slice' [/home/johan2/Documents/fpga/zynq-pynq-gnss-receiver/vitis_workspace/gnss_correlator_hls/gnss_correlator_hls/hls/impl/verilog/project.gen/sources_1/bd/bd_0/ipshared/6d45/hdl/verilog/gnss_correlator_gmem1_m_axi.v:2053]
INFO: [Synth 8-6155] done synthesizing module 'gnss_correlator_gmem1_m_axi_reg_slice' (0#1) [/home/johan2/Documents/fpga/zynq-pynq-gnss-receiver/vitis_workspace/gnss_correlator_hls/gnss_correlator_hls/hls/impl/verilog/project.gen/sources_1/bd/bd_0/ipshared/6d45/hdl/verilog/gnss_correlator_gmem1_m_axi.v:2053]
INFO: [Synth 8-6155] done synthesizing module 'gnss_correlator_gmem1_m_axi_burst_sequential' (0#1) [/home/johan2/Documents/fpga/zynq-pynq-gnss-receiver/vitis_workspace/gnss_correlator_hls/gnss_correlator_hls/hls/impl/verilog/project.gen/sources_1/bd/bd_0/ipshared/6d45/hdl/verilog/gnss_correlator_gmem1_m_axi.v:1656]
INFO: [Synth 8-6155] done synthesizing module 'gnss_correlator_gmem1_m_axi_burst_converter' (0#1) [/home/johan2/Documents/fpga/zynq-pynq-gnss-receiver/vitis_workspace/gnss_correlator_hls/gnss_correlator_hls/hls/impl/verilog/project.gen/sources_1/bd/bd_0/ipshared/6d45/hdl/verilog/gnss_correlator_gmem1_m_axi.v:1050]
INFO: [Synth 8-6157] synthesizing module 'gnss_correlator_gmem1_m_axi_reg_slice__parameterized0' [/home/johan2/Documents/fpga/zynq-pynq-gnss-receiver/vitis_workspace/gnss_correlator_hls/gnss_correlator_hls/hls/impl/verilog/project.gen/sources_1/bd/bd_0/ipshared/6d45/hdl/verilog/gnss_correlator_gmem1_m_axi.v:2053]
INFO: [Synth 8-6155] done synthesizing module 'gnss_correlator_gmem1_m_axi_reg_slice__parameterized0' (0#1) [/home/johan2/Documents/fpga/zynq-pynq-gnss-receiver/vitis_workspace/gnss_correlator_hls/gnss_correlator_hls/hls/impl/verilog/project.gen/sources_1/bd/bd_0/ipshared/6d45/hdl/verilog/gnss_correlator_gmem1_m_axi.v:2053]
INFO: [Synth 8-6155] done synthesizing module 'gnss_correlator_gmem1_m_axi_read' (0#1) [/home/johan2/Documents/fpga/zynq-pynq-gnss-receiver/vitis_workspace/gnss_correlator_hls/gnss_correlator_hls/hls/impl/verilog/project.gen/sources_1/bd/bd_0/ipshared/6d45/hdl/verilog/gnss_correlator_gmem1_m_axi.v:796]
INFO: [Synth 8-6155] done synthesizing module 'gnss_correlator_gmem1_m_axi' (0#1) [/home/johan2/Documents/fpga/zynq-pynq-gnss-receiver/vitis_workspace/gnss_correlator_hls/gnss_correlator_hls/hls/impl/verilog/project.gen/sources_1/bd/bd_0/ipshared/6d45/hdl/verilog/gnss_correlator_gmem1_m_axi.v:9]
INFO: [Synth 8-6157] synthesizing module 'gnss_correlator_faddfsub_32ns_32ns_32_5_full_dsp_1' [/home/johan2/Documents/fpga/zynq-pynq-gnss-receiver/vitis_workspace/gnss_correlator_hls/gnss_correlator_hls/hls/impl/verilog/project.gen/sources_1/bd/bd_0/ipshared/6d45/hdl/verilog/gnss_correlator_faddfsub_32ns_32ns_32_5_full_dsp_1.v:9]
INFO: [Synth 8-638] synthesizing module 'gnss_correlator_faddfsub_32ns_32ns_32_5_full_dsp_1_ip' [/home/johan2/Documents/fpga/zynq-pynq-gnss-receiver/vitis_workspace/gnss_correlator_hls/gnss_correlator_hls/hls/impl/verilog/project.gen/sources_1/bd/bd_0/ip/bd_0_hls_inst_0/hdl/ip/gnss_correlator_faddfsub_32ns_32ns_32_5_full_dsp_1_ip/synth/gnss_correlator_faddfsub_32ns_32ns_32_5_full_dsp_1_ip.vhd:74]
	Parameter C_XDEVICEFAMILY bound to: zynq - type: string 
	Parameter C_PART bound to: xc7z020clg484-1 - type: string 
	Parameter C_HAS_ADD bound to: 1 - type: integer 
	Parameter C_HAS_SUBTRACT bound to: 1 - type: integer 
	Parameter C_HAS_MULTIPLY bound to: 0 - type: integer 
	Parameter C_HAS_DIVIDE bound to: 0 - type: integer 
	Parameter C_HAS_SQRT bound to: 0 - type: integer 
	Parameter C_HAS_COMPARE bound to: 0 - type: integer 
	Parameter C_HAS_FIX_TO_FLT bound to: 0 - type: integer 
	Parameter C_HAS_FLT_TO_FIX bound to: 0 - type: integer 
	Parameter C_HAS_FLT_TO_FLT bound to: 0 - type: integer 
	Parameter C_HAS_RECIP bound to: 0 - type: integer 
	Parameter C_HAS_RECIP_SQRT bound to: 0 - type: integer 
	Parameter C_HAS_ABSOLUTE bound to: 0 - type: integer 
	Parameter C_HAS_LOGARITHM bound to: 0 - type: integer 
	Parameter C_HAS_EXPONENTIAL bound to: 0 - type: integer 
	Parameter C_HAS_FMA bound to: 0 - type: integer 
	Parameter C_HAS_FMS bound to: 0 - type: integer 
	Parameter C_HAS_UNFUSED_MULTIPLY_ADD bound to: 0 - type: integer 
	Parameter C_HAS_UNFUSED_MULTIPLY_SUB bound to: 0 - type: integer 
	Parameter C_HAS_UNFUSED_MULTIPLY_ACCUMULATOR_A bound to: 0 - type: integer 
	Parameter C_HAS_UNFUSED_MULTIPLY_ACCUMULATOR_S bound to: 0 - type: integer 
	Parameter C_HAS_ACCUMULATOR_A bound to: 0 - type: integer 
	Parameter C_HAS_ACCUMULATOR_S bound to: 0 - type: integer 
	Parameter C_HAS_ACCUMULATOR_PRIMITIVE_A bound to: 0 - type: integer 
	Parameter C_HAS_ACCUMULATOR_PRIMITIVE_S bound to: 0 - type: integer 
	Parameter C_A_WIDTH bound to: 32 - type: integer 
	Parameter C_A_FRACTION_WIDTH bound to: 24 - type: integer 
	Parameter C_B_WIDTH bound to: 32 - type: integer 
	Parameter C_B_FRACTION_WIDTH bound to: 24 - type: integer 
	Parameter C_C_WIDTH bound to: 32 - type: integer 
	Parameter C_C_FRACTION_WIDTH bound to: 24 - type: integer 
	Parameter C_RESULT_WIDTH bound to: 32 - type: integer 
	Parameter C_RESULT_FRACTION_WIDTH bound to: 24 - type: integer 
	Parameter C_COMPARE_OPERATION bound to: 8 - type: integer 
	Parameter C_LATENCY bound to: 3 - type: integer 
	Parameter C_OPTIMIZATION bound to: 1 - type: integer 
	Parameter C_MULT_USAGE bound to: 2 - type: integer 
	Parameter C_BRAM_USAGE bound to: 0 - type: integer 
	Parameter C_RATE bound to: 1 - type: integer 
	Parameter C_ACCUM_INPUT_MSB bound to: 32 - type: integer 
	Parameter C_ACCUM_MSB bound to: 32 - type: integer 
	Parameter C_ACCUM_LSB bound to: -31 - type: integer 
	Parameter C_HAS_UNDERFLOW bound to: 0 - type: integer 
	Parameter C_HAS_OVERFLOW bound to: 0 - type: integer 
	Parameter C_HAS_INVALID_OP bound to: 0 - type: integer 
	Parameter C_HAS_DIVIDE_BY_ZERO bound to: 0 - type: integer 
	Parameter C_HAS_ACCUM_OVERFLOW bound to: 0 - type: integer 
	Parameter C_HAS_ACCUM_INPUT_OVERFLOW bound to: 0 - type: integer 
	Parameter C_HAS_ACLKEN bound to: 1 - type: integer 
	Parameter C_HAS_ARESETN bound to: 0 - type: integer 
	Parameter C_THROTTLE_SCHEME bound to: 3 - type: integer 
	Parameter C_HAS_A_TUSER bound to: 0 - type: integer 
	Parameter C_HAS_A_TLAST bound to: 0 - type: integer 
	Parameter C_HAS_B bound to: 1 - type: integer 
	Parameter C_HAS_B_TUSER bound to: 0 - type: integer 
	Parameter C_HAS_B_TLAST bound to: 0 - type: integer 
	Parameter C_HAS_C bound to: 0 - type: integer 
	Parameter C_HAS_C_TUSER bound to: 0 - type: integer 
	Parameter C_HAS_C_TLAST bound to: 0 - type: integer 
	Parameter C_HAS_OPERATION bound to: 1 - type: integer 
	Parameter C_HAS_OPERATION_TUSER bound to: 0 - type: integer 
	Parameter C_HAS_OPERATION_TLAST bound to: 0 - type: integer 
	Parameter C_HAS_RESULT_TUSER bound to: 0 - type: integer 
	Parameter C_HAS_RESULT_TLAST bound to: 0 - type: integer 
	Parameter C_TLAST_RESOLUTION bound to: 0 - type: integer 
	Parameter C_A_TDATA_WIDTH bound to: 32 - type: integer 
	Parameter C_A_TUSER_WIDTH bound to: 1 - type: integer 
	Parameter C_B_TDATA_WIDTH bound to: 32 - type: integer 
	Parameter C_B_TUSER_WIDTH bound to: 1 - type: integer 
	Parameter C_C_TDATA_WIDTH bound to: 32 - type: integer 
	Parameter C_C_TUSER_WIDTH bound to: 1 - type: integer 
	Parameter C_OPERATION_TDATA_WIDTH bound to: 8 - type: integer 
	Parameter C_OPERATION_TUSER_WIDTH bound to: 1 - type: integer 
	Parameter C_RESULT_TDATA_WIDTH bound to: 32 - type: integer 
	Parameter C_RESULT_TUSER_WIDTH bound to: 1 - type: integer 
	Parameter C_FIXED_DATA_UNSIGNED bound to: 0 - type: integer 
INFO: [Synth 8-3491] module 'floating_point_v7_1_21' declared at '/home/johan2/Documents/fpga/zynq-pynq-gnss-receiver/vitis_workspace/gnss_correlator_hls/gnss_correlator_hls/hls/impl/verilog/project.gen/sources_1/bd/bd_0/ip/bd_0_hls_inst_0/hdl/ip/gnss_correlator_fmul_32ns_32ns_32_4_max_dsp_1_ip/hdl/floating_point_v7_1_vh_rfs.vhd:93266' bound to instance 'U0' of component 'floating_point_v7_1_21' [/home/johan2/Documents/fpga/zynq-pynq-gnss-receiver/vitis_workspace/gnss_correlator_hls/gnss_correlator_hls/hls/impl/verilog/project.gen/sources_1/bd/bd_0/ip/bd_0_hls_inst_0/hdl/ip/gnss_correlator_faddfsub_32ns_32ns_32_5_full_dsp_1_ip/synth/gnss_correlator_faddfsub_32ns_32ns_32_5_full_dsp_1_ip.vhd:223]
INFO: [Synth 8-256] done synthesizing module 'gnss_correlator_faddfsub_32ns_32ns_32_5_full_dsp_1_ip' (0#1) [/home/johan2/Documents/fpga/zynq-pynq-gnss-receiver/vitis_workspace/gnss_correlator_hls/gnss_correlator_hls/hls/impl/verilog/project.gen/sources_1/bd/bd_0/ip/bd_0_hls_inst_0/hdl/ip/gnss_correlator_faddfsub_32ns_32ns_32_5_full_dsp_1_ip/synth/gnss_correlator_faddfsub_32ns_32ns_32_5_full_dsp_1_ip.vhd:74]
INFO: [Synth 8-6155] done synthesizing module 'gnss_correlator_faddfsub_32ns_32ns_32_5_full_dsp_1' (0#1) [/home/johan2/Documents/fpga/zynq-pynq-gnss-receiver/vitis_workspace/gnss_correlator_hls/gnss_correlator_hls/hls/impl/verilog/project.gen/sources_1/bd/bd_0/ipshared/6d45/hdl/verilog/gnss_correlator_faddfsub_32ns_32ns_32_5_full_dsp_1.v:9]
INFO: [Synth 8-6157] synthesizing module 'gnss_correlator_fadd_32ns_32ns_32_2_full_dsp_1' [/home/johan2/Documents/fpga/zynq-pynq-gnss-receiver/vitis_workspace/gnss_correlator_hls/gnss_correlator_hls/hls/impl/verilog/project.gen/sources_1/bd/bd_0/ipshared/6d45/hdl/verilog/gnss_correlator_fadd_32ns_32ns_32_2_full_dsp_1.v:9]
INFO: [Synth 8-638] synthesizing module 'gnss_correlator_fadd_32ns_32ns_32_2_full_dsp_1_ip' [/home/johan2/Documents/fpga/zynq-pynq-gnss-receiver/vitis_workspace/gnss_correlator_hls/gnss_correlator_hls/hls/impl/verilog/project.gen/sources_1/bd/bd_0/ip/bd_0_hls_inst_0/hdl/ip/gnss_correlator_fadd_32ns_32ns_32_2_full_dsp_1_ip/synth/gnss_correlator_fadd_32ns_32ns_32_2_full_dsp_1_ip.vhd:70]
	Parameter C_XDEVICEFAMILY bound to: zynq - type: string 
	Parameter C_PART bound to: xc7z020clg484-1 - type: string 
	Parameter C_HAS_ADD bound to: 1 - type: integer 
	Parameter C_HAS_SUBTRACT bound to: 0 - type: integer 
	Parameter C_HAS_MULTIPLY bound to: 0 - type: integer 
	Parameter C_HAS_DIVIDE bound to: 0 - type: integer 
	Parameter C_HAS_SQRT bound to: 0 - type: integer 
	Parameter C_HAS_COMPARE bound to: 0 - type: integer 
	Parameter C_HAS_FIX_TO_FLT bound to: 0 - type: integer 
	Parameter C_HAS_FLT_TO_FIX bound to: 0 - type: integer 
	Parameter C_HAS_FLT_TO_FLT bound to: 0 - type: integer 
	Parameter C_HAS_RECIP bound to: 0 - type: integer 
	Parameter C_HAS_RECIP_SQRT bound to: 0 - type: integer 
	Parameter C_HAS_ABSOLUTE bound to: 0 - type: integer 
	Parameter C_HAS_LOGARITHM bound to: 0 - type: integer 
	Parameter C_HAS_EXPONENTIAL bound to: 0 - type: integer 
	Parameter C_HAS_FMA bound to: 0 - type: integer 
	Parameter C_HAS_FMS bound to: 0 - type: integer 
	Parameter C_HAS_UNFUSED_MULTIPLY_ADD bound to: 0 - type: integer 
	Parameter C_HAS_UNFUSED_MULTIPLY_SUB bound to: 0 - type: integer 
	Parameter C_HAS_UNFUSED_MULTIPLY_ACCUMULATOR_A bound to: 0 - type: integer 
	Parameter C_HAS_UNFUSED_MULTIPLY_ACCUMULATOR_S bound to: 0 - type: integer 
	Parameter C_HAS_ACCUMULATOR_A bound to: 0 - type: integer 
	Parameter C_HAS_ACCUMULATOR_S bound to: 0 - type: integer 
	Parameter C_HAS_ACCUMULATOR_PRIMITIVE_A bound to: 0 - type: integer 
	Parameter C_HAS_ACCUMULATOR_PRIMITIVE_S bound to: 0 - type: integer 
	Parameter C_A_WIDTH bound to: 32 - type: integer 
	Parameter C_A_FRACTION_WIDTH bound to: 24 - type: integer 
	Parameter C_B_WIDTH bound to: 32 - type: integer 
	Parameter C_B_FRACTION_WIDTH bound to: 24 - type: integer 
	Parameter C_C_WIDTH bound to: 32 - type: integer 
	Parameter C_C_FRACTION_WIDTH bound to: 24 - type: integer 
	Parameter C_RESULT_WIDTH bound to: 32 - type: integer 
	Parameter C_RESULT_FRACTION_WIDTH bound to: 24 - type: integer 
	Parameter C_COMPARE_OPERATION bound to: 8 - type: integer 
	Parameter C_LATENCY bound to: 0 - type: integer 
	Parameter C_OPTIMIZATION bound to: 1 - type: integer 
	Parameter C_MULT_USAGE bound to: 2 - type: integer 
	Parameter C_BRAM_USAGE bound to: 0 - type: integer 
	Parameter C_RATE bound to: 1 - type: integer 
	Parameter C_ACCUM_INPUT_MSB bound to: 32 - type: integer 
	Parameter C_ACCUM_MSB bound to: 32 - type: integer 
	Parameter C_ACCUM_LSB bound to: -31 - type: integer 
	Parameter C_HAS_UNDERFLOW bound to: 0 - type: integer 
	Parameter C_HAS_OVERFLOW bound to: 0 - type: integer 
	Parameter C_HAS_INVALID_OP bound to: 0 - type: integer 
	Parameter C_HAS_DIVIDE_BY_ZERO bound to: 0 - type: integer 
	Parameter C_HAS_ACCUM_OVERFLOW bound to: 0 - type: integer 
	Parameter C_HAS_ACCUM_INPUT_OVERFLOW bound to: 0 - type: integer 
	Parameter C_HAS_ACLKEN bound to: 0 - type: integer 
	Parameter C_HAS_ARESETN bound to: 0 - type: integer 
	Parameter C_THROTTLE_SCHEME bound to: 3 - type: integer 
	Parameter C_HAS_A_TUSER bound to: 0 - type: integer 
	Parameter C_HAS_A_TLAST bound to: 0 - type: integer 
	Parameter C_HAS_B bound to: 1 - type: integer 
	Parameter C_HAS_B_TUSER bound to: 0 - type: integer 
	Parameter C_HAS_B_TLAST bound to: 0 - type: integer 
	Parameter C_HAS_C bound to: 0 - type: integer 
	Parameter C_HAS_C_TUSER bound to: 0 - type: integer 
	Parameter C_HAS_C_TLAST bound to: 0 - type: integer 
	Parameter C_HAS_OPERATION bound to: 0 - type: integer 
	Parameter C_HAS_OPERATION_TUSER bound to: 0 - type: integer 
	Parameter C_HAS_OPERATION_TLAST bound to: 0 - type: integer 
	Parameter C_HAS_RESULT_TUSER bound to: 0 - type: integer 
	Parameter C_HAS_RESULT_TLAST bound to: 0 - type: integer 
	Parameter C_TLAST_RESOLUTION bound to: 0 - type: integer 
	Parameter C_A_TDATA_WIDTH bound to: 32 - type: integer 
	Parameter C_A_TUSER_WIDTH bound to: 1 - type: integer 
	Parameter C_B_TDATA_WIDTH bound to: 32 - type: integer 
	Parameter C_B_TUSER_WIDTH bound to: 1 - type: integer 
	Parameter C_C_TDATA_WIDTH bound to: 32 - type: integer 
	Parameter C_C_TUSER_WIDTH bound to: 1 - type: integer 
	Parameter C_OPERATION_TDATA_WIDTH bound to: 8 - type: integer 
	Parameter C_OPERATION_TUSER_WIDTH bound to: 1 - type: integer 
	Parameter C_RESULT_TDATA_WIDTH bound to: 32 - type: integer 
	Parameter C_RESULT_TUSER_WIDTH bound to: 1 - type: integer 
	Parameter C_FIXED_DATA_UNSIGNED bound to: 0 - type: integer 
INFO: [Synth 8-3491] module 'floating_point_v7_1_21' declared at '/home/johan2/Documents/fpga/zynq-pynq-gnss-receiver/vitis_workspace/gnss_correlator_hls/gnss_correlator_hls/hls/impl/verilog/project.gen/sources_1/bd/bd_0/ip/bd_0_hls_inst_0/hdl/ip/gnss_correlator_fmul_32ns_32ns_32_4_max_dsp_1_ip/hdl/floating_point_v7_1_vh_rfs.vhd:93266' bound to instance 'U0' of component 'floating_point_v7_1_21' [/home/johan2/Documents/fpga/zynq-pynq-gnss-receiver/vitis_workspace/gnss_correlator_hls/gnss_correlator_hls/hls/impl/verilog/project.gen/sources_1/bd/bd_0/ip/bd_0_hls_inst_0/hdl/ip/gnss_correlator_fadd_32ns_32ns_32_2_full_dsp_1_ip/synth/gnss_correlator_fadd_32ns_32ns_32_2_full_dsp_1_ip.vhd:209]
INFO: [Synth 8-256] done synthesizing module 'gnss_correlator_fadd_32ns_32ns_32_2_full_dsp_1_ip' (0#1) [/home/johan2/Documents/fpga/zynq-pynq-gnss-receiver/vitis_workspace/gnss_correlator_hls/gnss_correlator_hls/hls/impl/verilog/project.gen/sources_1/bd/bd_0/ip/bd_0_hls_inst_0/hdl/ip/gnss_correlator_fadd_32ns_32ns_32_2_full_dsp_1_ip/synth/gnss_correlator_fadd_32ns_32ns_32_2_full_dsp_1_ip.vhd:70]
INFO: [Synth 8-6155] done synthesizing module 'gnss_correlator_fadd_32ns_32ns_32_2_full_dsp_1' (0#1) [/home/johan2/Documents/fpga/zynq-pynq-gnss-receiver/vitis_workspace/gnss_correlator_hls/gnss_correlator_hls/hls/impl/verilog/project.gen/sources_1/bd/bd_0/ipshared/6d45/hdl/verilog/gnss_correlator_fadd_32ns_32ns_32_2_full_dsp_1.v:9]
INFO: [Synth 8-6157] synthesizing module 'gnss_correlator_fmul_32ns_32ns_32_4_max_dsp_1' [/home/johan2/Documents/fpga/zynq-pynq-gnss-receiver/vitis_workspace/gnss_correlator_hls/gnss_correlator_hls/hls/impl/verilog/project.gen/sources_1/bd/bd_0/ipshared/6d45/hdl/verilog/gnss_correlator_fmul_32ns_32ns_32_4_max_dsp_1.v:9]
INFO: [Synth 8-638] synthesizing module 'gnss_correlator_fmul_32ns_32ns_32_4_max_dsp_1_ip' [/home/johan2/Documents/fpga/zynq-pynq-gnss-receiver/vitis_workspace/gnss_correlator_hls/gnss_correlator_hls/hls/impl/verilog/project.gen/sources_1/bd/bd_0/ip/bd_0_hls_inst_0/hdl/ip/gnss_correlator_fmul_32ns_32ns_32_4_max_dsp_1_ip/synth/gnss_correlator_fmul_32ns_32ns_32_4_max_dsp_1_ip.vhd:72]
	Parameter C_XDEVICEFAMILY bound to: zynq - type: string 
	Parameter C_PART bound to: xc7z020clg484-1 - type: string 
	Parameter C_HAS_ADD bound to: 0 - type: integer 
	Parameter C_HAS_SUBTRACT bound to: 0 - type: integer 
	Parameter C_HAS_MULTIPLY bound to: 1 - type: integer 
	Parameter C_HAS_DIVIDE bound to: 0 - type: integer 
	Parameter C_HAS_SQRT bound to: 0 - type: integer 
	Parameter C_HAS_COMPARE bound to: 0 - type: integer 
	Parameter C_HAS_FIX_TO_FLT bound to: 0 - type: integer 
	Parameter C_HAS_FLT_TO_FIX bound to: 0 - type: integer 
	Parameter C_HAS_FLT_TO_FLT bound to: 0 - type: integer 
	Parameter C_HAS_RECIP bound to: 0 - type: integer 
	Parameter C_HAS_RECIP_SQRT bound to: 0 - type: integer 
	Parameter C_HAS_ABSOLUTE bound to: 0 - type: integer 
	Parameter C_HAS_LOGARITHM bound to: 0 - type: integer 
	Parameter C_HAS_EXPONENTIAL bound to: 0 - type: integer 
	Parameter C_HAS_FMA bound to: 0 - type: integer 
	Parameter C_HAS_FMS bound to: 0 - type: integer 
	Parameter C_HAS_UNFUSED_MULTIPLY_ADD bound to: 0 - type: integer 
	Parameter C_HAS_UNFUSED_MULTIPLY_SUB bound to: 0 - type: integer 
	Parameter C_HAS_UNFUSED_MULTIPLY_ACCUMULATOR_A bound to: 0 - type: integer 
	Parameter C_HAS_UNFUSED_MULTIPLY_ACCUMULATOR_S bound to: 0 - type: integer 
	Parameter C_HAS_ACCUMULATOR_A bound to: 0 - type: integer 
	Parameter C_HAS_ACCUMULATOR_S bound to: 0 - type: integer 
	Parameter C_HAS_ACCUMULATOR_PRIMITIVE_A bound to: 0 - type: integer 
	Parameter C_HAS_ACCUMULATOR_PRIMITIVE_S bound to: 0 - type: integer 
	Parameter C_A_WIDTH bound to: 32 - type: integer 
	Parameter C_A_FRACTION_WIDTH bound to: 24 - type: integer 
	Parameter C_B_WIDTH bound to: 32 - type: integer 
	Parameter C_B_FRACTION_WIDTH bound to: 24 - type: integer 
	Parameter C_C_WIDTH bound to: 32 - type: integer 
	Parameter C_C_FRACTION_WIDTH bound to: 24 - type: integer 
	Parameter C_RESULT_WIDTH bound to: 32 - type: integer 
	Parameter C_RESULT_FRACTION_WIDTH bound to: 24 - type: integer 
	Parameter C_COMPARE_OPERATION bound to: 8 - type: integer 
	Parameter C_LATENCY bound to: 2 - type: integer 
	Parameter C_OPTIMIZATION bound to: 1 - type: integer 
	Parameter C_MULT_USAGE bound to: 3 - type: integer 
	Parameter C_BRAM_USAGE bound to: 0 - type: integer 
	Parameter C_RATE bound to: 1 - type: integer 
	Parameter C_ACCUM_INPUT_MSB bound to: 32 - type: integer 
	Parameter C_ACCUM_MSB bound to: 32 - type: integer 
	Parameter C_ACCUM_LSB bound to: -31 - type: integer 
	Parameter C_HAS_UNDERFLOW bound to: 0 - type: integer 
	Parameter C_HAS_OVERFLOW bound to: 0 - type: integer 
	Parameter C_HAS_INVALID_OP bound to: 0 - type: integer 
	Parameter C_HAS_DIVIDE_BY_ZERO bound to: 0 - type: integer 
	Parameter C_HAS_ACCUM_OVERFLOW bound to: 0 - type: integer 
	Parameter C_HAS_ACCUM_INPUT_OVERFLOW bound to: 0 - type: integer 
	Parameter C_HAS_ACLKEN bound to: 1 - type: integer 
	Parameter C_HAS_ARESETN bound to: 0 - type: integer 
	Parameter C_THROTTLE_SCHEME bound to: 3 - type: integer 
	Parameter C_HAS_A_TUSER bound to: 0 - type: integer 
	Parameter C_HAS_A_TLAST bound to: 0 - type: integer 
	Parameter C_HAS_B bound to: 1 - type: integer 
	Parameter C_HAS_B_TUSER bound to: 0 - type: integer 
	Parameter C_HAS_B_TLAST bound to: 0 - type: integer 
	Parameter C_HAS_C bound to: 0 - type: integer 
	Parameter C_HAS_C_TUSER bound to: 0 - type: integer 
	Parameter C_HAS_C_TLAST bound to: 0 - type: integer 
	Parameter C_HAS_OPERATION bound to: 0 - type: integer 
	Parameter C_HAS_OPERATION_TUSER bound to: 0 - type: integer 
	Parameter C_HAS_OPERATION_TLAST bound to: 0 - type: integer 
	Parameter C_HAS_RESULT_TUSER bound to: 0 - type: integer 
	Parameter C_HAS_RESULT_TLAST bound to: 0 - type: integer 
	Parameter C_TLAST_RESOLUTION bound to: 0 - type: integer 
	Parameter C_A_TDATA_WIDTH bound to: 32 - type: integer 
	Parameter C_A_TUSER_WIDTH bound to: 1 - type: integer 
	Parameter C_B_TDATA_WIDTH bound to: 32 - type: integer 
	Parameter C_B_TUSER_WIDTH bound to: 1 - type: integer 
	Parameter C_C_TDATA_WIDTH bound to: 32 - type: integer 
	Parameter C_C_TUSER_WIDTH bound to: 1 - type: integer 
	Parameter C_OPERATION_TDATA_WIDTH bound to: 8 - type: integer 
	Parameter C_OPERATION_TUSER_WIDTH bound to: 1 - type: integer 
	Parameter C_RESULT_TDATA_WIDTH bound to: 32 - type: integer 
	Parameter C_RESULT_TUSER_WIDTH bound to: 1 - type: integer 
	Parameter C_FIXED_DATA_UNSIGNED bound to: 0 - type: integer 
INFO: [Synth 8-3491] module 'floating_point_v7_1_21' declared at '/home/johan2/Documents/fpga/zynq-pynq-gnss-receiver/vitis_workspace/gnss_correlator_hls/gnss_correlator_hls/hls/impl/verilog/project.gen/sources_1/bd/bd_0/ip/bd_0_hls_inst_0/hdl/ip/gnss_correlator_fmul_32ns_32ns_32_4_max_dsp_1_ip/hdl/floating_point_v7_1_vh_rfs.vhd:93266' bound to instance 'U0' of component 'floating_point_v7_1_21' [/home/johan2/Documents/fpga/zynq-pynq-gnss-receiver/vitis_workspace/gnss_correlator_hls/gnss_correlator_hls/hls/impl/verilog/project.gen/sources_1/bd/bd_0/ip/bd_0_hls_inst_0/hdl/ip/gnss_correlator_fmul_32ns_32ns_32_4_max_dsp_1_ip/synth/gnss_correlator_fmul_32ns_32ns_32_4_max_dsp_1_ip.vhd:217]
INFO: [Synth 8-256] done synthesizing module 'gnss_correlator_fmul_32ns_32ns_32_4_max_dsp_1_ip' (0#1) [/home/johan2/Documents/fpga/zynq-pynq-gnss-receiver/vitis_workspace/gnss_correlator_hls/gnss_correlator_hls/hls/impl/verilog/project.gen/sources_1/bd/bd_0/ip/bd_0_hls_inst_0/hdl/ip/gnss_correlator_fmul_32ns_32ns_32_4_max_dsp_1_ip/synth/gnss_correlator_fmul_32ns_32ns_32_4_max_dsp_1_ip.vhd:72]
INFO: [Synth 8-6155] done synthesizing module 'gnss_correlator_fmul_32ns_32ns_32_4_max_dsp_1' (0#1) [/home/johan2/Documents/fpga/zynq-pynq-gnss-receiver/vitis_workspace/gnss_correlator_hls/gnss_correlator_hls/hls/impl/verilog/project.gen/sources_1/bd/bd_0/ipshared/6d45/hdl/verilog/gnss_correlator_fmul_32ns_32ns_32_4_max_dsp_1.v:9]
INFO: [Synth 8-6157] synthesizing module 'gnss_correlator_flow_control_loop_delay_pipe' [/home/johan2/Documents/fpga/zynq-pynq-gnss-receiver/vitis_workspace/gnss_correlator_hls/gnss_correlator_hls/hls/impl/verilog/project.gen/sources_1/bd/bd_0/ipshared/6d45/hdl/verilog/gnss_correlator_flow_control_loop_delay_pipe.v:11]
INFO: [Synth 8-6155] done synthesizing module 'gnss_correlator_flow_control_loop_delay_pipe' (0#1) [/home/johan2/Documents/fpga/zynq-pynq-gnss-receiver/vitis_workspace/gnss_correlator_hls/gnss_correlator_hls/hls/impl/verilog/project.gen/sources_1/bd/bd_0/ipshared/6d45/hdl/verilog/gnss_correlator_flow_control_loop_delay_pipe.v:11]
INFO: [Synth 8-6155] done synthesizing module 'gnss_correlator' (0#1) [/home/johan2/Documents/fpga/zynq-pynq-gnss-receiver/vitis_workspace/gnss_correlator_hls/gnss_correlator_hls/hls/impl/verilog/project.gen/sources_1/bd/bd_0/ipshared/6d45/hdl/verilog/gnss_correlator.v:9]
INFO: [Synth 8-6155] done synthesizing module 'bd_0_hls_inst_0' (0#1) [/home/johan2/Documents/fpga/zynq-pynq-gnss-receiver/vitis_workspace/gnss_correlator_hls/gnss_correlator_hls/hls/impl/verilog/project.gen/sources_1/bd/bd_0/ip/bd_0_hls_inst_0/synth/bd_0_hls_inst_0.v:53]
INFO: [Synth 8-6014] Unused sequential element int_ap_done_reg was removed.  [/home/johan2/Documents/fpga/zynq-pynq-gnss-receiver/vitis_workspace/gnss_correlator_hls/gnss_correlator_hls/hls/impl/verilog/project.gen/sources_1/bd/bd_0/ipshared/6d45/hdl/verilog/gnss_correlator_control_s_axi.v:299]
INFO: [Synth 8-4490] FSM extraction disabled for register 'ap_CS_fsm_reg' through user attribute
INFO: [Synth 8-7129] Port ap_done_int in module gnss_correlator_flow_control_loop_delay_pipe is either unconnected or has no load
INFO: [Synth 8-7129] Port CLK in module xbip_pipe_v3_0_11_viv__parameterized3 is either unconnected or has no load
INFO: [Synth 8-7129] Port CE in module xbip_pipe_v3_0_11_viv__parameterized3 is either unconnected or has no load
INFO: [Synth 8-7129] Port SCLR in module xbip_pipe_v3_0_11_viv__parameterized3 is either unconnected or has no load
INFO: [Synth 8-7129] Port SSET in module xbip_pipe_v3_0_11_viv__parameterized3 is either unconnected or has no load
INFO: [Synth 8-7129] Port SINIT in module xbip_pipe_v3_0_11_viv__parameterized3 is either unconnected or has no load
INFO: [Synth 8-7129] Port CLK in module xbip_pipe_v3_0_11_viv__parameterized55 is either unconnected or has no load
INFO: [Synth 8-7129] Port CE in module xbip_pipe_v3_0_11_viv__parameterized55 is either unconnected or has no load
INFO: [Synth 8-7129] Port SCLR in module xbip_pipe_v3_0_11_viv__parameterized55 is either unconnected or has no load
INFO: [Synth 8-7129] Port SSET in module xbip_pipe_v3_0_11_viv__parameterized55 is either unconnected or has no load
INFO: [Synth 8-7129] Port SINIT in module xbip_pipe_v3_0_11_viv__parameterized55 is either unconnected or has no load
INFO: [Synth 8-7129] Port DEC_OP_STATE[11] in module flt_dec_op_lat is either unconnected or has no load
INFO: [Synth 8-7129] Port DEC_OP_STATE[10] in module flt_dec_op_lat is either unconnected or has no load
INFO: [Synth 8-7129] Port DEC_OP_STATE[9] in module flt_dec_op_lat is either unconnected or has no load
INFO: [Synth 8-7129] Port DEC_OP_STATE[8] in module flt_dec_op_lat is either unconnected or has no load
INFO: [Synth 8-7129] Port DIVIDE_BY_ZERO_IN in module flt_dec_op_lat is either unconnected or has no load
INFO: [Synth 8-7129] Port CLK in module xbip_pipe_v3_0_11_viv__parameterized29 is either unconnected or has no load
INFO: [Synth 8-7129] Port CE in module xbip_pipe_v3_0_11_viv__parameterized29 is either unconnected or has no load
INFO: [Synth 8-7129] Port SCLR in module xbip_pipe_v3_0_11_viv__parameterized29 is either unconnected or has no load
INFO: [Synth 8-7129] Port SSET in module xbip_pipe_v3_0_11_viv__parameterized29 is either unconnected or has no load
INFO: [Synth 8-7129] Port SINIT in module xbip_pipe_v3_0_11_viv__parameterized29 is either unconnected or has no load
INFO: [Synth 8-7129] Port CLK in module xbip_pipe_v3_0_11_viv__parameterized79 is either unconnected or has no load
INFO: [Synth 8-7129] Port CE in module xbip_pipe_v3_0_11_viv__parameterized79 is either unconnected or has no load
INFO: [Synth 8-7129] Port SCLR in module xbip_pipe_v3_0_11_viv__parameterized79 is either unconnected or has no load
INFO: [Synth 8-7129] Port SSET in module xbip_pipe_v3_0_11_viv__parameterized79 is either unconnected or has no load
INFO: [Synth 8-7129] Port SINIT in module xbip_pipe_v3_0_11_viv__parameterized79 is either unconnected or has no load
INFO: [Synth 8-7129] Port CLK in module xbip_pipe_v3_0_11_viv__parameterized77 is either unconnected or has no load
INFO: [Synth 8-7129] Port CE in module xbip_pipe_v3_0_11_viv__parameterized77 is either unconnected or has no load
INFO: [Synth 8-7129] Port SCLR in module xbip_pipe_v3_0_11_viv__parameterized77 is either unconnected or has no load
INFO: [Synth 8-7129] Port SSET in module xbip_pipe_v3_0_11_viv__parameterized77 is either unconnected or has no load
INFO: [Synth 8-7129] Port SINIT in module xbip_pipe_v3_0_11_viv__parameterized77 is either unconnected or has no load
INFO: [Synth 8-7129] Port CLK in module xbip_pipe_v3_0_11_viv__parameterized13 is either unconnected or has no load
INFO: [Synth 8-7129] Port CE in module xbip_pipe_v3_0_11_viv__parameterized13 is either unconnected or has no load
INFO: [Synth 8-7129] Port SCLR in module xbip_pipe_v3_0_11_viv__parameterized13 is either unconnected or has no load
INFO: [Synth 8-7129] Port SSET in module xbip_pipe_v3_0_11_viv__parameterized13 is either unconnected or has no load
INFO: [Synth 8-7129] Port SINIT in module xbip_pipe_v3_0_11_viv__parameterized13 is either unconnected or has no load
INFO: [Synth 8-7129] Port CLK in module xbip_pipe_v3_0_11_viv__parameterized11 is either unconnected or has no load
INFO: [Synth 8-7129] Port CE in module xbip_pipe_v3_0_11_viv__parameterized11 is either unconnected or has no load
INFO: [Synth 8-7129] Port SCLR in module xbip_pipe_v3_0_11_viv__parameterized11 is either unconnected or has no load
INFO: [Synth 8-7129] Port SSET in module xbip_pipe_v3_0_11_viv__parameterized11 is either unconnected or has no load
INFO: [Synth 8-7129] Port SINIT in module xbip_pipe_v3_0_11_viv__parameterized11 is either unconnected or has no load
INFO: [Synth 8-7129] Port CLK in module xbip_pipe_v3_0_11_viv__parameterized7 is either unconnected or has no load
INFO: [Synth 8-7129] Port CE in module xbip_pipe_v3_0_11_viv__parameterized7 is either unconnected or has no load
INFO: [Synth 8-7129] Port SCLR in module xbip_pipe_v3_0_11_viv__parameterized7 is either unconnected or has no load
INFO: [Synth 8-7129] Port SSET in module xbip_pipe_v3_0_11_viv__parameterized7 is either unconnected or has no load
INFO: [Synth 8-7129] Port SINIT in module xbip_pipe_v3_0_11_viv__parameterized7 is either unconnected or has no load
INFO: [Synth 8-7129] Port SCLR in module dsp48e1_wrapper__parameterized5 is either unconnected or has no load
INFO: [Synth 8-7129] Port SIGN in module flt_round_dsp_opt_full is either unconnected or has no load
INFO: [Synth 8-7129] Port CLK in module xbip_pipe_v3_0_11_viv__parameterized75 is either unconnected or has no load
INFO: [Synth 8-7129] Port CE in module xbip_pipe_v3_0_11_viv__parameterized75 is either unconnected or has no load
INFO: [Synth 8-7129] Port SCLR in module xbip_pipe_v3_0_11_viv__parameterized75 is either unconnected or has no load
INFO: [Synth 8-7129] Port SSET in module xbip_pipe_v3_0_11_viv__parameterized75 is either unconnected or has no load
INFO: [Synth 8-7129] Port SINIT in module xbip_pipe_v3_0_11_viv__parameterized75 is either unconnected or has no load
INFO: [Synth 8-7129] Port CLK in module xbip_pipe_v3_0_11_viv__parameterized49 is either unconnected or has no load
INFO: [Synth 8-7129] Port CE in module xbip_pipe_v3_0_11_viv__parameterized49 is either unconnected or has no load
INFO: [Synth 8-7129] Port SCLR in module xbip_pipe_v3_0_11_viv__parameterized49 is either unconnected or has no load
INFO: [Synth 8-7129] Port SSET in module xbip_pipe_v3_0_11_viv__parameterized49 is either unconnected or has no load
INFO: [Synth 8-7129] Port SINIT in module xbip_pipe_v3_0_11_viv__parameterized49 is either unconnected or has no load
INFO: [Synth 8-7129] Port CLK in module xbip_pipe_v3_0_11_viv__parameterized47 is either unconnected or has no load
INFO: [Synth 8-7129] Port CE in module xbip_pipe_v3_0_11_viv__parameterized47 is either unconnected or has no load
INFO: [Synth 8-7129] Port SCLR in module xbip_pipe_v3_0_11_viv__parameterized47 is either unconnected or has no load
INFO: [Synth 8-7129] Port SSET in module xbip_pipe_v3_0_11_viv__parameterized47 is either unconnected or has no load
INFO: [Synth 8-7129] Port SINIT in module xbip_pipe_v3_0_11_viv__parameterized47 is either unconnected or has no load
INFO: [Synth 8-7129] Port CLK in module xbip_pipe_v3_0_11_viv__parameterized73 is either unconnected or has no load
INFO: [Synth 8-7129] Port CE in module xbip_pipe_v3_0_11_viv__parameterized73 is either unconnected or has no load
INFO: [Synth 8-7129] Port SCLR in module xbip_pipe_v3_0_11_viv__parameterized73 is either unconnected or has no load
INFO: [Synth 8-7129] Port SSET in module xbip_pipe_v3_0_11_viv__parameterized73 is either unconnected or has no load
INFO: [Synth 8-7129] Port SINIT in module xbip_pipe_v3_0_11_viv__parameterized73 is either unconnected or has no load
INFO: [Synth 8-7129] Port SCLR in module xbip_pipe_v3_0_11_viv__parameterized33 is either unconnected or has no load
INFO: [Synth 8-7129] Port SSET in module xbip_pipe_v3_0_11_viv__parameterized33 is either unconnected or has no load
INFO: [Synth 8-7129] Port SINIT in module xbip_pipe_v3_0_11_viv__parameterized33 is either unconnected or has no load
INFO: [Synth 8-7129] Port SCLR in module xbip_pipe_v3_0_11_viv__parameterized71 is either unconnected or has no load
INFO: [Synth 8-7129] Port SSET in module xbip_pipe_v3_0_11_viv__parameterized71 is either unconnected or has no load
INFO: [Synth 8-7129] Port SINIT in module xbip_pipe_v3_0_11_viv__parameterized71 is either unconnected or has no load
INFO: [Synth 8-7129] Port SCLR in module xbip_pipe_v3_0_11_viv__parameterized31 is either unconnected or has no load
INFO: [Synth 8-7129] Port SSET in module xbip_pipe_v3_0_11_viv__parameterized31 is either unconnected or has no load
INFO: [Synth 8-7129] Port SINIT in module xbip_pipe_v3_0_11_viv__parameterized31 is either unconnected or has no load
INFO: [Synth 8-7129] Port SCLR in module xbip_pipe_v3_0_11_viv__parameterized69 is either unconnected or has no load
INFO: [Synth 8-7129] Port SSET in module xbip_pipe_v3_0_11_viv__parameterized69 is either unconnected or has no load
INFO: [Synth 8-7129] Port SINIT in module xbip_pipe_v3_0_11_viv__parameterized69 is either unconnected or has no load
INFO: [Synth 8-7129] Port SCLR in module xbip_pipe_v3_0_11_viv__parameterized17 is either unconnected or has no load
INFO: [Synth 8-7129] Port SSET in module xbip_pipe_v3_0_11_viv__parameterized17 is either unconnected or has no load
INFO: [Synth 8-7129] Port SINIT in module xbip_pipe_v3_0_11_viv__parameterized17 is either unconnected or has no load
INFO: [Synth 8-7129] Port CARRYS_OUT[0] in module compare_eq_im__parameterized1 is either unconnected or has no load
INFO: [Synth 8-7129] Port A[31] in module special_detect__parameterized0 is either unconnected or has no load
INFO: [Synth 8-7129] Port CLK in module xbip_pipe_v3_0_11_viv__parameterized67 is either unconnected or has no load
INFO: [Synth 8-7129] Port CE in module xbip_pipe_v3_0_11_viv__parameterized67 is either unconnected or has no load
INFO: [Synth 8-7129] Port SCLR in module xbip_pipe_v3_0_11_viv__parameterized67 is either unconnected or has no load
INFO: [Synth 8-7129] Port SSET in module xbip_pipe_v3_0_11_viv__parameterized67 is either unconnected or has no load
INFO: [Synth 8-7129] Port SINIT in module xbip_pipe_v3_0_11_viv__parameterized67 is either unconnected or has no load
INFO: [Synth 8-7129] Port CLK in module xbip_pipe_v3_0_11_viv__parameterized15 is either unconnected or has no load
INFO: [Synth 8-7129] Port CE in module xbip_pipe_v3_0_11_viv__parameterized15 is either unconnected or has no load
INFO: [Synth 8-7129] Port SCLR in module xbip_pipe_v3_0_11_viv__parameterized15 is either unconnected or has no load
INFO: [Synth 8-7129] Port SSET in module xbip_pipe_v3_0_11_viv__parameterized15 is either unconnected or has no load
INFO: [Synth 8-7129] Port SINIT in module xbip_pipe_v3_0_11_viv__parameterized15 is either unconnected or has no load
INFO: [Synth 8-7129] Port CLK in module xbip_pipe_v3_0_11_viv__parameterized65 is either unconnected or has no load
INFO: [Synth 8-7129] Port CE in module xbip_pipe_v3_0_11_viv__parameterized65 is either unconnected or has no load
INFO: [Synth 8-7129] Port SCLR in module xbip_pipe_v3_0_11_viv__parameterized65 is either unconnected or has no load
INFO: [Synth 8-7129] Port SSET in module xbip_pipe_v3_0_11_viv__parameterized65 is either unconnected or has no load
INFO: [Synth 8-7129] Port SINIT in module xbip_pipe_v3_0_11_viv__parameterized65 is either unconnected or has no load
INFO: [Common 17-14] Message 'Synth 8-7129' appears 100 times and further instances of the messages will be disabled. Use the Tcl command set_msg_config to change the current settings.
---------------------------------------------------------------------------------
Finished RTL Elaboration : Time (s): cpu = 00:00:29 ; elapsed = 00:00:30 . Memory (MB): peak = 2521.469 ; gain = 701.812 ; free physical = 219 ; free virtual = 8883
---------------------------------------------------------------------------------
---------------------------------------------------------------------------------
Start Handling Custom Attributes
---------------------------------------------------------------------------------
---------------------------------------------------------------------------------
Finished Handling Custom Attributes : Time (s): cpu = 00:00:29 ; elapsed = 00:00:31 . Memory (MB): peak = 2521.469 ; gain = 701.812 ; free physical = 219 ; free virtual = 8882
---------------------------------------------------------------------------------
---------------------------------------------------------------------------------
Finished RTL Optimization Phase 1 : Time (s): cpu = 00:00:29 ; elapsed = 00:00:31 . Memory (MB): peak = 2521.469 ; gain = 701.812 ; free physical = 219 ; free virtual = 8882
---------------------------------------------------------------------------------
Netlist sorting complete. Time (s): cpu = 00:00:00.29 ; elapsed = 00:00:00.29 . Memory (MB): peak = 2521.469 ; gain = 0.000 ; free physical = 198 ; free virtual = 8828
INFO: [Netlist 29-17] Analyzing 217 Unisim elements for replacement
INFO: [Netlist 29-28] Unisim Transformation completed in 0 CPU seconds
INFO: [Project 1-570] Preparing netlist for logic optimization

Processing XDC Constraints
Initializing timing engine
Parsing XDC File [/home/johan2/Documents/fpga/zynq-pynq-gnss-receiver/vitis_workspace/gnss_correlator_hls/gnss_correlator_hls/hls/impl/verilog/project.gen/sources_1/bd/bd_0/ip/bd_0_hls_inst_0/constraints/gnss_correlator_ooc.xdc] for cell 'inst'
Finished Parsing XDC File [/home/johan2/Documents/fpga/zynq-pynq-gnss-receiver/vitis_workspace/gnss_correlator_hls/gnss_correlator_hls/hls/impl/verilog/project.gen/sources_1/bd/bd_0/ip/bd_0_hls_inst_0/constraints/gnss_correlator_ooc.xdc] for cell 'inst'
Parsing XDC File [/home/johan2/Documents/fpga/zynq-pynq-gnss-receiver/vitis_workspace/gnss_correlator_hls/gnss_correlator_hls/hls/impl/verilog/project.runs/bd_0_hls_inst_0_synth_1/dont_touch.xdc]
Finished Parsing XDC File [/home/johan2/Documents/fpga/zynq-pynq-gnss-receiver/vitis_workspace/gnss_correlator_hls/gnss_correlator_hls/hls/impl/verilog/project.runs/bd_0_hls_inst_0_synth_1/dont_touch.xdc]
Completed Processing XDC Constraints

Netlist sorting complete. Time (s): cpu = 00:00:00 ; elapsed = 00:00:00.01 . Memory (MB): peak = 2587.934 ; gain = 0.000 ; free physical = 450 ; free virtual = 9053
INFO: [Project 1-111] Unisim Transformation Summary:
  A total of 3 instances were transformed.
  FDE => FDRE: 3 instances

Constraint Validation Runtime : Time (s): cpu = 00:00:00.32 ; elapsed = 00:00:00.17 . Memory (MB): peak = 2587.969 ; gain = 0.000 ; free physical = 395 ; free virtual = 9000
INFO: [Designutils 20-5008] Incremental synthesis strategy off
---------------------------------------------------------------------------------
Finished Constraint Validation : Time (s): cpu = 00:00:50 ; elapsed = 00:00:51 . Memory (MB): peak = 2587.969 ; gain = 768.312 ; free physical = 195 ; free virtual = 8770
---------------------------------------------------------------------------------
---------------------------------------------------------------------------------
Start Loading Part and Timing Information
---------------------------------------------------------------------------------
Loading part: xc7z020clg484-1
---------------------------------------------------------------------------------
Finished Loading Part and Timing Information : Time (s): cpu = 00:00:50 ; elapsed = 00:00:51 . Memory (MB): peak = 2595.938 ; gain = 776.281 ; free physical = 195 ; free virtual = 8770
---------------------------------------------------------------------------------
---------------------------------------------------------------------------------
Start Applying 'set_property' XDC Constraints
---------------------------------------------------------------------------------
---------------------------------------------------------------------------------
Finished applying 'set_property' XDC Constraints : Time (s): cpu = 00:00:50 ; elapsed = 00:00:51 . Memory (MB): peak = 2595.938 ; gain = 776.281 ; free physical = 195 ; free virtual = 8771
---------------------------------------------------------------------------------
INFO: [Synth 8-802] inferred FSM for state register 'wstate_reg' in module 'gnss_correlator_control_s_axi'
INFO: [Synth 8-802] inferred FSM for state register 'rstate_reg' in module 'gnss_correlator_control_s_axi'
INFO: [Synth 8-802] inferred FSM for state register 'wstate_reg' in module 'gnss_correlator_control_r_s_axi'
INFO: [Synth 8-802] inferred FSM for state register 'rstate_reg' in module 'gnss_correlator_control_r_s_axi'
INFO: [Synth 8-802] inferred FSM for state register 'state_reg' in module 'gnss_correlator_gmem0_m_axi_reg_slice'
INFO: [Synth 8-802] inferred FSM for state register 'state_reg' in module 'gnss_correlator_gmem0_m_axi_reg_slice__parameterized0'
INFO: [Synth 8-802] inferred FSM for state register 'state_reg' in module 'gnss_correlator_gmem1_m_axi_reg_slice'
INFO: [Synth 8-802] inferred FSM for state register 'state_reg' in module 'gnss_correlator_gmem1_m_axi_reg_slice__parameterized0'
INFO: [Synth 8-4490] FSM extraction disabled for register 'ap_CS_fsm_reg' through user attribute
INFO: [Synth 8-4490] FSM extraction disabled for register 'ap_CS_fsm_reg' through user attribute
---------------------------------------------------------------------------------------------------
                   State |                     New Encoding |                Previous Encoding 
---------------------------------------------------------------------------------------------------
                  iSTATE |                             0001 |                               11
*
                  WRIDLE |                             0010 |                               00
                  WRDATA |                             0100 |                               01
                  WRRESP |                             1000 |                               10
---------------------------------------------------------------------------------------------------
INFO: [Synth 8-3354] encoded FSM with state register 'wstate_reg' using encoding 'one-hot' in module 'gnss_correlator_control_s_axi'
---------------------------------------------------------------------------------------------------
                   State |                     New Encoding |                Previous Encoding 
---------------------------------------------------------------------------------------------------
                  iSTATE |                              001 |                               10
*
                  RDIDLE |                              010 |                               00
                  RDDATA |                              100 |                               01
---------------------------------------------------------------------------------------------------
INFO: [Synth 8-3354] encoded FSM with state register 'rstate_reg' using encoding 'one-hot' in module 'gnss_correlator_control_s_axi'
---------------------------------------------------------------------------------------------------
                   State |                     New Encoding |                Previous Encoding 
---------------------------------------------------------------------------------------------------
                  iSTATE |                             0001 |                               11
*
                  WRIDLE |                             0010 |                               00
                  WRDATA |                             0100 |                               01
                  WRRESP |                             1000 |                               10
---------------------------------------------------------------------------------------------------
INFO: [Synth 8-3354] encoded FSM with state register 'wstate_reg' using encoding 'one-hot' in module 'gnss_correlator_control_r_s_axi'
---------------------------------------------------------------------------------------------------
                   State |                     New Encoding |                Previous Encoding 
---------------------------------------------------------------------------------------------------
                  iSTATE |                              001 |                               10
*
                  RDIDLE |                              010 |                               00
                  RDDATA |                              100 |                               01
---------------------------------------------------------------------------------------------------
INFO: [Synth 8-3354] encoded FSM with state register 'rstate_reg' using encoding 'one-hot' in module 'gnss_correlator_control_r_s_axi'
---------------------------------------------------------------------------------------------------
                   State |                     New Encoding |                Previous Encoding 
---------------------------------------------------------------------------------------------------
                    ZERO |                               00 |                               10
                     ONE |                               10 |                               11
                     TWO |                               01 |                               01
---------------------------------------------------------------------------------------------------
INFO: [Synth 8-3354] encoded FSM with state register 'state_reg' using encoding 'sequential' in module 'gnss_correlator_gmem0_m_axi_reg_slice'
---------------------------------------------------------------------------------------------------
                   State |                     New Encoding |                Previous Encoding 
---------------------------------------------------------------------------------------------------
                    ZERO |                               00 |                               10
                     ONE |                               10 |                               11
                     TWO |                               01 |                               01
---------------------------------------------------------------------------------------------------
INFO: [Synth 8-3354] encoded FSM with state register 'state_reg' using encoding 'sequential' in module 'gnss_correlator_gmem0_m_axi_reg_slice__parameterized0'
---------------------------------------------------------------------------------------------------
                   State |                     New Encoding |                Previous Encoding 
---------------------------------------------------------------------------------------------------
                    ZERO |                               00 |                               10
                     ONE |                               10 |                               11
                     TWO |                               01 |                               01
---------------------------------------------------------------------------------------------------
INFO: [Synth 8-3354] encoded FSM with state register 'state_reg' using encoding 'sequential' in module 'gnss_correlator_gmem1_m_axi_reg_slice'
---------------------------------------------------------------------------------------------------
                   State |                     New Encoding |                Previous Encoding 
---------------------------------------------------------------------------------------------------
                    ZERO |                               00 |                               10
                     ONE |                               10 |                               11
                     TWO |                               01 |                               01
---------------------------------------------------------------------------------------------------
INFO: [Synth 8-3354] encoded FSM with state register 'state_reg' using encoding 'sequential' in module 'gnss_correlator_gmem1_m_axi_reg_slice__parameterized0'
---------------------------------------------------------------------------------
Finished RTL Optimization Phase 2 : Time (s): cpu = 00:00:56 ; elapsed = 00:00:58 . Memory (MB): peak = 2595.938 ; gain = 776.281 ; free physical = 405 ; free virtual = 8782
---------------------------------------------------------------------------------
INFO: [Synth 8-223] decloning instance 'inst/faddfsub_32ns_32ns_32_5_full_dsp_1_U1/gnss_correlator_faddfsub_32ns_32ns_32_5_full_dsp_1_ip_u/U0/i_synth/ADDSUB_OP.ADDSUB/DSP.OP/DSP48E1_BODY.ALIGN_ADD/SUB_DELAY' (delay__parameterized0) to 'inst/faddfsub_32ns_32ns_32_5_full_dsp_1_U1/gnss_correlator_faddfsub_32ns_32ns_32_5_full_dsp_1_ip_u/U0/i_synth/ADDSUB_OP.ADDSUB/DSP.OP/DSP48E1_BODY.ALIGN_ADD/SUB_ADD_IP_DELAY'
INFO: [Synth 8-223] decloning instance 'inst/faddfsub_32ns_32ns_32_5_full_dsp_1_U1/gnss_correlator_faddfsub_32ns_32ns_32_5_full_dsp_1_ip_u/U0/i_synth/DELAY_DIVIDE_BY_ZERO' (delay__parameterized0) to 'inst/faddfsub_32ns_32ns_32_5_full_dsp_1_U1/gnss_correlator_faddfsub_32ns_32ns_32_5_full_dsp_1_ip_u/U0/i_synth/DELAY_ACCUM_OVERFLOW'
INFO: [Synth 8-223] decloning instance 'inst/faddfsub_32ns_32ns_32_5_full_dsp_1_U1/gnss_correlator_faddfsub_32ns_32ns_32_5_full_dsp_1_ip_u/U0/i_synth/DELAY_DIVIDE_BY_ZERO' (delay__parameterized0) to 'inst/faddfsub_32ns_32ns_32_5_full_dsp_1_U1/gnss_correlator_faddfsub_32ns_32ns_32_5_full_dsp_1_ip_u/U0/i_synth/DELAY_ACCUM_INPUT_OVERFLOW'
INFO: [Synth 8-223] decloning instance 'inst/fadd_32ns_32ns_32_2_full_dsp_1_U2/gnss_correlator_fadd_32ns_32ns_32_2_full_dsp_1_ip_u/U0/i_synth/ADDSUB_OP.ADDSUB/DSP.OP/DSP48E1_BODY.ALIGN_ADD/SUB_DELAY' (delay__parameterized0) to 'inst/fadd_32ns_32ns_32_2_full_dsp_1_U2/gnss_correlator_fadd_32ns_32ns_32_2_full_dsp_1_ip_u/U0/i_synth/ADDSUB_OP.ADDSUB/DSP.OP/DSP48E1_BODY.ALIGN_ADD/SUB_ADD_IP_DELAY'
INFO: [Synth 8-223] decloning instance 'inst/fadd_32ns_32ns_32_2_full_dsp_1_U2/gnss_correlator_fadd_32ns_32ns_32_2_full_dsp_1_ip_u/U0/i_synth/DELAY_DIVIDE_BY_ZERO' (delay__parameterized0) to 'inst/fadd_32ns_32ns_32_2_full_dsp_1_U2/gnss_correlator_fadd_32ns_32ns_32_2_full_dsp_1_ip_u/U0/i_synth/DELAY_ACCUM_OVERFLOW'
INFO: [Synth 8-223] decloning instance 'inst/fadd_32ns_32ns_32_2_full_dsp_1_U2/gnss_correlator_fadd_32ns_32ns_32_2_full_dsp_1_ip_u/U0/i_synth/DELAY_DIVIDE_BY_ZERO' (delay__parameterized0) to 'inst/fadd_32ns_32ns_32_2_full_dsp_1_U2/gnss_correlator_fadd_32ns_32ns_32_2_full_dsp_1_ip_u/U0/i_synth/DELAY_ACCUM_INPUT_OVERFLOW'
INFO: [Synth 8-223] decloning instance 'gnss_correlator_fmul_32ns_32ns_32_4_max_dsp_1_ip:/U0/i_synth/DELAY_DIVIDE_BY_ZERO' (delay__parameterized0) to 'gnss_correlator_fmul_32ns_32ns_32_4_max_dsp_1_ip:/U0/i_synth/DELAY_ACCUM_OVERFLOW'
INFO: [Synth 8-223] decloning instance 'gnss_correlator_fmul_32ns_32ns_32_4_max_dsp_1_ip:/U0/i_synth/DELAY_DIVIDE_BY_ZERO' (delay__parameterized0) to 'gnss_correlator_fmul_32ns_32ns_32_4_max_dsp_1_ip:/U0/i_synth/DELAY_ACCUM_INPUT_OVERFLOW'
---------------------------------------------------------------------------------
Start RTL Component Statistics 
---------------------------------------------------------------------------------
---------------------------------------------------------------------------------
Finished RTL Component Statistics 
---------------------------------------------------------------------------------
---------------------------------------------------------------------------------
Start Part Resource Summary
---------------------------------------------------------------------------------
Part Resources:
DSPs: 220 (col length:60)
BRAMs: 280 (col length: RAMB18 60 RAMB36 30)
---------------------------------------------------------------------------------
Finished Part Resource Summary
---------------------------------------------------------------------------------
---------------------------------------------------------------------------------
Start Cross Boundary and Area Optimization
---------------------------------------------------------------------------------
INFO: [Synth 8-3332] Sequential element (FSM_onehot_wstate_reg[0]) is unused and will be removed from module gnss_correlator_control_s_axi.
INFO: [Synth 8-3332] Sequential element (FSM_onehot_rstate_reg[0]) is unused and will be removed from module gnss_correlator_control_s_axi.
INFO: [Synth 8-3332] Sequential element (FSM_onehot_wstate_reg[0]) is unused and will be removed from module gnss_correlator_control_r_s_axi.
INFO: [Synth 8-3332] Sequential element (FSM_onehot_rstate_reg[0]) is unused and will be removed from module gnss_correlator_control_r_s_axi.
---------------------------------------------------------------------------------
Finished Cross Boundary and Area Optimization : Time (s): cpu = 00:01:21 ; elapsed = 00:01:23 . Memory (MB): peak = 2595.938 ; gain = 776.281 ; free physical = 555 ; free virtual = 8946
---------------------------------------------------------------------------------
---------------------------------------------------------------------------------
Start Applying XDC Timing Constraints
---------------------------------------------------------------------------------
---------------------------------------------------------------------------------
Finished Applying XDC Timing Constraints : Time (s): cpu = 00:01:35 ; elapsed = 00:01:38 . Memory (MB): peak = 2695.938 ; gain = 876.281 ; free physical = 471 ; free virtual = 8873
---------------------------------------------------------------------------------
---------------------------------------------------------------------------------
Start Timing Optimization
---------------------------------------------------------------------------------
      : inst/fadd_32ns_32ns_32_2_full_dsp_1_U2/gnss_correlator_fadd_32ns_32ns_32_2_full_dsp_1_ip_u/U0/i_synth/\DSP.OPi_0 /\ADDSUB_OP.ADDSUB/DSP.OP/DSP48E1_BODY.EXP/I4 
      : inst/fadd_32ns_32ns_32_2_full_dsp_1_U2/gnss_correlator_fadd_32ns_32ns_32_2_full_dsp_1_ip_u/U0/i_synth/\DSP.OPi_0 /Q[8]
      : inst/fadd_32ns_32ns_32_2_full_dsp_1_U2/gnss_correlator_fadd_32ns_32ns_32_2_full_dsp_1_ip_u/U0/i_synth/\DSP.OPi_0 /Q[8]
---------------------------------------------------------------------------------
Finished Timing Optimization : Time (s): cpu = 00:01:43 ; elapsed = 00:01:45 . Memory (MB): peak = 2764.992 ; gain = 945.336 ; free physical = 395 ; free virtual = 8804
---------------------------------------------------------------------------------
---------------------------------------------------------------------------------
Start Technology Mapping
---------------------------------------------------------------------------------
INFO: [Synth 8-7052] The timing for the instance inst/gmem0_m_axi_U/load_unit_0/buff_rdata/U_fifo_mem/mem_reg (implemented as a Block RAM) might be sub-optimal as no optional output register could be merged into the ram block. Providing additional output register may help in improving timing.
INFO: [Synth 8-7052] The timing for the instance inst/gmem1_m_axi_U/load_unit_0/buff_rdata/U_fifo_mem/mem_reg (implemented as a Block RAM) might be sub-optimal as no optional output register could be merged into the ram block. Providing additional output register may help in improving timing.
---------------------------------------------------------------------------------
Finished Technology Mapping : Time (s): cpu = 00:01:48 ; elapsed = 00:01:50 . Memory (MB): peak = 2773.000 ; gain = 953.344 ; free physical = 310 ; free virtual = 8720
---------------------------------------------------------------------------------
---------------------------------------------------------------------------------
Start IO Insertion
---------------------------------------------------------------------------------
---------------------------------------------------------------------------------
Start Flattening Before IO Insertion
---------------------------------------------------------------------------------
---------------------------------------------------------------------------------
Finished Flattening Before IO Insertion
---------------------------------------------------------------------------------
---------------------------------------------------------------------------------
Start Final Netlist Cleanup
---------------------------------------------------------------------------------
---------------------------------------------------------------------------------
Finished Final Netlist Cleanup
---------------------------------------------------------------------------------
---------------------------------------------------------------------------------
Finished IO Insertion : Time (s): cpu = 00:01:58 ; elapsed = 00:02:01 . Memory (MB): peak = 2913.812 ; gain = 1094.156 ; free physical = 455 ; free virtual = 8632
---------------------------------------------------------------------------------
---------------------------------------------------------------------------------
Start Renaming Generated Instances
---------------------------------------------------------------------------------
---------------------------------------------------------------------------------
Finished Renaming Generated Instances : Time (s): cpu = 00:01:58 ; elapsed = 00:02:01 . Memory (MB): peak = 2913.812 ; gain = 1094.156 ; free physical = 455 ; free virtual = 8632
---------------------------------------------------------------------------------
---------------------------------------------------------------------------------
Start Rebuilding User Hierarchy
---------------------------------------------------------------------------------
---------------------------------------------------------------------------------
Finished Rebuilding User Hierarchy : Time (s): cpu = 00:02:00 ; elapsed = 00:02:02 . Memory (MB): peak = 2913.812 ; gain = 1094.156 ; free physical = 450 ; free virtual = 8628
---------------------------------------------------------------------------------
---------------------------------------------------------------------------------
Start Renaming Generated Ports
---------------------------------------------------------------------------------
---------------------------------------------------------------------------------
Finished Renaming Generated Ports : Time (s): cpu = 00:02:00 ; elapsed = 00:02:02 . Memory (MB): peak = 2913.812 ; gain = 1094.156 ; free physical = 450 ; free virtual = 8628
---------------------------------------------------------------------------------
---------------------------------------------------------------------------------
Start Handling Custom Attributes
---------------------------------------------------------------------------------
---------------------------------------------------------------------------------
Finished Handling Custom Attributes : Time (s): cpu = 00:02:00 ; elapsed = 00:02:02 . Memory (MB): peak = 2919.750 ; gain = 1100.094 ; free physical = 450 ; free virtual = 8628
---------------------------------------------------------------------------------
---------------------------------------------------------------------------------
Start Renaming Generated Nets
---------------------------------------------------------------------------------
---------------------------------------------------------------------------------
Finished Renaming Generated Nets : Time (s): cpu = 00:02:00 ; elapsed = 00:02:02 . Memory (MB): peak = 2919.750 ; gain = 1100.094 ; free physical = 450 ; free virtual = 8629
---------------------------------------------------------------------------------
---------------------------------------------------------------------------------
Start Writing Synthesis Report
---------------------------------------------------------------------------------

DSP Final Report (the ' indicates corresponding REG is set)
+-----------------------------------+-----------------+--------+--------+--------+--------+--------+------+------+------+------+-------+------+------+
|Module Name                        | DSP Mapping     | A Size | B Size | C Size | D Size | P Size | AREG | BREG | CREG | DREG | ADREG | MREG | PREG | 
+-----------------------------------+-----------------+--------+--------+--------+--------+--------+------+------+------+------+-------+------+------+
|dsp48e1_wrapper__parameterized1    | Dynamic         | -      | -      | -      | -      | 40     | -    | -    | -    | -    | 0     | 0    | 0    | 
|dsp48e1_wrapper__parameterized2    | C+A*B           | 24     | 16     | 35     | -      | 35     | 0    | 0    | 0    | -    | -     | 0    | 0    | 
|dsp48e1_wrapper                    | Dynamic         | -      | -      | -      | -      | 40     | -    | -    | -    | -    | 0     | 0    | 1    | 
|dsp48e1_wrapper__parameterized0    | C+A'*B'         | 24     | 16     | 35     | -      | 35     | 1    | 1    | 0    | -    | -     | 0    | 0    | 
|dsp48e1_wrapper__parameterized3_16 | (A*B)'          | 24     | 17     | -      | -      | 41     | 0    | 0    | -    | -    | -     | 0    | 1    | 
|dsp48e1_wrapper__parameterized4_17 | PCIN>>17+(A*B)' | 0      | 7      | -      | -      | 31     | 0    | 0    | -    | -    | -     | 1    | 0    | 
|dsp48e1_wrapper__parameterized5_14 | PCIN+A:B+C      | 22     | 0      | -      | -      | 48     | 0    | 0    | -    | -    | -     | 0    | 0    | 
|dsp48e1_wrapper__parameterized3    | (A*B)'          | 24     | 17     | -      | -      | 41     | 0    | 0    | -    | -    | -     | 0    | 1    | 
|dsp48e1_wrapper__parameterized4    | PCIN>>17+(A*B)' | 0      | 7      | -      | -      | 31     | 0    | 0    | -    | -    | -     | 1    | 0    | 
|dsp48e1_wrapper__parameterized5    | PCIN+A:B+C      | 22     | 0      | -      | -      | 48     | 0    | 0    | -    | -    | -     | 0    | 0    | 
+-----------------------------------+-----------------+--------+--------+--------+--------+--------+------+------+------+------+-------+------+------+


Report BlackBoxes: 
+-+--------------+----------+
| |BlackBox name |Instances |
+-+--------------+----------+
+-+--------------+----------+

Report Cell Usage: 
+------+---------+------+
|      |Cell     |Count |
+------+---------+------+
|1     |CARRY4   |   148|
|2     |DSP48E1  |    10|
|9     |LUT1     |    54|
|10    |LUT2     |   232|
|11    |LUT3     |  1006|
|12    |LUT4     |   442|
|13    |LUT5     |   353|
|14    |LUT6     |   766|
|15    |MUXCY    |   148|
|16    |MUXF7    |    34|
|17    |RAMB18E1 |     2|
|18    |SRL16E   |   161|
|19    |XORCY    |    50|
|20    |FDE      |     3|
|21    |FDRE     |  3141|
|22    |FDSE     |    16|
+------+---------+------+
---------------------------------------------------------------------------------
Finished Writing Synthesis Report : Time (s): cpu = 00:02:00 ; elapsed = 00:02:02 . Memory (MB): peak = 2919.750 ; gain = 1100.094 ; free physical = 450 ; free virtual = 8629
---------------------------------------------------------------------------------
Synthesis finished with 0 errors, 0 critical warnings and 0 warnings.
Synthesis Optimization Runtime : Time (s): cpu = 00:01:52 ; elapsed = 00:01:55 . Memory (MB): peak = 2919.750 ; gain = 1033.594 ; free physical = 453 ; free virtual = 8632
Synthesis Optimization Complete : Time (s): cpu = 00:02:00 ; elapsed = 00:02:03 . Memory (MB): peak = 2919.758 ; gain = 1100.094 ; free physical = 453 ; free virtual = 8632
INFO: [Project 1-571] Translating synthesized netlist
Netlist sorting complete. Time (s): cpu = 00:00:00.19 ; elapsed = 00:00:00.19 . Memory (MB): peak = 2919.758 ; gain = 0.000 ; free physical = 529 ; free virtual = 8725
INFO: [Netlist 29-17] Analyzing 395 Unisim elements for replacement
INFO: [Netlist 29-28] Unisim Transformation completed in 0 CPU seconds
INFO: [Project 1-570] Preparing netlist for logic optimization
INFO: [Opt 31-138] Pushed 0 inverter(s) to 0 load pin(s).
Netlist sorting complete. Time (s): cpu = 00:00:00 ; elapsed = 00:00:00.01 . Memory (MB): peak = 2975.777 ; gain = 0.000 ; free physical = 550 ; free virtual = 8750
INFO: [Project 1-111] Unisim Transformation Summary:
  A total of 43 instances were transformed.
  (MUXCY,XORCY) => CARRY4: 40 instances
  FDE => FDRE: 3 instances

Synth Design complete | Checksum: 42bfc3f5
INFO: [Common 17-83] Releasing license: Synthesis
234 Infos, 0 Warnings, 0 Critical Warnings and 0 Errors encountered.
synth_design completed successfully
synth_design: Time (s): cpu = 00:02:21 ; elapsed = 00:02:16 . Memory (MB): peak = 2975.812 ; gain = 1333.859 ; free physical = 610 ; free virtual = 8806
INFO: [Common 17-2834] synth_design peak Physical Memory [PSS] (MB): overall = 2258.097; main = 2047.366; forked = 282.133
INFO: [Common 17-2834] synth_design peak Virtual Memory [VSS] (MB): overall = 3908.008; main = 2975.781; forked = 994.191
Write ShapeDB Complete: Time (s): cpu = 00:00:00.08 ; elapsed = 00:00:00.03 . Memory (MB): peak = 2999.789 ; gain = 0.000 ; free physical = 610 ; free virtual = 8808
INFO: [Common 17-1381] The checkpoint '/home/johan2/Documents/fpga/zynq-pynq-gnss-receiver/vitis_workspace/gnss_correlator_hls/gnss_correlator_hls/hls/impl/verilog/project.runs/bd_0_hls_inst_0_synth_1/bd_0_hls_inst_0.dcp' has been generated.
INFO: [Coretcl 2-1648] Added synthesis output to IP cache for IP bd_0_hls_inst_0, cache-ID = f4efc39c99e3d5df
INFO: [Coretcl 2-1174] Renamed 193 cell refs.
Write ShapeDB Complete: Time (s): cpu = 00:00:00.05 ; elapsed = 00:00:00.02 . Memory (MB): peak = 2999.789 ; gain = 0.000 ; free physical = 379 ; free virtual = 8609
INFO: [Common 17-1381] The checkpoint '/home/johan2/Documents/fpga/zynq-pynq-gnss-receiver/vitis_workspace/gnss_correlator_hls/gnss_correlator_hls/hls/impl/verilog/project.runs/bd_0_hls_inst_0_synth_1/bd_0_hls_inst_0.dcp' has been generated.
INFO: [Vivado 12-24828] Executing command : report_utilization -file bd_0_hls_inst_0_utilization_synth.rpt -pb bd_0_hls_inst_0_utilization_synth.pb
INFO: [Common 17-206] Exiting Vivado at Sat Sep 19 17:39:31 2026...
