Copyright 1986-2022 Xilinx, Inc. All Rights Reserved. Copyright 2022-2025 Advanced Micro Devices, Inc. All Rights Reserved.
---------------------------------------------------------------------------------------------------------------------------------------------
| Tool Version : Vivado v.2025.2 (lin64) Build 6299465 Fri Nov 14 12:34:56 MST 2025
| Date         : Sun Sep 20 22:00:35 2026
| Host         : johan2-Yoga-7-15ITL5 running 64-bit Ubuntu 22.04.5 LTS
| Command      : report_control_sets -verbose -file bd_0_wrapper_control_sets_placed.rpt
| Design       : bd_0_wrapper
| Device       : xc7z020
---------------------------------------------------------------------------------------------------------------------------------------------

Control Set Information

Table of Contents
-----------------
1. Summary
2. Histogram
3. Flip-Flop Distribution
4. Detailed Control Set Information

1. Summary
----------

+----------------------------------------------------------+-------+
|                          Status                          | Count |
+----------------------------------------------------------+-------+
| Total control sets                                       |   139 |
|    Minimum number of control sets                        |   139 |
|    Addition due to synthesis replication                 |     0 |
|    Addition due to physical synthesis replication        |     0 |
| Unused register locations in slices containing registers |   339 |
+----------------------------------------------------------+-------+
* Control sets can be merged at opt_design using control_set_merge or merge_equivalent_drivers
** Run report_qor_suggestions for automated merging and remapping suggestions


2. Histogram
------------

+--------------------+-------+
|       Fanout       | Count |
+--------------------+-------+
| Total control sets |   139 |
| >= 0 to < 4        |    11 |
| >= 4 to < 6        |    20 |
| >= 6 to < 8        |     1 |
| >= 8 to < 10       |    10 |
| >= 10 to < 12      |     2 |
| >= 12 to < 14      |     0 |
| >= 14 to < 16      |     0 |
| >= 16              |    95 |
+--------------------+-------+
* Control sets can be remapped at either synth_design or opt_design


3. Flip-Flop Distribution
-------------------------

+--------------+-----------------------+------------------------+-----------------+--------------+
| Clock Enable | Synchronous Set/Reset | Asynchronous Set/Reset | Total Registers | Total Slices |
+--------------+-----------------------+------------------------+-----------------+--------------+
| No           | No                    | No                     |            3576 |         1066 |
| No           | No                    | Yes                    |               0 |            0 |
| No           | Yes                   | No                     |             366 |          135 |
| Yes          | No                    | No                     |            3196 |         1000 |
| Yes          | No                    | Yes                    |               0 |            0 |
| Yes          | Yes                   | No                     |            2019 |          531 |
+--------------+-----------------------+------------------------+-----------------+--------------+


4. Detailed Control Set Information
-----------------------------------

+--------------+--------------------------------------------------------------------------------------------------------------------------+------------------------------------------------------------------------------------------------------------------------------------------------------------------------------------------------+------------------+----------------+--------------+
| Clock Signal |                                                       Enable Signal                                                      |                                                                                        Set/Reset Signal                                                                                        | Slice Load Count | Bel Load Count | Bels / Slice |
+--------------+--------------------------------------------------------------------------------------------------------------------------+------------------------------------------------------------------------------------------------------------------------------------------------------------------------------------------------+------------------+----------------+--------------+
|  ap_clk      | bd_0_i/hls_inst/inst/gmem1_m_axi_U/bus_read/rreq_burst_conv/burst_sequential/push                                        |                                                                                                                                                                                                |                1 |              1 |         1.00 |
|  ap_clk      | bd_0_i/hls_inst/inst/ap_CS_fsm_state105                                                                                  | bd_0_i/hls_inst/inst/val_reg_2234[0]_i_1_n_0                                                                                                                                                   |                1 |              1 |         1.00 |
|  ap_clk      | bd_0_i/hls_inst/inst/ap_CS_fsm_state105                                                                                  | bd_0_i/hls_inst/inst/val_2_reg_2246[0]_i_1_n_0                                                                                                                                                 |                1 |              1 |         1.00 |
|  ap_clk      | bd_0_i/hls_inst/inst/gmem0_m_axi_U/bus_read/rreq_burst_conv/burst_sequential/push                                        |                                                                                                                                                                                                |                1 |              1 |         1.00 |
|  ap_clk      | bd_0_i/hls_inst/inst/ap_CS_fsm_state105                                                                                  | bd_0_i/hls_inst/inst/val_1_reg_2240[0]_i_1_n_0                                                                                                                                                 |                1 |              1 |         1.00 |
|  ap_clk      | bd_0_i/hls_inst/inst/gmem0_m_axi_U/bus_read/ost_ctrl_gen[0].fifo_burst/U_fifo_srl/pop                                    | bd_0_i/hls_inst/inst/gmem1_m_axi_U/bus_read/rreq_burst_conv/burst_sequential/rs_req/ap_rst_n_0                                                                                                 |                1 |              1 |         1.00 |
|  ap_clk      | bd_0_i/hls_inst/inst/fmul_32ns_32ns_32_4_max_dsp_1_U32/aclken                                                            | bd_0_i/hls_inst/inst/fmul_32ns_32ns_32_4_max_dsp_1_U31/enhanced_correlator_fmul_32ns_32ns_32_4_max_dsp_1_ip_u/U0/i_synth/MULT.OP/i_non_prim.EXP/SIG_DELAY/i_pipe/p_2_in10_out                  |                1 |              1 |         1.00 |
|  ap_clk      | bd_0_i/hls_inst/inst/fmul_32ns_32ns_32_4_max_dsp_1_U32/aclken                                                            | bd_0_i/hls_inst/inst/fmul_32ns_32ns_32_4_max_dsp_1_U32/enhanced_correlator_fmul_32ns_32ns_32_4_max_dsp_1_ip_u/U0/i_synth/MULT.OP/i_non_prim.EXP/SIG_DELAY/i_pipe/p_2_in10_out                  |                1 |              1 |         1.00 |
|  ap_clk      |                                                                                                                          | bd_0_i/hls_inst/inst/fmul_32ns_32ns_32_4_max_dsp_1_U33/enhanced_correlator_fmul_32ns_32ns_32_4_max_dsp_1_ip_u/U0/i_synth/MULT.OP/i_non_prim.EXP/SIG_DELAY/i_pipe/p_2_in10_out                  |                1 |              1 |         1.00 |
|  ap_clk      | bd_0_i/hls_inst/inst/gmem1_m_axi_U/bus_read/ost_ctrl_gen[0].fifo_burst/U_fifo_srl/pop                                    | bd_0_i/hls_inst/inst/gmem1_m_axi_U/bus_read/rreq_burst_conv/burst_sequential/rs_req/ap_rst_n_0                                                                                                 |                1 |              1 |         1.00 |
|  ap_clk      |                                                                                                                          | bd_0_i/hls_inst/inst/fmul_32ns_32ns_32_4_max_dsp_1_U34/enhanced_correlator_fmul_32ns_32ns_32_4_max_dsp_1_ip_u/U0/i_synth/MULT.OP/i_non_prim.EXP/SIG_DELAY/i_pipe/p_2_in10_out                  |                1 |              1 |         1.00 |
|  ap_clk      | bd_0_i/hls_inst/inst/gmem0_m_axi_U/load_unit_0/fifo_rreq/mOutPtr[3]_i_1_n_0                                              | bd_0_i/hls_inst/inst/gmem1_m_axi_U/bus_read/rreq_burst_conv/burst_sequential/rs_req/ap_rst_n_0                                                                                                 |                1 |              4 |         4.00 |
|  ap_clk      | bd_0_i/hls_inst/inst/gmem1_m_axi_U/bus_read/ost_ctrl_gen[0].fifo_burst/raddr[3]_i_1__1_n_0                               | bd_0_i/hls_inst/inst/gmem1_m_axi_U/bus_read/rreq_burst_conv/burst_sequential/rs_req/ap_rst_n_0                                                                                                 |                1 |              4 |         4.00 |
|  ap_clk      | bd_0_i/hls_inst/inst/gmem1_m_axi_U/bus_read/rreq_burst_conv/burst_sequential/could_multi_bursts.burst_len[3]_i_1_n_0     | bd_0_i/hls_inst/inst/gmem1_m_axi_U/bus_read/rreq_burst_conv/burst_sequential/rs_req/ap_rst_n_0                                                                                                 |                1 |              4 |         4.00 |
|  ap_clk      | bd_0_i/hls_inst/inst/gmem0_m_axi_U/load_unit_0/fifo_rreq/num_data_cnt[3]_i_1_n_0                                         | bd_0_i/hls_inst/inst/gmem1_m_axi_U/bus_read/rreq_burst_conv/burst_sequential/rs_req/ap_rst_n_0                                                                                                 |                2 |              4 |         2.00 |
|  ap_clk      | bd_0_i/hls_inst/inst/gmem1_m_axi_U/load_unit_0/fifo_rreq/mOutPtr[3]_i_1__2_n_0                                           | bd_0_i/hls_inst/inst/gmem1_m_axi_U/bus_read/rreq_burst_conv/burst_sequential/rs_req/ap_rst_n_0                                                                                                 |                1 |              4 |         4.00 |
|  ap_clk      | bd_0_i/hls_inst/inst/gmem1_m_axi_U/bus_read/rreq_burst_conv/burst_sequential/could_multi_bursts.burst_addr[5]_i_1__0_n_0 | bd_0_i/hls_inst/inst/gmem1_m_axi_U/bus_read/rreq_burst_conv/burst_sequential/rs_req/ap_rst_n_0                                                                                                 |                1 |              4 |         4.00 |
|  ap_clk      | bd_0_i/hls_inst/inst/control_r_s_axi_U/waddr                                                                             |                                                                                                                                                                                                |                1 |              4 |         4.00 |
|  ap_clk      | bd_0_i/hls_inst/inst/gmem1_m_axi_U/load_unit_0/fifo_rreq/num_data_cnt[3]_i_1__2_n_0                                      | bd_0_i/hls_inst/inst/gmem1_m_axi_U/bus_read/rreq_burst_conv/burst_sequential/rs_req/ap_rst_n_0                                                                                                 |                1 |              4 |         4.00 |
|  ap_clk      |                                                                                                                          | bd_0_i/hls_inst/inst/grp_sin_or_cos_float_s_fu_479/ref_4oPi_table_100_U/t_in_int_reg_reg[30]                                                                                                   |                3 |              4 |         1.33 |
|  ap_clk      | bd_0_i/hls_inst/inst/gmem0_m_axi_U/bus_read/rreq_burst_conv/burst_sequential/could_multi_bursts.burst_addr[5]_i_1_n_0    | bd_0_i/hls_inst/inst/gmem1_m_axi_U/bus_read/rreq_burst_conv/burst_sequential/rs_req/ap_rst_n_0                                                                                                 |                1 |              4 |         4.00 |
|  ap_clk      | bd_0_i/hls_inst/inst/gmem0_m_axi_U/bus_read/rreq_burst_conv/burst_sequential/could_multi_bursts.burst_len[3]_i_1_n_0     | bd_0_i/hls_inst/inst/gmem1_m_axi_U/bus_read/rreq_burst_conv/burst_sequential/rs_req/ap_rst_n_0                                                                                                 |                1 |              4 |         4.00 |
|  ap_clk      | bd_0_i/hls_inst/inst/gmem0_m_axi_U/bus_read/ost_ctrl_gen[0].fifo_burst/raddr[3]_i_1_n_0                                  | bd_0_i/hls_inst/inst/gmem1_m_axi_U/bus_read/rreq_burst_conv/burst_sequential/rs_req/ap_rst_n_0                                                                                                 |                1 |              4 |         4.00 |
|  ap_clk      | bd_0_i/hls_inst/inst/gmem1_m_axi_U/bus_read/ost_ctrl_gen[0].fifo_burst/mOutPtr[4]_i_1__1_n_0                             | bd_0_i/hls_inst/inst/gmem1_m_axi_U/bus_read/rreq_burst_conv/burst_sequential/rs_req/ap_rst_n_0                                                                                                 |                2 |              5 |         2.50 |
|  ap_clk      | bd_0_i/hls_inst/inst/gmem1_m_axi_U/bus_read/ost_ctrl_gen[0].fifo_burst/num_data_cnt[4]_i_1__1_n_0                        | bd_0_i/hls_inst/inst/gmem1_m_axi_U/bus_read/rreq_burst_conv/burst_sequential/rs_req/ap_rst_n_0                                                                                                 |                1 |              5 |         5.00 |
|  ap_clk      | bd_0_i/hls_inst/inst/gmem0_m_axi_U/bus_read/ost_ctrl_gen[0].fifo_rctl/mOutPtr                                            | bd_0_i/hls_inst/inst/gmem1_m_axi_U/bus_read/rreq_burst_conv/burst_sequential/rs_req/ap_rst_n_0                                                                                                 |                2 |              5 |         2.50 |
|  ap_clk      | bd_0_i/hls_inst/inst/gmem0_m_axi_U/bus_read/ost_ctrl_gen[0].fifo_burst/num_data_cnt[4]_i_1_n_0                           | bd_0_i/hls_inst/inst/gmem1_m_axi_U/bus_read/rreq_burst_conv/burst_sequential/rs_req/ap_rst_n_0                                                                                                 |                2 |              5 |         2.50 |
|  ap_clk      | bd_0_i/hls_inst/inst/gmem1_m_axi_U/bus_read/ost_ctrl_gen[0].fifo_rctl/mOutPtr                                            | bd_0_i/hls_inst/inst/gmem1_m_axi_U/bus_read/rreq_burst_conv/burst_sequential/rs_req/ap_rst_n_0                                                                                                 |                2 |              5 |         2.50 |
|  ap_clk      | bd_0_i/hls_inst/inst/gmem1_m_axi_U/bus_read/ost_ctrl_gen[0].fifo_rctl/num_data_cnt                                       | bd_0_i/hls_inst/inst/gmem1_m_axi_U/bus_read/rreq_burst_conv/burst_sequential/rs_req/ap_rst_n_0                                                                                                 |                2 |              5 |         2.50 |
|  ap_clk      | bd_0_i/hls_inst/inst/gmem0_m_axi_U/bus_read/ost_ctrl_gen[0].fifo_burst/mOutPtr[4]_i_1_n_0                                | bd_0_i/hls_inst/inst/gmem1_m_axi_U/bus_read/rreq_burst_conv/burst_sequential/rs_req/ap_rst_n_0                                                                                                 |                2 |              5 |         2.50 |
|  ap_clk      | bd_0_i/hls_inst/inst/gmem0_m_axi_U/bus_read/ost_ctrl_gen[0].fifo_rctl/num_data_cnt                                       | bd_0_i/hls_inst/inst/gmem1_m_axi_U/bus_read/rreq_burst_conv/burst_sequential/rs_req/ap_rst_n_0                                                                                                 |                2 |              5 |         2.50 |
|  ap_clk      | bd_0_i/hls_inst/inst/control_s_axi_U/waddr                                                                               |                                                                                                                                                                                                |                2 |              6 |         3.00 |
|  ap_clk      | bd_0_i/hls_inst/inst/gmem1_m_axi_U/bus_read/rreq_burst_conv/burst_sequential/could_multi_bursts.last_loop                | bd_0_i/hls_inst/inst/gmem1_m_axi_U/bus_read/rreq_burst_conv/burst_sequential/rs_req/ap_rst_n_0                                                                                                 |                3 |              8 |         2.67 |
|  ap_clk      | bd_0_i/hls_inst/inst/gmem1_m_axi_U/load_unit_0/buff_rdata/U_fifo_mem/WEBWE[0]                                            | bd_0_i/hls_inst/inst/gmem1_m_axi_U/bus_read/rreq_burst_conv/burst_sequential/rs_req/ap_rst_n_0                                                                                                 |                2 |              8 |         4.00 |
|  ap_clk      | bd_0_i/hls_inst/inst/gmem0_m_axi_U/load_unit_0/buff_rdata/pop                                                            | bd_0_i/hls_inst/inst/gmem1_m_axi_U/bus_read/rreq_burst_conv/burst_sequential/rs_req/ap_rst_n_0                                                                                                 |                3 |              8 |         2.67 |
|  ap_clk      | bd_0_i/hls_inst/inst/gmem0_m_axi_U/bus_read/rreq_burst_conv/burst_sequential/could_multi_bursts.last_loop                | bd_0_i/hls_inst/inst/gmem1_m_axi_U/bus_read/rreq_burst_conv/burst_sequential/rs_req/ap_rst_n_0                                                                                                 |                3 |              8 |         2.67 |
|  ap_clk      | bd_0_i/hls_inst/inst/gmem1_m_axi_U/load_unit_0/buff_rdata/pop                                                            | bd_0_i/hls_inst/inst/gmem1_m_axi_U/bus_read/rreq_burst_conv/burst_sequential/rs_req/ap_rst_n_0                                                                                                 |                2 |              8 |         4.00 |
|  ap_clk      | bd_0_i/hls_inst/inst/gmem0_m_axi_U/load_unit_0/buff_rdata/U_fifo_mem/WEBWE[0]                                            | bd_0_i/hls_inst/inst/gmem1_m_axi_U/bus_read/rreq_burst_conv/burst_sequential/rs_req/ap_rst_n_0                                                                                                 |                2 |              8 |         4.00 |
|  ap_clk      | bd_0_i/hls_inst/inst/gmem0_m_axi_U/load_unit_0/buff_rdata/mOutPtr[8]_i_1_n_0                                             | bd_0_i/hls_inst/inst/gmem1_m_axi_U/bus_read/rreq_burst_conv/burst_sequential/rs_req/ap_rst_n_0                                                                                                 |                3 |              9 |         3.00 |
|  ap_clk      | bd_0_i/hls_inst/inst/gmem0_m_axi_U/load_unit_0/buff_rdata/num_data_cnt[8]_i_1_n_0                                        | bd_0_i/hls_inst/inst/gmem1_m_axi_U/bus_read/rreq_burst_conv/burst_sequential/rs_req/ap_rst_n_0                                                                                                 |                3 |              9 |         3.00 |
|  ap_clk      | bd_0_i/hls_inst/inst/gmem1_m_axi_U/load_unit_0/buff_rdata/num_data_cnt[8]_i_1__0_n_0                                     | bd_0_i/hls_inst/inst/gmem1_m_axi_U/bus_read/rreq_burst_conv/burst_sequential/rs_req/ap_rst_n_0                                                                                                 |                3 |              9 |         3.00 |
|  ap_clk      | bd_0_i/hls_inst/inst/gmem1_m_axi_U/load_unit_0/buff_rdata/mOutPtr[8]_i_1__0_n_0                                          | bd_0_i/hls_inst/inst/gmem1_m_axi_U/bus_read/rreq_burst_conv/burst_sequential/rs_req/ap_rst_n_0                                                                                                 |                3 |              9 |         3.00 |
|  ap_clk      | bd_0_i/hls_inst/inst/gmem1_m_axi_U/bus_read/rreq_burst_conv/burst_sequential/rs_req/p_17_in                              | bd_0_i/hls_inst/inst/gmem1_m_axi_U/bus_read/rreq_burst_conv/burst_sequential/sect_addr_buf[11]_i_1__0_n_0                                                                                      |                3 |             10 |         3.33 |
|  ap_clk      | bd_0_i/hls_inst/inst/gmem0_m_axi_U/bus_read/rreq_burst_conv/burst_sequential/rs_req/p_17_in                              | bd_0_i/hls_inst/inst/gmem0_m_axi_U/bus_read/rreq_burst_conv/burst_sequential/sect_addr_buf[11]_i_1_n_0                                                                                         |                4 |             10 |         2.50 |
|  ap_clk      | bd_0_i/hls_inst/inst/gmem0_m_axi_U/load_unit_0/buff_rdata/grp_fu_565_ce                                                  | bd_0_i/hls_inst/inst/fcmp_32ns_32ns_1_2_no_dsp_1_U39/din1_buf1[31]_i_1_n_0                                                                                                                     |                4 |             17 |         4.25 |
|  ap_clk      | bd_0_i/hls_inst/inst/fmul_32ns_32ns_32_4_max_dsp_1_U32/aclken                                                            | bd_0_i/hls_inst/inst/fmul_32ns_32ns_32_4_max_dsp_1_U32/enhanced_correlator_fmul_32ns_32ns_32_4_max_dsp_1_ip_u/U0/i_synth/MULT.OP/i_non_prim.EXP/SIG_DELAY/i_pipe/ce_r_reg                      |                7 |             22 |         3.14 |
|  ap_clk      | bd_0_i/hls_inst/inst/fmul_32ns_32ns_32_4_max_dsp_1_U32/aclken                                                            | bd_0_i/hls_inst/inst/fmul_32ns_32ns_32_4_max_dsp_1_U31/enhanced_correlator_fmul_32ns_32ns_32_4_max_dsp_1_ip_u/U0/i_synth/MULT.OP/i_non_prim.EXP/SIG_DELAY/i_pipe/ce_r_reg                      |                6 |             22 |         3.67 |
|  ap_clk      |                                                                                                                          | bd_0_i/hls_inst/inst/fmul_32ns_32ns_32_4_max_dsp_1_U34/enhanced_correlator_fmul_32ns_32ns_32_4_max_dsp_1_ip_u/U0/i_synth/MULT.OP/i_non_prim.EXP/SIG_DELAY/i_pipe/opt_has_pipe.first_q_reg[3]_0 |                6 |             22 |         3.67 |
|  ap_clk      |                                                                                                                          | bd_0_i/hls_inst/inst/fmul_32ns_32ns_32_4_max_dsp_1_U33/enhanced_correlator_fmul_32ns_32ns_32_4_max_dsp_1_ip_u/U0/i_synth/MULT.OP/i_non_prim.EXP/SIG_DELAY/i_pipe/opt_has_pipe.first_q_reg[3]_0 |                7 |             22 |         3.14 |
|  ap_clk      |                                                                                                                          | bd_0_i/hls_inst/inst/sitofp_32ns_32_6_no_dsp_1_U38/enhanced_correlator_sitofp_32ns_32_6_no_dsp_1_ip_u/U0/i_synth/FIX_TO_FLT_OP.SPD.OP/EXP/ZERO_DELAY/i_pipe/op_state[0]                        |                8 |             25 |         3.12 |
|  ap_clk      | bd_0_i/hls_inst/inst/ap_CS_fsm_state67                                                                                   |                                                                                                                                                                                                |               12 |             30 |         2.50 |
|  ap_clk      | bd_0_i/hls_inst/inst/ap_CS_fsm_state104                                                                                  | bd_0_i/hls_inst/inst/control_s_axi_U/SR[0]                                                                                                                                                     |                6 |             31 |         5.17 |
|  ap_clk      | bd_0_i/hls_inst/inst/dc_reg_470[31]_i_1_n_0                                                                              |                                                                                                                                                                                                |               11 |             32 |         2.91 |
|  ap_clk      | bd_0_i/hls_inst/inst/fcmp_32ns_32ns_1_2_no_dsp_1_U39/ap_CS_fsm_reg[92][0]                                                |                                                                                                                                                                                                |               17 |             32 |         1.88 |
|  ap_clk      | bd_0_i/hls_inst/inst/ap_CS_fsm_state101                                                                                  |                                                                                                                                                                                                |                8 |             32 |         4.00 |
|  ap_clk      | bd_0_i/hls_inst/inst/gmem1_m_axi_U/load_unit_0/fifo_rreq/ap_CS_fsm_reg[107][0]                                           |                                                                                                                                                                                                |                6 |             32 |         5.33 |
|  ap_clk      | bd_0_i/hls_inst/inst/gmem1_m_axi_U/load_unit_0/buff_rdata/U_fifo_mem/ap_CS_fsm_reg[114]                                  |                                                                                                                                                                                                |                7 |             32 |         4.57 |
|  ap_clk      | bd_0_i/hls_inst/inst/fcmp_32ns_32ns_1_2_no_dsp_1_U39/ap_CS_fsm_reg[75][0]                                                |                                                                                                                                                                                                |               18 |             32 |         1.78 |
|  ap_clk      | bd_0_i/hls_inst/inst/fcmp_32ns_32ns_1_2_no_dsp_1_U39/ap_CS_fsm_reg[40][0]                                                |                                                                                                                                                                                                |               15 |             32 |         2.13 |
|  ap_clk      | bd_0_i/hls_inst/inst/fcmp_32ns_32ns_1_2_no_dsp_1_U39/E[0]                                                                |                                                                                                                                                                                                |               13 |             32 |         2.46 |
|  ap_clk      | bd_0_i/hls_inst/inst/x_assign_reg_409[31]_i_1_n_0                                                                        |                                                                                                                                                                                                |               19 |             32 |         1.68 |
|  ap_clk      | bd_0_i/hls_inst/inst/reg_6170                                                                                            |                                                                                                                                                                                                |               11 |             32 |         2.91 |
|  ap_clk      | bd_0_i/hls_inst/inst/dc_2_reg_450[31]_i_1_n_0                                                                            |                                                                                                                                                                                                |               10 |             32 |         3.20 |
|  ap_clk      | bd_0_i/hls_inst/inst/dc_1_reg_430[31]_i_1_n_0                                                                            |                                                                                                                                                                                                |               11 |             32 |         2.91 |
|  ap_clk      | bd_0_i/hls_inst/inst/ap_CS_fsm_state91                                                                                   |                                                                                                                                                                                                |                5 |             32 |         6.40 |
|  ap_clk      | bd_0_i/hls_inst/inst/ap_CS_fsm_state81                                                                                   |                                                                                                                                                                                                |                5 |             32 |         6.40 |
|  ap_clk      | bd_0_i/hls_inst/inst/ap_CS_fsm_state67                                                                                   | bd_0_i/hls_inst/inst/grp_sin_or_cos_float_s_fu_479/and_ln271_reg_1330_pp0_iter16_reg_reg[0]__0_0                                                                                               |               19 |             32 |         1.68 |
|  ap_clk      | bd_0_i/hls_inst/inst/ap_CS_fsm_state46                                                                                   |                                                                                                                                                                                                |                7 |             32 |         4.57 |
|  ap_clk      | bd_0_i/hls_inst/inst/ap_CS_fsm_state36                                                                                   |                                                                                                                                                                                                |                7 |             32 |         4.57 |
|  ap_clk      | bd_0_i/hls_inst/inst/ap_CS_fsm_state31                                                                                   |                                                                                                                                                                                                |                6 |             32 |         5.33 |
|  ap_clk      | bd_0_i/hls_inst/inst/ap_CS_fsm_state108                                                                                  |                                                                                                                                                                                                |               10 |             32 |         3.20 |
|  ap_clk      | bd_0_i/hls_inst/inst/control_s_axi_U/int_code_length[31]_i_1_n_0                                                         | bd_0_i/hls_inst/inst/gmem1_m_axi_U/bus_read/rreq_burst_conv/burst_sequential/rs_req/ap_rst_n_0                                                                                                 |                6 |             32 |         5.33 |
|  ap_clk      | bd_0_i/hls_inst/inst/control_r_s_axi_U/int_prn_code[31]_i_1_n_0                                                          | bd_0_i/hls_inst/inst/gmem1_m_axi_U/bus_read/rreq_burst_conv/burst_sequential/rs_req/ap_rst_n_0                                                                                                 |               10 |             32 |         3.20 |
|  ap_clk      | bd_0_i/hls_inst/inst/control_r_s_axi_U/int_signal_I[31]_i_1_n_0                                                          | bd_0_i/hls_inst/inst/gmem1_m_axi_U/bus_read/rreq_burst_conv/burst_sequential/rs_req/ap_rst_n_0                                                                                                 |                8 |             32 |         4.00 |
|  ap_clk      | bd_0_i/hls_inst/inst/control_s_axi_U/int_sample_rate[31]_i_1_n_0                                                         | bd_0_i/hls_inst/inst/gmem1_m_axi_U/bus_read/rreq_burst_conv/burst_sequential/rs_req/ap_rst_n_0                                                                                                 |                5 |             32 |         6.40 |
|  ap_clk      | bd_0_i/hls_inst/inst/control_r_s_axi_U/p_0_in                                                                            | bd_0_i/hls_inst/inst/gmem1_m_axi_U/bus_read/rreq_burst_conv/burst_sequential/rs_req/ap_rst_n_0                                                                                                 |                8 |             32 |         4.00 |
|  ap_clk      | bd_0_i/hls_inst/inst/gmem0_m_axi_U/load_unit_0/buff_rdata/dout_vld_reg_1[0]                                              |                                                                                                                                                                                                |               17 |             32 |         1.88 |
|  ap_clk      | bd_0_i/hls_inst/inst/gmem0_m_axi_U/load_unit_0/buff_rdata/dout_vld_reg_2[0]                                              |                                                                                                                                                                                                |               23 |             32 |         1.39 |
|  ap_clk      | bd_0_i/hls_inst/inst/control_s_axi_U/int_num_samples[31]_i_1_n_0                                                         | bd_0_i/hls_inst/inst/gmem1_m_axi_U/bus_read/rreq_burst_conv/burst_sequential/rs_req/ap_rst_n_0                                                                                                 |                6 |             32 |         5.33 |
|  ap_clk      | bd_0_i/hls_inst/inst/control_s_axi_U/int_correlator_spacing[31]_i_1_n_0                                                  | bd_0_i/hls_inst/inst/gmem1_m_axi_U/bus_read/rreq_burst_conv/burst_sequential/rs_req/ap_rst_n_0                                                                                                 |                7 |             32 |         4.57 |
|  ap_clk      | bd_0_i/hls_inst/inst/control_r_s_axi_U/int_signal_Q[63]_i_1_n_0                                                          | bd_0_i/hls_inst/inst/gmem1_m_axi_U/bus_read/rreq_burst_conv/burst_sequential/rs_req/ap_rst_n_0                                                                                                 |                8 |             32 |         4.00 |
|  ap_clk      | bd_0_i/hls_inst/inst/control_r_s_axi_U/int_prn_code[63]_i_1_n_0                                                          | bd_0_i/hls_inst/inst/gmem1_m_axi_U/bus_read/rreq_burst_conv/burst_sequential/rs_req/ap_rst_n_0                                                                                                 |                6 |             32 |         5.33 |
|  ap_clk      | bd_0_i/hls_inst/inst/control_s_axi_U/int_code_freq[31]_i_1_n_0                                                           | bd_0_i/hls_inst/inst/gmem1_m_axi_U/bus_read/rreq_burst_conv/burst_sequential/rs_req/ap_rst_n_0                                                                                                 |                7 |             32 |         4.57 |
|  ap_clk      | bd_0_i/hls_inst/inst/control_s_axi_U/int_carrier_phase_init[31]_i_1_n_0                                                  | bd_0_i/hls_inst/inst/gmem1_m_axi_U/bus_read/rreq_burst_conv/burst_sequential/rs_req/ap_rst_n_0                                                                                                 |               12 |             32 |         2.67 |
|  ap_clk      | bd_0_i/hls_inst/inst/control_s_axi_U/int_code_phase_init[31]_i_1_n_0                                                     | bd_0_i/hls_inst/inst/gmem1_m_axi_U/bus_read/rreq_burst_conv/burst_sequential/rs_req/ap_rst_n_0                                                                                                 |               15 |             32 |         2.13 |
|  ap_clk      | bd_0_i/hls_inst/inst/control_r_s_axi_U/rdata[31]_i_2__0_n_0                                                              | bd_0_i/hls_inst/inst/control_r_s_axi_U/rdata[31]_i_1__0_n_0                                                                                                                                    |               10 |             32 |         3.20 |
|  ap_clk      | bd_0_i/hls_inst/inst/control_s_axi_U/int_carrier_freq[31]_i_1_n_0                                                        | bd_0_i/hls_inst/inst/gmem1_m_axi_U/bus_read/rreq_burst_conv/burst_sequential/rs_req/ap_rst_n_0                                                                                                 |                7 |             32 |         4.57 |
|  ap_clk      | bd_0_i/hls_inst/inst/control_s_axi_U/ar_hs                                                                               |                                                                                                                                                                                                |               14 |             32 |         2.29 |
|  ap_clk      | bd_0_i/hls_inst/inst/control_r_s_axi_U/int_signal_Q[31]_i_1_n_0                                                          | bd_0_i/hls_inst/inst/gmem1_m_axi_U/bus_read/rreq_burst_conv/burst_sequential/rs_req/ap_rst_n_0                                                                                                 |                7 |             32 |         4.57 |
|  ap_clk      | bd_0_i/hls_inst/inst/ap_CS_fsm_state30                                                                                   |                                                                                                                                                                                                |                8 |             33 |         4.12 |
|  ap_clk      | bd_0_i/hls_inst/inst/gmem0_m_axi_U/bus_read/rs_rdata/load_p1                                                             |                                                                                                                                                                                                |                9 |             33 |         3.67 |
|  ap_clk      | bd_0_i/hls_inst/inst/gmem0_m_axi_U/bus_read/rs_rdata/load_p2                                                             |                                                                                                                                                                                                |                5 |             33 |         6.60 |
|  ap_clk      | bd_0_i/hls_inst/inst/gmem1_m_axi_U/bus_read/rs_rdata/load_p2                                                             |                                                                                                                                                                                                |                7 |             33 |         4.71 |
|  ap_clk      | bd_0_i/hls_inst/inst/gmem1_m_axi_U/bus_read/rs_rdata/load_p1                                                             |                                                                                                                                                                                                |                9 |             33 |         3.67 |
|  ap_clk      |                                                                                                                          | bd_0_i/hls_inst/inst/grp_sin_or_cos_float_s_fu_495/SS[0]                                                                                                                                       |               14 |             37 |         2.64 |
|  ap_clk      |                                                                                                                          | bd_0_i/hls_inst/inst/grp_sin_or_cos_float_s_fu_479/SR[0]                                                                                                                                       |               12 |             37 |         3.08 |
|  ap_clk      | bd_0_i/hls_inst/inst/gmem0_m_axi_U/load_unit_0/buff_rdata/grp_fu_565_ce                                                  |                                                                                                                                                                                                |               16 |             49 |         3.06 |
|  ap_clk      | bd_0_i/hls_inst/inst/gmem1_m_axi_U/bus_read/rreq_burst_conv/burst_sequential/rs_req/E[0]                                 | bd_0_i/hls_inst/inst/gmem1_m_axi_U/bus_read/rreq_burst_conv/burst_sequential/rs_req/ap_rst_n_0                                                                                                 |               10 |             53 |         5.30 |
|  ap_clk      | bd_0_i/hls_inst/inst/gmem0_m_axi_U/bus_read/rreq_burst_conv/burst_sequential/rs_req/E[0]                                 | bd_0_i/hls_inst/inst/gmem1_m_axi_U/bus_read/rreq_burst_conv/burst_sequential/rs_req/ap_rst_n_0                                                                                                 |               10 |             53 |         5.30 |
|  ap_clk      | bd_0_i/hls_inst/inst/gmem1_m_axi_U/bus_read/rreq_burst_conv/burst_sequential/E[0]                                        | bd_0_i/hls_inst/inst/gmem1_m_axi_U/bus_read/rreq_burst_conv/burst_sequential/rs_req/ap_rst_n_0                                                                                                 |               18 |             58 |         3.22 |
|  ap_clk      | bd_0_i/hls_inst/inst/gmem0_m_axi_U/bus_read/rreq_burst_conv/burst_sequential/E[0]                                        | bd_0_i/hls_inst/inst/gmem1_m_axi_U/bus_read/rreq_burst_conv/burst_sequential/rs_req/ap_rst_n_0                                                                                                 |               19 |             58 |         3.05 |
|  ap_clk      | bd_0_i/hls_inst/inst/gmem0_m_axi_U/load_unit_0/fifo_rreq/U_fifo_srl/pop                                                  | bd_0_i/hls_inst/inst/gmem1_m_axi_U/bus_read/rreq_burst_conv/burst_sequential/rs_req/ap_rst_n_0                                                                                                 |                9 |             63 |         7.00 |
|  ap_clk      | bd_0_i/hls_inst/inst/gmem0_m_axi_U/load_unit_0/fifo_rreq/U_fifo_srl/push                                                 |                                                                                                                                                                                                |                9 |             63 |         7.00 |
|  ap_clk      | bd_0_i/hls_inst/inst/gmem1_m_axi_U/load_unit_0/fifo_rreq/U_fifo_srl/push                                                 |                                                                                                                                                                                                |                9 |             63 |         7.00 |
|  ap_clk      | bd_0_i/hls_inst/inst/gmem1_m_axi_U/load_unit_0/fifo_rreq/U_fifo_srl/pop                                                  | bd_0_i/hls_inst/inst/gmem1_m_axi_U/bus_read/rreq_burst_conv/burst_sequential/rs_req/ap_rst_n_0                                                                                                 |                9 |             63 |         7.00 |
|  ap_clk      | bd_0_i/hls_inst/inst/ap_CS_fsm_state121                                                                                  |                                                                                                                                                                                                |               19 |             64 |         3.37 |
|  ap_clk      | bd_0_i/hls_inst/inst/ap_CS_fsm_state120                                                                                  |                                                                                                                                                                                                |               24 |             64 |         2.67 |
|  ap_clk      | bd_0_i/hls_inst/inst/ap_CS_fsm_state125                                                                                  | bd_0_i/hls_inst/inst/control_s_axi_U/SR[0]                                                                                                                                                     |               13 |             64 |         4.92 |
|  ap_clk      | bd_0_i/hls_inst/inst/ap_CS_fsm_state71                                                                                   |                                                                                                                                                                                                |               13 |             64 |         4.92 |
|  ap_clk      | bd_0_i/hls_inst/inst/ap_CS_fsm_state126                                                                                  | bd_0_i/hls_inst/inst/control_s_axi_U/SR[0]                                                                                                                                                     |               12 |             64 |         5.33 |
|  ap_clk      | bd_0_i/hls_inst/inst/ap_CS_fsm_state127                                                                                  | bd_0_i/hls_inst/inst/control_s_axi_U/SR[0]                                                                                                                                                     |               11 |             64 |         5.82 |
|  ap_clk      | bd_0_i/hls_inst/inst/control_s_axi_U/E[0]                                                                                |                                                                                                                                                                                                |               14 |             64 |         4.57 |
|  ap_clk      | bd_0_i/hls_inst/inst/reg_5960                                                                                            |                                                                                                                                                                                                |               17 |             64 |         3.76 |
|  ap_clk      | bd_0_i/hls_inst/inst/gmem0_m_axi_U/load_unit_0/fifo_rreq/E[0]                                                            | bd_0_i/hls_inst/inst/gmem1_m_axi_U/bus_read/rreq_burst_conv/burst_sequential/rs_req/ap_rst_n_0                                                                                                 |               17 |             64 |         3.76 |
|  ap_clk      | bd_0_i/hls_inst/inst/gmem0_m_axi_U/load_unit_0/E[0]                                                                      |                                                                                                                                                                                                |               18 |             64 |         3.56 |
|  ap_clk      | bd_0_i/hls_inst/inst/gmem0_m_axi_U/bus_read/rreq_burst_conv/burst_sequential/rs_req/load_p1                              |                                                                                                                                                                                                |               19 |             64 |         3.37 |
|  ap_clk      | bd_0_i/hls_inst/inst/gmem1_m_axi_U/bus_read/rreq_burst_conv/burst_sequential/rs_req/load_p1                              |                                                                                                                                                                                                |               24 |             64 |         2.67 |
|  ap_clk      | bd_0_i/hls_inst/inst/gmem1_m_axi_U/load_unit_0/tmp_valid_reg_0[0]                                                        |                                                                                                                                                                                                |               20 |             64 |         3.20 |
|  ap_clk      | bd_0_i/hls_inst/inst/gmem1_m_axi_U/load_unit_0/fifo_rreq/dout_vld_reg_0[0]                                               | bd_0_i/hls_inst/inst/gmem1_m_axi_U/bus_read/rreq_burst_conv/burst_sequential/rs_req/ap_rst_n_0                                                                                                 |               21 |             64 |         3.05 |
|  ap_clk      | bd_0_i/hls_inst/inst/gmem1_m_axi_U/load_unit_0/fifo_rreq/ap_CS_fsm_reg[73][0]                                            |                                                                                                                                                                                                |               30 |             64 |         2.13 |
|  ap_clk      | bd_0_i/hls_inst/inst/ap_CS_fsm_state76                                                                                   |                                                                                                                                                                                                |               12 |             65 |         5.42 |
|  ap_clk      | bd_0_i/hls_inst/inst/gmem1_m_axi_U/load_unit_0/fifo_rreq/E[0]                                                            |                                                                                                                                                                                                |               27 |             65 |         2.41 |
|  ap_clk      | bd_0_i/hls_inst/inst/gmem1_m_axi_U/bus_read/rreq_burst_conv/burst_sequential/rs_req/p_17_in                              | bd_0_i/hls_inst/inst/gmem1_m_axi_U/bus_read/rreq_burst_conv/burst_sequential/rs_req/ap_rst_n_0                                                                                                 |               24 |             77 |         3.21 |
|  ap_clk      | bd_0_i/hls_inst/inst/gmem0_m_axi_U/bus_read/rreq_burst_conv/burst_sequential/rs_req/p_17_in                              | bd_0_i/hls_inst/inst/gmem1_m_axi_U/bus_read/rreq_burst_conv/burst_sequential/rs_req/ap_rst_n_0                                                                                                 |               24 |             77 |         3.21 |
|  ap_clk      | bd_0_i/hls_inst/inst/ap_CS_fsm_state105                                                                                  |                                                                                                                                                                                                |               40 |             93 |         2.33 |
|  ap_clk      | bd_0_i/hls_inst/inst/ap_CS_fsm_state104                                                                                  |                                                                                                                                                                                                |               33 |             99 |         3.00 |
|  ap_clk      | bd_0_i/hls_inst/inst/gmem1_m_axi_U/bus_read/rreq_burst_conv/burst_sequential/rs_req/next_req                             | bd_0_i/hls_inst/inst/gmem1_m_axi_U/bus_read/rreq_burst_conv/burst_sequential/rs_req/ap_rst_n_0                                                                                                 |               32 |            105 |         3.28 |
|  ap_clk      | bd_0_i/hls_inst/inst/gmem0_m_axi_U/bus_read/rreq_burst_conv/burst_sequential/rs_req/next_req                             | bd_0_i/hls_inst/inst/gmem1_m_axi_U/bus_read/rreq_burst_conv/burst_sequential/rs_req/ap_rst_n_0                                                                                                 |               29 |            105 |         3.62 |
|  ap_clk      | bd_0_i/hls_inst/inst/fmul_32ns_32ns_32_4_max_dsp_1_U32/aclken                                                            |                                                                                                                                                                                                |               33 |            112 |         3.39 |
|  ap_clk      | bd_0_i/hls_inst/inst/ap_CS_fsm_state20                                                                                   |                                                                                                                                                                                                |               50 |            128 |         2.56 |
|  ap_clk      | bd_0_i/hls_inst/inst/control_s_axi_U/ap_CS_fsm_reg[120][0]                                                               |                                                                                                                                                                                                |               40 |            128 |         3.20 |
|  ap_clk      | bd_0_i/hls_inst/inst/fadd_32ns_32ns_32_5_full_dsp_1_U29/ce_r                                                             |                                                                                                                                                                                                |               43 |            141 |         3.28 |
|  ap_clk      | bd_0_i/hls_inst/inst/faddfsub_32ns_32ns_32_5_full_dsp_1_U28/ce_r                                                         |                                                                                                                                                                                                |               45 |            141 |         3.13 |
|  ap_clk      | bd_0_i/hls_inst/inst/ap_CS_fsm_state21                                                                                   |                                                                                                                                                                                                |               41 |            155 |         3.78 |
|  ap_clk      | bd_0_i/hls_inst/inst/ap_CS_fsm_state106                                                                                  |                                                                                                                                                                                                |               48 |            186 |         3.88 |
|  ap_clk      | bd_0_i/hls_inst/inst/control_s_axi_U/int_corr_E_I[31]_i_1_n_0                                                            | bd_0_i/hls_inst/inst/gmem1_m_axi_U/bus_read/rreq_burst_conv/burst_sequential/rs_req/ap_rst_n_0                                                                                                 |               42 |            192 |         4.57 |
|  ap_clk      |                                                                                                                          | bd_0_i/hls_inst/inst/gmem1_m_axi_U/bus_read/rreq_burst_conv/burst_sequential/rs_req/ap_rst_n_0                                                                                                 |               83 |            217 |         2.61 |
|  ap_clk      | bd_0_i/hls_inst/inst/ap_CS_fsm_state1                                                                                    |                                                                                                                                                                                                |               81 |            317 |         3.91 |
|  ap_clk      |                                                                                                                          |                                                                                                                                                                                                |             1066 |           3759 |         3.53 |
+--------------+--------------------------------------------------------------------------------------------------------------------------+------------------------------------------------------------------------------------------------------------------------------------------------------------------------------------------------+------------------+----------------+--------------+


