

================================================================
== Synthesis Summary Report of 'enhanced_correlator'
================================================================
+ General Information: 
    * Date:           Sun Sep 20 21:47:30 2026
    * Version:        2025.2 (Build 6295257 on Nov 14 2025)
    * Project:        enhanced_correlator
    * Solution:       hls (Vivado IP Flow Target)
    * Product family: zynq
    * Target device:  xc7z020-clg484-1
    

* Performance & Resource Estimates: 
+------------------------+--------+---------------+----------+---------+------+----------+---------+---------+-------+--------+----------+------------+-------------+-----+
|         Modules        |  Issue |               | Iteration|         | Trip |          |      Latency      |       |        |          |            |             |     |
|         & Loops        |  Type  | Violation Type|  Latency | Interval| Count| Pipelined| (cycles)|   (ns)  | Slack |  BRAM  |    DSP   |     FF     |     LUT     | URAM|
+------------------------+--------+---------------+----------+---------+------+----------+---------+---------+-------+--------+----------+------------+-------------+-----+
|+ enhanced_correlator   |  Timing|              -|         -|        -|     -|        no|        -|        -|  -1.12|  4 (1%)|  44 (20%)|  10376 (9%)|  15057 (28%)|    -|
| o VITIS_LOOP_61_1      |       -|              -|         -|        -|     -|        no|        -|        -|   7.30|       -|         -|           -|            -|    -|
|  + sin_or_cos_float_s  |       -|              -|         -|        1|     -|       yes|       17|  170.000|   0.16|       -|   13 (5%)|   2208 (2%)|    2760 (5%)|    -|
|  + sin_or_cos_float_s  |       -|              -|         -|        1|     -|       yes|       17|  170.000|   0.16|       -|   13 (5%)|   2208 (2%)|    2760 (5%)|    -|
|  o VITIS_LOOP_70_2     |       -|              -|         7|        -|     -|        no|        -|        -|   7.30|       -|         -|           -|            -|    -|
|  o VITIS_LOOP_71_3     |       -|              -|         7|        -|     -|        no|        -|        -|   7.30|       -|         -|           -|            -|    -|
|  o VITIS_LOOP_86_4     |       -|              -|         7|        -|     -|        no|        -|        -|   7.30|       -|         -|           -|            -|    -|
|  o VITIS_LOOP_87_5     |       -|              -|         7|        -|     -|        no|        -|        -|   7.30|       -|         -|           -|            -|    -|
|  o VITIS_LOOP_88_6     |       -|              -|         7|        -|     -|        no|        -|        -|   7.30|       -|         -|           -|            -|    -|
+------------------------+--------+---------------+----------+---------+------+----------+---------+---------+-------+--------+----------+------------+-------------+-----+
    Name Prefix: '+' for module, 'o' for loop, '*' for dataflow


================================================================
== HW Interfaces
================================================================
* M_AXI
+-------------+------------+------------+---------------+---------+--------+----------+-----------+--------------+--------------+-------------+-------------+-------------------+
| Interface   | Read/Write | Data Width | Address Width | Latency | Offset | Register | Max Widen | Max Read     | Max Write    | Num Read    | Num Write   | Resource Estimate |
|             |            | (SW->HW)   |               |         |        |          | Bitwidth  | Burst Length | Burst Length | Outstanding | Outstanding |                   |
+-------------+------------+------------+---------------+---------+--------+----------+-----------+--------------+--------------+-------------+-------------+-------------------+
| m_axi_gmem0 | READ_ONLY  | 32 -> 32   | 64            | 0       | slave  | 0        | 0         | 16           | 16           | 16          | 16          | BRAM=2            |
| m_axi_gmem1 | READ_ONLY  | 32 -> 32   | 64            | 0       | slave  | 0        | 0         | 16           | 16           | 16          | 16          | BRAM=2            |
+-------------+------------+------------+---------------+---------+--------+----------+-----------+--------------+--------------+-------------+-------------+-------------------+

* S_AXILITE Interfaces
+-----------------+------------+---------------+--------+----------+
| Interface       | Data Width | Address Width | Offset | Register |
+-----------------+------------+---------------+--------+----------+
| s_axi_control   | 32         | 8             | 16     | 0        |
| s_axi_control_r | 32         | 6             | 16     | 0        |
+-----------------+------------+---------------+--------+----------+

* S_AXILITE Registers
+-----------------+--------------------+--------+-------+--------+-----------------------------------+----------------------------------------------------------------------+
| Interface       | Register           | Offset | Width | Access | Description                       | Bit Fields                                                           |
+-----------------+--------------------+--------+-------+--------+-----------------------------------+----------------------------------------------------------------------+
| s_axi_control   | CTRL               | 0x00   | 32    | RW     | Control signals                   | 0=AP_START 1=AP_DONE 2=AP_IDLE 3=AP_READY 7=AUTO_RESTART 9=INTERRUPT |
| s_axi_control   | GIER               | 0x04   | 32    | RW     | Global Interrupt Enable Register  | 0=Enable                                                             |
| s_axi_control   | IP_IER             | 0x08   | 32    | RW     | IP Interrupt Enable Register      | 0=CHAN0_INT_EN 1=CHAN1_INT_EN                                        |
| s_axi_control   | IP_ISR             | 0x0c   | 32    | RW     | IP Interrupt Status Register      | 0=CHAN0_INT_ST 1=CHAN1_INT_ST                                        |
| s_axi_control   | corr_E_I           | 0x10   | 32    | R      | Data signal of corr_E_I           |                                                                      |
| s_axi_control   | corr_E_I_ctrl      | 0x14   | 32    | R      | Control signal of corr_E_I        | 0=corr_E_I_ap_vld                                                    |
| s_axi_control   | corr_E_Q           | 0x20   | 32    | R      | Data signal of corr_E_Q           |                                                                      |
| s_axi_control   | corr_E_Q_ctrl      | 0x24   | 32    | R      | Control signal of corr_E_Q        | 0=corr_E_Q_ap_vld                                                    |
| s_axi_control   | corr_P_I           | 0x30   | 32    | R      | Data signal of corr_P_I           |                                                                      |
| s_axi_control   | corr_P_I_ctrl      | 0x34   | 32    | R      | Control signal of corr_P_I        | 0=corr_P_I_ap_vld                                                    |
| s_axi_control   | corr_P_Q           | 0x40   | 32    | R      | Data signal of corr_P_Q           |                                                                      |
| s_axi_control   | corr_P_Q_ctrl      | 0x44   | 32    | R      | Control signal of corr_P_Q        | 0=corr_P_Q_ap_vld                                                    |
| s_axi_control   | corr_L_I           | 0x50   | 32    | R      | Data signal of corr_L_I           |                                                                      |
| s_axi_control   | corr_L_I_ctrl      | 0x54   | 32    | R      | Control signal of corr_L_I        | 0=corr_L_I_ap_vld                                                    |
| s_axi_control   | corr_L_Q           | 0x60   | 32    | R      | Data signal of corr_L_Q           |                                                                      |
| s_axi_control   | corr_L_Q_ctrl      | 0x64   | 32    | R      | Control signal of corr_L_Q        | 0=corr_L_Q_ap_vld                                                    |
| s_axi_control   | num_samples        | 0x70   | 32    | W      | Data signal of num_samples        |                                                                      |
| s_axi_control   | carrier_freq       | 0x78   | 32    | W      | Data signal of carrier_freq       |                                                                      |
| s_axi_control   | carrier_phase_init | 0x80   | 32    | W      | Data signal of carrier_phase_init |                                                                      |
| s_axi_control   | code_phase_init    | 0x88   | 32    | W      | Data signal of code_phase_init    |                                                                      |
| s_axi_control   | code_freq          | 0x90   | 32    | W      | Data signal of code_freq          |                                                                      |
| s_axi_control   | sample_rate        | 0x98   | 32    | W      | Data signal of sample_rate        |                                                                      |
| s_axi_control   | code_length        | 0xa0   | 32    | W      | Data signal of code_length        |                                                                      |
| s_axi_control   | correlator_spacing | 0xa8   | 32    | W      | Data signal of correlator_spacing |                                                                      |
| s_axi_control_r | signal_I_1         | 0x10   | 32    | W      | Data signal of signal_I           |                                                                      |
| s_axi_control_r | signal_I_2         | 0x14   | 32    | W      | Data signal of signal_I           |                                                                      |
| s_axi_control_r | signal_Q_1         | 0x1c   | 32    | W      | Data signal of signal_Q           |                                                                      |
| s_axi_control_r | signal_Q_2         | 0x20   | 32    | W      | Data signal of signal_Q           |                                                                      |
| s_axi_control_r | prn_code_1         | 0x28   | 32    | W      | Data signal of prn_code           |                                                                      |
| s_axi_control_r | prn_code_2         | 0x2c   | 32    | W      | Data signal of prn_code           |                                                                      |
+-----------------+--------------------+--------+-------+--------+-----------------------------------+----------------------------------------------------------------------+

* TOP LEVEL CONTROL
+-----------+------------+-----------+
| Interface | Type       | Ports     |
+-----------+------------+-----------+
| ap_clk    | clock      | ap_clk    |
| ap_rst_n  | reset      | ap_rst_n  |
| interrupt | interrupt  | interrupt |
| ap_ctrl   | ap_ctrl_hs |           |
+-----------+------------+-----------+


================================================================
== SW I/O Information
================================================================
* Top Function Arguments
+--------------------+-----------+---------------+
| Argument           | Direction | Datatype      |
+--------------------+-----------+---------------+
| signal_I           | in        | float const * |
| signal_Q           | in        | float const * |
| corr_E_I           | out       | float*        |
| corr_E_Q           | out       | float*        |
| corr_P_I           | out       | float*        |
| corr_P_Q           | out       | float*        |
| corr_L_I           | out       | float*        |
| corr_L_Q           | out       | float*        |
| num_samples        | in        | int           |
| carrier_freq       | in        | float         |
| carrier_phase_init | in        | float         |
| code_phase_init    | in        | float         |
| code_freq          | in        | float         |
| sample_rate        | in        | float         |
| code_length        | in        | int           |
| correlator_spacing | in        | float         |
| prn_code           | in        | float const * |
+--------------------+-----------+---------------+

* SW-to-HW Mapping
+--------------------+-----------------+-----------+----------+----------------------------------------------+
| Argument           | HW Interface    | HW Type   | HW Usage | HW Info                                      |
+--------------------+-----------------+-----------+----------+----------------------------------------------+
| signal_I           | m_axi_gmem0     | interface |          | channel=0                                    |
| signal_I           | s_axi_control_r | register  | offset   | name=signal_I_1 offset=0x10 range=32         |
| signal_I           | s_axi_control_r | register  | offset   | name=signal_I_2 offset=0x14 range=32         |
| signal_Q           | m_axi_gmem0     | interface |          | channel=0                                    |
| signal_Q           | s_axi_control_r | register  | offset   | name=signal_Q_1 offset=0x1c range=32         |
| signal_Q           | s_axi_control_r | register  | offset   | name=signal_Q_2 offset=0x20 range=32         |
| corr_E_I           | s_axi_control   | register  |          | name=corr_E_I offset=0x10 range=32           |
| corr_E_I           | s_axi_control   | register  |          | name=corr_E_I_ctrl offset=0x14 range=32      |
| corr_E_Q           | s_axi_control   | register  |          | name=corr_E_Q offset=0x20 range=32           |
| corr_E_Q           | s_axi_control   | register  |          | name=corr_E_Q_ctrl offset=0x24 range=32      |
| corr_P_I           | s_axi_control   | register  |          | name=corr_P_I offset=0x30 range=32           |
| corr_P_I           | s_axi_control   | register  |          | name=corr_P_I_ctrl offset=0x34 range=32      |
| corr_P_Q           | s_axi_control   | register  |          | name=corr_P_Q offset=0x40 range=32           |
| corr_P_Q           | s_axi_control   | register  |          | name=corr_P_Q_ctrl offset=0x44 range=32      |
| corr_L_I           | s_axi_control   | register  |          | name=corr_L_I offset=0x50 range=32           |
| corr_L_I           | s_axi_control   | register  |          | name=corr_L_I_ctrl offset=0x54 range=32      |
| corr_L_Q           | s_axi_control   | register  |          | name=corr_L_Q offset=0x60 range=32           |
| corr_L_Q           | s_axi_control   | register  |          | name=corr_L_Q_ctrl offset=0x64 range=32      |
| num_samples        | s_axi_control   | register  |          | name=num_samples offset=0x70 range=32        |
| carrier_freq       | s_axi_control   | register  |          | name=carrier_freq offset=0x78 range=32       |
| carrier_phase_init | s_axi_control   | register  |          | name=carrier_phase_init offset=0x80 range=32 |
| code_phase_init    | s_axi_control   | register  |          | name=code_phase_init offset=0x88 range=32    |
| code_freq          | s_axi_control   | register  |          | name=code_freq offset=0x90 range=32          |
| sample_rate        | s_axi_control   | register  |          | name=sample_rate offset=0x98 range=32        |
| code_length        | s_axi_control   | register  |          | name=code_length offset=0xa0 range=32        |
| correlator_spacing | s_axi_control   | register  |          | name=correlator_spacing offset=0xa8 range=32 |
| prn_code           | m_axi_gmem1     | interface |          | channel=0                                    |
| prn_code           | s_axi_control_r | register  | offset   | name=prn_code_1 offset=0x28 range=32         |
| prn_code           | s_axi_control_r | register  | offset   | name=prn_code_2 offset=0x2c range=32         |
+--------------------+-----------------+-----------+----------+----------------------------------------------+


================================================================
== M_AXI Burst Information
================================================================
 Note: All burst requests might be further partitioned into multiple requests during RTL generation based on max_read_burst_length or max_write_burst_length settings.

* All M_AXI Variable Accesses
+--------------+----------+---------------------------------------------------------------------------+-----------+--------------+-----------------+---------------------------------------------------------------------------+------------+------------------------------+
| HW Interface | Variable | Access Location                                                           | Direction | Burst Status | Loop            | Loop Location                                                             | Resolution | Problem                      |
+--------------+----------+---------------------------------------------------------------------------+-----------+--------------+-----------------+---------------------------------------------------------------------------+------------+------------------------------+
| m_axi_gmem0  | signal_I | vivado/ip_repo/gnss_enhanced_correlator/src/enhanced_correlator.cpp:65:23 | read      | Fail         |                 |                                                                           | 214-231    | Access is clobbered by sig_Q |
| m_axi_gmem0  | signal_Q | vivado/ip_repo/gnss_enhanced_correlator/src/enhanced_correlator.cpp:66:23 | read      | Fail         |                 |                                                                           | 214-231    | Access is clobbered by sig_I |
| m_axi_gmem1  | prn_code | vivado/ip_repo/gnss_enhanced_correlator/src/enhanced_correlator.cpp:95:29 | read      | Fail         | VITIS_LOOP_61_1 | vivado/ip_repo/gnss_enhanced_correlator/src/enhanced_correlator.cpp:61:22 | 214-229    | Could not analyze pattern    |
| m_axi_gmem1  | prn_code | vivado/ip_repo/gnss_enhanced_correlator/src/enhanced_correlator.cpp:96:28 | read      | Fail         | VITIS_LOOP_61_1 | vivado/ip_repo/gnss_enhanced_correlator/src/enhanced_correlator.cpp:61:22 | 214-229    | Could not analyze pattern    |
| m_axi_gmem1  | prn_code | vivado/ip_repo/gnss_enhanced_correlator/src/enhanced_correlator.cpp:97:27 | read      | Fail         | VITIS_LOOP_61_1 | vivado/ip_repo/gnss_enhanced_correlator/src/enhanced_correlator.cpp:61:22 | 214-229    | Could not analyze pattern    |
+--------------+----------+---------------------------------------------------------------------------+-----------+--------------+-----------------+---------------------------------------------------------------------------+------------+------------------------------+

    * Resolution URL: docs.amd.com/access/sources/dita/topic?Doc_Version=2025.2%20English&url=ug1448-hls-guidance&resourceid=XXX-YYY.html (replace XXX-YYY with column value)

================================================================
== Bind Op Report
================================================================
+-------------------------------------------------------+-----+--------+--------------------+-----------+--------------------------+---------+
| Name                                                  | DSP | Pragma | Variable           | Op        | Impl                     | Latency |
+-------------------------------------------------------+-----+--------+--------------------+-----------+--------------------------+---------+
| + enhanced_correlator                                 | 44  |        |                    |           |                          |         |
|   fmul_32ns_32ns_32_4_max_dsp_1_U31                   | 3   |        | mul                | fmul      | maxdsp                   | 3       |
|   fdiv_32ns_32ns_32_16_no_dsp_1_U35                   |     |        | carrier_phase_inc  | fdiv      | fabric                   | 15      |
|   fdiv_32ns_32ns_32_16_no_dsp_1_U36                   |     |        | code_phase_inc     | fdiv      | fabric                   | 15      |
|   fmul_32ns_32ns_32_4_max_dsp_1_U32                   | 3   |        | mul2               | fmul      | maxdsp                   | 3       |
|   fdiv_32ns_32ns_32_16_no_dsp_1_U37                   |     |        | el_spacing_samples | fdiv      | fabric                   | 15      |
|   sitofp_32ns_32_6_no_dsp_1_U38                       |     |        | conv               | sitofp    | auto                     | 5       |
|   icmp_ln61_fu_692_p2                                 |     |        | icmp_ln61          | setlt     | auto                     | 0       |
|   add_ln61_fu_697_p2                                  |     |        | add_ln61           | add       | fabric                   | 0       |
|   add_ln65_fu_715_p2                                  |     |        | add_ln65           | add       | fabric                   | 0       |
|   add_ln66_fu_740_p2                                  |     |        | add_ln66           | add       | fabric                   | 0       |
|   icmp_ln70_fu_869_p2                                 |     |        | icmp_ln70          | setne     | auto                     | 0       |
|   icmp_ln70_1_fu_875_p2                               |     |        | icmp_ln70_1        | seteq     | auto                     | 0       |
|   or_ln70_fu_881_p2                                   |     |        | or_ln70            | or        | auto                     | 0       |
|   fcmp_32ns_32ns_1_2_no_dsp_1_U39                     |     |        | tmp_1              | fcmp      | auto                     | 1       |
|   and_ln70_fu_887_p2                                  |     |        | and_ln70           | and       | auto                     | 0       |
|   faddfsub_32ns_32ns_32_5_full_dsp_1_U28              | 2   |        | phase_2            | fadd      | fulldsp                  | 4       |
|   icmp_ln70_2_fu_914_p2                               |     |        | icmp_ln70_2        | setne     | auto                     | 0       |
|   icmp_ln70_3_fu_920_p2                               |     |        | icmp_ln70_3        | seteq     | auto                     | 0       |
|   or_ln70_1_fu_926_p2                                 |     |        | or_ln70_1          | or        | auto                     | 0       |
|   fcmp_32ns_32ns_1_2_no_dsp_1_U39                     |     |        | tmp_3              | fcmp      | auto                     | 1       |
|   and_ln70_1_fu_932_p2                                |     |        | and_ln70_1         | and       | auto                     | 0       |
|   icmp_ln71_fu_956_p2                                 |     |        | icmp_ln71          | setne     | auto                     | 0       |
|   icmp_ln71_1_fu_962_p2                               |     |        | icmp_ln71_1        | seteq     | auto                     | 0       |
|   or_ln71_fu_968_p2                                   |     |        | or_ln71            | or        | auto                     | 0       |
|   fcmp_32ns_32ns_1_2_no_dsp_1_U39                     |     |        | tmp_5              | fcmp      | auto                     | 1       |
|   and_ln71_fu_974_p2                                  |     |        | and_ln71           | and       | auto                     | 0       |
|   faddfsub_32ns_32ns_32_5_full_dsp_1_U28              | 2   |        | phase_5            | fadd      | fulldsp                  | 4       |
|   icmp_ln71_2_fu_996_p2                               |     |        | icmp_ln71_2        | setne     | auto                     | 0       |
|   icmp_ln71_3_fu_1002_p2                              |     |        | icmp_ln71_3        | seteq     | auto                     | 0       |
|   or_ln71_1_fu_1008_p2                                |     |        | or_ln71_1          | or        | auto                     | 0       |
|   fcmp_32ns_32ns_1_2_no_dsp_1_U39                     |     |        | tmp_7              | fcmp      | auto                     | 1       |
|   and_ln71_1_fu_1014_p2                               |     |        | and_ln71_1         | and       | auto                     | 0       |
|   fmul_32ns_32ns_32_4_max_dsp_1_U31                   | 3   |        | mul1               | fmul      | maxdsp                   | 3       |
|   fmul_32ns_32ns_32_4_max_dsp_1_U32                   | 3   |        | mul3               | fmul      | maxdsp                   | 3       |
|   faddfsub_32ns_32ns_32_5_full_dsp_1_U28              | 2   |        | mixed_I            | fadd      | fulldsp                  | 4       |
|   fmul_32ns_32ns_32_4_max_dsp_1_U33                   | 3   |        | mul4               | fmul      | maxdsp                   | 3       |
|   fmul_32ns_32ns_32_4_max_dsp_1_U34                   | 3   |        | mul5               | fmul      | maxdsp                   | 3       |
|   fadd_32ns_32ns_32_5_full_dsp_1_U29                  | 2   |        | mixed_Q            | fadd      | fulldsp                  | 4       |
|   faddfsub_32ns_32ns_32_5_full_dsp_1_U28              | 2   |        | early_phase        | fadd      | fulldsp                  | 4       |
|   fadd_32ns_32ns_32_5_full_dsp_1_U30                  | 2   |        | late_phase         | fadd      | fulldsp                  | 4       |
|   icmp_ln86_fu_1038_p2                                |     |        | icmp_ln86          | setne     | auto                     | 0       |
|   icmp_ln86_1_fu_1044_p2                              |     |        | icmp_ln86_1        | seteq     | auto                     | 0       |
|   or_ln86_fu_1050_p2                                  |     |        | or_ln86            | or        | auto                     | 0       |
|   fcmp_32ns_32ns_1_2_no_dsp_1_U39                     |     |        | tmp_9              | fcmp      | auto                     | 1       |
|   and_ln86_fu_1056_p2                                 |     |        | and_ln86           | and       | auto                     | 0       |
|   faddfsub_32ns_32ns_32_5_full_dsp_1_U28              | 2   |        | early_phase_2      | fadd      | fulldsp                  | 4       |
|   icmp_ln86_2_fu_1078_p2                              |     |        | icmp_ln86_2        | setne     | auto                     | 0       |
|   icmp_ln86_3_fu_1084_p2                              |     |        | icmp_ln86_3        | seteq     | auto                     | 0       |
|   or_ln86_1_fu_1090_p2                                |     |        | or_ln86_1          | or        | auto                     | 0       |
|   fcmp_32ns_32ns_1_2_no_dsp_1_U39                     |     |        | tmp_10             | fcmp      | auto                     | 1       |
|   and_ln86_1_fu_1096_p2                               |     |        | and_ln86_1         | and       | auto                     | 0       |
|   icmp_ln87_fu_1145_p2                                |     |        | icmp_ln87          | setne     | auto                     | 0       |
|   icmp_ln87_1_fu_1151_p2                              |     |        | icmp_ln87_1        | seteq     | auto                     | 0       |
|   or_ln87_fu_1157_p2                                  |     |        | or_ln87            | or        | auto                     | 0       |
|   icmp_ln87_2_fu_1111_p2                              |     |        | icmp_ln87_2        | setne     | auto                     | 0       |
|   icmp_ln87_3_fu_1117_p2                              |     |        | icmp_ln87_3        | seteq     | auto                     | 0       |
|   or_ln87_1_fu_1122_p2                                |     |        | or_ln87_1          | or        | auto                     | 0       |
|   and_ln87_fu_1163_p2                                 |     |        | and_ln87           | and       | auto                     | 0       |
|   fcmp_32ns_32ns_1_2_no_dsp_1_U39                     |     |        | tmp_13             | fcmp      | auto                     | 1       |
|   and_ln87_1_fu_1168_p2                               |     |        | and_ln87_1         | and       | auto                     | 0       |
|   faddfsub_32ns_32ns_32_5_full_dsp_1_U28              | 2   |        | late_phase_2       | fadd      | fulldsp                  | 4       |
|   icmp_ln87_4_fu_1191_p2                              |     |        | icmp_ln87_4        | setne     | auto                     | 0       |
|   icmp_ln87_5_fu_1197_p2                              |     |        | icmp_ln87_5        | seteq     | auto                     | 0       |
|   or_ln87_2_fu_1203_p2                                |     |        | or_ln87_2          | or        | auto                     | 0       |
|   fcmp_32ns_32ns_1_2_no_dsp_1_U39                     |     |        | tmp_15             | fcmp      | auto                     | 1       |
|   and_ln87_2_fu_1209_p2                               |     |        | and_ln87_2         | and       | auto                     | 0       |
|   icmp_ln88_fu_1232_p2                                |     |        | icmp_ln88          | setne     | auto                     | 0       |
|   icmp_ln88_1_fu_1238_p2                              |     |        | icmp_ln88_1        | seteq     | auto                     | 0       |
|   or_ln88_fu_1244_p2                                  |     |        | or_ln88            | or        | auto                     | 0       |
|   and_ln88_fu_1250_p2                                 |     |        | and_ln88           | and       | auto                     | 0       |
|   fcmp_32ns_32ns_1_2_no_dsp_1_U39                     |     |        | tmp_17             | fcmp      | auto                     | 1       |
|   and_ln88_1_fu_1255_p2                               |     |        | and_ln88_1         | and       | auto                     | 0       |
|   faddfsub_32ns_32ns_32_5_full_dsp_1_U28              | 2   |        | prompt_phase_2     | fadd      | fulldsp                  | 4       |
|   icmp_ln88_2_fu_1278_p2                              |     |        | icmp_ln88_2        | setne     | auto                     | 0       |
|   icmp_ln88_3_fu_1284_p2                              |     |        | icmp_ln88_3        | seteq     | auto                     | 0       |
|   or_ln88_1_fu_1290_p2                                |     |        | or_ln88_1          | or        | auto                     | 0       |
|   fcmp_32ns_32ns_1_2_no_dsp_1_U39                     |     |        | tmp_19             | fcmp      | auto                     | 1       |
|   and_ln88_2_fu_1296_p2                               |     |        | and_ln88_2         | and       | auto                     | 0       |
|   add_ln317_fu_1322_p2                                |     |        | add_ln317          | add       | fabric                   | 0       |
|   sub_ln18_fu_1336_p2                                 |     |        | sub_ln18           | sub       | fabric                   | 0       |
|   select_ln18_fu_1346_p3                              |     |        | select_ln18        | select    | auto_sel                 | 0       |
|   lshr_ln18_fu_1482_p2                                |     |        | lshr_ln18          | lshr      | auto_pipe                | 0       |
|   shl_ln18_fu_1488_p2                                 |     |        | shl_ln18           | shl       | auto_pipe                | 0       |
|   val_fu_1514_p3                                      |     |        | val                | select    | auto_sel                 | 0       |
|   result_1_fu_1646_p2                                 |     |        | result_1           | sub       | fabric                   | 0       |
|   add_ln317_1_fu_1374_p2                              |     |        | add_ln317_1        | add       | fabric                   | 0       |
|   sub_ln18_1_fu_1388_p2                               |     |        | sub_ln18_1         | sub       | fabric                   | 0       |
|   select_ln18_2_fu_1398_p3                            |     |        | select_ln18_2      | select    | auto_sel                 | 0       |
|   lshr_ln18_1_fu_1541_p2                              |     |        | lshr_ln18_1        | lshr      | auto_pipe                | 0       |
|   shl_ln18_1_fu_1547_p2                               |     |        | shl_ln18_1         | shl       | auto_pipe                | 0       |
|   val_1_fu_1573_p3                                    |     |        | val_1              | select    | auto_sel                 | 0       |
|   result_3_fu_1658_p2                                 |     |        | result_3           | sub       | fabric                   | 0       |
|   add_ln317_2_fu_1426_p2                              |     |        | add_ln317_2        | add       | fabric                   | 0       |
|   sub_ln18_2_fu_1440_p2                               |     |        | sub_ln18_2         | sub       | fabric                   | 0       |
|   select_ln18_4_fu_1450_p3                            |     |        | select_ln18_4      | select    | auto_sel                 | 0       |
|   lshr_ln18_2_fu_1600_p2                              |     |        | lshr_ln18_2        | lshr      | auto_pipe                | 0       |
|   shl_ln18_2_fu_1606_p2                               |     |        | shl_ln18_2         | shl       | auto_pipe                | 0       |
|   val_2_fu_1632_p3                                    |     |        | val_2              | select    | auto_sel                 | 0       |
|   result_5_fu_1670_p2                                 |     |        | result_5           | sub       | fabric                   | 0       |
|   select_ln59_fu_1675_p3                              |     |        | select_ln59        | select    | auto_sel                 | 0       |
|   add_ln95_fu_1694_p2                                 |     |        | add_ln95           | add       | fabric                   | 0       |
|   select_ln59_1_fu_1719_p3                            |     |        | select_ln59_1      | select    | auto_sel                 | 0       |
|   add_ln96_fu_1738_p2                                 |     |        | add_ln96           | add       | fabric                   | 0       |
|   select_ln59_2_fu_1763_p3                            |     |        | select_ln59_2      | select    | auto_sel                 | 0       |
|   add_ln97_fu_1782_p2                                 |     |        | add_ln97           | add       | fabric                   | 0       |
|   fmul_32ns_32ns_32_4_max_dsp_1_U31                   | 3   |        | mul6               | fmul      | maxdsp                   | 3       |
|   faddfsub_32ns_32ns_32_5_full_dsp_1_U28              | 2   |        | acc_E_I_1          | fadd      | fulldsp                  | 4       |
|   fmul_32ns_32ns_32_4_max_dsp_1_U32                   | 3   |        | mul7               | fmul      | maxdsp                   | 3       |
|   fadd_32ns_32ns_32_5_full_dsp_1_U29                  | 2   |        | acc_E_Q_1          | fadd      | fulldsp                  | 4       |
|   fmul_32ns_32ns_32_4_max_dsp_1_U31                   | 3   |        | mul8               | fmul      | maxdsp                   | 3       |
|   faddfsub_32ns_32ns_32_5_full_dsp_1_U28              | 2   |        | acc_P_I_1          | fadd      | fulldsp                  | 4       |
|   fmul_32ns_32ns_32_4_max_dsp_1_U32                   | 3   |        | mul9               | fmul      | maxdsp                   | 3       |
|   fadd_32ns_32ns_32_5_full_dsp_1_U29                  | 2   |        | acc_P_Q_1          | fadd      | fulldsp                  | 4       |
|   fmul_32ns_32ns_32_4_max_dsp_1_U31                   | 3   |        | mul10              | fmul      | maxdsp                   | 3       |
|   faddfsub_32ns_32ns_32_5_full_dsp_1_U28              | 2   |        | acc_L_I_1          | fadd      | fulldsp                  | 4       |
|   fmul_32ns_32ns_32_4_max_dsp_1_U32                   | 3   |        | mul11              | fmul      | maxdsp                   | 3       |
|   fadd_32ns_32ns_32_5_full_dsp_1_U29                  | 2   |        | acc_L_Q_1          | fadd      | fulldsp                  | 4       |
|   faddfsub_32ns_32ns_32_5_full_dsp_1_U28              | 2   |        | carrier_phase      | fadd      | fulldsp                  | 4       |
|   fadd_32ns_32ns_32_5_full_dsp_1_U29                  | 2   |        | code_phase         | fadd      | fulldsp                  | 4       |
|   icmp_ln61_1_fu_765_p2                               |     |        | icmp_ln61_1        | setgt     | auto                     | 0       |
|   corr_E_I                                            |     |        | select_ln113       | select    | auto_sel                 | 0       |
|   corr_E_Q                                            |     |        | select_ln113_1     | select    | auto_sel                 | 0       |
|   corr_P_I                                            |     |        | select_ln113_2     | select    | auto_sel                 | 0       |
|   corr_P_Q                                            |     |        | select_ln113_3     | select    | auto_sel                 | 0       |
|   corr_L_I                                            |     |        | select_ln113_4     | select    | auto_sel                 | 0       |
|   corr_L_Q                                            |     |        | select_ln113_5     | select    | auto_sel                 | 0       |
|  + sin_or_cos_float_s (grp_sin_or_cos_float_s_fu_479) | 13  |        |                    |           |                          |         |
|    closepath_fu_324_p2                                |     |        | closepath          | setlt     | auto                     | 0       |
|    Ex_fu_487_p2                                       |     |        | Ex                 | add       | fabric                   | 0       |
|    select_ln453_fu_492_p3                             |     |        | select_ln453       | select    | auto_sel                 | 0       |
|    add_ln376_fu_330_p2                                |     |        | add_ln376          | add       | fabric                   | 0       |
|    addr_fu_336_p3                                     |     |        | addr               | select    | auto_sel                 | 0       |
|    shl_ln379_fu_366_p2                                |     |        | shl_ln379          | shl       | auto_pipe                | 0       |
|    mul_80s_24ns_80_5_1_U3                             | 5   |        | h                  | mul       | auto                     | 4       |
|    k_fu_417_p3                                        |     |        | k                  | select    | auto_sel                 | 0       |
|    Mx_bits_1_fu_427_p2                                |     |        | Mx_bits_1          | sub       | fabric                   | 0       |
|    Mx_bits_3_fu_432_p3                                |     |        | Mx_bits_3          | select    | auto_sel                 | 0       |
|    ctlz_30_30_1_1_U5                                  |     |        | Mx_zeros           | ctlz      | auto                     | 0       |
|    shl_ln504_fu_518_p2                                |     |        | shl_ln504          | shl       | auto_pipe                | 0       |
|    Ex_1_fu_537_p2                                     |     |        | Ex_1               | sub       | fabric                   | 0       |
|    sub_ln506_fu_551_p2                                |     |        | sub_ln506          | sub       | fabric                   | 0       |
|    select_ln506_fu_777_p3                             |     |        | select_ln506       | select    | auto_sel                 | 0       |
|    lshr_ln506_fu_789_p2                               |     |        | lshr_ln506         | lshr      | auto_pipe                | 0       |
|    shl_ln506_fu_795_p2                                |     |        | shl_ln506          | shl       | auto_pipe                | 0       |
|    select_ln506_1_fu_801_p3                           |     |        | select_ln506_1     | select    | auto_sel                 | 0       |
|    sparsemux_17_3_1_1_1_U4                            |     |        | tmp_s              | sparsemux | compactencoding_dontcare | 0       |
|    xor_ln242_fu_557_p2                                |     |        | xor_ln242          | xor       | auto                     | 0       |
|    cos_basis_fu_562_p3                                |     |        | cos_basis          | select    | auto_sel                 | 0       |
|    Mx_1_fu_812_p3                                     |     |        | Mx_1               | select    | auto_sel                 | 0       |
|    Ex_2_fu_818_p3                                     |     |        | Ex_2               | select    | auto_sel                 | 0       |
|    mul_15ns_15ns_30_1_1_U8                            | 1   |        | mul_ln23           | mul       | auto                     | 0       |
|    sin_basis_fu_568_p3                                |     |        | sin_basis          | select    | auto_sel                 | 0       |
|    mul_23s_22ns_45_1_1_U1                             | 2   |        | mul_ln29           | mul       | auto                     | 0       |
|    mul_15ns_15s_30_1_1_U9                             | 1   |        | mul_ln30           | mul       | auto                     | 0       |
|    mul_30s_29ns_58_2_1_U2                             | 4   |        | mul_ln32           | mul       | auto                     | 1       |
|    ctlz_32_32_1_1_U10                                 |     |        | c                  | ctlz      | auto                     | 0       |
|    ctlz_32_32_1_1_U11                                 |     |        | c_1                | ctlz      | auto                     | 0       |
|    in_shift_1_fu_1037_p2                              |     |        | in_shift_1         | shl       | auto_pipe                | 0       |
|    icmp_ln292_fu_1042_p2                              |     |        | icmp_ln292         | seteq     | auto                     | 0       |
|    in_shift_2_fu_1066_p2                              |     |        | in_shift_2         | shl       | auto_pipe                | 0       |
|    shift_2_fu_1071_p3                                 |     |        | shift_2            | select    | auto_sel                 | 0       |
|    icmp_ln306_fu_1048_p2                              |     |        | icmp_ln306         | seteq     | auto                     | 0       |
|    or_ln306_fu_1101_p2                                |     |        | or_ln306           | or        | auto                     | 0       |
|    empty_59_fu_1129_p3                                |     |        | empty_59           | select    | auto_sel                 | 0       |
|    sparsemux_33_4_1_1_1_U6                            |     |        | tmp_8              | sparsemux | compactencoding_dontcare | 0       |
|    sparsemux_33_4_1_1_1_U7                            |     |        | tmp_5              | sparsemux | compactencoding_dontcare | 0       |
|    results_sign_fu_724_p3                             |     |        | results_sign       | select    | auto_sel                 | 0       |
|    icmp_ln271_fu_732_p2                               |     |        | icmp_ln271         | seteq     | auto                     | 0       |
|    icmp_ln271_1_fu_392_p2                             |     |        | icmp_ln271_1       | seteq     | auto                     | 0       |
|    and_ln271_fu_737_p2                                |     |        | and_ln271          | and       | auto                     | 0       |
|    xor_ln278_fu_742_p2                                |     |        | xor_ln278          | xor       | auto                     | 0       |
|    results_sign_2_fu_747_p2                           |     |        | results_sign_2     | and       | auto                     | 0       |
|    select_ln259_fu_1136_p3                            |     |        | select_ln259       | select    | auto_sel                 | 0       |
|    icmp_ln282_fu_752_p2                               |     |        | icmp_ln282         | seteq     | auto                     | 0       |
|    xor_ln282_fu_757_p2                                |     |        | xor_ln282          | xor       | auto                     | 0       |
|    results_sign_4_fu_763_p2                           |     |        | results_sign_4     | and       | auto                     | 0       |
|    select_ln282_fu_1143_p3                            |     |        | select_ln282       | select    | auto_sel                 | 0       |
|    or_ln282_fu_1150_p2                                |     |        | or_ln282           | or        | auto                     | 0       |
|    results_exp_fu_1155_p3                             |     |        | results_exp        | select    | auto_sel                 | 0       |
|    select_ln282_2_fu_1163_p3                          |     |        | select_ln282_2     | select    | auto_sel                 | 0       |
|    results_sig_fu_1170_p3                             |     |        | results_sig        | select    | auto_sel                 | 0       |
|    results_sign_3_fu_769_p3                           |     |        | results_sign_3     | select    | auto_sel                 | 0       |
|    results_exp_1_fu_1178_p3                           |     |        | results_exp_1      | select    | auto_sel                 | 0       |
|    results_sig_1_fu_1185_p3                           |     |        | results_sig_1      | select    | auto_sel                 | 0       |
|  + sin_or_cos_float_s (grp_sin_or_cos_float_s_fu_495) | 13  |        |                    |           |                          |         |
|    closepath_fu_324_p2                                |     |        | closepath          | setlt     | auto                     | 0       |
|    Ex_fu_487_p2                                       |     |        | Ex                 | add       | fabric                   | 0       |
|    select_ln453_fu_492_p3                             |     |        | select_ln453       | select    | auto_sel                 | 0       |
|    add_ln376_fu_330_p2                                |     |        | add_ln376          | add       | fabric                   | 0       |
|    addr_fu_336_p3                                     |     |        | addr               | select    | auto_sel                 | 0       |
|    shl_ln379_fu_366_p2                                |     |        | shl_ln379          | shl       | auto_pipe                | 0       |
|    mul_80s_24ns_80_5_1_U3                             | 5   |        | h                  | mul       | auto                     | 4       |
|    k_fu_417_p3                                        |     |        | k                  | select    | auto_sel                 | 0       |
|    Mx_bits_1_fu_427_p2                                |     |        | Mx_bits_1          | sub       | fabric                   | 0       |
|    Mx_bits_3_fu_432_p3                                |     |        | Mx_bits_3          | select    | auto_sel                 | 0       |
|    ctlz_30_30_1_1_U5                                  |     |        | Mx_zeros           | ctlz      | auto                     | 0       |
|    shl_ln504_fu_518_p2                                |     |        | shl_ln504          | shl       | auto_pipe                | 0       |
|    Ex_1_fu_537_p2                                     |     |        | Ex_1               | sub       | fabric                   | 0       |
|    sub_ln506_fu_551_p2                                |     |        | sub_ln506          | sub       | fabric                   | 0       |
|    select_ln506_fu_777_p3                             |     |        | select_ln506       | select    | auto_sel                 | 0       |
|    lshr_ln506_fu_789_p2                               |     |        | lshr_ln506         | lshr      | auto_pipe                | 0       |
|    shl_ln506_fu_795_p2                                |     |        | shl_ln506          | shl       | auto_pipe                | 0       |
|    select_ln506_1_fu_801_p3                           |     |        | select_ln506_1     | select    | auto_sel                 | 0       |
|    sparsemux_17_3_1_1_1_U4                            |     |        | tmp_s              | sparsemux | compactencoding_dontcare | 0       |
|    xor_ln242_fu_557_p2                                |     |        | xor_ln242          | xor       | auto                     | 0       |
|    cos_basis_fu_562_p3                                |     |        | cos_basis          | select    | auto_sel                 | 0       |
|    Mx_1_fu_812_p3                                     |     |        | Mx_1               | select    | auto_sel                 | 0       |
|    Ex_2_fu_818_p3                                     |     |        | Ex_2               | select    | auto_sel                 | 0       |
|    mul_15ns_15ns_30_1_1_U8                            | 1   |        | mul_ln23           | mul       | auto                     | 0       |
|    sin_basis_fu_568_p3                                |     |        | sin_basis          | select    | auto_sel                 | 0       |
|    mul_23s_22ns_45_1_1_U1                             | 2   |        | mul_ln29           | mul       | auto                     | 0       |
|    mul_15ns_15s_30_1_1_U9                             | 1   |        | mul_ln30           | mul       | auto                     | 0       |
|    mul_30s_29ns_58_2_1_U2                             | 4   |        | mul_ln32           | mul       | auto                     | 1       |
|    ctlz_32_32_1_1_U10                                 |     |        | c                  | ctlz      | auto                     | 0       |
|    ctlz_32_32_1_1_U11                                 |     |        | c_1                | ctlz      | auto                     | 0       |
|    in_shift_1_fu_1037_p2                              |     |        | in_shift_1         | shl       | auto_pipe                | 0       |
|    icmp_ln292_fu_1042_p2                              |     |        | icmp_ln292         | seteq     | auto                     | 0       |
|    in_shift_2_fu_1066_p2                              |     |        | in_shift_2         | shl       | auto_pipe                | 0       |
|    shift_2_fu_1071_p3                                 |     |        | shift_2            | select    | auto_sel                 | 0       |
|    icmp_ln306_fu_1048_p2                              |     |        | icmp_ln306         | seteq     | auto                     | 0       |
|    or_ln306_fu_1101_p2                                |     |        | or_ln306           | or        | auto                     | 0       |
|    empty_59_fu_1129_p3                                |     |        | empty_59           | select    | auto_sel                 | 0       |
|    sparsemux_33_4_1_1_1_U6                            |     |        | tmp_8              | sparsemux | compactencoding_dontcare | 0       |
|    sparsemux_33_4_1_1_1_U7                            |     |        | tmp_5              | sparsemux | compactencoding_dontcare | 0       |
|    results_sign_fu_724_p3                             |     |        | results_sign       | select    | auto_sel                 | 0       |
|    icmp_ln271_fu_732_p2                               |     |        | icmp_ln271         | seteq     | auto                     | 0       |
|    icmp_ln271_1_fu_392_p2                             |     |        | icmp_ln271_1       | seteq     | auto                     | 0       |
|    and_ln271_fu_737_p2                                |     |        | and_ln271          | and       | auto                     | 0       |
|    xor_ln278_fu_742_p2                                |     |        | xor_ln278          | xor       | auto                     | 0       |
|    results_sign_2_fu_747_p2                           |     |        | results_sign_2     | and       | auto                     | 0       |
|    select_ln259_fu_1136_p3                            |     |        | select_ln259       | select    | auto_sel                 | 0       |
|    icmp_ln282_fu_752_p2                               |     |        | icmp_ln282         | seteq     | auto                     | 0       |
|    xor_ln282_fu_757_p2                                |     |        | xor_ln282          | xor       | auto                     | 0       |
|    results_sign_4_fu_763_p2                           |     |        | results_sign_4     | and       | auto                     | 0       |
|    select_ln282_fu_1143_p3                            |     |        | select_ln282       | select    | auto_sel                 | 0       |
|    or_ln282_fu_1150_p2                                |     |        | or_ln282           | or        | auto                     | 0       |
|    results_exp_fu_1155_p3                             |     |        | results_exp        | select    | auto_sel                 | 0       |
|    select_ln282_2_fu_1163_p3                          |     |        | select_ln282_2     | select    | auto_sel                 | 0       |
|    results_sig_fu_1170_p3                             |     |        | results_sig        | select    | auto_sel                 | 0       |
|    results_sign_3_fu_769_p3                           |     |        | results_sign_3     | select    | auto_sel                 | 0       |
|    results_exp_1_fu_1178_p3                           |     |        | results_exp_1      | select    | auto_sel                 | 0       |
|    results_sig_1_fu_1185_p3                           |     |        | results_sig_1      | select    | auto_sel                 | 0       |
+-------------------------------------------------------+-----+--------+--------------------+-----------+--------------------------+---------+


================================================================
== Storage Report
================================================================
+-------------------------------------------------------+-----------+-----------+------+------+--------+-------------------------------+--------+---------+------------------+
| Name                                                  | Usage     | Type      | BRAM | URAM | Pragma | Variable                      | Impl   | Latency | Bitwidth, Depth, |
|                                                       |           |           |      |      |        |                               |        |         | Banks            |
+-------------------------------------------------------+-----------+-----------+------+------+--------+-------------------------------+--------+---------+------------------+
| + enhanced_correlator                                 |           |           | 4    | 0    |        |                               |        |         |                  |
|   control_s_axi_U                                     | interface | s_axilite |      |      |        |                               |        |         |                  |
|   control_r_s_axi_U                                   | interface | s_axilite |      |      |        |                               |        |         |                  |
|   gmem0_m_axi_U                                       | interface | m_axi     | 2    |      |        |                               |        |         |                  |
|   gmem1_m_axi_U                                       | interface | m_axi     | 2    |      |        |                               |        |         |                  |
|  + sin_or_cos_float_s (grp_sin_or_cos_float_s_fu_479) |           |           | 0    | 0    |        |                               |        |         |                  |
|    ref_4oPi_table_100_U                               | rom_1p    |           |      |      | pragma | ref_4oPi_table_100            | lutram | 1       | 100, 13, 1       |
|    second_order_float_sin_cos_K0_U                    | rom_1p    |           |      |      | pragma | second_order_float_sin_cos_K0 | lutram | 1       | 30, 256, 1       |
|    second_order_float_sin_cos_K1_U                    | rom_1p    |           |      |      | pragma | second_order_float_sin_cos_K1 | lutram | 1       | 23, 256, 1       |
|    second_order_float_sin_cos_K2_U                    | rom_1p    |           |      |      | pragma | second_order_float_sin_cos_K2 | lutram | 1       | 15, 256, 1       |
|  + sin_or_cos_float_s (grp_sin_or_cos_float_s_fu_495) |           |           | 0    | 0    |        |                               |        |         |                  |
|    ref_4oPi_table_100_U                               | rom_1p    |           |      |      | pragma | ref_4oPi_table_100            | lutram | 1       | 100, 13, 1       |
|    second_order_float_sin_cos_K0_U                    | rom_1p    |           |      |      | pragma | second_order_float_sin_cos_K0 | lutram | 1       | 30, 256, 1       |
|    second_order_float_sin_cos_K1_U                    | rom_1p    |           |      |      | pragma | second_order_float_sin_cos_K1 | lutram | 1       | 23, 256, 1       |
|    second_order_float_sin_cos_K2_U                    | rom_1p    |           |      |      | pragma | second_order_float_sin_cos_K2 | lutram | 1       | 15, 256, 1       |
+-------------------------------------------------------+-----------+-----------+------+------+--------+-------------------------------+--------+---------+------------------+


================================================================
== Pragma Report
================================================================
* Valid Pragma Syntax
+-----------+------------------------------------------------------------+-------------------------------------------------------------------------------------------------------+
| Type      | Options                                                    | Location                                                                                              |
+-----------+------------------------------------------------------------+-------------------------------------------------------------------------------------------------------+
| INTERFACE | m_axi port=signal_I offset=slave bundle=gmem0 depth=100000 | in enhanced_correlator (../../vivado/ip_repo/gnss_enhanced_correlator/src/enhanced_correlator.cpp:26) |
| INTERFACE | m_axi port=signal_Q offset=slave bundle=gmem0 depth=100000 | in enhanced_correlator (../../vivado/ip_repo/gnss_enhanced_correlator/src/enhanced_correlator.cpp:27) |
| INTERFACE | m_axi port=prn_code offset=slave bundle=gmem1 depth=4092   | in enhanced_correlator (../../vivado/ip_repo/gnss_enhanced_correlator/src/enhanced_correlator.cpp:28) |
| INTERFACE | s_axilite port=corr_E_I bundle=control                     | in enhanced_correlator (../../vivado/ip_repo/gnss_enhanced_correlator/src/enhanced_correlator.cpp:31) |
| INTERFACE | s_axilite port=corr_E_Q bundle=control                     | in enhanced_correlator (../../vivado/ip_repo/gnss_enhanced_correlator/src/enhanced_correlator.cpp:32) |
| INTERFACE | s_axilite port=corr_P_I bundle=control                     | in enhanced_correlator (../../vivado/ip_repo/gnss_enhanced_correlator/src/enhanced_correlator.cpp:33) |
| INTERFACE | s_axilite port=corr_P_Q bundle=control                     | in enhanced_correlator (../../vivado/ip_repo/gnss_enhanced_correlator/src/enhanced_correlator.cpp:34) |
| INTERFACE | s_axilite port=corr_L_I bundle=control                     | in enhanced_correlator (../../vivado/ip_repo/gnss_enhanced_correlator/src/enhanced_correlator.cpp:35) |
| INTERFACE | s_axilite port=corr_L_Q bundle=control                     | in enhanced_correlator (../../vivado/ip_repo/gnss_enhanced_correlator/src/enhanced_correlator.cpp:36) |
| INTERFACE | s_axilite port=num_samples bundle=control                  | in enhanced_correlator (../../vivado/ip_repo/gnss_enhanced_correlator/src/enhanced_correlator.cpp:37) |
| INTERFACE | s_axilite port=carrier_freq bundle=control                 | in enhanced_correlator (../../vivado/ip_repo/gnss_enhanced_correlator/src/enhanced_correlator.cpp:38) |
| INTERFACE | s_axilite port=carrier_phase_init bundle=control           | in enhanced_correlator (../../vivado/ip_repo/gnss_enhanced_correlator/src/enhanced_correlator.cpp:39) |
| INTERFACE | s_axilite port=code_phase_init bundle=control              | in enhanced_correlator (../../vivado/ip_repo/gnss_enhanced_correlator/src/enhanced_correlator.cpp:40) |
| INTERFACE | s_axilite port=code_freq bundle=control                    | in enhanced_correlator (../../vivado/ip_repo/gnss_enhanced_correlator/src/enhanced_correlator.cpp:41) |
| INTERFACE | s_axilite port=sample_rate bundle=control                  | in enhanced_correlator (../../vivado/ip_repo/gnss_enhanced_correlator/src/enhanced_correlator.cpp:42) |
| INTERFACE | s_axilite port=code_length bundle=control                  | in enhanced_correlator (../../vivado/ip_repo/gnss_enhanced_correlator/src/enhanced_correlator.cpp:43) |
| INTERFACE | s_axilite port=correlator_spacing bundle=control           | in enhanced_correlator (../../vivado/ip_repo/gnss_enhanced_correlator/src/enhanced_correlator.cpp:44) |
| INTERFACE | s_axilite port=return bundle=control                       | in enhanced_correlator (../../vivado/ip_repo/gnss_enhanced_correlator/src/enhanced_correlator.cpp:45) |
| PIPELINE  | ii=1                                                       | in enhanced_correlator (../../vivado/ip_repo/gnss_enhanced_correlator/src/enhanced_correlator.cpp:62) |
+-----------+------------------------------------------------------------+-------------------------------------------------------------------------------------------------------+


