================================================================
== Vivado Place & Route Results
================================================================
+ General Information:
    * Date:            Sun Sep 20 22:03:21 IST 2026
    * Version:         2025.2 (Build 6295257 on Nov 14 2025)
    * Project:         enhanced_correlator
    * Solution:        hls (Vivado IP Flow Target)
    * Product family:  zynq
    * Target device:   xc7z020-clg484-1


================================================================
== Run Constraints & Options
================================================================
+ Design Constraints & Options:
    * Place & Route target clock:  10 ns
    * C-Synthesis target clock:    10 ns
    * C-Synthesis uncertainty:     27%

+ RTL Synthesis Options:
    * config_export -vivado_synth_strategy:     default
    * config_export -vivado_synth_design_args:  -directive sdx_optimization_effort_high

+ Place & Route Options:
    * config_export -vivado_impl_strategy:  default
    * config_export -vivado_phys_opt:       auto

+ Reporting Options:
    * config_export -vivado_report_level:      2
    * config_export -vivado_max_timing_paths:  10


================================================================
== Place & Route Resource Summary
================================================================
LUT:              8910
FF:               9157
DSP:              39
BRAM:             2
URAM:             0
SRL:              202


================================================================
== Place & Route Timing Summary
================================================================
* Timing was met
+----------------+-------------+
| Timing         | Period (ns) |
+----------------+-------------+
| Target         | 10.000      |
| Post-Synthesis | 8.276       |
| Post-Route     | 8.671       |
+----------------+-------------+


================================================================
== Place & Route Resources
================================================================
+----------------------------------------------+-----+----+-----+------+------+-----+--------+------+---------+----------+--------+
| Name                                         | LUT | FF | DSP | BRAM | URAM | SRL | Pragma | Impl | Latency | Variable | Source |
+----------------------------------------------+-----+----+-----+------+------+-----+--------+------+---------+----------+--------+
| inst                                         |     |    |     |      |      | 202 |        |      |         |          |        |
|   (inst)                                     |     |    |     |      |      |     |        |      |         |          |        |
|   control_r_s_axi_U                          |     |    |     |      |      |     |        |      |         |          |        |
|   control_s_axi_U                            |     |    |     |      |      |     |        |      |         |          |        |
|   fadd_32ns_32ns_32_5_full_dsp_1_U29         |     |    |     |      |      |     |        |      |         |          |        |
|     (fadd_32ns_32ns_32_5_full_dsp_1_U29)     |     |    |     |      |      |     |        |      |         |          |        |
|   fadd_32ns_32ns_32_5_full_dsp_1_U30         |     |    |     |      |      |     |        |      |         |          |        |
|   faddfsub_32ns_32ns_32_5_full_dsp_1_U28     |     |    |     |      |      |     |        |      |         |          |        |
|     (faddfsub_32ns_32ns_32_5_full_dsp_1_U28) |     |    |     |      |      |     |        |      |         |          |        |
|   fcmp_32ns_32ns_1_2_no_dsp_1_U39            |     |    |     |      |      |     |        |      |         |          |        |
|     (fcmp_32ns_32ns_1_2_no_dsp_1_U39)        |     |    |     |      |      |     |        |      |         |          |        |
|   fdiv_32ns_32ns_32_16_no_dsp_1_U35          |     |    |     |      |      | 28  |        |      |         |          |        |
|   fdiv_32ns_32ns_32_16_no_dsp_1_U36          |     |    |     |      |      | 29  |        |      |         |          |        |
|   fdiv_32ns_32ns_32_16_no_dsp_1_U37          |     |    |     |      |      | 29  |        |      |         |          |        |
|   fmul_32ns_32ns_32_4_max_dsp_1_U31          |     |    |     |      |      |     |        |      |         |          |        |
|     (fmul_32ns_32ns_32_4_max_dsp_1_U31)      |     |    |     |      |      |     |        |      |         |          |        |
|   fmul_32ns_32ns_32_4_max_dsp_1_U32          |     |    |     |      |      |     |        |      |         |          |        |
|     (fmul_32ns_32ns_32_4_max_dsp_1_U32)      |     |    |     |      |      |     |        |      |         |          |        |
|   fmul_32ns_32ns_32_4_max_dsp_1_U33          |     |    |     |      |      |     |        |      |         |          |        |
|   fmul_32ns_32ns_32_4_max_dsp_1_U34          |     |    |     |      |      |     |        |      |         |          |        |
|   gmem0_m_axi_U                              |     |    |     |      |      | 34  |        |      |         |          |        |
|   gmem1_m_axi_U                              |     |    |     |      |      | 34  |        |      |         |          |        |
|   grp_sin_or_cos_float_s_fu_479              |     |    |     |      |      | 38  |        |      |         |          |        |
|     (grp_sin_or_cos_float_s_fu_479)          |     |    |     |      |      | 30  |        |      |         |          |        |
|     ctlz_32_32_1_1_U10                       |     |    |     |      |      |     |        |      |         |          |        |
|     ctlz_32_32_1_1_U11                       |     |    |     |      |      |     |        |      |         |          |        |
|     mul_15ns_15ns_30_1_1_U8                  |     |    |     |      |      |     |        |      |         |          |        |
|     mul_15ns_15s_30_1_1_U9                   |     |    |     |      |      |     |        |      |         |          |        |
|     mul_23s_22ns_45_1_1_U1                   |     |    |     |      |      |     |        |      |         |          |        |
|     mul_30s_29ns_58_2_1_U2                   |     |    |     |      |      |     |        |      |         |          |        |
|     mul_80s_24ns_80_5_1_U3                   |     |    |     |      |      |     |        |      |         |          |        |
|     ref_4oPi_table_100_U                     |     |    |     |      |      |     |        |      |         |          |        |
|     second_order_float_sin_cos_K0_U          |     |    |     |      |      |     |        |      |         |          |        |
|     second_order_float_sin_cos_K1_U          |     |    |     |      |      |     |        |      |         |          |        |
|     second_order_float_sin_cos_K2_U          |     |    |     |      |      |     |        |      |         |          |        |
|   grp_sin_or_cos_float_s_fu_495              |     |    |     |      |      | 9   |        |      |         |          |        |
|     (grp_sin_or_cos_float_s_fu_495)          |     |    |     |      |      | 9   |        |      |         |          |        |
|     ctlz_32_32_1_1_U10                       |     |    |     |      |      |     |        |      |         |          |        |
|     ctlz_32_32_1_1_U11                       |     |    |     |      |      |     |        |      |         |          |        |
|     mul_15ns_15ns_30_1_1_U8                  |     |    |     |      |      |     |        |      |         |          |        |
|     mul_15ns_15s_30_1_1_U9                   |     |    |     |      |      |     |        |      |         |          |        |
|     mul_23s_22ns_45_1_1_U1                   |     |    |     |      |      |     |        |      |         |          |        |
|     mul_30s_29ns_58_2_1_U2                   |     |    |     |      |      |     |        |      |         |          |        |
|     second_order_float_sin_cos_K0_U          |     |    |     |      |      |     |        |      |         |          |        |
|     second_order_float_sin_cos_K1_U          |     |    |     |      |      |     |        |      |         |          |        |
|     second_order_float_sin_cos_K2_U          |     |    |     |      |      |     |        |      |         |          |        |
|   sitofp_32ns_32_6_no_dsp_1_U38              |     |    |     |      |      | 1   |        |      |         |          |        |
+----------------------------------------------+-----+----+-----+------+------+-----+--------+------+---------+----------+--------+


================================================================
== Place & Route Fail Fast
================================================================
+-----------------------------------------------------------+-----------+--------+--------+
| Criteria                                                  | Guideline | Actual | Status |
+-----------------------------------------------------------+-----------+--------+--------+
| LUT                                                       | 70%       | 16.75% | OK     |
| FD                                                        | 50%       | 8.61%  | OK     |
| LUTRAM+SRL                                                | 25%       | 1.16%  | OK     |
| MUXF7                                                     | 15%       | 0.96%  | OK     |
| DSP                                                       | 80%       | 17.73% | OK     |
| RAMB/FIFO                                                 | 80%       | 0.71%  | OK     |
| DSP+RAMB+URAM (Avg)                                       | 70%       | 9.22%  | OK     |
| BUFGCE* + BUFGCTRL                                        | 24        | 0      | OK     |
| DONT_TOUCH (cells/nets)                                   | 0         | 4      | REVIEW |
| MARK_DEBUG (nets)                                         | 0         | 0      | OK     |
| Control Sets                                              | 998       | 139    | OK     |
| Average Fanout for modules > 100k cells                   | 4         | 2.57   | OK     |
| Max Average Fanout for modules > 100k cells               | 4         | 0      | OK     |
| Non-FD high fanout nets > 10k loads                       | 0         | 0      | OK     |
+-----------------------------------------------------------+-----------+--------+--------+
| TIMING-6 (No common primary clock between related clocks) | 0         | 0      | OK     |
| TIMING-7 (No common node between related clocks)          | 0         | 0      | OK     |
| TIMING-8 (No common period between related clocks)        | 0         | 0      | OK     |
| TIMING-14 (LUT on the clock tree)                         | 0         | 0      | OK     |
| TIMING-35 (No common node in paths with the same clock)   | 0         | 0      | OK     |
+-----------------------------------------------------------+-----------+--------+--------+
| Number of paths above max LUT budgeting (0.575ns)         | 0         | 0      | OK     |
| Number of paths above max Net budgeting (0.403ns)         | 0         | 0      | OK     |
+-----------------------------------------------------------+-----------+--------+--------+


================================================================
== Place & Route Timing Paths
================================================================
* Timing was met
+-------+---------------------+------------------------------------------------------------------------------------------------------------------------------------------------------------------------------------------------------------------------------------+------------------------------------------------------------------------------------------------------------------------------------------------------------------------------------------------------------+--------------+------------+---------------------+---------------------+---------------------+
| Path  |               SLACK | STARTPOINT PIN                                                                                                                                                                                                                     | ENDPOINT PIN                                                                                                                                                                                               | LOGIC LEVELS | MAX FANOUT |      DATAPATH DELAY |      DATAPATH LOGIC |        DATAPATH NET |
|       |                     |                                                                                                                                                                                                                                    |                                                                                                                                                                                                            |              |            |                     |               DELAY |               DELAY |
+-------+---------------------+------------------------------------------------------------------------------------------------------------------------------------------------------------------------------------------------------------------------------------+------------------------------------------------------------------------------------------------------------------------------------------------------------------------------------------------------------+--------------+------------+---------------------+---------------------+---------------------+
| Path1 | 1.32939743995666504 | faddfsub_32ns_32ns_32_5_full_dsp_1_U28/enhanced_correlator_faddfsub_32ns_32ns_32_5_full_dsp_1_ip_u/U0/i_synth/ADDSUB_OP.ADDSUB/DSP.OP/DSP48E1_BODY.EXP/BMA_EXP_DELAY/i_pipe/opt_has_pipe.first_q_reg[3]/C                          | faddfsub_32ns_32ns_32_5_full_dsp_1_U28/enhanced_correlator_faddfsub_32ns_32ns_32_5_full_dsp_1_ip_u/U0/i_synth/ADDSUB_OP.ADDSUB/DSP.OP/DSP48E1_BODY.ALIGN_ADD/DSP2/i_no_versal_es1_workaround.DSP/INMODE[1] |            1 |         20 | 3.02959704399108887 | 0.58000004291534424 | 2.44959688186645508 |
| Path2 | 1.43110501766204834 | faddfsub_32ns_32ns_32_5_full_dsp_1_U28/enhanced_correlator_faddfsub_32ns_32ns_32_5_full_dsp_1_ip_u/U0/i_synth/ADDSUB_OP.ADDSUB/DSP.OP/DSP48E1_BODY.EXP/NUMB_CMP/NOT_FAST.CMP/C_CHAIN/CHAIN_GEN[15].CARRYS_DEL.NEED_DEL.CARRYS_FD/C | faddfsub_32ns_32ns_32_5_full_dsp_1_U28/enhanced_correlator_faddfsub_32ns_32ns_32_5_full_dsp_1_ip_u/U0/i_synth/ADDSUB_OP.ADDSUB/DSP.OP/DSP48E1_BODY.ALIGN_ADD/DSP2/i_no_versal_es1_workaround.DSP/A[2]      |            1 |         54 | 3.01088976860046387 | 0.64200001955032349 | 2.36888957023620605 |
| Path3 | 1.43135106563568115 | faddfsub_32ns_32ns_32_5_full_dsp_1_U28/enhanced_correlator_faddfsub_32ns_32ns_32_5_full_dsp_1_ip_u/U0/i_synth/ADDSUB_OP.ADDSUB/DSP.OP/DSP48E1_BODY.EXP/NUMB_CMP/NOT_FAST.CMP/C_CHAIN/CHAIN_GEN[15].CARRYS_DEL.NEED_DEL.CARRYS_FD/C | faddfsub_32ns_32ns_32_5_full_dsp_1_U28/enhanced_correlator_faddfsub_32ns_32ns_32_5_full_dsp_1_ip_u/U0/i_synth/ADDSUB_OP.ADDSUB/DSP.OP/DSP48E1_BODY.ALIGN_ADD/DSP2/i_no_versal_es1_workaround.DSP/A[13]     |            1 |         54 | 3.01064372062683105 | 0.64200001955032349 | 2.36864376068115234 |
| Path4 | 1.43915677070617676 | faddfsub_32ns_32ns_32_5_full_dsp_1_U28/enhanced_correlator_faddfsub_32ns_32ns_32_5_full_dsp_1_ip_u/U0/i_synth/ADDSUB_OP.ADDSUB/DSP.OP/DSP48E1_BODY.EXP/NUMB_CMP/NOT_FAST.CMP/C_CHAIN/CHAIN_GEN[15].CARRYS_DEL.NEED_DEL.CARRYS_FD/C | faddfsub_32ns_32ns_32_5_full_dsp_1_U28/enhanced_correlator_faddfsub_32ns_32ns_32_5_full_dsp_1_ip_u/U0/i_synth/ADDSUB_OP.ADDSUB/DSP.OP/DSP48E1_BODY.ALIGN_ADD/DSP2/i_no_versal_es1_workaround.DSP/A[15]     |            1 |         54 | 3.00283789634704590 | 0.64200001955032349 | 2.36083793640136719 |
| Path5 | 1.45846796035766602 | fadd_32ns_32ns_32_5_full_dsp_1_U29/enhanced_correlator_fadd_32ns_32ns_32_5_full_dsp_1_ip_u/U0/i_synth/ADDSUB_OP.ADDSUB/DSP.OP/DSP48E1_BODY.EXP/NUMB_CMP/NOT_FAST.CMP/C_CHAIN/CHAIN_GEN[15].CARRYS_DEL.NEED_DEL.CARRYS_FD/C         | fadd_32ns_32ns_32_5_full_dsp_1_U29/enhanced_correlator_fadd_32ns_32ns_32_5_full_dsp_1_ip_u/U0/i_synth/ADDSUB_OP.ADDSUB/DSP.OP/DSP48E1_BODY.ALIGN_ADD/DSP2/i_no_versal_es1_workaround.DSP/A[6]              |            1 |         54 | 2.98352670669555664 | 0.58000004291534424 | 2.40352702140808105 |
+-------+---------------------+------------------------------------------------------------------------------------------------------------------------------------------------------------------------------------------------------------------------------------+------------------------------------------------------------------------------------------------------------------------------------------------------------------------------------------------------------+--------------+------------+---------------------+---------------------+---------------------+

    +-----------------------------------------------------------------------------------------------------------------------------------------------------------------------------------------------------------------+----------------------+
    | Path1 Cells                                                                                                                                                                                                     | Primitive Type       |
    +-----------------------------------------------------------------------------------------------------------------------------------------------------------------------------------------------------------------+----------------------+
    | faddfsub_32ns_32ns_32_5_full_dsp_1_U28/enhanced_correlator_faddfsub_32ns_32ns_32_5_full_dsp_1_ip_u/U0/i_synth/ADDSUB_OP.ADDSUB/DSP.OP/DSP48E1_BODY.EXP/BMA_EXP_DELAY/i_pipe/opt_has_pipe.first_q_reg[3]         | FLOP_LATCH.flop.FDRE |
    | faddfsub_32ns_32ns_32_5_full_dsp_1_U28/enhanced_correlator_faddfsub_32ns_32ns_32_5_full_dsp_1_ip_u/U0/i_synth/ADDSUB_OP.ADDSUB/DSP.OP/DSP48E1_BODY.EXP/BMA_EXP_DELAY/i_pipe/i_no_versal_es1_workaround.DSP_i_64 | LUT.others.LUT6      |
    | faddfsub_32ns_32ns_32_5_full_dsp_1_U28/enhanced_correlator_faddfsub_32ns_32ns_32_5_full_dsp_1_ip_u/U0/i_synth/ADDSUB_OP.ADDSUB/DSP.OP/DSP48E1_BODY.ALIGN_ADD/DSP2/i_no_versal_es1_workaround.DSP                | MULT.dsp.DSP48E1     |
    +-----------------------------------------------------------------------------------------------------------------------------------------------------------------------------------------------------------------+----------------------+

    +----------------------------------------------------------------------------------------------------------------------------------------------------------------------------------------------------------------------------------+----------------------+
    | Path2 Cells                                                                                                                                                                                                                      | Primitive Type       |
    +----------------------------------------------------------------------------------------------------------------------------------------------------------------------------------------------------------------------------------+----------------------+
    | faddfsub_32ns_32ns_32_5_full_dsp_1_U28/enhanced_correlator_faddfsub_32ns_32ns_32_5_full_dsp_1_ip_u/U0/i_synth/ADDSUB_OP.ADDSUB/DSP.OP/DSP48E1_BODY.EXP/NUMB_CMP/NOT_FAST.CMP/C_CHAIN/CHAIN_GEN[15].CARRYS_DEL.NEED_DEL.CARRYS_FD | FLOP_LATCH.flop.FDRE |
    | faddfsub_32ns_32ns_32_5_full_dsp_1_U28/enhanced_correlator_faddfsub_32ns_32ns_32_5_full_dsp_1_ip_u/U0/i_synth/ADDSUB_OP.ADDSUB/DSP.OP/A_IP_DELAY/i_pipe/i_no_versal_es1_workaround.DSP_i_38                                      | LUT.others.LUT3      |
    | faddfsub_32ns_32ns_32_5_full_dsp_1_U28/enhanced_correlator_faddfsub_32ns_32ns_32_5_full_dsp_1_ip_u/U0/i_synth/ADDSUB_OP.ADDSUB/DSP.OP/DSP48E1_BODY.ALIGN_ADD/DSP2/i_no_versal_es1_workaround.DSP                                 | MULT.dsp.DSP48E1     |
    +----------------------------------------------------------------------------------------------------------------------------------------------------------------------------------------------------------------------------------+----------------------+

    +----------------------------------------------------------------------------------------------------------------------------------------------------------------------------------------------------------------------------------+----------------------+
    | Path3 Cells                                                                                                                                                                                                                      | Primitive Type       |
    +----------------------------------------------------------------------------------------------------------------------------------------------------------------------------------------------------------------------------------+----------------------+
    | faddfsub_32ns_32ns_32_5_full_dsp_1_U28/enhanced_correlator_faddfsub_32ns_32ns_32_5_full_dsp_1_ip_u/U0/i_synth/ADDSUB_OP.ADDSUB/DSP.OP/DSP48E1_BODY.EXP/NUMB_CMP/NOT_FAST.CMP/C_CHAIN/CHAIN_GEN[15].CARRYS_DEL.NEED_DEL.CARRYS_FD | FLOP_LATCH.flop.FDRE |
    | faddfsub_32ns_32ns_32_5_full_dsp_1_U28/enhanced_correlator_faddfsub_32ns_32ns_32_5_full_dsp_1_ip_u/U0/i_synth/ADDSUB_OP.ADDSUB/DSP.OP/A_IP_DELAY/i_pipe/i_no_versal_es1_workaround.DSP_i_27                                      | LUT.others.LUT3      |
    | faddfsub_32ns_32ns_32_5_full_dsp_1_U28/enhanced_correlator_faddfsub_32ns_32ns_32_5_full_dsp_1_ip_u/U0/i_synth/ADDSUB_OP.ADDSUB/DSP.OP/DSP48E1_BODY.ALIGN_ADD/DSP2/i_no_versal_es1_workaround.DSP                                 | MULT.dsp.DSP48E1     |
    +----------------------------------------------------------------------------------------------------------------------------------------------------------------------------------------------------------------------------------+----------------------+

    +----------------------------------------------------------------------------------------------------------------------------------------------------------------------------------------------------------------------------------+----------------------+
    | Path4 Cells                                                                                                                                                                                                                      | Primitive Type       |
    +----------------------------------------------------------------------------------------------------------------------------------------------------------------------------------------------------------------------------------+----------------------+
    | faddfsub_32ns_32ns_32_5_full_dsp_1_U28/enhanced_correlator_faddfsub_32ns_32ns_32_5_full_dsp_1_ip_u/U0/i_synth/ADDSUB_OP.ADDSUB/DSP.OP/DSP48E1_BODY.EXP/NUMB_CMP/NOT_FAST.CMP/C_CHAIN/CHAIN_GEN[15].CARRYS_DEL.NEED_DEL.CARRYS_FD | FLOP_LATCH.flop.FDRE |
    | faddfsub_32ns_32ns_32_5_full_dsp_1_U28/enhanced_correlator_faddfsub_32ns_32ns_32_5_full_dsp_1_ip_u/U0/i_synth/ADDSUB_OP.ADDSUB/DSP.OP/A_IP_DELAY/i_pipe/i_no_versal_es1_workaround.DSP_i_25                                      | LUT.others.LUT3      |
    | faddfsub_32ns_32ns_32_5_full_dsp_1_U28/enhanced_correlator_faddfsub_32ns_32ns_32_5_full_dsp_1_ip_u/U0/i_synth/ADDSUB_OP.ADDSUB/DSP.OP/DSP48E1_BODY.ALIGN_ADD/DSP2/i_no_versal_es1_workaround.DSP                                 | MULT.dsp.DSP48E1     |
    +----------------------------------------------------------------------------------------------------------------------------------------------------------------------------------------------------------------------------------+----------------------+

    +--------------------------------------------------------------------------------------------------------------------------------------------------------------------------------------------------------------------------+----------------------+
    | Path5 Cells                                                                                                                                                                                                              | Primitive Type       |
    +--------------------------------------------------------------------------------------------------------------------------------------------------------------------------------------------------------------------------+----------------------+
    | fadd_32ns_32ns_32_5_full_dsp_1_U29/enhanced_correlator_fadd_32ns_32ns_32_5_full_dsp_1_ip_u/U0/i_synth/ADDSUB_OP.ADDSUB/DSP.OP/DSP48E1_BODY.EXP/NUMB_CMP/NOT_FAST.CMP/C_CHAIN/CHAIN_GEN[15].CARRYS_DEL.NEED_DEL.CARRYS_FD | FLOP_LATCH.flop.FDRE |
    | fadd_32ns_32ns_32_5_full_dsp_1_U29/enhanced_correlator_fadd_32ns_32ns_32_5_full_dsp_1_ip_u/U0/i_synth/ADDSUB_OP.ADDSUB/DSP.OP/A_IP_DELAY/i_pipe/i_no_versal_es1_workaround.DSP_i_34                                      | LUT.others.LUT3      |
    | fadd_32ns_32ns_32_5_full_dsp_1_U29/enhanced_correlator_fadd_32ns_32ns_32_5_full_dsp_1_ip_u/U0/i_synth/ADDSUB_OP.ADDSUB/DSP.OP/DSP48E1_BODY.ALIGN_ADD/DSP2/i_no_versal_es1_workaround.DSP                                 | MULT.dsp.DSP48E1     |
    +--------------------------------------------------------------------------------------------------------------------------------------------------------------------------------------------------------------------------+----------------------+


================================================================
== Place & Route Vivado Reports
================================================================
+--------------------------+-----------------------------------------------------------------------------+
| Report Type              | Report Location                                                             |
+--------------------------+-----------------------------------------------------------------------------+
| design_analysis          | impl/verilog/report/enhanced_correlator_design_analysis_routed.rpt          |
| failfast                 | impl/verilog/report/enhanced_correlator_failfast_routed.rpt                 |
| power                    | impl/verilog/report/enhanced_correlator_power_routed.rpt                    |
| status                   | impl/verilog/report/enhanced_correlator_status_routed.rpt                   |
| timing                   | impl/verilog/report/enhanced_correlator_timing_routed.rpt                   |
| timing_paths             | impl/verilog/report/enhanced_correlator_timing_paths_routed.rpt             |
| utilization              | impl/verilog/report/enhanced_correlator_utilization_routed.rpt              |
| utilization_hierarchical | impl/verilog/report/enhanced_correlator_utilization_hierarchical_routed.rpt |
+--------------------------+-----------------------------------------------------------------------------+


