Copyright 1986-2022 Xilinx, Inc. All Rights Reserved. Copyright 2022-2025 Advanced Micro Devices, Inc. All Rights Reserved.
-----------------------------------------------------------------------------------------------------------------------------------------------
| Tool Version : Vivado v.2025.2 (lin64) Build 6299465 Fri Nov 14 12:34:56 MST 2025
| Date         : Sun Sep 20 22:02:51 2026
| Host         : johan2-Yoga-7-15ITL5 running 64-bit Ubuntu 22.04.5 LTS
| Command      : report_utilization -hierarchical -hierarchical_depth 6 -file ./report/enhanced_correlator_utilization_hierarchical_routed.rpt
| Design       : bd_0_wrapper
| Device       : xc7z020clg484-1
| Speed File   : -1
| Design State : Routed
-----------------------------------------------------------------------------------------------------------------------------------------------

Utilization Design Information

Table of Contents
-----------------
1. Utilization by Hierarchy

1. Utilization by Hierarchy
---------------------------

+-----------------------------------------------------------------------+----------------------------------------------------------------------------------------------------------+------------+------------+---------+------+------+--------+--------+------------+
|                                Instance                               |                                                  Module                                                  | Total LUTs | Logic LUTs | LUTRAMs | SRLs |  FFs | RAMB36 | RAMB18 | DSP Blocks |
+-----------------------------------------------------------------------+----------------------------------------------------------------------------------------------------------+------------+------------+---------+------+------+--------+--------+------------+
| bd_0_wrapper                                                          |                                                                                                    (top) |       8910 |       8708 |       0 |  202 | 9157 |      0 |      2 |         39 |
|   bd_0_i                                                              |                                                                                                     bd_0 |       8910 |       8708 |       0 |  202 | 9157 |      0 |      2 |         39 |
|     hls_inst                                                          |                                                                                          bd_0_hls_inst_0 |       8910 |       8708 |       0 |  202 | 9157 |      0 |      2 |         39 |
|       inst                                                            |                                                                      bd_0_hls_inst_0_enhanced_correlator |       8910 |       8708 |       0 |  202 | 9157 |      0 |      2 |         39 |
|         (inst)                                                        |                                                                      bd_0_hls_inst_0_enhanced_correlator |       1059 |       1059 |       0 |    0 | 2459 |      0 |      0 |          0 |
|         (fcmp_32ns_32ns_1_2_no_dsp_1_U39)                             |                                          bd_0_hls_inst_0_enhanced_correlator_fcmp_32ns_32ns_1_2_no_dsp_1 |        281 |        281 |       0 |    0 |   68 |      0 |      0 |          0 |
|         control_r_s_axi_U                                             |                                                      bd_0_hls_inst_0_enhanced_correlator_control_r_s_axi |        204 |        204 |       0 |    0 |  233 |      0 |      0 |          0 |
|         control_s_axi_U                                               |                                                        bd_0_hls_inst_0_enhanced_correlator_control_s_axi |        633 |        633 |       0 |    0 |  509 |      0 |      0 |          0 |
|         fadd_32ns_32ns_32_5_full_dsp_1_U29                            |                            bd_0_hls_inst_0_enhanced_correlator_fadd_32ns_32ns_32_5_full_dsp_1__xdcDup__1 |        320 |        320 |       0 |    0 |  206 |      0 |      0 |          2 |
|           (fadd_32ns_32ns_32_5_full_dsp_1_U29)                        |                            bd_0_hls_inst_0_enhanced_correlator_fadd_32ns_32ns_32_5_full_dsp_1__xdcDup__1 |        148 |        148 |       0 |    0 |   97 |      0 |      0 |          0 |
|           enhanced_correlator_fadd_32ns_32ns_32_5_full_dsp_1_ip_u     |                                    bd_0_hls_inst_0_enhanced_correlator_fadd_32ns_32ns_32_5_full_dsp_1_ip |        172 |        172 |       0 |    0 |  109 |      0 |      0 |          2 |
|             U0                                                        |                                                   bd_0_hls_inst_0_floating_point_v7_1_21__parameterized1 |        172 |        172 |       0 |    0 |  109 |      0 |      0 |          2 |
|         fadd_32ns_32ns_32_5_full_dsp_1_U30                            |                                       bd_0_hls_inst_0_enhanced_correlator_fadd_32ns_32ns_32_5_full_dsp_1 |        172 |        172 |       0 |    0 |  173 |      0 |      0 |          2 |
|           (fadd_32ns_32ns_32_5_full_dsp_1_U30)                        |                                       bd_0_hls_inst_0_enhanced_correlator_fadd_32ns_32ns_32_5_full_dsp_1 |          0 |          0 |       0 |    0 |   64 |      0 |      0 |          0 |
|           enhanced_correlator_fadd_32ns_32ns_32_5_full_dsp_1_ip_u     |                                 bd_0_hls_inst_0_enhanced_correlator_fadd_32ns_32ns_32_5_full_dsp_1_ip__2 |        172 |        172 |       0 |    0 |  109 |      0 |      0 |          2 |
|             U0                                                        |                                                bd_0_hls_inst_0_floating_point_v7_1_21__parameterized1__2 |        172 |        172 |       0 |    0 |  109 |      0 |      0 |          2 |
|         faddfsub_32ns_32ns_32_5_full_dsp_1_U28                        |                                   bd_0_hls_inst_0_enhanced_correlator_faddfsub_32ns_32ns_32_5_full_dsp_1 |        476 |        476 |       0 |    0 |  207 |      0 |      0 |          2 |
|           (faddfsub_32ns_32ns_32_5_full_dsp_1_U28)                    |                                   bd_0_hls_inst_0_enhanced_correlator_faddfsub_32ns_32ns_32_5_full_dsp_1 |        303 |        303 |       0 |    0 |   98 |      0 |      0 |          0 |
|           enhanced_correlator_faddfsub_32ns_32ns_32_5_full_dsp_1_ip_u |                                bd_0_hls_inst_0_enhanced_correlator_faddfsub_32ns_32ns_32_5_full_dsp_1_ip |        173 |        173 |       0 |    0 |  109 |      0 |      0 |          2 |
|             U0                                                        |                                                                   bd_0_hls_inst_0_floating_point_v7_1_21 |        173 |        173 |       0 |    0 |  109 |      0 |      0 |          2 |
|         fdiv_32ns_32ns_32_16_no_dsp_1_U35                             |                             bd_0_hls_inst_0_enhanced_correlator_fdiv_32ns_32ns_32_16_no_dsp_1__xdcDup__1 |        770 |        742 |       0 |   28 |  729 |      0 |      0 |          0 |
|           (fdiv_32ns_32ns_32_16_no_dsp_1_U35)                         |                             bd_0_hls_inst_0_enhanced_correlator_fdiv_32ns_32ns_32_16_no_dsp_1__xdcDup__1 |          0 |          0 |       0 |    0 |   64 |      0 |      0 |          0 |
|           enhanced_correlator_fdiv_32ns_32ns_32_16_no_dsp_1_ip_u      |                                  bd_0_hls_inst_0_enhanced_correlator_fdiv_32ns_32ns_32_16_no_dsp_1_ip__3 |        770 |        742 |       0 |   28 |  665 |      0 |      0 |          0 |
|             U0                                                        |                                                bd_0_hls_inst_0_floating_point_v7_1_21__parameterized5__3 |        770 |        742 |       0 |   28 |  665 |      0 |      0 |          0 |
|         fdiv_32ns_32ns_32_16_no_dsp_1_U36                             |                             bd_0_hls_inst_0_enhanced_correlator_fdiv_32ns_32ns_32_16_no_dsp_1__xdcDup__2 |        772 |        743 |       0 |   29 |  665 |      0 |      0 |          0 |
|           enhanced_correlator_fdiv_32ns_32ns_32_16_no_dsp_1_ip_u      |                                  bd_0_hls_inst_0_enhanced_correlator_fdiv_32ns_32ns_32_16_no_dsp_1_ip__4 |        772 |        743 |       0 |   29 |  665 |      0 |      0 |          0 |
|             U0                                                        |                                                bd_0_hls_inst_0_floating_point_v7_1_21__parameterized5__4 |        772 |        743 |       0 |   29 |  665 |      0 |      0 |          0 |
|         fdiv_32ns_32ns_32_16_no_dsp_1_U37                             |                                        bd_0_hls_inst_0_enhanced_correlator_fdiv_32ns_32ns_32_16_no_dsp_1 |        772 |        743 |       0 |   29 |  729 |      0 |      0 |          0 |
|           (fdiv_32ns_32ns_32_16_no_dsp_1_U37)                         |                                        bd_0_hls_inst_0_enhanced_correlator_fdiv_32ns_32ns_32_16_no_dsp_1 |          0 |          0 |       0 |    0 |   64 |      0 |      0 |          0 |
|           enhanced_correlator_fdiv_32ns_32ns_32_16_no_dsp_1_ip_u      |                                     bd_0_hls_inst_0_enhanced_correlator_fdiv_32ns_32ns_32_16_no_dsp_1_ip |        772 |        743 |       0 |   29 |  665 |      0 |      0 |          0 |
|             U0                                                        |                                                   bd_0_hls_inst_0_floating_point_v7_1_21__parameterized5 |        772 |        743 |       0 |   29 |  665 |      0 |      0 |          0 |
|         fmul_32ns_32ns_32_4_max_dsp_1_U31                             |                             bd_0_hls_inst_0_enhanced_correlator_fmul_32ns_32ns_32_4_max_dsp_1__xdcDup__1 |        120 |        120 |       0 |    0 |  143 |      0 |      0 |          3 |
|           (fmul_32ns_32ns_32_4_max_dsp_1_U31)                         |                             bd_0_hls_inst_0_enhanced_correlator_fmul_32ns_32ns_32_4_max_dsp_1__xdcDup__1 |         48 |         48 |       0 |    0 |   96 |      0 |      0 |          0 |
|           enhanced_correlator_fmul_32ns_32ns_32_4_max_dsp_1_ip_u      |                                     bd_0_hls_inst_0_enhanced_correlator_fmul_32ns_32ns_32_4_max_dsp_1_ip |         72 |         72 |       0 |    0 |   47 |      0 |      0 |          3 |
|             U0                                                        |                                                   bd_0_hls_inst_0_floating_point_v7_1_21__parameterized3 |         72 |         72 |       0 |    0 |   47 |      0 |      0 |          3 |
|         fmul_32ns_32ns_32_4_max_dsp_1_U32                             |                             bd_0_hls_inst_0_enhanced_correlator_fmul_32ns_32ns_32_4_max_dsp_1__xdcDup__2 |         92 |         92 |       0 |    0 |  144 |      0 |      0 |          3 |
|           (fmul_32ns_32ns_32_4_max_dsp_1_U32)                         |                             bd_0_hls_inst_0_enhanced_correlator_fmul_32ns_32ns_32_4_max_dsp_1__xdcDup__2 |         20 |         20 |       0 |    0 |   97 |      0 |      0 |          0 |
|           enhanced_correlator_fmul_32ns_32ns_32_4_max_dsp_1_ip_u      |                                  bd_0_hls_inst_0_enhanced_correlator_fmul_32ns_32ns_32_4_max_dsp_1_ip__6 |         72 |         72 |       0 |    0 |   47 |      0 |      0 |          3 |
|             U0                                                        |                                                bd_0_hls_inst_0_floating_point_v7_1_21__parameterized3__6 |         72 |         72 |       0 |    0 |   47 |      0 |      0 |          3 |
|         fmul_32ns_32ns_32_4_max_dsp_1_U33                             |                             bd_0_hls_inst_0_enhanced_correlator_fmul_32ns_32ns_32_4_max_dsp_1__xdcDup__3 |         72 |         72 |       0 |    0 |  111 |      0 |      0 |          3 |
|           (fmul_32ns_32ns_32_4_max_dsp_1_U33)                         |                             bd_0_hls_inst_0_enhanced_correlator_fmul_32ns_32ns_32_4_max_dsp_1__xdcDup__3 |          0 |          0 |       0 |    0 |   64 |      0 |      0 |          0 |
|           enhanced_correlator_fmul_32ns_32ns_32_4_max_dsp_1_ip_u      |                                  bd_0_hls_inst_0_enhanced_correlator_fmul_32ns_32ns_32_4_max_dsp_1_ip__5 |         72 |         72 |       0 |    0 |   47 |      0 |      0 |          3 |
|             U0                                                        |                                                bd_0_hls_inst_0_floating_point_v7_1_21__parameterized3__5 |         72 |         72 |       0 |    0 |   47 |      0 |      0 |          3 |
|         fmul_32ns_32ns_32_4_max_dsp_1_U34                             |                                        bd_0_hls_inst_0_enhanced_correlator_fmul_32ns_32ns_32_4_max_dsp_1 |         72 |         72 |       0 |    0 |  111 |      0 |      0 |          3 |
|           (fmul_32ns_32ns_32_4_max_dsp_1_U34)                         |                                        bd_0_hls_inst_0_enhanced_correlator_fmul_32ns_32ns_32_4_max_dsp_1 |          0 |          0 |       0 |    0 |   64 |      0 |      0 |          0 |
|           enhanced_correlator_fmul_32ns_32ns_32_4_max_dsp_1_ip_u      |                                  bd_0_hls_inst_0_enhanced_correlator_fmul_32ns_32ns_32_4_max_dsp_1_ip__4 |         72 |         72 |       0 |    0 |   47 |      0 |      0 |          3 |
|             U0                                                        |                                                bd_0_hls_inst_0_floating_point_v7_1_21__parameterized3__4 |         72 |         72 |       0 |    0 |   47 |      0 |      0 |          3 |
|         gmem0_m_axi_U                                                 |                                                          bd_0_hls_inst_0_enhanced_correlator_gmem0_m_axi |        508 |        474 |       0 |   34 |  739 |      0 |      1 |          0 |
|           bus_read                                                    |                                                     bd_0_hls_inst_0_enhanced_correlator_gmem0_m_axi_read |        336 |        335 |       0 |    1 |  559 |      0 |      0 |          0 |
|             rreq_burst_conv                                           |                                          bd_0_hls_inst_0_enhanced_correlator_gmem0_m_axi_burst_converter |        260 |        260 |       0 |    0 |  457 |      0 |      0 |          0 |
|             rs_rdata                                                  |                                bd_0_hls_inst_0_enhanced_correlator_gmem0_m_axi_reg_slice__parameterized0 |         39 |         39 |       0 |    0 |   71 |      0 |      0 |          0 |
|           load_unit_0                                                 |                                                     bd_0_hls_inst_0_enhanced_correlator_gmem0_m_axi_load |        173 |        140 |       0 |   33 |  180 |      0 |      1 |          0 |
|             (load_unit_0)                                             |                                                     bd_0_hls_inst_0_enhanced_correlator_gmem0_m_axi_load |          1 |          1 |       0 |    0 |   66 |      0 |      0 |          0 |
|             buff_rdata                                                |                                     bd_0_hls_inst_0_enhanced_correlator_gmem0_m_axi_fifo__parameterized0 |         87 |         87 |       0 |    0 |   37 |      0 |      1 |          0 |
|             fifo_rreq                                                 |                                                     bd_0_hls_inst_0_enhanced_correlator_gmem0_m_axi_fifo |         86 |         53 |       0 |   33 |   77 |      0 |      0 |          0 |
|         gmem1_m_axi_U                                                 |                                                          bd_0_hls_inst_0_enhanced_correlator_gmem1_m_axi |        508 |        474 |       0 |   34 |  739 |      0 |      1 |          0 |
|           bus_read                                                    |                                                     bd_0_hls_inst_0_enhanced_correlator_gmem1_m_axi_read |        337 |        336 |       0 |    1 |  559 |      0 |      0 |          0 |
|             rreq_burst_conv                                           |                                          bd_0_hls_inst_0_enhanced_correlator_gmem1_m_axi_burst_converter |        261 |        261 |       0 |    0 |  457 |      0 |      0 |          0 |
|             rs_rdata                                                  |                                bd_0_hls_inst_0_enhanced_correlator_gmem1_m_axi_reg_slice__parameterized0 |         39 |         39 |       0 |    0 |   71 |      0 |      0 |          0 |
|           load_unit_0                                                 |                                                     bd_0_hls_inst_0_enhanced_correlator_gmem1_m_axi_load |        172 |        139 |       0 |   33 |  180 |      0 |      1 |          0 |
|             (load_unit_0)                                             |                                                     bd_0_hls_inst_0_enhanced_correlator_gmem1_m_axi_load |          1 |          1 |       0 |    0 |   66 |      0 |      0 |          0 |
|             buff_rdata                                                |                                     bd_0_hls_inst_0_enhanced_correlator_gmem1_m_axi_fifo__parameterized0 |         50 |         50 |       0 |    0 |   37 |      0 |      1 |          0 |
|             fifo_rreq                                                 |                                                     bd_0_hls_inst_0_enhanced_correlator_gmem1_m_axi_fifo |        122 |         89 |       0 |   33 |   77 |      0 |      0 |          0 |
|         grp_sin_or_cos_float_s_fu_479                                 |                                                   bd_0_hls_inst_0_enhanced_correlator_sin_or_cos_float_s |       1185 |       1147 |       0 |   38 |  623 |      0 |      0 |         13 |
|           (grp_sin_or_cos_float_s_fu_479)                             |                                                   bd_0_hls_inst_0_enhanced_correlator_sin_or_cos_float_s |        666 |        636 |       0 |   30 |  442 |      0 |      0 |          0 |
|           mul_15ns_15ns_30_1_1_U8                                     |                                              bd_0_hls_inst_0_enhanced_correlator_mul_15ns_15ns_30_1_1_15 |        150 |        150 |       0 |    0 |    0 |      0 |      0 |          1 |
|           ref_4oPi_table_100_U                                        |               bd_0_hls_inst_0_enhanced_correlator_sin_or_cos_float_s_ref_4oPi_table_100_ROM_1P_LUTRAM_1R |         56 |         56 |       0 |    0 |   93 |      0 |      0 |          0 |
|           second_order_float_sin_cos_K0_U                             | bd_0_hls_inst_0_enhanced_correlator_sin_or_cos_float_s_second_order_float_sin_cos_K0_ROM_1P_LUTRAM_1R_19 |        107 |        107 |       0 |    0 |   22 |      0 |      0 |          0 |
|           second_order_float_sin_cos_K1_U                             | bd_0_hls_inst_0_enhanced_correlator_sin_or_cos_float_s_second_order_float_sin_cos_K1_ROM_1P_LUTRAM_1R_20 |         87 |         87 |       0 |    0 |    0 |      0 |      0 |          0 |
|         grp_sin_or_cos_float_s_fu_495                                 |                                                 bd_0_hls_inst_0_enhanced_correlator_sin_or_cos_float_s_0 |        709 |        700 |       0 |    9 |  390 |      0 |      0 |          8 |
|           (grp_sin_or_cos_float_s_fu_495)                             |                                                 bd_0_hls_inst_0_enhanced_correlator_sin_or_cos_float_s_0 |        355 |        346 |       0 |    9 |  336 |      0 |      0 |          0 |
|           second_order_float_sin_cos_K0_U                             |    bd_0_hls_inst_0_enhanced_correlator_sin_or_cos_float_s_second_order_float_sin_cos_K0_ROM_1P_LUTRAM_1R |        107 |        107 |       0 |    0 |   22 |      0 |      0 |          0 |
|           second_order_float_sin_cos_K1_U                             |    bd_0_hls_inst_0_enhanced_correlator_sin_or_cos_float_s_second_order_float_sin_cos_K1_ROM_1P_LUTRAM_1R |         87 |         87 |       0 |    0 |    0 |      0 |      0 |          0 |
|         sitofp_32ns_32_6_no_dsp_1_U38                                 |                                            bd_0_hls_inst_0_enhanced_correlator_sitofp_32ns_32_6_no_dsp_1 |        153 |        152 |       0 |    1 |  179 |      0 |      0 |          0 |
|           enhanced_correlator_sitofp_32ns_32_6_no_dsp_1_ip_u          |                                         bd_0_hls_inst_0_enhanced_correlator_sitofp_32ns_32_6_no_dsp_1_ip |        153 |        152 |       0 |    1 |  147 |      0 |      0 |          0 |
|             U0                                                        |                                                   bd_0_hls_inst_0_floating_point_v7_1_21__parameterized7 |        153 |        152 |       0 |    1 |  147 |      0 |      0 |          0 |
+-----------------------------------------------------------------------+----------------------------------------------------------------------------------------------------------+------------+------------+---------+------+------+--------+--------+------------+
* Note: The sum of lower-level cells may be larger than their parent cells total, due to cross-hierarchy LUT combining


