Copyright 1986-2022 Xilinx, Inc. All Rights Reserved. Copyright 2022-2025 Advanced Micro Devices, Inc. All Rights Reserved.
---------------------------------------------------------------------------------------------------------------------------------------------
| Tool Version : Vivado v.2025.2 (lin64) Build 6299465 Fri Nov 14 12:34:56 MST 2025
| Date         : Sun Sep 20 22:03:05 2026
| Host         : johan2-Yoga-7-15ITL5 running 64-bit Ubuntu 22.04.5 LTS
| Command      : report_timing -max_paths 10 -file ./report/enhanced_correlator_timing_paths_routed.rpt
| Design       : bd_0_wrapper
| Device       : 7z020-clg484
| Speed File   : -1  PRODUCTION 1.12 2019-11-22
| Design State : Routed
---------------------------------------------------------------------------------------------------------------------------------------------

Timing Report

Slack (MET) :             1.329ns  (required time - arrival time)
  Source:                 bd_0_wrapper/bd_0/bd_0_hls_inst_0/bd_0_hls_inst_0_enhanced_correlator/bd_0_hls_inst_0_enhanced_correlator_faddfsub_32ns_32ns_32_5_full_dsp_1/bd_0_hls_inst_0_enhanced_correlator_faddfsub_32ns_32ns_32_5_full_dsp_1_ip/<hidden>/<hidden>/<hidden>/<hidden>/<hidden>/<hidden>/<hidden>
                            (rising edge-triggered cell FDRE clocked by ap_clk  {rise@0.000ns fall@5.000ns period=10.000ns})
  Destination:            bd_0_wrapper/bd_0/bd_0_hls_inst_0/bd_0_hls_inst_0_enhanced_correlator/bd_0_hls_inst_0_enhanced_correlator_faddfsub_32ns_32ns_32_5_full_dsp_1/bd_0_hls_inst_0_enhanced_correlator_faddfsub_32ns_32ns_32_5_full_dsp_1_ip/<hidden>/<hidden>/<hidden>/<hidden>/<hidden>/<hidden>
                            (rising edge-triggered cell DSP48E1 clocked by ap_clk  {rise@0.000ns fall@5.000ns period=10.000ns})
  Path Group:             ap_clk
  Path Type:              Setup (Max at Slow Process Corner)
  Requirement:            10.000ns  (ap_clk rise@10.000ns - ap_clk rise@0.000ns)
  Data Path Delay:        3.030ns  (logic 0.580ns (19.144%)  route 2.450ns (80.856%))
  Logic Levels:           1  (LUT6=1)
  Clock Path Skew:        -0.049ns (DCD - SCD + CPR)
    Destination Clock Delay (DCD):    0.924ns = ( 10.924 - 10.000 ) 
    Source Clock Delay      (SCD):    0.973ns
    Clock Pessimism Removal (CPR):    0.000ns
  Clock Uncertainty:      0.035ns  ((TSJ^2 + TIJ^2)^1/2 + DJ) / 2 + PE
    Total System Jitter     (TSJ):    0.071ns
    Total Input Jitter      (TIJ):    0.000ns
    Discrete Jitter          (DJ):    0.000ns
    Phase Error              (PE):    0.000ns

    Location             Delay type                Incr(ns)  Path(ns)    Netlist Resource(s)
  -------------------------------------------------------------------    -------------------
                         (clock ap_clk rise edge)     0.000     0.000 r  
                                                      0.000     0.000 r  ap_clk (IN)
                         net (fo=9510, unset)         0.973     0.973    bd_0_wrapper/bd_0/bd_0_hls_inst_0/bd_0_hls_inst_0_enhanced_correlator/bd_0_hls_inst_0_enhanced_correlator_faddfsub_32ns_32ns_32_5_full_dsp_1/bd_0_hls_inst_0_enhanced_correlator_faddfsub_32ns_32ns_32_5_full_dsp_1_ip/<hidden>/<hidden>/<hidden>/<hidden>/<hidden>/<hidden>/<hidden>
    SLICE_X57Y118        FDRE                                         r  bd_0_wrapper/bd_0/bd_0_hls_inst_0/bd_0_hls_inst_0_enhanced_correlator/bd_0_hls_inst_0_enhanced_correlator_faddfsub_32ns_32ns_32_5_full_dsp_1/bd_0_hls_inst_0_enhanced_correlator_faddfsub_32ns_32ns_32_5_full_dsp_1_ip/<hidden>/<hidden>/<hidden>/<hidden>/<hidden>/<hidden>/<hidden>
  -------------------------------------------------------------------    -------------------
    SLICE_X57Y118        FDRE (Prop_fdre_C_Q)         0.456     1.429 r  bd_0_wrapper/bd_0/bd_0_hls_inst_0/bd_0_hls_inst_0_enhanced_correlator/bd_0_hls_inst_0_enhanced_correlator_faddfsub_32ns_32ns_32_5_full_dsp_1/bd_0_hls_inst_0_enhanced_correlator_faddfsub_32ns_32ns_32_5_full_dsp_1_ip/<hidden>/<hidden>/<hidden>/<hidden>/<hidden>/<hidden>/<hidden>
                         net (fo=20, routed)          1.583     3.012    bd_0_wrapper/bd_0/bd_0_hls_inst_0/bd_0_hls_inst_0_enhanced_correlator/bd_0_hls_inst_0_enhanced_correlator_faddfsub_32ns_32ns_32_5_full_dsp_1/bd_0_hls_inst_0_enhanced_correlator_faddfsub_32ns_32ns_32_5_full_dsp_1_ip/<hidden>/<hidden>/<hidden>/<hidden>/<hidden>/<hidden>/<hidden>
    SLICE_X39Y118        LUT6 (Prop_lut6_I1_O)        0.124     3.136 r  bd_0_wrapper/bd_0/bd_0_hls_inst_0/bd_0_hls_inst_0_enhanced_correlator/bd_0_hls_inst_0_enhanced_correlator_faddfsub_32ns_32ns_32_5_full_dsp_1/bd_0_hls_inst_0_enhanced_correlator_faddfsub_32ns_32ns_32_5_full_dsp_1_ip/<hidden>/<hidden>/<hidden>/<hidden>/<hidden>/<hidden>/<hidden>
                         net (fo=2, routed)           0.866     4.003    bd_0_wrapper/bd_0/bd_0_hls_inst_0/bd_0_hls_inst_0_enhanced_correlator/bd_0_hls_inst_0_enhanced_correlator_faddfsub_32ns_32ns_32_5_full_dsp_1/bd_0_hls_inst_0_enhanced_correlator_faddfsub_32ns_32ns_32_5_full_dsp_1_ip/<hidden>/<hidden>/<hidden>/<hidden>/<hidden>/<hidden>
    DSP48_X2Y47          DSP48E1                                      r  bd_0_wrapper/bd_0/bd_0_hls_inst_0/bd_0_hls_inst_0_enhanced_correlator/bd_0_hls_inst_0_enhanced_correlator_faddfsub_32ns_32ns_32_5_full_dsp_1/bd_0_hls_inst_0_enhanced_correlator_faddfsub_32ns_32ns_32_5_full_dsp_1_ip/<hidden>/<hidden>/<hidden>/<hidden>/<hidden>/<hidden>
  -------------------------------------------------------------------    -------------------

                         (clock ap_clk rise edge)    10.000    10.000 r  
                                                      0.000    10.000 r  ap_clk (IN)
                         net (fo=9510, unset)         0.924    10.924    bd_0_wrapper/bd_0/bd_0_hls_inst_0/bd_0_hls_inst_0_enhanced_correlator/bd_0_hls_inst_0_enhanced_correlator_faddfsub_32ns_32ns_32_5_full_dsp_1/bd_0_hls_inst_0_enhanced_correlator_faddfsub_32ns_32ns_32_5_full_dsp_1_ip/<hidden>/<hidden>/<hidden>/<hidden>/<hidden>/<hidden>
    DSP48_X2Y47          DSP48E1                                      r  bd_0_wrapper/bd_0/bd_0_hls_inst_0/bd_0_hls_inst_0_enhanced_correlator/bd_0_hls_inst_0_enhanced_correlator_faddfsub_32ns_32ns_32_5_full_dsp_1/bd_0_hls_inst_0_enhanced_correlator_faddfsub_32ns_32ns_32_5_full_dsp_1_ip/<hidden>/<hidden>/<hidden>/<hidden>/<hidden>/<hidden>
                         clock pessimism              0.000    10.924    
                         clock uncertainty           -0.035    10.889    
    DSP48_X2Y47          DSP48E1 (Setup_dsp48e1_CLK_INMODE[1])
                                                     -5.557     5.332    bd_0_wrapper/bd_0/bd_0_hls_inst_0/bd_0_hls_inst_0_enhanced_correlator/bd_0_hls_inst_0_enhanced_correlator_faddfsub_32ns_32ns_32_5_full_dsp_1/bd_0_hls_inst_0_enhanced_correlator_faddfsub_32ns_32ns_32_5_full_dsp_1_ip/<hidden>/<hidden>/<hidden>/<hidden>/<hidden>/<hidden>
  -------------------------------------------------------------------
                         required time                          5.332    
                         arrival time                          -4.003    
  -------------------------------------------------------------------
                         slack                                  1.329    

Slack (MET) :             1.431ns  (required time - arrival time)
  Source:                 bd_0_wrapper/bd_0/bd_0_hls_inst_0/bd_0_hls_inst_0_enhanced_correlator/bd_0_hls_inst_0_enhanced_correlator_faddfsub_32ns_32ns_32_5_full_dsp_1/bd_0_hls_inst_0_enhanced_correlator_faddfsub_32ns_32ns_32_5_full_dsp_1_ip/<hidden>/<hidden>/<hidden>/<hidden>/<hidden>/<hidden>/<hidden>/<hidden>
                            (rising edge-triggered cell FDRE clocked by ap_clk  {rise@0.000ns fall@5.000ns period=10.000ns})
  Destination:            bd_0_wrapper/bd_0/bd_0_hls_inst_0/bd_0_hls_inst_0_enhanced_correlator/bd_0_hls_inst_0_enhanced_correlator_faddfsub_32ns_32ns_32_5_full_dsp_1/bd_0_hls_inst_0_enhanced_correlator_faddfsub_32ns_32ns_32_5_full_dsp_1_ip/<hidden>/<hidden>/<hidden>/<hidden>/<hidden>/<hidden>
                            (rising edge-triggered cell DSP48E1 clocked by ap_clk  {rise@0.000ns fall@5.000ns period=10.000ns})
  Path Group:             ap_clk
  Path Type:              Setup (Max at Slow Process Corner)
  Requirement:            10.000ns  (ap_clk rise@10.000ns - ap_clk rise@0.000ns)
  Data Path Delay:        3.011ns  (logic 0.642ns (21.323%)  route 2.369ns (78.677%))
  Logic Levels:           1  (LUT3=1)
  Clock Path Skew:        -0.049ns (DCD - SCD + CPR)
    Destination Clock Delay (DCD):    0.924ns = ( 10.924 - 10.000 ) 
    Source Clock Delay      (SCD):    0.973ns
    Clock Pessimism Removal (CPR):    0.000ns
  Clock Uncertainty:      0.035ns  ((TSJ^2 + TIJ^2)^1/2 + DJ) / 2 + PE
    Total System Jitter     (TSJ):    0.071ns
    Total Input Jitter      (TIJ):    0.000ns
    Discrete Jitter          (DJ):    0.000ns
    Phase Error              (PE):    0.000ns

    Location             Delay type                Incr(ns)  Path(ns)    Netlist Resource(s)
  -------------------------------------------------------------------    -------------------
                         (clock ap_clk rise edge)     0.000     0.000 r  
                                                      0.000     0.000 r  ap_clk (IN)
                         net (fo=9510, unset)         0.973     0.973    bd_0_wrapper/bd_0/bd_0_hls_inst_0/bd_0_hls_inst_0_enhanced_correlator/bd_0_hls_inst_0_enhanced_correlator_faddfsub_32ns_32ns_32_5_full_dsp_1/bd_0_hls_inst_0_enhanced_correlator_faddfsub_32ns_32ns_32_5_full_dsp_1_ip/<hidden>/<hidden>/<hidden>/<hidden>/<hidden>/<hidden>/<hidden>/<hidden>
    SLICE_X58Y118        FDRE                                         r  bd_0_wrapper/bd_0/bd_0_hls_inst_0/bd_0_hls_inst_0_enhanced_correlator/bd_0_hls_inst_0_enhanced_correlator_faddfsub_32ns_32ns_32_5_full_dsp_1/bd_0_hls_inst_0_enhanced_correlator_faddfsub_32ns_32ns_32_5_full_dsp_1_ip/<hidden>/<hidden>/<hidden>/<hidden>/<hidden>/<hidden>/<hidden>/<hidden>
  -------------------------------------------------------------------    -------------------
    SLICE_X58Y118        FDRE (Prop_fdre_C_Q)         0.518     1.491 r  bd_0_wrapper/bd_0/bd_0_hls_inst_0/bd_0_hls_inst_0_enhanced_correlator/bd_0_hls_inst_0_enhanced_correlator_faddfsub_32ns_32ns_32_5_full_dsp_1/bd_0_hls_inst_0_enhanced_correlator_faddfsub_32ns_32ns_32_5_full_dsp_1_ip/<hidden>/<hidden>/<hidden>/<hidden>/<hidden>/<hidden>/<hidden>/<hidden>
                         net (fo=54, routed)          1.061     2.552    bd_0_wrapper/bd_0/bd_0_hls_inst_0/bd_0_hls_inst_0_enhanced_correlator/bd_0_hls_inst_0_enhanced_correlator_faddfsub_32ns_32ns_32_5_full_dsp_1/bd_0_hls_inst_0_enhanced_correlator_faddfsub_32ns_32ns_32_5_full_dsp_1_ip/<hidden>/<hidden>/<hidden>/<hidden>/<hidden>/<hidden>
    SLICE_X56Y115        LUT3 (Prop_lut3_I1_O)        0.124     2.676 r  bd_0_wrapper/bd_0/bd_0_hls_inst_0/bd_0_hls_inst_0_enhanced_correlator/bd_0_hls_inst_0_enhanced_correlator_faddfsub_32ns_32ns_32_5_full_dsp_1/bd_0_hls_inst_0_enhanced_correlator_faddfsub_32ns_32ns_32_5_full_dsp_1_ip/<hidden>/<hidden>/<hidden>/<hidden>/<hidden>/<hidden>
                         net (fo=1, routed)           1.308     3.984    bd_0_wrapper/bd_0/bd_0_hls_inst_0/bd_0_hls_inst_0_enhanced_correlator/bd_0_hls_inst_0_enhanced_correlator_faddfsub_32ns_32ns_32_5_full_dsp_1/bd_0_hls_inst_0_enhanced_correlator_faddfsub_32ns_32ns_32_5_full_dsp_1_ip/<hidden>/<hidden>/<hidden>/<hidden>/<hidden>/<hidden>
    DSP48_X2Y47          DSP48E1                                      r  bd_0_wrapper/bd_0/bd_0_hls_inst_0/bd_0_hls_inst_0_enhanced_correlator/bd_0_hls_inst_0_enhanced_correlator_faddfsub_32ns_32ns_32_5_full_dsp_1/bd_0_hls_inst_0_enhanced_correlator_faddfsub_32ns_32ns_32_5_full_dsp_1_ip/<hidden>/<hidden>/<hidden>/<hidden>/<hidden>/<hidden>
  -------------------------------------------------------------------    -------------------

                         (clock ap_clk rise edge)    10.000    10.000 r  
                                                      0.000    10.000 r  ap_clk (IN)
                         net (fo=9510, unset)         0.924    10.924    bd_0_wrapper/bd_0/bd_0_hls_inst_0/bd_0_hls_inst_0_enhanced_correlator/bd_0_hls_inst_0_enhanced_correlator_faddfsub_32ns_32ns_32_5_full_dsp_1/bd_0_hls_inst_0_enhanced_correlator_faddfsub_32ns_32ns_32_5_full_dsp_1_ip/<hidden>/<hidden>/<hidden>/<hidden>/<hidden>/<hidden>
    DSP48_X2Y47          DSP48E1                                      r  bd_0_wrapper/bd_0/bd_0_hls_inst_0/bd_0_hls_inst_0_enhanced_correlator/bd_0_hls_inst_0_enhanced_correlator_faddfsub_32ns_32ns_32_5_full_dsp_1/bd_0_hls_inst_0_enhanced_correlator_faddfsub_32ns_32ns_32_5_full_dsp_1_ip/<hidden>/<hidden>/<hidden>/<hidden>/<hidden>/<hidden>
                         clock pessimism              0.000    10.924    
                         clock uncertainty           -0.035    10.889    
    DSP48_X2Y47          DSP48E1 (Setup_dsp48e1_CLK_A[2])
                                                     -5.474     5.415    bd_0_wrapper/bd_0/bd_0_hls_inst_0/bd_0_hls_inst_0_enhanced_correlator/bd_0_hls_inst_0_enhanced_correlator_faddfsub_32ns_32ns_32_5_full_dsp_1/bd_0_hls_inst_0_enhanced_correlator_faddfsub_32ns_32ns_32_5_full_dsp_1_ip/<hidden>/<hidden>/<hidden>/<hidden>/<hidden>/<hidden>
  -------------------------------------------------------------------
                         required time                          5.415    
                         arrival time                          -3.984    
  -------------------------------------------------------------------
                         slack                                  1.431    

Slack (MET) :             1.431ns  (required time - arrival time)
  Source:                 bd_0_wrapper/bd_0/bd_0_hls_inst_0/bd_0_hls_inst_0_enhanced_correlator/bd_0_hls_inst_0_enhanced_correlator_faddfsub_32ns_32ns_32_5_full_dsp_1/bd_0_hls_inst_0_enhanced_correlator_faddfsub_32ns_32ns_32_5_full_dsp_1_ip/<hidden>/<hidden>/<hidden>/<hidden>/<hidden>/<hidden>/<hidden>/<hidden>
                            (rising edge-triggered cell FDRE clocked by ap_clk  {rise@0.000ns fall@5.000ns period=10.000ns})
  Destination:            bd_0_wrapper/bd_0/bd_0_hls_inst_0/bd_0_hls_inst_0_enhanced_correlator/bd_0_hls_inst_0_enhanced_correlator_faddfsub_32ns_32ns_32_5_full_dsp_1/bd_0_hls_inst_0_enhanced_correlator_faddfsub_32ns_32ns_32_5_full_dsp_1_ip/<hidden>/<hidden>/<hidden>/<hidden>/<hidden>/<hidden>
                            (rising edge-triggered cell DSP48E1 clocked by ap_clk  {rise@0.000ns fall@5.000ns period=10.000ns})
  Path Group:             ap_clk
  Path Type:              Setup (Max at Slow Process Corner)
  Requirement:            10.000ns  (ap_clk rise@10.000ns - ap_clk rise@0.000ns)
  Data Path Delay:        3.011ns  (logic 0.642ns (21.324%)  route 2.369ns (78.676%))
  Logic Levels:           1  (LUT3=1)
  Clock Path Skew:        -0.049ns (DCD - SCD + CPR)
    Destination Clock Delay (DCD):    0.924ns = ( 10.924 - 10.000 ) 
    Source Clock Delay      (SCD):    0.973ns
    Clock Pessimism Removal (CPR):    0.000ns
  Clock Uncertainty:      0.035ns  ((TSJ^2 + TIJ^2)^1/2 + DJ) / 2 + PE
    Total System Jitter     (TSJ):    0.071ns
    Total Input Jitter      (TIJ):    0.000ns
    Discrete Jitter          (DJ):    0.000ns
    Phase Error              (PE):    0.000ns

    Location             Delay type                Incr(ns)  Path(ns)    Netlist Resource(s)
  -------------------------------------------------------------------    -------------------
                         (clock ap_clk rise edge)     0.000     0.000 r  
                                                      0.000     0.000 r  ap_clk (IN)
                         net (fo=9510, unset)         0.973     0.973    bd_0_wrapper/bd_0/bd_0_hls_inst_0/bd_0_hls_inst_0_enhanced_correlator/bd_0_hls_inst_0_enhanced_correlator_faddfsub_32ns_32ns_32_5_full_dsp_1/bd_0_hls_inst_0_enhanced_correlator_faddfsub_32ns_32ns_32_5_full_dsp_1_ip/<hidden>/<hidden>/<hidden>/<hidden>/<hidden>/<hidden>/<hidden>/<hidden>
    SLICE_X58Y118        FDRE                                         r  bd_0_wrapper/bd_0/bd_0_hls_inst_0/bd_0_hls_inst_0_enhanced_correlator/bd_0_hls_inst_0_enhanced_correlator_faddfsub_32ns_32ns_32_5_full_dsp_1/bd_0_hls_inst_0_enhanced_correlator_faddfsub_32ns_32ns_32_5_full_dsp_1_ip/<hidden>/<hidden>/<hidden>/<hidden>/<hidden>/<hidden>/<hidden>/<hidden>
  -------------------------------------------------------------------    -------------------
    SLICE_X58Y118        FDRE (Prop_fdre_C_Q)         0.518     1.491 r  bd_0_wrapper/bd_0/bd_0_hls_inst_0/bd_0_hls_inst_0_enhanced_correlator/bd_0_hls_inst_0_enhanced_correlator_faddfsub_32ns_32ns_32_5_full_dsp_1/bd_0_hls_inst_0_enhanced_correlator_faddfsub_32ns_32ns_32_5_full_dsp_1_ip/<hidden>/<hidden>/<hidden>/<hidden>/<hidden>/<hidden>/<hidden>/<hidden>
                         net (fo=54, routed)          1.016     2.507    bd_0_wrapper/bd_0/bd_0_hls_inst_0/bd_0_hls_inst_0_enhanced_correlator/bd_0_hls_inst_0_enhanced_correlator_faddfsub_32ns_32ns_32_5_full_dsp_1/bd_0_hls_inst_0_enhanced_correlator_faddfsub_32ns_32ns_32_5_full_dsp_1_ip/<hidden>/<hidden>/<hidden>/<hidden>/<hidden>/<hidden>
    SLICE_X54Y117        LUT3 (Prop_lut3_I1_O)        0.124     2.631 r  bd_0_wrapper/bd_0/bd_0_hls_inst_0/bd_0_hls_inst_0_enhanced_correlator/bd_0_hls_inst_0_enhanced_correlator_faddfsub_32ns_32ns_32_5_full_dsp_1/bd_0_hls_inst_0_enhanced_correlator_faddfsub_32ns_32ns_32_5_full_dsp_1_ip/<hidden>/<hidden>/<hidden>/<hidden>/<hidden>/<hidden>
                         net (fo=1, routed)           1.353     3.984    bd_0_wrapper/bd_0/bd_0_hls_inst_0/bd_0_hls_inst_0_enhanced_correlator/bd_0_hls_inst_0_enhanced_correlator_faddfsub_32ns_32ns_32_5_full_dsp_1/bd_0_hls_inst_0_enhanced_correlator_faddfsub_32ns_32ns_32_5_full_dsp_1_ip/<hidden>/<hidden>/<hidden>/<hidden>/<hidden>/<hidden>
    DSP48_X2Y47          DSP48E1                                      r  bd_0_wrapper/bd_0/bd_0_hls_inst_0/bd_0_hls_inst_0_enhanced_correlator/bd_0_hls_inst_0_enhanced_correlator_faddfsub_32ns_32ns_32_5_full_dsp_1/bd_0_hls_inst_0_enhanced_correlator_faddfsub_32ns_32ns_32_5_full_dsp_1_ip/<hidden>/<hidden>/<hidden>/<hidden>/<hidden>/<hidden>
  -------------------------------------------------------------------    -------------------

                         (clock ap_clk rise edge)    10.000    10.000 r  
                                                      0.000    10.000 r  ap_clk (IN)
                         net (fo=9510, unset)         0.924    10.924    bd_0_wrapper/bd_0/bd_0_hls_inst_0/bd_0_hls_inst_0_enhanced_correlator/bd_0_hls_inst_0_enhanced_correlator_faddfsub_32ns_32ns_32_5_full_dsp_1/bd_0_hls_inst_0_enhanced_correlator_faddfsub_32ns_32ns_32_5_full_dsp_1_ip/<hidden>/<hidden>/<hidden>/<hidden>/<hidden>/<hidden>
    DSP48_X2Y47          DSP48E1                                      r  bd_0_wrapper/bd_0/bd_0_hls_inst_0/bd_0_hls_inst_0_enhanced_correlator/bd_0_hls_inst_0_enhanced_correlator_faddfsub_32ns_32ns_32_5_full_dsp_1/bd_0_hls_inst_0_enhanced_correlator_faddfsub_32ns_32ns_32_5_full_dsp_1_ip/<hidden>/<hidden>/<hidden>/<hidden>/<hidden>/<hidden>
                         clock pessimism              0.000    10.924    
                         clock uncertainty           -0.035    10.889    
    DSP48_X2Y47          DSP48E1 (Setup_dsp48e1_CLK_A[13])
                                                     -5.474     5.415    bd_0_wrapper/bd_0/bd_0_hls_inst_0/bd_0_hls_inst_0_enhanced_correlator/bd_0_hls_inst_0_enhanced_correlator_faddfsub_32ns_32ns_32_5_full_dsp_1/bd_0_hls_inst_0_enhanced_correlator_faddfsub_32ns_32ns_32_5_full_dsp_1_ip/<hidden>/<hidden>/<hidden>/<hidden>/<hidden>/<hidden>
  -------------------------------------------------------------------
                         required time                          5.415    
                         arrival time                          -3.984    
  -------------------------------------------------------------------
                         slack                                  1.431    

Slack (MET) :             1.439ns  (required time - arrival time)
  Source:                 bd_0_wrapper/bd_0/bd_0_hls_inst_0/bd_0_hls_inst_0_enhanced_correlator/bd_0_hls_inst_0_enhanced_correlator_faddfsub_32ns_32ns_32_5_full_dsp_1/bd_0_hls_inst_0_enhanced_correlator_faddfsub_32ns_32ns_32_5_full_dsp_1_ip/<hidden>/<hidden>/<hidden>/<hidden>/<hidden>/<hidden>/<hidden>/<hidden>
                            (rising edge-triggered cell FDRE clocked by ap_clk  {rise@0.000ns fall@5.000ns period=10.000ns})
  Destination:            bd_0_wrapper/bd_0/bd_0_hls_inst_0/bd_0_hls_inst_0_enhanced_correlator/bd_0_hls_inst_0_enhanced_correlator_faddfsub_32ns_32ns_32_5_full_dsp_1/bd_0_hls_inst_0_enhanced_correlator_faddfsub_32ns_32ns_32_5_full_dsp_1_ip/<hidden>/<hidden>/<hidden>/<hidden>/<hidden>/<hidden>
                            (rising edge-triggered cell DSP48E1 clocked by ap_clk  {rise@0.000ns fall@5.000ns period=10.000ns})
  Path Group:             ap_clk
  Path Type:              Setup (Max at Slow Process Corner)
  Requirement:            10.000ns  (ap_clk rise@10.000ns - ap_clk rise@0.000ns)
  Data Path Delay:        3.003ns  (logic 0.642ns (21.380%)  route 2.361ns (78.620%))
  Logic Levels:           1  (LUT3=1)
  Clock Path Skew:        -0.049ns (DCD - SCD + CPR)
    Destination Clock Delay (DCD):    0.924ns = ( 10.924 - 10.000 ) 
    Source Clock Delay      (SCD):    0.973ns
    Clock Pessimism Removal (CPR):    0.000ns
  Clock Uncertainty:      0.035ns  ((TSJ^2 + TIJ^2)^1/2 + DJ) / 2 + PE
    Total System Jitter     (TSJ):    0.071ns
    Total Input Jitter      (TIJ):    0.000ns
    Discrete Jitter          (DJ):    0.000ns
    Phase Error              (PE):    0.000ns

    Location             Delay type                Incr(ns)  Path(ns)    Netlist Resource(s)
  -------------------------------------------------------------------    -------------------
                         (clock ap_clk rise edge)     0.000     0.000 r  
                                                      0.000     0.000 r  ap_clk (IN)
                         net (fo=9510, unset)         0.973     0.973    bd_0_wrapper/bd_0/bd_0_hls_inst_0/bd_0_hls_inst_0_enhanced_correlator/bd_0_hls_inst_0_enhanced_correlator_faddfsub_32ns_32ns_32_5_full_dsp_1/bd_0_hls_inst_0_enhanced_correlator_faddfsub_32ns_32ns_32_5_full_dsp_1_ip/<hidden>/<hidden>/<hidden>/<hidden>/<hidden>/<hidden>/<hidden>/<hidden>
    SLICE_X58Y118        FDRE                                         r  bd_0_wrapper/bd_0/bd_0_hls_inst_0/bd_0_hls_inst_0_enhanced_correlator/bd_0_hls_inst_0_enhanced_correlator_faddfsub_32ns_32ns_32_5_full_dsp_1/bd_0_hls_inst_0_enhanced_correlator_faddfsub_32ns_32ns_32_5_full_dsp_1_ip/<hidden>/<hidden>/<hidden>/<hidden>/<hidden>/<hidden>/<hidden>/<hidden>
  -------------------------------------------------------------------    -------------------
    SLICE_X58Y118        FDRE (Prop_fdre_C_Q)         0.518     1.491 r  bd_0_wrapper/bd_0/bd_0_hls_inst_0/bd_0_hls_inst_0_enhanced_correlator/bd_0_hls_inst_0_enhanced_correlator_faddfsub_32ns_32ns_32_5_full_dsp_1/bd_0_hls_inst_0_enhanced_correlator_faddfsub_32ns_32ns_32_5_full_dsp_1_ip/<hidden>/<hidden>/<hidden>/<hidden>/<hidden>/<hidden>/<hidden>/<hidden>
                         net (fo=54, routed)          1.027     2.518    bd_0_wrapper/bd_0/bd_0_hls_inst_0/bd_0_hls_inst_0_enhanced_correlator/bd_0_hls_inst_0_enhanced_correlator_faddfsub_32ns_32ns_32_5_full_dsp_1/bd_0_hls_inst_0_enhanced_correlator_faddfsub_32ns_32ns_32_5_full_dsp_1_ip/<hidden>/<hidden>/<hidden>/<hidden>/<hidden>/<hidden>
    SLICE_X56Y116        LUT3 (Prop_lut3_I1_O)        0.124     2.642 r  bd_0_wrapper/bd_0/bd_0_hls_inst_0/bd_0_hls_inst_0_enhanced_correlator/bd_0_hls_inst_0_enhanced_correlator_faddfsub_32ns_32ns_32_5_full_dsp_1/bd_0_hls_inst_0_enhanced_correlator_faddfsub_32ns_32ns_32_5_full_dsp_1_ip/<hidden>/<hidden>/<hidden>/<hidden>/<hidden>/<hidden>
                         net (fo=2, routed)           1.333     3.976    bd_0_wrapper/bd_0/bd_0_hls_inst_0/bd_0_hls_inst_0_enhanced_correlator/bd_0_hls_inst_0_enhanced_correlator_faddfsub_32ns_32ns_32_5_full_dsp_1/bd_0_hls_inst_0_enhanced_correlator_faddfsub_32ns_32ns_32_5_full_dsp_1_ip/<hidden>/<hidden>/<hidden>/<hidden>/<hidden>/<hidden>
    DSP48_X2Y47          DSP48E1                                      r  bd_0_wrapper/bd_0/bd_0_hls_inst_0/bd_0_hls_inst_0_enhanced_correlator/bd_0_hls_inst_0_enhanced_correlator_faddfsub_32ns_32ns_32_5_full_dsp_1/bd_0_hls_inst_0_enhanced_correlator_faddfsub_32ns_32ns_32_5_full_dsp_1_ip/<hidden>/<hidden>/<hidden>/<hidden>/<hidden>/<hidden>
  -------------------------------------------------------------------    -------------------

                         (clock ap_clk rise edge)    10.000    10.000 r  
                                                      0.000    10.000 r  ap_clk (IN)
                         net (fo=9510, unset)         0.924    10.924    bd_0_wrapper/bd_0/bd_0_hls_inst_0/bd_0_hls_inst_0_enhanced_correlator/bd_0_hls_inst_0_enhanced_correlator_faddfsub_32ns_32ns_32_5_full_dsp_1/bd_0_hls_inst_0_enhanced_correlator_faddfsub_32ns_32ns_32_5_full_dsp_1_ip/<hidden>/<hidden>/<hidden>/<hidden>/<hidden>/<hidden>
    DSP48_X2Y47          DSP48E1                                      r  bd_0_wrapper/bd_0/bd_0_hls_inst_0/bd_0_hls_inst_0_enhanced_correlator/bd_0_hls_inst_0_enhanced_correlator_faddfsub_32ns_32ns_32_5_full_dsp_1/bd_0_hls_inst_0_enhanced_correlator_faddfsub_32ns_32ns_32_5_full_dsp_1_ip/<hidden>/<hidden>/<hidden>/<hidden>/<hidden>/<hidden>
                         clock pessimism              0.000    10.924    
                         clock uncertainty           -0.035    10.889    
    DSP48_X2Y47          DSP48E1 (Setup_dsp48e1_CLK_A[15])
                                                     -5.474     5.415    bd_0_wrapper/bd_0/bd_0_hls_inst_0/bd_0_hls_inst_0_enhanced_correlator/bd_0_hls_inst_0_enhanced_correlator_faddfsub_32ns_32ns_32_5_full_dsp_1/bd_0_hls_inst_0_enhanced_correlator_faddfsub_32ns_32ns_32_5_full_dsp_1_ip/<hidden>/<hidden>/<hidden>/<hidden>/<hidden>/<hidden>
  -------------------------------------------------------------------
                         required time                          5.415    
                         arrival time                          -3.976    
  -------------------------------------------------------------------
                         slack                                  1.439    

Slack (MET) :             1.458ns  (required time - arrival time)
  Source:                 bd_0_wrapper/bd_0/bd_0_hls_inst_0/bd_0_hls_inst_0_enhanced_correlator/bd_0_hls_inst_0_enhanced_correlator_fadd_32ns_32ns_32_5_full_dsp_1__xdcDup__1/bd_0_hls_inst_0_enhanced_correlator_fadd_32ns_32ns_32_5_full_dsp_1_ip/<hidden>/<hidden>/<hidden>/<hidden>/<hidden>/<hidden>/<hidden>/<hidden>
                            (rising edge-triggered cell FDRE clocked by ap_clk  {rise@0.000ns fall@5.000ns period=10.000ns})
  Destination:            bd_0_wrapper/bd_0/bd_0_hls_inst_0/bd_0_hls_inst_0_enhanced_correlator/bd_0_hls_inst_0_enhanced_correlator_fadd_32ns_32ns_32_5_full_dsp_1__xdcDup__1/bd_0_hls_inst_0_enhanced_correlator_fadd_32ns_32ns_32_5_full_dsp_1_ip/<hidden>/<hidden>/<hidden>/<hidden>/<hidden>/<hidden>
                            (rising edge-triggered cell DSP48E1 clocked by ap_clk  {rise@0.000ns fall@5.000ns period=10.000ns})
  Path Group:             ap_clk
  Path Type:              Setup (Max at Slow Process Corner)
  Requirement:            10.000ns  (ap_clk rise@10.000ns - ap_clk rise@0.000ns)
  Data Path Delay:        2.984ns  (logic 0.580ns (19.440%)  route 2.404ns (80.560%))
  Logic Levels:           1  (LUT3=1)
  Clock Path Skew:        -0.049ns (DCD - SCD + CPR)
    Destination Clock Delay (DCD):    0.924ns = ( 10.924 - 10.000 ) 
    Source Clock Delay      (SCD):    0.973ns
    Clock Pessimism Removal (CPR):    0.000ns
  Clock Uncertainty:      0.035ns  ((TSJ^2 + TIJ^2)^1/2 + DJ) / 2 + PE
    Total System Jitter     (TSJ):    0.071ns
    Total Input Jitter      (TIJ):    0.000ns
    Discrete Jitter          (DJ):    0.000ns
    Phase Error              (PE):    0.000ns

    Location             Delay type                Incr(ns)  Path(ns)    Netlist Resource(s)
  -------------------------------------------------------------------    -------------------
                         (clock ap_clk rise edge)     0.000     0.000 r  
                                                      0.000     0.000 r  ap_clk (IN)
                         net (fo=9510, unset)         0.973     0.973    bd_0_wrapper/bd_0/bd_0_hls_inst_0/bd_0_hls_inst_0_enhanced_correlator/bd_0_hls_inst_0_enhanced_correlator_fadd_32ns_32ns_32_5_full_dsp_1__xdcDup__1/bd_0_hls_inst_0_enhanced_correlator_fadd_32ns_32ns_32_5_full_dsp_1_ip/<hidden>/<hidden>/<hidden>/<hidden>/<hidden>/<hidden>/<hidden>/<hidden>
    SLICE_X91Y103        FDRE                                         r  bd_0_wrapper/bd_0/bd_0_hls_inst_0/bd_0_hls_inst_0_enhanced_correlator/bd_0_hls_inst_0_enhanced_correlator_fadd_32ns_32ns_32_5_full_dsp_1__xdcDup__1/bd_0_hls_inst_0_enhanced_correlator_fadd_32ns_32ns_32_5_full_dsp_1_ip/<hidden>/<hidden>/<hidden>/<hidden>/<hidden>/<hidden>/<hidden>/<hidden>
  -------------------------------------------------------------------    -------------------
    SLICE_X91Y103        FDRE (Prop_fdre_C_Q)         0.456     1.429 r  bd_0_wrapper/bd_0/bd_0_hls_inst_0/bd_0_hls_inst_0_enhanced_correlator/bd_0_hls_inst_0_enhanced_correlator_fadd_32ns_32ns_32_5_full_dsp_1__xdcDup__1/bd_0_hls_inst_0_enhanced_correlator_fadd_32ns_32ns_32_5_full_dsp_1_ip/<hidden>/<hidden>/<hidden>/<hidden>/<hidden>/<hidden>/<hidden>/<hidden>
                         net (fo=54, routed)          2.012     3.441    bd_0_wrapper/bd_0/bd_0_hls_inst_0/bd_0_hls_inst_0_enhanced_correlator/bd_0_hls_inst_0_enhanced_correlator_fadd_32ns_32ns_32_5_full_dsp_1__xdcDup__1/bd_0_hls_inst_0_enhanced_correlator_fadd_32ns_32ns_32_5_full_dsp_1_ip/<hidden>/<hidden>/<hidden>/<hidden>/<hidden>/<hidden>
    SLICE_X92Y92         LUT3 (Prop_lut3_I1_O)        0.124     3.565 r  bd_0_wrapper/bd_0/bd_0_hls_inst_0/bd_0_hls_inst_0_enhanced_correlator/bd_0_hls_inst_0_enhanced_correlator_fadd_32ns_32ns_32_5_full_dsp_1__xdcDup__1/bd_0_hls_inst_0_enhanced_correlator_fadd_32ns_32ns_32_5_full_dsp_1_ip/<hidden>/<hidden>/<hidden>/<hidden>/<hidden>/<hidden>
                         net (fo=1, routed)           0.392     3.957    bd_0_wrapper/bd_0/bd_0_hls_inst_0/bd_0_hls_inst_0_enhanced_correlator/bd_0_hls_inst_0_enhanced_correlator_fadd_32ns_32ns_32_5_full_dsp_1__xdcDup__1/bd_0_hls_inst_0_enhanced_correlator_fadd_32ns_32ns_32_5_full_dsp_1_ip/<hidden>/<hidden>/<hidden>/<hidden>/<hidden>/<hidden>
    DSP48_X3Y37          DSP48E1                                      r  bd_0_wrapper/bd_0/bd_0_hls_inst_0/bd_0_hls_inst_0_enhanced_correlator/bd_0_hls_inst_0_enhanced_correlator_fadd_32ns_32ns_32_5_full_dsp_1__xdcDup__1/bd_0_hls_inst_0_enhanced_correlator_fadd_32ns_32ns_32_5_full_dsp_1_ip/<hidden>/<hidden>/<hidden>/<hidden>/<hidden>/<hidden>
  -------------------------------------------------------------------    -------------------

                         (clock ap_clk rise edge)    10.000    10.000 r  
                                                      0.000    10.000 r  ap_clk (IN)
                         net (fo=9510, unset)         0.924    10.924    bd_0_wrapper/bd_0/bd_0_hls_inst_0/bd_0_hls_inst_0_enhanced_correlator/bd_0_hls_inst_0_enhanced_correlator_fadd_32ns_32ns_32_5_full_dsp_1__xdcDup__1/bd_0_hls_inst_0_enhanced_correlator_fadd_32ns_32ns_32_5_full_dsp_1_ip/<hidden>/<hidden>/<hidden>/<hidden>/<hidden>/<hidden>
    DSP48_X3Y37          DSP48E1                                      r  bd_0_wrapper/bd_0/bd_0_hls_inst_0/bd_0_hls_inst_0_enhanced_correlator/bd_0_hls_inst_0_enhanced_correlator_fadd_32ns_32ns_32_5_full_dsp_1__xdcDup__1/bd_0_hls_inst_0_enhanced_correlator_fadd_32ns_32ns_32_5_full_dsp_1_ip/<hidden>/<hidden>/<hidden>/<hidden>/<hidden>/<hidden>
                         clock pessimism              0.000    10.924    
                         clock uncertainty           -0.035    10.889    
    DSP48_X3Y37          DSP48E1 (Setup_dsp48e1_CLK_A[6])
                                                     -5.474     5.415    bd_0_wrapper/bd_0/bd_0_hls_inst_0/bd_0_hls_inst_0_enhanced_correlator/bd_0_hls_inst_0_enhanced_correlator_fadd_32ns_32ns_32_5_full_dsp_1__xdcDup__1/bd_0_hls_inst_0_enhanced_correlator_fadd_32ns_32ns_32_5_full_dsp_1_ip/<hidden>/<hidden>/<hidden>/<hidden>/<hidden>/<hidden>
  -------------------------------------------------------------------
                         required time                          5.415    
                         arrival time                          -3.957    
  -------------------------------------------------------------------
                         slack                                  1.458    

Slack (MET) :             1.459ns  (required time - arrival time)
  Source:                 bd_0_wrapper/bd_0/bd_0_hls_inst_0/bd_0_hls_inst_0_enhanced_correlator/bd_0_hls_inst_0_enhanced_correlator_faddfsub_32ns_32ns_32_5_full_dsp_1/bd_0_hls_inst_0_enhanced_correlator_faddfsub_32ns_32ns_32_5_full_dsp_1_ip/<hidden>/<hidden>/<hidden>/<hidden>/<hidden>/<hidden>/<hidden>/<hidden>
                            (rising edge-triggered cell FDRE clocked by ap_clk  {rise@0.000ns fall@5.000ns period=10.000ns})
  Destination:            bd_0_wrapper/bd_0/bd_0_hls_inst_0/bd_0_hls_inst_0_enhanced_correlator/bd_0_hls_inst_0_enhanced_correlator_faddfsub_32ns_32ns_32_5_full_dsp_1/bd_0_hls_inst_0_enhanced_correlator_faddfsub_32ns_32ns_32_5_full_dsp_1_ip/<hidden>/<hidden>/<hidden>/<hidden>/<hidden>/<hidden>
                            (rising edge-triggered cell DSP48E1 clocked by ap_clk  {rise@0.000ns fall@5.000ns period=10.000ns})
  Path Group:             ap_clk
  Path Type:              Setup (Max at Slow Process Corner)
  Requirement:            10.000ns  (ap_clk rise@10.000ns - ap_clk rise@0.000ns)
  Data Path Delay:        2.983ns  (logic 0.642ns (21.523%)  route 2.341ns (78.477%))
  Logic Levels:           1  (LUT3=1)
  Clock Path Skew:        -0.049ns (DCD - SCD + CPR)
    Destination Clock Delay (DCD):    0.924ns = ( 10.924 - 10.000 ) 
    Source Clock Delay      (SCD):    0.973ns
    Clock Pessimism Removal (CPR):    0.000ns
  Clock Uncertainty:      0.035ns  ((TSJ^2 + TIJ^2)^1/2 + DJ) / 2 + PE
    Total System Jitter     (TSJ):    0.071ns
    Total Input Jitter      (TIJ):    0.000ns
    Discrete Jitter          (DJ):    0.000ns
    Phase Error              (PE):    0.000ns

    Location             Delay type                Incr(ns)  Path(ns)    Netlist Resource(s)
  -------------------------------------------------------------------    -------------------
                         (clock ap_clk rise edge)     0.000     0.000 r  
                                                      0.000     0.000 r  ap_clk (IN)
                         net (fo=9510, unset)         0.973     0.973    bd_0_wrapper/bd_0/bd_0_hls_inst_0/bd_0_hls_inst_0_enhanced_correlator/bd_0_hls_inst_0_enhanced_correlator_faddfsub_32ns_32ns_32_5_full_dsp_1/bd_0_hls_inst_0_enhanced_correlator_faddfsub_32ns_32ns_32_5_full_dsp_1_ip/<hidden>/<hidden>/<hidden>/<hidden>/<hidden>/<hidden>/<hidden>/<hidden>
    SLICE_X58Y118        FDRE                                         r  bd_0_wrapper/bd_0/bd_0_hls_inst_0/bd_0_hls_inst_0_enhanced_correlator/bd_0_hls_inst_0_enhanced_correlator_faddfsub_32ns_32ns_32_5_full_dsp_1/bd_0_hls_inst_0_enhanced_correlator_faddfsub_32ns_32ns_32_5_full_dsp_1_ip/<hidden>/<hidden>/<hidden>/<hidden>/<hidden>/<hidden>/<hidden>/<hidden>
  -------------------------------------------------------------------    -------------------
    SLICE_X58Y118        FDRE (Prop_fdre_C_Q)         0.518     1.491 r  bd_0_wrapper/bd_0/bd_0_hls_inst_0/bd_0_hls_inst_0_enhanced_correlator/bd_0_hls_inst_0_enhanced_correlator_faddfsub_32ns_32ns_32_5_full_dsp_1/bd_0_hls_inst_0_enhanced_correlator_faddfsub_32ns_32ns_32_5_full_dsp_1_ip/<hidden>/<hidden>/<hidden>/<hidden>/<hidden>/<hidden>/<hidden>/<hidden>
                         net (fo=54, routed)          1.173     2.664    bd_0_wrapper/bd_0/bd_0_hls_inst_0/bd_0_hls_inst_0_enhanced_correlator/bd_0_hls_inst_0_enhanced_correlator_faddfsub_32ns_32ns_32_5_full_dsp_1/bd_0_hls_inst_0_enhanced_correlator_faddfsub_32ns_32ns_32_5_full_dsp_1_ip/<hidden>/<hidden>/<hidden>/<hidden>/<hidden>/<hidden>
    SLICE_X54Y115        LUT3 (Prop_lut3_I1_O)        0.124     2.788 r  bd_0_wrapper/bd_0/bd_0_hls_inst_0/bd_0_hls_inst_0_enhanced_correlator/bd_0_hls_inst_0_enhanced_correlator_faddfsub_32ns_32ns_32_5_full_dsp_1/bd_0_hls_inst_0_enhanced_correlator_faddfsub_32ns_32ns_32_5_full_dsp_1_ip/<hidden>/<hidden>/<hidden>/<hidden>/<hidden>/<hidden>
                         net (fo=1, routed)           1.168     3.956    bd_0_wrapper/bd_0/bd_0_hls_inst_0/bd_0_hls_inst_0_enhanced_correlator/bd_0_hls_inst_0_enhanced_correlator_faddfsub_32ns_32ns_32_5_full_dsp_1/bd_0_hls_inst_0_enhanced_correlator_faddfsub_32ns_32ns_32_5_full_dsp_1_ip/<hidden>/<hidden>/<hidden>/<hidden>/<hidden>/<hidden>
    DSP48_X2Y47          DSP48E1                                      r  bd_0_wrapper/bd_0/bd_0_hls_inst_0/bd_0_hls_inst_0_enhanced_correlator/bd_0_hls_inst_0_enhanced_correlator_faddfsub_32ns_32ns_32_5_full_dsp_1/bd_0_hls_inst_0_enhanced_correlator_faddfsub_32ns_32ns_32_5_full_dsp_1_ip/<hidden>/<hidden>/<hidden>/<hidden>/<hidden>/<hidden>
  -------------------------------------------------------------------    -------------------

                         (clock ap_clk rise edge)    10.000    10.000 r  
                                                      0.000    10.000 r  ap_clk (IN)
                         net (fo=9510, unset)         0.924    10.924    bd_0_wrapper/bd_0/bd_0_hls_inst_0/bd_0_hls_inst_0_enhanced_correlator/bd_0_hls_inst_0_enhanced_correlator_faddfsub_32ns_32ns_32_5_full_dsp_1/bd_0_hls_inst_0_enhanced_correlator_faddfsub_32ns_32ns_32_5_full_dsp_1_ip/<hidden>/<hidden>/<hidden>/<hidden>/<hidden>/<hidden>
    DSP48_X2Y47          DSP48E1                                      r  bd_0_wrapper/bd_0/bd_0_hls_inst_0/bd_0_hls_inst_0_enhanced_correlator/bd_0_hls_inst_0_enhanced_correlator_faddfsub_32ns_32ns_32_5_full_dsp_1/bd_0_hls_inst_0_enhanced_correlator_faddfsub_32ns_32ns_32_5_full_dsp_1_ip/<hidden>/<hidden>/<hidden>/<hidden>/<hidden>/<hidden>
                         clock pessimism              0.000    10.924    
                         clock uncertainty           -0.035    10.889    
    DSP48_X2Y47          DSP48E1 (Setup_dsp48e1_CLK_A[1])
                                                     -5.474     5.415    bd_0_wrapper/bd_0/bd_0_hls_inst_0/bd_0_hls_inst_0_enhanced_correlator/bd_0_hls_inst_0_enhanced_correlator_faddfsub_32ns_32ns_32_5_full_dsp_1/bd_0_hls_inst_0_enhanced_correlator_faddfsub_32ns_32ns_32_5_full_dsp_1_ip/<hidden>/<hidden>/<hidden>/<hidden>/<hidden>/<hidden>
  -------------------------------------------------------------------
                         required time                          5.415    
                         arrival time                          -3.956    
  -------------------------------------------------------------------
                         slack                                  1.459    

Slack (MET) :             1.478ns  (required time - arrival time)
  Source:                 bd_0_wrapper/bd_0/bd_0_hls_inst_0/bd_0_hls_inst_0_enhanced_correlator/bd_0_hls_inst_0_enhanced_correlator_fadd_32ns_32ns_32_5_full_dsp_1__xdcDup__1/bd_0_hls_inst_0_enhanced_correlator_fadd_32ns_32ns_32_5_full_dsp_1_ip/<hidden>/<hidden>/<hidden>/<hidden>/<hidden>/<hidden>/<hidden>/<hidden>
                            (rising edge-triggered cell FDRE clocked by ap_clk  {rise@0.000ns fall@5.000ns period=10.000ns})
  Destination:            bd_0_wrapper/bd_0/bd_0_hls_inst_0/bd_0_hls_inst_0_enhanced_correlator/bd_0_hls_inst_0_enhanced_correlator_fadd_32ns_32ns_32_5_full_dsp_1__xdcDup__1/bd_0_hls_inst_0_enhanced_correlator_fadd_32ns_32ns_32_5_full_dsp_1_ip/<hidden>/<hidden>/<hidden>/<hidden>/<hidden>/<hidden>
                            (rising edge-triggered cell DSP48E1 clocked by ap_clk  {rise@0.000ns fall@5.000ns period=10.000ns})
  Path Group:             ap_clk
  Path Type:              Setup (Max at Slow Process Corner)
  Requirement:            10.000ns  (ap_clk rise@10.000ns - ap_clk rise@0.000ns)
  Data Path Delay:        2.964ns  (logic 0.580ns (19.570%)  route 2.384ns (80.430%))
  Logic Levels:           1  (LUT3=1)
  Clock Path Skew:        -0.049ns (DCD - SCD + CPR)
    Destination Clock Delay (DCD):    0.924ns = ( 10.924 - 10.000 ) 
    Source Clock Delay      (SCD):    0.973ns
    Clock Pessimism Removal (CPR):    0.000ns
  Clock Uncertainty:      0.035ns  ((TSJ^2 + TIJ^2)^1/2 + DJ) / 2 + PE
    Total System Jitter     (TSJ):    0.071ns
    Total Input Jitter      (TIJ):    0.000ns
    Discrete Jitter          (DJ):    0.000ns
    Phase Error              (PE):    0.000ns

    Location             Delay type                Incr(ns)  Path(ns)    Netlist Resource(s)
  -------------------------------------------------------------------    -------------------
                         (clock ap_clk rise edge)     0.000     0.000 r  
                                                      0.000     0.000 r  ap_clk (IN)
                         net (fo=9510, unset)         0.973     0.973    bd_0_wrapper/bd_0/bd_0_hls_inst_0/bd_0_hls_inst_0_enhanced_correlator/bd_0_hls_inst_0_enhanced_correlator_fadd_32ns_32ns_32_5_full_dsp_1__xdcDup__1/bd_0_hls_inst_0_enhanced_correlator_fadd_32ns_32ns_32_5_full_dsp_1_ip/<hidden>/<hidden>/<hidden>/<hidden>/<hidden>/<hidden>/<hidden>/<hidden>
    SLICE_X91Y103        FDRE                                         r  bd_0_wrapper/bd_0/bd_0_hls_inst_0/bd_0_hls_inst_0_enhanced_correlator/bd_0_hls_inst_0_enhanced_correlator_fadd_32ns_32ns_32_5_full_dsp_1__xdcDup__1/bd_0_hls_inst_0_enhanced_correlator_fadd_32ns_32ns_32_5_full_dsp_1_ip/<hidden>/<hidden>/<hidden>/<hidden>/<hidden>/<hidden>/<hidden>/<hidden>
  -------------------------------------------------------------------    -------------------
    SLICE_X91Y103        FDRE (Prop_fdre_C_Q)         0.456     1.429 r  bd_0_wrapper/bd_0/bd_0_hls_inst_0/bd_0_hls_inst_0_enhanced_correlator/bd_0_hls_inst_0_enhanced_correlator_fadd_32ns_32ns_32_5_full_dsp_1__xdcDup__1/bd_0_hls_inst_0_enhanced_correlator_fadd_32ns_32ns_32_5_full_dsp_1_ip/<hidden>/<hidden>/<hidden>/<hidden>/<hidden>/<hidden>/<hidden>/<hidden>
                         net (fo=54, routed)          2.007     3.436    bd_0_wrapper/bd_0/bd_0_hls_inst_0/bd_0_hls_inst_0_enhanced_correlator/bd_0_hls_inst_0_enhanced_correlator_fadd_32ns_32ns_32_5_full_dsp_1__xdcDup__1/bd_0_hls_inst_0_enhanced_correlator_fadd_32ns_32ns_32_5_full_dsp_1_ip/<hidden>/<hidden>/<hidden>/<hidden>/<hidden>/<hidden>
    SLICE_X93Y91         LUT3 (Prop_lut3_I1_O)        0.124     3.560 r  bd_0_wrapper/bd_0/bd_0_hls_inst_0/bd_0_hls_inst_0_enhanced_correlator/bd_0_hls_inst_0_enhanced_correlator_fadd_32ns_32ns_32_5_full_dsp_1__xdcDup__1/bd_0_hls_inst_0_enhanced_correlator_fadd_32ns_32ns_32_5_full_dsp_1_ip/<hidden>/<hidden>/<hidden>/<hidden>/<hidden>/<hidden>
                         net (fo=1, routed)           0.377     3.937    bd_0_wrapper/bd_0/bd_0_hls_inst_0/bd_0_hls_inst_0_enhanced_correlator/bd_0_hls_inst_0_enhanced_correlator_fadd_32ns_32ns_32_5_full_dsp_1__xdcDup__1/bd_0_hls_inst_0_enhanced_correlator_fadd_32ns_32ns_32_5_full_dsp_1_ip/<hidden>/<hidden>/<hidden>/<hidden>/<hidden>/<hidden>
    DSP48_X3Y37          DSP48E1                                      r  bd_0_wrapper/bd_0/bd_0_hls_inst_0/bd_0_hls_inst_0_enhanced_correlator/bd_0_hls_inst_0_enhanced_correlator_fadd_32ns_32ns_32_5_full_dsp_1__xdcDup__1/bd_0_hls_inst_0_enhanced_correlator_fadd_32ns_32ns_32_5_full_dsp_1_ip/<hidden>/<hidden>/<hidden>/<hidden>/<hidden>/<hidden>
  -------------------------------------------------------------------    -------------------

                         (clock ap_clk rise edge)    10.000    10.000 r  
                                                      0.000    10.000 r  ap_clk (IN)
                         net (fo=9510, unset)         0.924    10.924    bd_0_wrapper/bd_0/bd_0_hls_inst_0/bd_0_hls_inst_0_enhanced_correlator/bd_0_hls_inst_0_enhanced_correlator_fadd_32ns_32ns_32_5_full_dsp_1__xdcDup__1/bd_0_hls_inst_0_enhanced_correlator_fadd_32ns_32ns_32_5_full_dsp_1_ip/<hidden>/<hidden>/<hidden>/<hidden>/<hidden>/<hidden>
    DSP48_X3Y37          DSP48E1                                      r  bd_0_wrapper/bd_0/bd_0_hls_inst_0/bd_0_hls_inst_0_enhanced_correlator/bd_0_hls_inst_0_enhanced_correlator_fadd_32ns_32ns_32_5_full_dsp_1__xdcDup__1/bd_0_hls_inst_0_enhanced_correlator_fadd_32ns_32ns_32_5_full_dsp_1_ip/<hidden>/<hidden>/<hidden>/<hidden>/<hidden>/<hidden>
                         clock pessimism              0.000    10.924    
                         clock uncertainty           -0.035    10.889    
    DSP48_X3Y37          DSP48E1 (Setup_dsp48e1_CLK_A[5])
                                                     -5.474     5.415    bd_0_wrapper/bd_0/bd_0_hls_inst_0/bd_0_hls_inst_0_enhanced_correlator/bd_0_hls_inst_0_enhanced_correlator_fadd_32ns_32ns_32_5_full_dsp_1__xdcDup__1/bd_0_hls_inst_0_enhanced_correlator_fadd_32ns_32ns_32_5_full_dsp_1_ip/<hidden>/<hidden>/<hidden>/<hidden>/<hidden>/<hidden>
  -------------------------------------------------------------------
                         required time                          5.415    
                         arrival time                          -3.937    
  -------------------------------------------------------------------
                         slack                                  1.478    

Slack (MET) :             1.484ns  (required time - arrival time)
  Source:                 bd_0_wrapper/bd_0/bd_0_hls_inst_0/bd_0_hls_inst_0_enhanced_correlator/bd_0_hls_inst_0_enhanced_correlator_faddfsub_32ns_32ns_32_5_full_dsp_1/bd_0_hls_inst_0_enhanced_correlator_faddfsub_32ns_32ns_32_5_full_dsp_1_ip/<hidden>/<hidden>/<hidden>/<hidden>/<hidden>/<hidden>/<hidden>
                            (rising edge-triggered cell FDRE clocked by ap_clk  {rise@0.000ns fall@5.000ns period=10.000ns})
  Destination:            bd_0_wrapper/bd_0/bd_0_hls_inst_0/bd_0_hls_inst_0_enhanced_correlator/bd_0_hls_inst_0_enhanced_correlator_faddfsub_32ns_32ns_32_5_full_dsp_1/bd_0_hls_inst_0_enhanced_correlator_faddfsub_32ns_32ns_32_5_full_dsp_1_ip/<hidden>/<hidden>/<hidden>/<hidden>/<hidden>/<hidden>
                            (rising edge-triggered cell DSP48E1 clocked by ap_clk  {rise@0.000ns fall@5.000ns period=10.000ns})
  Path Group:             ap_clk
  Path Type:              Setup (Max at Slow Process Corner)
  Requirement:            10.000ns  (ap_clk rise@10.000ns - ap_clk rise@0.000ns)
  Data Path Delay:        2.875ns  (logic 0.580ns (20.177%)  route 2.295ns (79.823%))
  Logic Levels:           1  (LUT6=1)
  Clock Path Skew:        -0.049ns (DCD - SCD + CPR)
    Destination Clock Delay (DCD):    0.924ns = ( 10.924 - 10.000 ) 
    Source Clock Delay      (SCD):    0.973ns
    Clock Pessimism Removal (CPR):    0.000ns
  Clock Uncertainty:      0.035ns  ((TSJ^2 + TIJ^2)^1/2 + DJ) / 2 + PE
    Total System Jitter     (TSJ):    0.071ns
    Total Input Jitter      (TIJ):    0.000ns
    Discrete Jitter          (DJ):    0.000ns
    Phase Error              (PE):    0.000ns

    Location             Delay type                Incr(ns)  Path(ns)    Netlist Resource(s)
  -------------------------------------------------------------------    -------------------
                         (clock ap_clk rise edge)     0.000     0.000 r  
                                                      0.000     0.000 r  ap_clk (IN)
                         net (fo=9510, unset)         0.973     0.973    bd_0_wrapper/bd_0/bd_0_hls_inst_0/bd_0_hls_inst_0_enhanced_correlator/bd_0_hls_inst_0_enhanced_correlator_faddfsub_32ns_32ns_32_5_full_dsp_1/bd_0_hls_inst_0_enhanced_correlator_faddfsub_32ns_32ns_32_5_full_dsp_1_ip/<hidden>/<hidden>/<hidden>/<hidden>/<hidden>/<hidden>/<hidden>
    SLICE_X57Y118        FDRE                                         r  bd_0_wrapper/bd_0/bd_0_hls_inst_0/bd_0_hls_inst_0_enhanced_correlator/bd_0_hls_inst_0_enhanced_correlator_faddfsub_32ns_32ns_32_5_full_dsp_1/bd_0_hls_inst_0_enhanced_correlator_faddfsub_32ns_32ns_32_5_full_dsp_1_ip/<hidden>/<hidden>/<hidden>/<hidden>/<hidden>/<hidden>/<hidden>
  -------------------------------------------------------------------    -------------------
    SLICE_X57Y118        FDRE (Prop_fdre_C_Q)         0.456     1.429 r  bd_0_wrapper/bd_0/bd_0_hls_inst_0/bd_0_hls_inst_0_enhanced_correlator/bd_0_hls_inst_0_enhanced_correlator_faddfsub_32ns_32ns_32_5_full_dsp_1/bd_0_hls_inst_0_enhanced_correlator_faddfsub_32ns_32ns_32_5_full_dsp_1_ip/<hidden>/<hidden>/<hidden>/<hidden>/<hidden>/<hidden>/<hidden>
                         net (fo=20, routed)          1.583     3.012    bd_0_wrapper/bd_0/bd_0_hls_inst_0/bd_0_hls_inst_0_enhanced_correlator/bd_0_hls_inst_0_enhanced_correlator_faddfsub_32ns_32ns_32_5_full_dsp_1/bd_0_hls_inst_0_enhanced_correlator_faddfsub_32ns_32ns_32_5_full_dsp_1_ip/<hidden>/<hidden>/<hidden>/<hidden>/<hidden>/<hidden>/<hidden>
    SLICE_X39Y118        LUT6 (Prop_lut6_I1_O)        0.124     3.136 r  bd_0_wrapper/bd_0/bd_0_hls_inst_0/bd_0_hls_inst_0_enhanced_correlator/bd_0_hls_inst_0_enhanced_correlator_faddfsub_32ns_32ns_32_5_full_dsp_1/bd_0_hls_inst_0_enhanced_correlator_faddfsub_32ns_32ns_32_5_full_dsp_1_ip/<hidden>/<hidden>/<hidden>/<hidden>/<hidden>/<hidden>/<hidden>
                         net (fo=2, routed)           0.711     3.848    bd_0_wrapper/bd_0/bd_0_hls_inst_0/bd_0_hls_inst_0_enhanced_correlator/bd_0_hls_inst_0_enhanced_correlator_faddfsub_32ns_32ns_32_5_full_dsp_1/bd_0_hls_inst_0_enhanced_correlator_faddfsub_32ns_32ns_32_5_full_dsp_1_ip/<hidden>/<hidden>/<hidden>/<hidden>/<hidden>/<hidden>
    DSP48_X2Y47          DSP48E1                                      r  bd_0_wrapper/bd_0/bd_0_hls_inst_0/bd_0_hls_inst_0_enhanced_correlator/bd_0_hls_inst_0_enhanced_correlator_faddfsub_32ns_32ns_32_5_full_dsp_1/bd_0_hls_inst_0_enhanced_correlator_faddfsub_32ns_32ns_32_5_full_dsp_1_ip/<hidden>/<hidden>/<hidden>/<hidden>/<hidden>/<hidden>
  -------------------------------------------------------------------    -------------------

                         (clock ap_clk rise edge)    10.000    10.000 r  
                                                      0.000    10.000 r  ap_clk (IN)
                         net (fo=9510, unset)         0.924    10.924    bd_0_wrapper/bd_0/bd_0_hls_inst_0/bd_0_hls_inst_0_enhanced_correlator/bd_0_hls_inst_0_enhanced_correlator_faddfsub_32ns_32ns_32_5_full_dsp_1/bd_0_hls_inst_0_enhanced_correlator_faddfsub_32ns_32ns_32_5_full_dsp_1_ip/<hidden>/<hidden>/<hidden>/<hidden>/<hidden>/<hidden>
    DSP48_X2Y47          DSP48E1                                      r  bd_0_wrapper/bd_0/bd_0_hls_inst_0/bd_0_hls_inst_0_enhanced_correlator/bd_0_hls_inst_0_enhanced_correlator_faddfsub_32ns_32ns_32_5_full_dsp_1/bd_0_hls_inst_0_enhanced_correlator_faddfsub_32ns_32ns_32_5_full_dsp_1_ip/<hidden>/<hidden>/<hidden>/<hidden>/<hidden>/<hidden>
                         clock pessimism              0.000    10.924    
                         clock uncertainty           -0.035    10.889    
    DSP48_X2Y47          DSP48E1 (Setup_dsp48e1_CLK_INMODE[2])
                                                     -5.557     5.332    bd_0_wrapper/bd_0/bd_0_hls_inst_0/bd_0_hls_inst_0_enhanced_correlator/bd_0_hls_inst_0_enhanced_correlator_faddfsub_32ns_32ns_32_5_full_dsp_1/bd_0_hls_inst_0_enhanced_correlator_faddfsub_32ns_32ns_32_5_full_dsp_1_ip/<hidden>/<hidden>/<hidden>/<hidden>/<hidden>/<hidden>
  -------------------------------------------------------------------
                         required time                          5.332    
                         arrival time                          -3.848    
  -------------------------------------------------------------------
                         slack                                  1.484    

Slack (MET) :             1.485ns  (required time - arrival time)
  Source:                 bd_0_wrapper/bd_0/bd_0_hls_inst_0/bd_0_hls_inst_0_enhanced_correlator/bd_0_hls_inst_0_enhanced_correlator_fadd_32ns_32ns_32_5_full_dsp_1__xdcDup__1/bd_0_hls_inst_0_enhanced_correlator_fadd_32ns_32ns_32_5_full_dsp_1_ip/<hidden>/<hidden>/<hidden>/<hidden>/<hidden>/<hidden>/<hidden>
                            (rising edge-triggered cell FDRE clocked by ap_clk  {rise@0.000ns fall@5.000ns period=10.000ns})
  Destination:            bd_0_wrapper/bd_0/bd_0_hls_inst_0/bd_0_hls_inst_0_enhanced_correlator/bd_0_hls_inst_0_enhanced_correlator_fadd_32ns_32ns_32_5_full_dsp_1__xdcDup__1/bd_0_hls_inst_0_enhanced_correlator_fadd_32ns_32ns_32_5_full_dsp_1_ip/<hidden>/<hidden>/<hidden>/<hidden>/<hidden>/<hidden>
                            (rising edge-triggered cell DSP48E1 clocked by ap_clk  {rise@0.000ns fall@5.000ns period=10.000ns})
  Path Group:             ap_clk
  Path Type:              Setup (Max at Slow Process Corner)
  Requirement:            10.000ns  (ap_clk rise@10.000ns - ap_clk rise@0.000ns)
  Data Path Delay:        2.874ns  (logic 0.642ns (22.339%)  route 2.232ns (77.661%))
  Logic Levels:           1  (LUT6=1)
  Clock Path Skew:        -0.049ns (DCD - SCD + CPR)
    Destination Clock Delay (DCD):    0.924ns = ( 10.924 - 10.000 ) 
    Source Clock Delay      (SCD):    0.973ns
    Clock Pessimism Removal (CPR):    0.000ns
  Clock Uncertainty:      0.035ns  ((TSJ^2 + TIJ^2)^1/2 + DJ) / 2 + PE
    Total System Jitter     (TSJ):    0.071ns
    Total Input Jitter      (TIJ):    0.000ns
    Discrete Jitter          (DJ):    0.000ns
    Phase Error              (PE):    0.000ns

    Location             Delay type                Incr(ns)  Path(ns)    Netlist Resource(s)
  -------------------------------------------------------------------    -------------------
                         (clock ap_clk rise edge)     0.000     0.000 r  
                                                      0.000     0.000 r  ap_clk (IN)
                         net (fo=9510, unset)         0.973     0.973    bd_0_wrapper/bd_0/bd_0_hls_inst_0/bd_0_hls_inst_0_enhanced_correlator/bd_0_hls_inst_0_enhanced_correlator_fadd_32ns_32ns_32_5_full_dsp_1__xdcDup__1/bd_0_hls_inst_0_enhanced_correlator_fadd_32ns_32ns_32_5_full_dsp_1_ip/<hidden>/<hidden>/<hidden>/<hidden>/<hidden>/<hidden>/<hidden>
    SLICE_X94Y102        FDRE                                         r  bd_0_wrapper/bd_0/bd_0_hls_inst_0/bd_0_hls_inst_0_enhanced_correlator/bd_0_hls_inst_0_enhanced_correlator_fadd_32ns_32ns_32_5_full_dsp_1__xdcDup__1/bd_0_hls_inst_0_enhanced_correlator_fadd_32ns_32ns_32_5_full_dsp_1_ip/<hidden>/<hidden>/<hidden>/<hidden>/<hidden>/<hidden>/<hidden>
  -------------------------------------------------------------------    -------------------
    SLICE_X94Y102        FDRE (Prop_fdre_C_Q)         0.518     1.491 r  bd_0_wrapper/bd_0/bd_0_hls_inst_0/bd_0_hls_inst_0_enhanced_correlator/bd_0_hls_inst_0_enhanced_correlator_fadd_32ns_32ns_32_5_full_dsp_1__xdcDup__1/bd_0_hls_inst_0_enhanced_correlator_fadd_32ns_32ns_32_5_full_dsp_1_ip/<hidden>/<hidden>/<hidden>/<hidden>/<hidden>/<hidden>/<hidden>
                         net (fo=19, routed)          1.382     2.873    bd_0_wrapper/bd_0/bd_0_hls_inst_0/bd_0_hls_inst_0_enhanced_correlator/bd_0_hls_inst_0_enhanced_correlator_fadd_32ns_32ns_32_5_full_dsp_1__xdcDup__1/bd_0_hls_inst_0_enhanced_correlator_fadd_32ns_32ns_32_5_full_dsp_1_ip/<hidden>/<hidden>/<hidden>/<hidden>/<hidden>/<hidden>/<hidden>
    SLICE_X94Y91         LUT6 (Prop_lut6_I3_O)        0.124     2.997 r  bd_0_wrapper/bd_0/bd_0_hls_inst_0/bd_0_hls_inst_0_enhanced_correlator/bd_0_hls_inst_0_enhanced_correlator_fadd_32ns_32ns_32_5_full_dsp_1__xdcDup__1/bd_0_hls_inst_0_enhanced_correlator_fadd_32ns_32ns_32_5_full_dsp_1_ip/<hidden>/<hidden>/<hidden>/<hidden>/<hidden>/<hidden>/<hidden>
                         net (fo=2, routed)           0.850     3.847    bd_0_wrapper/bd_0/bd_0_hls_inst_0/bd_0_hls_inst_0_enhanced_correlator/bd_0_hls_inst_0_enhanced_correlator_fadd_32ns_32ns_32_5_full_dsp_1__xdcDup__1/bd_0_hls_inst_0_enhanced_correlator_fadd_32ns_32ns_32_5_full_dsp_1_ip/<hidden>/<hidden>/<hidden>/<hidden>/<hidden>/<hidden>
    DSP48_X3Y37          DSP48E1                                      r  bd_0_wrapper/bd_0/bd_0_hls_inst_0/bd_0_hls_inst_0_enhanced_correlator/bd_0_hls_inst_0_enhanced_correlator_fadd_32ns_32ns_32_5_full_dsp_1__xdcDup__1/bd_0_hls_inst_0_enhanced_correlator_fadd_32ns_32ns_32_5_full_dsp_1_ip/<hidden>/<hidden>/<hidden>/<hidden>/<hidden>/<hidden>
  -------------------------------------------------------------------    -------------------

                         (clock ap_clk rise edge)    10.000    10.000 r  
                                                      0.000    10.000 r  ap_clk (IN)
                         net (fo=9510, unset)         0.924    10.924    bd_0_wrapper/bd_0/bd_0_hls_inst_0/bd_0_hls_inst_0_enhanced_correlator/bd_0_hls_inst_0_enhanced_correlator_fadd_32ns_32ns_32_5_full_dsp_1__xdcDup__1/bd_0_hls_inst_0_enhanced_correlator_fadd_32ns_32ns_32_5_full_dsp_1_ip/<hidden>/<hidden>/<hidden>/<hidden>/<hidden>/<hidden>
    DSP48_X3Y37          DSP48E1                                      r  bd_0_wrapper/bd_0/bd_0_hls_inst_0/bd_0_hls_inst_0_enhanced_correlator/bd_0_hls_inst_0_enhanced_correlator_fadd_32ns_32ns_32_5_full_dsp_1__xdcDup__1/bd_0_hls_inst_0_enhanced_correlator_fadd_32ns_32ns_32_5_full_dsp_1_ip/<hidden>/<hidden>/<hidden>/<hidden>/<hidden>/<hidden>
                         clock pessimism              0.000    10.924    
                         clock uncertainty           -0.035    10.889    
    DSP48_X3Y37          DSP48E1 (Setup_dsp48e1_CLK_INMODE[2])
                                                     -5.557     5.332    bd_0_wrapper/bd_0/bd_0_hls_inst_0/bd_0_hls_inst_0_enhanced_correlator/bd_0_hls_inst_0_enhanced_correlator_fadd_32ns_32ns_32_5_full_dsp_1__xdcDup__1/bd_0_hls_inst_0_enhanced_correlator_fadd_32ns_32ns_32_5_full_dsp_1_ip/<hidden>/<hidden>/<hidden>/<hidden>/<hidden>/<hidden>
  -------------------------------------------------------------------
                         required time                          5.332    
                         arrival time                          -3.847    
  -------------------------------------------------------------------
                         slack                                  1.485    

Slack (MET) :             1.492ns  (required time - arrival time)
  Source:                 bd_0_wrapper/bd_0/bd_0_hls_inst_0/bd_0_hls_inst_0_enhanced_correlator/bd_0_hls_inst_0_enhanced_correlator_faddfsub_32ns_32ns_32_5_full_dsp_1/bd_0_hls_inst_0_enhanced_correlator_faddfsub_32ns_32ns_32_5_full_dsp_1_ip/<hidden>/<hidden>/<hidden>/<hidden>/<hidden>/<hidden>/<hidden>/<hidden>
                            (rising edge-triggered cell FDRE clocked by ap_clk  {rise@0.000ns fall@5.000ns period=10.000ns})
  Destination:            bd_0_wrapper/bd_0/bd_0_hls_inst_0/bd_0_hls_inst_0_enhanced_correlator/bd_0_hls_inst_0_enhanced_correlator_faddfsub_32ns_32ns_32_5_full_dsp_1/bd_0_hls_inst_0_enhanced_correlator_faddfsub_32ns_32ns_32_5_full_dsp_1_ip/<hidden>/<hidden>/<hidden>/<hidden>/<hidden>/<hidden>
                            (rising edge-triggered cell DSP48E1 clocked by ap_clk  {rise@0.000ns fall@5.000ns period=10.000ns})
  Path Group:             ap_clk
  Path Type:              Setup (Max at Slow Process Corner)
  Requirement:            10.000ns  (ap_clk rise@10.000ns - ap_clk rise@0.000ns)
  Data Path Delay:        2.950ns  (logic 0.642ns (21.765%)  route 2.308ns (78.235%))
  Logic Levels:           1  (LUT3=1)
  Clock Path Skew:        -0.049ns (DCD - SCD + CPR)
    Destination Clock Delay (DCD):    0.924ns = ( 10.924 - 10.000 ) 
    Source Clock Delay      (SCD):    0.973ns
    Clock Pessimism Removal (CPR):    0.000ns
  Clock Uncertainty:      0.035ns  ((TSJ^2 + TIJ^2)^1/2 + DJ) / 2 + PE
    Total System Jitter     (TSJ):    0.071ns
    Total Input Jitter      (TIJ):    0.000ns
    Discrete Jitter          (DJ):    0.000ns
    Phase Error              (PE):    0.000ns

    Location             Delay type                Incr(ns)  Path(ns)    Netlist Resource(s)
  -------------------------------------------------------------------    -------------------
                         (clock ap_clk rise edge)     0.000     0.000 r  
                                                      0.000     0.000 r  ap_clk (IN)
                         net (fo=9510, unset)         0.973     0.973    bd_0_wrapper/bd_0/bd_0_hls_inst_0/bd_0_hls_inst_0_enhanced_correlator/bd_0_hls_inst_0_enhanced_correlator_faddfsub_32ns_32ns_32_5_full_dsp_1/bd_0_hls_inst_0_enhanced_correlator_faddfsub_32ns_32ns_32_5_full_dsp_1_ip/<hidden>/<hidden>/<hidden>/<hidden>/<hidden>/<hidden>/<hidden>/<hidden>
    SLICE_X58Y118        FDRE                                         r  bd_0_wrapper/bd_0/bd_0_hls_inst_0/bd_0_hls_inst_0_enhanced_correlator/bd_0_hls_inst_0_enhanced_correlator_faddfsub_32ns_32ns_32_5_full_dsp_1/bd_0_hls_inst_0_enhanced_correlator_faddfsub_32ns_32ns_32_5_full_dsp_1_ip/<hidden>/<hidden>/<hidden>/<hidden>/<hidden>/<hidden>/<hidden>/<hidden>
  -------------------------------------------------------------------    -------------------
    SLICE_X58Y118        FDRE (Prop_fdre_C_Q)         0.518     1.491 r  bd_0_wrapper/bd_0/bd_0_hls_inst_0/bd_0_hls_inst_0_enhanced_correlator/bd_0_hls_inst_0_enhanced_correlator_faddfsub_32ns_32ns_32_5_full_dsp_1/bd_0_hls_inst_0_enhanced_correlator_faddfsub_32ns_32ns_32_5_full_dsp_1_ip/<hidden>/<hidden>/<hidden>/<hidden>/<hidden>/<hidden>/<hidden>/<hidden>
                         net (fo=54, routed)          1.072     2.563    bd_0_wrapper/bd_0/bd_0_hls_inst_0/bd_0_hls_inst_0_enhanced_correlator/bd_0_hls_inst_0_enhanced_correlator_faddfsub_32ns_32ns_32_5_full_dsp_1/bd_0_hls_inst_0_enhanced_correlator_faddfsub_32ns_32ns_32_5_full_dsp_1_ip/<hidden>/<hidden>/<hidden>/<hidden>/<hidden>/<hidden>
    SLICE_X50Y117        LUT3 (Prop_lut3_I1_O)        0.124     2.687 r  bd_0_wrapper/bd_0/bd_0_hls_inst_0/bd_0_hls_inst_0_enhanced_correlator/bd_0_hls_inst_0_enhanced_correlator_faddfsub_32ns_32ns_32_5_full_dsp_1/bd_0_hls_inst_0_enhanced_correlator_faddfsub_32ns_32ns_32_5_full_dsp_1_ip/<hidden>/<hidden>/<hidden>/<hidden>/<hidden>/<hidden>
                         net (fo=2, routed)           1.236     3.923    bd_0_wrapper/bd_0/bd_0_hls_inst_0/bd_0_hls_inst_0_enhanced_correlator/bd_0_hls_inst_0_enhanced_correlator_faddfsub_32ns_32ns_32_5_full_dsp_1/bd_0_hls_inst_0_enhanced_correlator_faddfsub_32ns_32ns_32_5_full_dsp_1_ip/<hidden>/<hidden>/<hidden>/<hidden>/<hidden>/<hidden>
    DSP48_X2Y47          DSP48E1                                      r  bd_0_wrapper/bd_0/bd_0_hls_inst_0/bd_0_hls_inst_0_enhanced_correlator/bd_0_hls_inst_0_enhanced_correlator_faddfsub_32ns_32ns_32_5_full_dsp_1/bd_0_hls_inst_0_enhanced_correlator_faddfsub_32ns_32ns_32_5_full_dsp_1_ip/<hidden>/<hidden>/<hidden>/<hidden>/<hidden>/<hidden>
  -------------------------------------------------------------------    -------------------

                         (clock ap_clk rise edge)    10.000    10.000 r  
                                                      0.000    10.000 r  ap_clk (IN)
                         net (fo=9510, unset)         0.924    10.924    bd_0_wrapper/bd_0/bd_0_hls_inst_0/bd_0_hls_inst_0_enhanced_correlator/bd_0_hls_inst_0_enhanced_correlator_faddfsub_32ns_32ns_32_5_full_dsp_1/bd_0_hls_inst_0_enhanced_correlator_faddfsub_32ns_32ns_32_5_full_dsp_1_ip/<hidden>/<hidden>/<hidden>/<hidden>/<hidden>/<hidden>
    DSP48_X2Y47          DSP48E1                                      r  bd_0_wrapper/bd_0/bd_0_hls_inst_0/bd_0_hls_inst_0_enhanced_correlator/bd_0_hls_inst_0_enhanced_correlator_faddfsub_32ns_32ns_32_5_full_dsp_1/bd_0_hls_inst_0_enhanced_correlator_faddfsub_32ns_32ns_32_5_full_dsp_1_ip/<hidden>/<hidden>/<hidden>/<hidden>/<hidden>/<hidden>
                         clock pessimism              0.000    10.924    
                         clock uncertainty           -0.035    10.889    
    DSP48_X2Y47          DSP48E1 (Setup_dsp48e1_CLK_A[17])
                                                     -5.474     5.415    bd_0_wrapper/bd_0/bd_0_hls_inst_0/bd_0_hls_inst_0_enhanced_correlator/bd_0_hls_inst_0_enhanced_correlator_faddfsub_32ns_32ns_32_5_full_dsp_1/bd_0_hls_inst_0_enhanced_correlator_faddfsub_32ns_32ns_32_5_full_dsp_1_ip/<hidden>/<hidden>/<hidden>/<hidden>/<hidden>/<hidden>
  -------------------------------------------------------------------
                         required time                          5.415    
                         arrival time                          -3.923    
  -------------------------------------------------------------------
                         slack                                  1.492    




