Copyright 1986-2022 Xilinx, Inc. All Rights Reserved. Copyright 2022-2025 Advanced Micro Devices, Inc. All Rights Reserved.
---------------------------------------------------------------------------------------------------------------------------------------------
| Tool Version : Vivado v.2025.2 (lin64) Build 6299465 Fri Nov 14 12:34:56 MST 2025
| Date         : Sun Sep 20 22:03:06 2026
| Host         : johan2-Yoga-7-15ITL5 running 64-bit Ubuntu 22.04.5 LTS
| Command      : report_design_analysis -file ./report/enhanced_correlator_design_analysis_routed.rpt
| Design       : bd_0_wrapper
| Device       : xc7z020
| Design State : Routed
---------------------------------------------------------------------------------------------------------------------------------------------

Report Design Analysis

Table of Contents
-----------------
1. Setup Path Characteristics 1-1
2. Logic Level Distribution
3. Placer Final Level Congestion Reporting
4. Initial Estimated Router Congestion Reporting

1. Setup Path Characteristics 1-1
---------------------------------

+---------------------------+------------------------------------------+
|      Characteristics      |                  Path #1                 |
+---------------------------+------------------------------------------+
| Requirement               | 10.000                                   |
| Path Delay                | 3.030                                    |
| Logic Delay               | 0.580(20%)                               |
| Net Delay                 | 2.450(80%)                               |
| Clock Skew                | -0.049                                   |
| Slack                     | 1.329                                    |
| Clock Uncertainty         | 0.035                                    |
| Clock Pair Classification | Timed                                    |
| Clock Delay Group         | Same Clock                               |
| Logic Levels              | 1                                        |
| Routes                    | 2                                        |
| Logical Path              | FDRE/C-(20)-LUT6-(2)-DSP48E1/INMODE[1]   |
| Start Point Clock         | ap_clk                                   |
| End Point Clock           | ap_clk                                   |
| DSP Block                 | Seq                                      |
| RAM Registers             | None-None                                |
| IO Crossings              | 0                                        |
| Config Crossings          | 0                                        |
| SLR Crossings             | 0                                        |
| PBlocks                   | 0                                        |
| High Fanout               | 20                                       |
| ASYNC REG                 | 0                                        |
| Dont Touch                | 0                                        |
| Mark Debug                | 0                                        |
| Start Point Pin Primitive | FDRE/C                                   |
| End Point Pin Primitive   | DSP48E1/INMODE[1]                        |
| Start Point Pin           | opt_has_pipe.first_q_reg[3]/C            |
| End Point Pin             | i_no_versal_es1_workaround.DSP/INMODE[1] |
+---------------------------+------------------------------------------+
* Bounding box calculated as % of dimensions for the target device (308, 299)


2. Logic Level Distribution
---------------------------

+-----------------+-------------+----+-----+-----+----+----+----+---+-----+----+----+----+----+----+----+----+
| End Point Clock | Requirement |  0 |  1  |  2  |  3 |  4 |  5 | 8 |  9  | 10 | 11 | 12 | 13 | 14 | 15 | 16 |
+-----------------+-------------+----+-----+-----+----+----+----+---+-----+----+----+----+----+----+----+----+
| ap_clk          | 10.000ns    | 18 | 133 | 347 | 14 | 20 | 25 | 2 | 161 |  4 | 20 | 35 | 48 | 63 | 84 | 26 |
+-----------------+-------------+----+-----+-----+----+----+----+---+-----+----+----+----+----+----+----+----+
* Columns represent the logic levels per end point clock
** Distribution is for top worst 1000 paths


3. Placer Final Level Congestion Reporting
------------------------------------------

+-----------+------+-------+------------+--------+---------------+----------------+-----+--------+------+------+------+-----+-------+-----+------------+
| Direction | Type | Level | Congestion | Window | Combined LUTs | Avg LUT Inputs | LUT | LUTRAM | Flop | MUXF | RAMB | DSP | CARRY | SRL | Cell Names |
+-----------+------+-------+------------+--------+---------------+----------------+-----+--------+------+------+------+-----+-------+-----+------------+
* No congestion windows are found above level 5


4. Initial Estimated Router Congestion Reporting
------------------------------------------------

+-----------+------+-------+------------------+--------+---------------+----------------+-----+--------+------+------+------+-----+-------+-----+------------+
| Direction | Type | Level | Percentage Tiles | Window | Combined LUTs | Avg LUT Inputs | LUT | LUTRAM | Flop | MUXF | RAMB | DSP | CARRY | SRL | Cell Names |
+-----------+------+-------+------------------+--------+---------------+----------------+-----+--------+------+------+------+-----+-------+-----+------------+
* No initial estimated congestion windows are found above level 5


