Copyright 1986-2022 Xilinx, Inc. All Rights Reserved. Copyright 2022-2025 Advanced Micro Devices, Inc. All Rights Reserved.
---------------------------------------------------------------------------------------------------------------------------------------------
| Tool Version : Vivado v.2025.2 (lin64) Build 6299465 Fri Nov 14 12:34:56 MST 2025
| Date         : Sun Sep 20 21:57:50 2026
| Host         : johan2-Yoga-7-15ITL5 running 64-bit Ubuntu 22.04.5 LTS
| Command      : report_timing -max_paths 10 -file ./report/enhanced_correlator_timing_paths_synth.rpt
| Design       : bd_0_wrapper
| Device       : 7z020-clg484
| Speed File   : -1  PRODUCTION 1.12 2019-11-22
| Design State : Synthesized
---------------------------------------------------------------------------------------------------------------------------------------------

Timing Report

Slack (MET) :             1.724ns  (required time - arrival time)
  Source:                 bd_0_wrapper/bd_0/bd_0_hls_inst_0/bd_0_hls_inst_0_enhanced_correlator/bd_0_hls_inst_0_enhanced_correlator_fadd_32ns_32ns_32_5_full_dsp_1__xdcDup__1/bd_0_hls_inst_0_enhanced_correlator_fadd_32ns_32ns_32_5_full_dsp_1_ip/<hidden>/<hidden>/<hidden>/<hidden>/<hidden>/<hidden>/<hidden>
                            (rising edge-triggered cell FDRE clocked by ap_clk  {rise@0.000ns fall@5.000ns period=10.000ns})
  Destination:            bd_0_wrapper/bd_0/bd_0_hls_inst_0/bd_0_hls_inst_0_enhanced_correlator/bd_0_hls_inst_0_enhanced_correlator_fadd_32ns_32ns_32_5_full_dsp_1__xdcDup__1/bd_0_hls_inst_0_enhanced_correlator_fadd_32ns_32ns_32_5_full_dsp_1_ip/<hidden>/<hidden>/<hidden>/<hidden>/<hidden>/<hidden>
                            (rising edge-triggered cell DSP48E1 clocked by ap_clk  {rise@0.000ns fall@5.000ns period=10.000ns})
  Path Group:             ap_clk
  Path Type:              Setup (Max at Slow Process Corner)
  Requirement:            10.000ns  (ap_clk rise@10.000ns - ap_clk rise@0.000ns)
  Data Path Delay:        2.635ns  (logic 0.813ns (30.857%)  route 1.822ns (69.143%))
  Logic Levels:           1  (LUT6=1)
  Clock Path Skew:        -0.049ns (DCD - SCD + CPR)
    Destination Clock Delay (DCD):    0.924ns = ( 10.924 - 10.000 ) 
    Source Clock Delay      (SCD):    0.973ns
    Clock Pessimism Removal (CPR):    0.000ns
  Clock Uncertainty:      0.035ns  ((TSJ^2 + TIJ^2)^1/2 + DJ) / 2 + PE
    Total System Jitter     (TSJ):    0.071ns
    Total Input Jitter      (TIJ):    0.000ns
    Discrete Jitter          (DJ):    0.000ns
    Phase Error              (PE):    0.000ns

    Location             Delay type                Incr(ns)  Path(ns)    Netlist Resource(s)
  -------------------------------------------------------------------    -------------------
                         (clock ap_clk rise edge)     0.000     0.000 r  
                                                      0.000     0.000 r  ap_clk (IN)
                         net (fo=9628, unset)         0.973     0.973    bd_0_wrapper/bd_0/bd_0_hls_inst_0/bd_0_hls_inst_0_enhanced_correlator/bd_0_hls_inst_0_enhanced_correlator_fadd_32ns_32ns_32_5_full_dsp_1__xdcDup__1/bd_0_hls_inst_0_enhanced_correlator_fadd_32ns_32ns_32_5_full_dsp_1_ip/<hidden>/<hidden>/<hidden>/<hidden>/<hidden>/<hidden>/<hidden>
                         FDRE                                         r  bd_0_wrapper/bd_0/bd_0_hls_inst_0/bd_0_hls_inst_0_enhanced_correlator/bd_0_hls_inst_0_enhanced_correlator_fadd_32ns_32ns_32_5_full_dsp_1__xdcDup__1/bd_0_hls_inst_0_enhanced_correlator_fadd_32ns_32ns_32_5_full_dsp_1_ip/<hidden>/<hidden>/<hidden>/<hidden>/<hidden>/<hidden>/<hidden>
  -------------------------------------------------------------------    -------------------
                         FDRE (Prop_fdre_C_Q)         0.518     1.491 r  bd_0_wrapper/bd_0/bd_0_hls_inst_0/bd_0_hls_inst_0_enhanced_correlator/bd_0_hls_inst_0_enhanced_correlator_fadd_32ns_32ns_32_5_full_dsp_1__xdcDup__1/bd_0_hls_inst_0_enhanced_correlator_fadd_32ns_32ns_32_5_full_dsp_1_ip/<hidden>/<hidden>/<hidden>/<hidden>/<hidden>/<hidden>/<hidden>
                         net (fo=18, unplaced)        1.022     2.513    bd_0_wrapper/bd_0/bd_0_hls_inst_0/bd_0_hls_inst_0_enhanced_correlator/bd_0_hls_inst_0_enhanced_correlator_fadd_32ns_32ns_32_5_full_dsp_1__xdcDup__1/bd_0_hls_inst_0_enhanced_correlator_fadd_32ns_32ns_32_5_full_dsp_1_ip/<hidden>/<hidden>/<hidden>/<hidden>/<hidden>/<hidden>/<hidden>
                         LUT6 (Prop_lut6_I0_O)        0.295     2.808 r  bd_0_wrapper/bd_0/bd_0_hls_inst_0/bd_0_hls_inst_0_enhanced_correlator/bd_0_hls_inst_0_enhanced_correlator_fadd_32ns_32ns_32_5_full_dsp_1__xdcDup__1/bd_0_hls_inst_0_enhanced_correlator_fadd_32ns_32ns_32_5_full_dsp_1_ip/<hidden>/<hidden>/<hidden>/<hidden>/<hidden>/<hidden>/<hidden>
                         net (fo=2, unplaced)         0.800     3.608    bd_0_wrapper/bd_0/bd_0_hls_inst_0/bd_0_hls_inst_0_enhanced_correlator/bd_0_hls_inst_0_enhanced_correlator_fadd_32ns_32ns_32_5_full_dsp_1__xdcDup__1/bd_0_hls_inst_0_enhanced_correlator_fadd_32ns_32ns_32_5_full_dsp_1_ip/<hidden>/<hidden>/<hidden>/<hidden>/<hidden>/<hidden>
                         DSP48E1                                      r  bd_0_wrapper/bd_0/bd_0_hls_inst_0/bd_0_hls_inst_0_enhanced_correlator/bd_0_hls_inst_0_enhanced_correlator_fadd_32ns_32ns_32_5_full_dsp_1__xdcDup__1/bd_0_hls_inst_0_enhanced_correlator_fadd_32ns_32ns_32_5_full_dsp_1_ip/<hidden>/<hidden>/<hidden>/<hidden>/<hidden>/<hidden>
  -------------------------------------------------------------------    -------------------

                         (clock ap_clk rise edge)    10.000    10.000 r  
                                                      0.000    10.000 r  ap_clk (IN)
                         net (fo=9628, unset)         0.924    10.924    bd_0_wrapper/bd_0/bd_0_hls_inst_0/bd_0_hls_inst_0_enhanced_correlator/bd_0_hls_inst_0_enhanced_correlator_fadd_32ns_32ns_32_5_full_dsp_1__xdcDup__1/bd_0_hls_inst_0_enhanced_correlator_fadd_32ns_32ns_32_5_full_dsp_1_ip/<hidden>/<hidden>/<hidden>/<hidden>/<hidden>/<hidden>
                         DSP48E1                                      r  bd_0_wrapper/bd_0/bd_0_hls_inst_0/bd_0_hls_inst_0_enhanced_correlator/bd_0_hls_inst_0_enhanced_correlator_fadd_32ns_32ns_32_5_full_dsp_1__xdcDup__1/bd_0_hls_inst_0_enhanced_correlator_fadd_32ns_32ns_32_5_full_dsp_1_ip/<hidden>/<hidden>/<hidden>/<hidden>/<hidden>/<hidden>
                         clock pessimism              0.000    10.924    
                         clock uncertainty           -0.035    10.889    
                         DSP48E1 (Setup_dsp48e1_CLK_INMODE[1])
                                                     -5.557     5.332    bd_0_wrapper/bd_0/bd_0_hls_inst_0/bd_0_hls_inst_0_enhanced_correlator/bd_0_hls_inst_0_enhanced_correlator_fadd_32ns_32ns_32_5_full_dsp_1__xdcDup__1/bd_0_hls_inst_0_enhanced_correlator_fadd_32ns_32ns_32_5_full_dsp_1_ip/<hidden>/<hidden>/<hidden>/<hidden>/<hidden>/<hidden>
  -------------------------------------------------------------------
                         required time                          5.332    
                         arrival time                          -3.608    
  -------------------------------------------------------------------
                         slack                                  1.724    

Slack (MET) :             1.724ns  (required time - arrival time)
  Source:                 bd_0_wrapper/bd_0/bd_0_hls_inst_0/bd_0_hls_inst_0_enhanced_correlator/bd_0_hls_inst_0_enhanced_correlator_fadd_32ns_32ns_32_5_full_dsp_1__xdcDup__1/bd_0_hls_inst_0_enhanced_correlator_fadd_32ns_32ns_32_5_full_dsp_1_ip/<hidden>/<hidden>/<hidden>/<hidden>/<hidden>/<hidden>/<hidden>
                            (rising edge-triggered cell FDRE clocked by ap_clk  {rise@0.000ns fall@5.000ns period=10.000ns})
  Destination:            bd_0_wrapper/bd_0/bd_0_hls_inst_0/bd_0_hls_inst_0_enhanced_correlator/bd_0_hls_inst_0_enhanced_correlator_fadd_32ns_32ns_32_5_full_dsp_1__xdcDup__1/bd_0_hls_inst_0_enhanced_correlator_fadd_32ns_32ns_32_5_full_dsp_1_ip/<hidden>/<hidden>/<hidden>/<hidden>/<hidden>/<hidden>
                            (rising edge-triggered cell DSP48E1 clocked by ap_clk  {rise@0.000ns fall@5.000ns period=10.000ns})
  Path Group:             ap_clk
  Path Type:              Setup (Max at Slow Process Corner)
  Requirement:            10.000ns  (ap_clk rise@10.000ns - ap_clk rise@0.000ns)
  Data Path Delay:        2.635ns  (logic 0.813ns (30.857%)  route 1.822ns (69.143%))
  Logic Levels:           1  (LUT6=1)
  Clock Path Skew:        -0.049ns (DCD - SCD + CPR)
    Destination Clock Delay (DCD):    0.924ns = ( 10.924 - 10.000 ) 
    Source Clock Delay      (SCD):    0.973ns
    Clock Pessimism Removal (CPR):    0.000ns
  Clock Uncertainty:      0.035ns  ((TSJ^2 + TIJ^2)^1/2 + DJ) / 2 + PE
    Total System Jitter     (TSJ):    0.071ns
    Total Input Jitter      (TIJ):    0.000ns
    Discrete Jitter          (DJ):    0.000ns
    Phase Error              (PE):    0.000ns

    Location             Delay type                Incr(ns)  Path(ns)    Netlist Resource(s)
  -------------------------------------------------------------------    -------------------
                         (clock ap_clk rise edge)     0.000     0.000 r  
                                                      0.000     0.000 r  ap_clk (IN)
                         net (fo=9628, unset)         0.973     0.973    bd_0_wrapper/bd_0/bd_0_hls_inst_0/bd_0_hls_inst_0_enhanced_correlator/bd_0_hls_inst_0_enhanced_correlator_fadd_32ns_32ns_32_5_full_dsp_1__xdcDup__1/bd_0_hls_inst_0_enhanced_correlator_fadd_32ns_32ns_32_5_full_dsp_1_ip/<hidden>/<hidden>/<hidden>/<hidden>/<hidden>/<hidden>/<hidden>
                         FDRE                                         r  bd_0_wrapper/bd_0/bd_0_hls_inst_0/bd_0_hls_inst_0_enhanced_correlator/bd_0_hls_inst_0_enhanced_correlator_fadd_32ns_32ns_32_5_full_dsp_1__xdcDup__1/bd_0_hls_inst_0_enhanced_correlator_fadd_32ns_32ns_32_5_full_dsp_1_ip/<hidden>/<hidden>/<hidden>/<hidden>/<hidden>/<hidden>/<hidden>
  -------------------------------------------------------------------    -------------------
                         FDRE (Prop_fdre_C_Q)         0.518     1.491 r  bd_0_wrapper/bd_0/bd_0_hls_inst_0/bd_0_hls_inst_0_enhanced_correlator/bd_0_hls_inst_0_enhanced_correlator_fadd_32ns_32ns_32_5_full_dsp_1__xdcDup__1/bd_0_hls_inst_0_enhanced_correlator_fadd_32ns_32ns_32_5_full_dsp_1_ip/<hidden>/<hidden>/<hidden>/<hidden>/<hidden>/<hidden>/<hidden>
                         net (fo=18, unplaced)        1.022     2.513    bd_0_wrapper/bd_0/bd_0_hls_inst_0/bd_0_hls_inst_0_enhanced_correlator/bd_0_hls_inst_0_enhanced_correlator_fadd_32ns_32ns_32_5_full_dsp_1__xdcDup__1/bd_0_hls_inst_0_enhanced_correlator_fadd_32ns_32ns_32_5_full_dsp_1_ip/<hidden>/<hidden>/<hidden>/<hidden>/<hidden>/<hidden>/<hidden>
                         LUT6 (Prop_lut6_I0_O)        0.295     2.808 r  bd_0_wrapper/bd_0/bd_0_hls_inst_0/bd_0_hls_inst_0_enhanced_correlator/bd_0_hls_inst_0_enhanced_correlator_fadd_32ns_32ns_32_5_full_dsp_1__xdcDup__1/bd_0_hls_inst_0_enhanced_correlator_fadd_32ns_32ns_32_5_full_dsp_1_ip/<hidden>/<hidden>/<hidden>/<hidden>/<hidden>/<hidden>/<hidden>
                         net (fo=2, unplaced)         0.800     3.608    bd_0_wrapper/bd_0/bd_0_hls_inst_0/bd_0_hls_inst_0_enhanced_correlator/bd_0_hls_inst_0_enhanced_correlator_fadd_32ns_32ns_32_5_full_dsp_1__xdcDup__1/bd_0_hls_inst_0_enhanced_correlator_fadd_32ns_32ns_32_5_full_dsp_1_ip/<hidden>/<hidden>/<hidden>/<hidden>/<hidden>/<hidden>
                         DSP48E1                                      r  bd_0_wrapper/bd_0/bd_0_hls_inst_0/bd_0_hls_inst_0_enhanced_correlator/bd_0_hls_inst_0_enhanced_correlator_fadd_32ns_32ns_32_5_full_dsp_1__xdcDup__1/bd_0_hls_inst_0_enhanced_correlator_fadd_32ns_32ns_32_5_full_dsp_1_ip/<hidden>/<hidden>/<hidden>/<hidden>/<hidden>/<hidden>
  -------------------------------------------------------------------    -------------------

                         (clock ap_clk rise edge)    10.000    10.000 r  
                                                      0.000    10.000 r  ap_clk (IN)
                         net (fo=9628, unset)         0.924    10.924    bd_0_wrapper/bd_0/bd_0_hls_inst_0/bd_0_hls_inst_0_enhanced_correlator/bd_0_hls_inst_0_enhanced_correlator_fadd_32ns_32ns_32_5_full_dsp_1__xdcDup__1/bd_0_hls_inst_0_enhanced_correlator_fadd_32ns_32ns_32_5_full_dsp_1_ip/<hidden>/<hidden>/<hidden>/<hidden>/<hidden>/<hidden>
                         DSP48E1                                      r  bd_0_wrapper/bd_0/bd_0_hls_inst_0/bd_0_hls_inst_0_enhanced_correlator/bd_0_hls_inst_0_enhanced_correlator_fadd_32ns_32ns_32_5_full_dsp_1__xdcDup__1/bd_0_hls_inst_0_enhanced_correlator_fadd_32ns_32ns_32_5_full_dsp_1_ip/<hidden>/<hidden>/<hidden>/<hidden>/<hidden>/<hidden>
                         clock pessimism              0.000    10.924    
                         clock uncertainty           -0.035    10.889    
                         DSP48E1 (Setup_dsp48e1_CLK_INMODE[2])
                                                     -5.557     5.332    bd_0_wrapper/bd_0/bd_0_hls_inst_0/bd_0_hls_inst_0_enhanced_correlator/bd_0_hls_inst_0_enhanced_correlator_fadd_32ns_32ns_32_5_full_dsp_1__xdcDup__1/bd_0_hls_inst_0_enhanced_correlator_fadd_32ns_32ns_32_5_full_dsp_1_ip/<hidden>/<hidden>/<hidden>/<hidden>/<hidden>/<hidden>
  -------------------------------------------------------------------
                         required time                          5.332    
                         arrival time                          -3.608    
  -------------------------------------------------------------------
                         slack                                  1.724    

Slack (MET) :             1.724ns  (required time - arrival time)
  Source:                 bd_0_wrapper/bd_0/bd_0_hls_inst_0/bd_0_hls_inst_0_enhanced_correlator/bd_0_hls_inst_0_enhanced_correlator_fadd_32ns_32ns_32_5_full_dsp_1/bd_0_hls_inst_0_enhanced_correlator_fadd_32ns_32ns_32_5_full_dsp_1_ip__2/<hidden>/<hidden>/<hidden>/<hidden>/<hidden>/<hidden>/<hidden>
                            (rising edge-triggered cell FDRE clocked by ap_clk  {rise@0.000ns fall@5.000ns period=10.000ns})
  Destination:            bd_0_wrapper/bd_0/bd_0_hls_inst_0/bd_0_hls_inst_0_enhanced_correlator/bd_0_hls_inst_0_enhanced_correlator_fadd_32ns_32ns_32_5_full_dsp_1/bd_0_hls_inst_0_enhanced_correlator_fadd_32ns_32ns_32_5_full_dsp_1_ip__2/<hidden>/<hidden>/<hidden>/<hidden>/<hidden>/<hidden>
                            (rising edge-triggered cell DSP48E1 clocked by ap_clk  {rise@0.000ns fall@5.000ns period=10.000ns})
  Path Group:             ap_clk
  Path Type:              Setup (Max at Slow Process Corner)
  Requirement:            10.000ns  (ap_clk rise@10.000ns - ap_clk rise@0.000ns)
  Data Path Delay:        2.635ns  (logic 0.813ns (30.857%)  route 1.822ns (69.143%))
  Logic Levels:           1  (LUT6=1)
  Clock Path Skew:        -0.049ns (DCD - SCD + CPR)
    Destination Clock Delay (DCD):    0.924ns = ( 10.924 - 10.000 ) 
    Source Clock Delay      (SCD):    0.973ns
    Clock Pessimism Removal (CPR):    0.000ns
  Clock Uncertainty:      0.035ns  ((TSJ^2 + TIJ^2)^1/2 + DJ) / 2 + PE
    Total System Jitter     (TSJ):    0.071ns
    Total Input Jitter      (TIJ):    0.000ns
    Discrete Jitter          (DJ):    0.000ns
    Phase Error              (PE):    0.000ns

    Location             Delay type                Incr(ns)  Path(ns)    Netlist Resource(s)
  -------------------------------------------------------------------    -------------------
                         (clock ap_clk rise edge)     0.000     0.000 r  
                                                      0.000     0.000 r  ap_clk (IN)
                         net (fo=9628, unset)         0.973     0.973    bd_0_wrapper/bd_0/bd_0_hls_inst_0/bd_0_hls_inst_0_enhanced_correlator/bd_0_hls_inst_0_enhanced_correlator_fadd_32ns_32ns_32_5_full_dsp_1/bd_0_hls_inst_0_enhanced_correlator_fadd_32ns_32ns_32_5_full_dsp_1_ip__2/<hidden>/<hidden>/<hidden>/<hidden>/<hidden>/<hidden>/<hidden>
                         FDRE                                         r  bd_0_wrapper/bd_0/bd_0_hls_inst_0/bd_0_hls_inst_0_enhanced_correlator/bd_0_hls_inst_0_enhanced_correlator_fadd_32ns_32ns_32_5_full_dsp_1/bd_0_hls_inst_0_enhanced_correlator_fadd_32ns_32ns_32_5_full_dsp_1_ip__2/<hidden>/<hidden>/<hidden>/<hidden>/<hidden>/<hidden>/<hidden>
  -------------------------------------------------------------------    -------------------
                         FDRE (Prop_fdre_C_Q)         0.518     1.491 r  bd_0_wrapper/bd_0/bd_0_hls_inst_0/bd_0_hls_inst_0_enhanced_correlator/bd_0_hls_inst_0_enhanced_correlator_fadd_32ns_32ns_32_5_full_dsp_1/bd_0_hls_inst_0_enhanced_correlator_fadd_32ns_32ns_32_5_full_dsp_1_ip__2/<hidden>/<hidden>/<hidden>/<hidden>/<hidden>/<hidden>/<hidden>
                         net (fo=18, unplaced)        1.022     2.513    bd_0_wrapper/bd_0/bd_0_hls_inst_0/bd_0_hls_inst_0_enhanced_correlator/bd_0_hls_inst_0_enhanced_correlator_fadd_32ns_32ns_32_5_full_dsp_1/bd_0_hls_inst_0_enhanced_correlator_fadd_32ns_32ns_32_5_full_dsp_1_ip__2/<hidden>/<hidden>/<hidden>/<hidden>/<hidden>/<hidden>/<hidden>
                         LUT6 (Prop_lut6_I0_O)        0.295     2.808 r  bd_0_wrapper/bd_0/bd_0_hls_inst_0/bd_0_hls_inst_0_enhanced_correlator/bd_0_hls_inst_0_enhanced_correlator_fadd_32ns_32ns_32_5_full_dsp_1/bd_0_hls_inst_0_enhanced_correlator_fadd_32ns_32ns_32_5_full_dsp_1_ip__2/<hidden>/<hidden>/<hidden>/<hidden>/<hidden>/<hidden>/<hidden>
                         net (fo=2, unplaced)         0.800     3.608    bd_0_wrapper/bd_0/bd_0_hls_inst_0/bd_0_hls_inst_0_enhanced_correlator/bd_0_hls_inst_0_enhanced_correlator_fadd_32ns_32ns_32_5_full_dsp_1/bd_0_hls_inst_0_enhanced_correlator_fadd_32ns_32ns_32_5_full_dsp_1_ip__2/<hidden>/<hidden>/<hidden>/<hidden>/<hidden>/<hidden>
                         DSP48E1                                      r  bd_0_wrapper/bd_0/bd_0_hls_inst_0/bd_0_hls_inst_0_enhanced_correlator/bd_0_hls_inst_0_enhanced_correlator_fadd_32ns_32ns_32_5_full_dsp_1/bd_0_hls_inst_0_enhanced_correlator_fadd_32ns_32ns_32_5_full_dsp_1_ip__2/<hidden>/<hidden>/<hidden>/<hidden>/<hidden>/<hidden>
  -------------------------------------------------------------------    -------------------

                         (clock ap_clk rise edge)    10.000    10.000 r  
                                                      0.000    10.000 r  ap_clk (IN)
                         net (fo=9628, unset)         0.924    10.924    bd_0_wrapper/bd_0/bd_0_hls_inst_0/bd_0_hls_inst_0_enhanced_correlator/bd_0_hls_inst_0_enhanced_correlator_fadd_32ns_32ns_32_5_full_dsp_1/bd_0_hls_inst_0_enhanced_correlator_fadd_32ns_32ns_32_5_full_dsp_1_ip__2/<hidden>/<hidden>/<hidden>/<hidden>/<hidden>/<hidden>
                         DSP48E1                                      r  bd_0_wrapper/bd_0/bd_0_hls_inst_0/bd_0_hls_inst_0_enhanced_correlator/bd_0_hls_inst_0_enhanced_correlator_fadd_32ns_32ns_32_5_full_dsp_1/bd_0_hls_inst_0_enhanced_correlator_fadd_32ns_32ns_32_5_full_dsp_1_ip__2/<hidden>/<hidden>/<hidden>/<hidden>/<hidden>/<hidden>
                         clock pessimism              0.000    10.924    
                         clock uncertainty           -0.035    10.889    
                         DSP48E1 (Setup_dsp48e1_CLK_INMODE[1])
                                                     -5.557     5.332    bd_0_wrapper/bd_0/bd_0_hls_inst_0/bd_0_hls_inst_0_enhanced_correlator/bd_0_hls_inst_0_enhanced_correlator_fadd_32ns_32ns_32_5_full_dsp_1/bd_0_hls_inst_0_enhanced_correlator_fadd_32ns_32ns_32_5_full_dsp_1_ip__2/<hidden>/<hidden>/<hidden>/<hidden>/<hidden>/<hidden>
  -------------------------------------------------------------------
                         required time                          5.332    
                         arrival time                          -3.608    
  -------------------------------------------------------------------
                         slack                                  1.724    

Slack (MET) :             1.724ns  (required time - arrival time)
  Source:                 bd_0_wrapper/bd_0/bd_0_hls_inst_0/bd_0_hls_inst_0_enhanced_correlator/bd_0_hls_inst_0_enhanced_correlator_fadd_32ns_32ns_32_5_full_dsp_1/bd_0_hls_inst_0_enhanced_correlator_fadd_32ns_32ns_32_5_full_dsp_1_ip__2/<hidden>/<hidden>/<hidden>/<hidden>/<hidden>/<hidden>/<hidden>
                            (rising edge-triggered cell FDRE clocked by ap_clk  {rise@0.000ns fall@5.000ns period=10.000ns})
  Destination:            bd_0_wrapper/bd_0/bd_0_hls_inst_0/bd_0_hls_inst_0_enhanced_correlator/bd_0_hls_inst_0_enhanced_correlator_fadd_32ns_32ns_32_5_full_dsp_1/bd_0_hls_inst_0_enhanced_correlator_fadd_32ns_32ns_32_5_full_dsp_1_ip__2/<hidden>/<hidden>/<hidden>/<hidden>/<hidden>/<hidden>
                            (rising edge-triggered cell DSP48E1 clocked by ap_clk  {rise@0.000ns fall@5.000ns period=10.000ns})
  Path Group:             ap_clk
  Path Type:              Setup (Max at Slow Process Corner)
  Requirement:            10.000ns  (ap_clk rise@10.000ns - ap_clk rise@0.000ns)
  Data Path Delay:        2.635ns  (logic 0.813ns (30.857%)  route 1.822ns (69.143%))
  Logic Levels:           1  (LUT6=1)
  Clock Path Skew:        -0.049ns (DCD - SCD + CPR)
    Destination Clock Delay (DCD):    0.924ns = ( 10.924 - 10.000 ) 
    Source Clock Delay      (SCD):    0.973ns
    Clock Pessimism Removal (CPR):    0.000ns
  Clock Uncertainty:      0.035ns  ((TSJ^2 + TIJ^2)^1/2 + DJ) / 2 + PE
    Total System Jitter     (TSJ):    0.071ns
    Total Input Jitter      (TIJ):    0.000ns
    Discrete Jitter          (DJ):    0.000ns
    Phase Error              (PE):    0.000ns

    Location             Delay type                Incr(ns)  Path(ns)    Netlist Resource(s)
  -------------------------------------------------------------------    -------------------
                         (clock ap_clk rise edge)     0.000     0.000 r  
                                                      0.000     0.000 r  ap_clk (IN)
                         net (fo=9628, unset)         0.973     0.973    bd_0_wrapper/bd_0/bd_0_hls_inst_0/bd_0_hls_inst_0_enhanced_correlator/bd_0_hls_inst_0_enhanced_correlator_fadd_32ns_32ns_32_5_full_dsp_1/bd_0_hls_inst_0_enhanced_correlator_fadd_32ns_32ns_32_5_full_dsp_1_ip__2/<hidden>/<hidden>/<hidden>/<hidden>/<hidden>/<hidden>/<hidden>
                         FDRE                                         r  bd_0_wrapper/bd_0/bd_0_hls_inst_0/bd_0_hls_inst_0_enhanced_correlator/bd_0_hls_inst_0_enhanced_correlator_fadd_32ns_32ns_32_5_full_dsp_1/bd_0_hls_inst_0_enhanced_correlator_fadd_32ns_32ns_32_5_full_dsp_1_ip__2/<hidden>/<hidden>/<hidden>/<hidden>/<hidden>/<hidden>/<hidden>
  -------------------------------------------------------------------    -------------------
                         FDRE (Prop_fdre_C_Q)         0.518     1.491 r  bd_0_wrapper/bd_0/bd_0_hls_inst_0/bd_0_hls_inst_0_enhanced_correlator/bd_0_hls_inst_0_enhanced_correlator_fadd_32ns_32ns_32_5_full_dsp_1/bd_0_hls_inst_0_enhanced_correlator_fadd_32ns_32ns_32_5_full_dsp_1_ip__2/<hidden>/<hidden>/<hidden>/<hidden>/<hidden>/<hidden>/<hidden>
                         net (fo=18, unplaced)        1.022     2.513    bd_0_wrapper/bd_0/bd_0_hls_inst_0/bd_0_hls_inst_0_enhanced_correlator/bd_0_hls_inst_0_enhanced_correlator_fadd_32ns_32ns_32_5_full_dsp_1/bd_0_hls_inst_0_enhanced_correlator_fadd_32ns_32ns_32_5_full_dsp_1_ip__2/<hidden>/<hidden>/<hidden>/<hidden>/<hidden>/<hidden>/<hidden>
                         LUT6 (Prop_lut6_I0_O)        0.295     2.808 r  bd_0_wrapper/bd_0/bd_0_hls_inst_0/bd_0_hls_inst_0_enhanced_correlator/bd_0_hls_inst_0_enhanced_correlator_fadd_32ns_32ns_32_5_full_dsp_1/bd_0_hls_inst_0_enhanced_correlator_fadd_32ns_32ns_32_5_full_dsp_1_ip__2/<hidden>/<hidden>/<hidden>/<hidden>/<hidden>/<hidden>/<hidden>
                         net (fo=2, unplaced)         0.800     3.608    bd_0_wrapper/bd_0/bd_0_hls_inst_0/bd_0_hls_inst_0_enhanced_correlator/bd_0_hls_inst_0_enhanced_correlator_fadd_32ns_32ns_32_5_full_dsp_1/bd_0_hls_inst_0_enhanced_correlator_fadd_32ns_32ns_32_5_full_dsp_1_ip__2/<hidden>/<hidden>/<hidden>/<hidden>/<hidden>/<hidden>
                         DSP48E1                                      r  bd_0_wrapper/bd_0/bd_0_hls_inst_0/bd_0_hls_inst_0_enhanced_correlator/bd_0_hls_inst_0_enhanced_correlator_fadd_32ns_32ns_32_5_full_dsp_1/bd_0_hls_inst_0_enhanced_correlator_fadd_32ns_32ns_32_5_full_dsp_1_ip__2/<hidden>/<hidden>/<hidden>/<hidden>/<hidden>/<hidden>
  -------------------------------------------------------------------    -------------------

                         (clock ap_clk rise edge)    10.000    10.000 r  
                                                      0.000    10.000 r  ap_clk (IN)
                         net (fo=9628, unset)         0.924    10.924    bd_0_wrapper/bd_0/bd_0_hls_inst_0/bd_0_hls_inst_0_enhanced_correlator/bd_0_hls_inst_0_enhanced_correlator_fadd_32ns_32ns_32_5_full_dsp_1/bd_0_hls_inst_0_enhanced_correlator_fadd_32ns_32ns_32_5_full_dsp_1_ip__2/<hidden>/<hidden>/<hidden>/<hidden>/<hidden>/<hidden>
                         DSP48E1                                      r  bd_0_wrapper/bd_0/bd_0_hls_inst_0/bd_0_hls_inst_0_enhanced_correlator/bd_0_hls_inst_0_enhanced_correlator_fadd_32ns_32ns_32_5_full_dsp_1/bd_0_hls_inst_0_enhanced_correlator_fadd_32ns_32ns_32_5_full_dsp_1_ip__2/<hidden>/<hidden>/<hidden>/<hidden>/<hidden>/<hidden>
                         clock pessimism              0.000    10.924    
                         clock uncertainty           -0.035    10.889    
                         DSP48E1 (Setup_dsp48e1_CLK_INMODE[2])
                                                     -5.557     5.332    bd_0_wrapper/bd_0/bd_0_hls_inst_0/bd_0_hls_inst_0_enhanced_correlator/bd_0_hls_inst_0_enhanced_correlator_fadd_32ns_32ns_32_5_full_dsp_1/bd_0_hls_inst_0_enhanced_correlator_fadd_32ns_32ns_32_5_full_dsp_1_ip__2/<hidden>/<hidden>/<hidden>/<hidden>/<hidden>/<hidden>
  -------------------------------------------------------------------
                         required time                          5.332    
                         arrival time                          -3.608    
  -------------------------------------------------------------------
                         slack                                  1.724    

Slack (MET) :             1.724ns  (required time - arrival time)
  Source:                 bd_0_wrapper/bd_0/bd_0_hls_inst_0/bd_0_hls_inst_0_enhanced_correlator/bd_0_hls_inst_0_enhanced_correlator_faddfsub_32ns_32ns_32_5_full_dsp_1/bd_0_hls_inst_0_enhanced_correlator_faddfsub_32ns_32ns_32_5_full_dsp_1_ip/<hidden>/<hidden>/<hidden>/<hidden>/<hidden>/<hidden>/<hidden>
                            (rising edge-triggered cell FDRE clocked by ap_clk  {rise@0.000ns fall@5.000ns period=10.000ns})
  Destination:            bd_0_wrapper/bd_0/bd_0_hls_inst_0/bd_0_hls_inst_0_enhanced_correlator/bd_0_hls_inst_0_enhanced_correlator_faddfsub_32ns_32ns_32_5_full_dsp_1/bd_0_hls_inst_0_enhanced_correlator_faddfsub_32ns_32ns_32_5_full_dsp_1_ip/<hidden>/<hidden>/<hidden>/<hidden>/<hidden>/<hidden>
                            (rising edge-triggered cell DSP48E1 clocked by ap_clk  {rise@0.000ns fall@5.000ns period=10.000ns})
  Path Group:             ap_clk
  Path Type:              Setup (Max at Slow Process Corner)
  Requirement:            10.000ns  (ap_clk rise@10.000ns - ap_clk rise@0.000ns)
  Data Path Delay:        2.635ns  (logic 0.813ns (30.857%)  route 1.822ns (69.143%))
  Logic Levels:           1  (LUT6=1)
  Clock Path Skew:        -0.049ns (DCD - SCD + CPR)
    Destination Clock Delay (DCD):    0.924ns = ( 10.924 - 10.000 ) 
    Source Clock Delay      (SCD):    0.973ns
    Clock Pessimism Removal (CPR):    0.000ns
  Clock Uncertainty:      0.035ns  ((TSJ^2 + TIJ^2)^1/2 + DJ) / 2 + PE
    Total System Jitter     (TSJ):    0.071ns
    Total Input Jitter      (TIJ):    0.000ns
    Discrete Jitter          (DJ):    0.000ns
    Phase Error              (PE):    0.000ns

    Location             Delay type                Incr(ns)  Path(ns)    Netlist Resource(s)
  -------------------------------------------------------------------    -------------------
                         (clock ap_clk rise edge)     0.000     0.000 r  
                                                      0.000     0.000 r  ap_clk (IN)
                         net (fo=9628, unset)         0.973     0.973    bd_0_wrapper/bd_0/bd_0_hls_inst_0/bd_0_hls_inst_0_enhanced_correlator/bd_0_hls_inst_0_enhanced_correlator_faddfsub_32ns_32ns_32_5_full_dsp_1/bd_0_hls_inst_0_enhanced_correlator_faddfsub_32ns_32ns_32_5_full_dsp_1_ip/<hidden>/<hidden>/<hidden>/<hidden>/<hidden>/<hidden>/<hidden>
                         FDRE                                         r  bd_0_wrapper/bd_0/bd_0_hls_inst_0/bd_0_hls_inst_0_enhanced_correlator/bd_0_hls_inst_0_enhanced_correlator_faddfsub_32ns_32ns_32_5_full_dsp_1/bd_0_hls_inst_0_enhanced_correlator_faddfsub_32ns_32ns_32_5_full_dsp_1_ip/<hidden>/<hidden>/<hidden>/<hidden>/<hidden>/<hidden>/<hidden>
  -------------------------------------------------------------------    -------------------
                         FDRE (Prop_fdre_C_Q)         0.518     1.491 r  bd_0_wrapper/bd_0/bd_0_hls_inst_0/bd_0_hls_inst_0_enhanced_correlator/bd_0_hls_inst_0_enhanced_correlator_faddfsub_32ns_32ns_32_5_full_dsp_1/bd_0_hls_inst_0_enhanced_correlator_faddfsub_32ns_32ns_32_5_full_dsp_1_ip/<hidden>/<hidden>/<hidden>/<hidden>/<hidden>/<hidden>/<hidden>
                         net (fo=18, unplaced)        1.022     2.513    bd_0_wrapper/bd_0/bd_0_hls_inst_0/bd_0_hls_inst_0_enhanced_correlator/bd_0_hls_inst_0_enhanced_correlator_faddfsub_32ns_32ns_32_5_full_dsp_1/bd_0_hls_inst_0_enhanced_correlator_faddfsub_32ns_32ns_32_5_full_dsp_1_ip/<hidden>/<hidden>/<hidden>/<hidden>/<hidden>/<hidden>/<hidden>
                         LUT6 (Prop_lut6_I0_O)        0.295     2.808 r  bd_0_wrapper/bd_0/bd_0_hls_inst_0/bd_0_hls_inst_0_enhanced_correlator/bd_0_hls_inst_0_enhanced_correlator_faddfsub_32ns_32ns_32_5_full_dsp_1/bd_0_hls_inst_0_enhanced_correlator_faddfsub_32ns_32ns_32_5_full_dsp_1_ip/<hidden>/<hidden>/<hidden>/<hidden>/<hidden>/<hidden>/<hidden>
                         net (fo=2, unplaced)         0.800     3.608    bd_0_wrapper/bd_0/bd_0_hls_inst_0/bd_0_hls_inst_0_enhanced_correlator/bd_0_hls_inst_0_enhanced_correlator_faddfsub_32ns_32ns_32_5_full_dsp_1/bd_0_hls_inst_0_enhanced_correlator_faddfsub_32ns_32ns_32_5_full_dsp_1_ip/<hidden>/<hidden>/<hidden>/<hidden>/<hidden>/<hidden>
                         DSP48E1                                      r  bd_0_wrapper/bd_0/bd_0_hls_inst_0/bd_0_hls_inst_0_enhanced_correlator/bd_0_hls_inst_0_enhanced_correlator_faddfsub_32ns_32ns_32_5_full_dsp_1/bd_0_hls_inst_0_enhanced_correlator_faddfsub_32ns_32ns_32_5_full_dsp_1_ip/<hidden>/<hidden>/<hidden>/<hidden>/<hidden>/<hidden>
  -------------------------------------------------------------------    -------------------

                         (clock ap_clk rise edge)    10.000    10.000 r  
                                                      0.000    10.000 r  ap_clk (IN)
                         net (fo=9628, unset)         0.924    10.924    bd_0_wrapper/bd_0/bd_0_hls_inst_0/bd_0_hls_inst_0_enhanced_correlator/bd_0_hls_inst_0_enhanced_correlator_faddfsub_32ns_32ns_32_5_full_dsp_1/bd_0_hls_inst_0_enhanced_correlator_faddfsub_32ns_32ns_32_5_full_dsp_1_ip/<hidden>/<hidden>/<hidden>/<hidden>/<hidden>/<hidden>
                         DSP48E1                                      r  bd_0_wrapper/bd_0/bd_0_hls_inst_0/bd_0_hls_inst_0_enhanced_correlator/bd_0_hls_inst_0_enhanced_correlator_faddfsub_32ns_32ns_32_5_full_dsp_1/bd_0_hls_inst_0_enhanced_correlator_faddfsub_32ns_32ns_32_5_full_dsp_1_ip/<hidden>/<hidden>/<hidden>/<hidden>/<hidden>/<hidden>
                         clock pessimism              0.000    10.924    
                         clock uncertainty           -0.035    10.889    
                         DSP48E1 (Setup_dsp48e1_CLK_INMODE[1])
                                                     -5.557     5.332    bd_0_wrapper/bd_0/bd_0_hls_inst_0/bd_0_hls_inst_0_enhanced_correlator/bd_0_hls_inst_0_enhanced_correlator_faddfsub_32ns_32ns_32_5_full_dsp_1/bd_0_hls_inst_0_enhanced_correlator_faddfsub_32ns_32ns_32_5_full_dsp_1_ip/<hidden>/<hidden>/<hidden>/<hidden>/<hidden>/<hidden>
  -------------------------------------------------------------------
                         required time                          5.332    
                         arrival time                          -3.608    
  -------------------------------------------------------------------
                         slack                                  1.724    

Slack (MET) :             1.724ns  (required time - arrival time)
  Source:                 bd_0_wrapper/bd_0/bd_0_hls_inst_0/bd_0_hls_inst_0_enhanced_correlator/bd_0_hls_inst_0_enhanced_correlator_faddfsub_32ns_32ns_32_5_full_dsp_1/bd_0_hls_inst_0_enhanced_correlator_faddfsub_32ns_32ns_32_5_full_dsp_1_ip/<hidden>/<hidden>/<hidden>/<hidden>/<hidden>/<hidden>/<hidden>
                            (rising edge-triggered cell FDRE clocked by ap_clk  {rise@0.000ns fall@5.000ns period=10.000ns})
  Destination:            bd_0_wrapper/bd_0/bd_0_hls_inst_0/bd_0_hls_inst_0_enhanced_correlator/bd_0_hls_inst_0_enhanced_correlator_faddfsub_32ns_32ns_32_5_full_dsp_1/bd_0_hls_inst_0_enhanced_correlator_faddfsub_32ns_32ns_32_5_full_dsp_1_ip/<hidden>/<hidden>/<hidden>/<hidden>/<hidden>/<hidden>
                            (rising edge-triggered cell DSP48E1 clocked by ap_clk  {rise@0.000ns fall@5.000ns period=10.000ns})
  Path Group:             ap_clk
  Path Type:              Setup (Max at Slow Process Corner)
  Requirement:            10.000ns  (ap_clk rise@10.000ns - ap_clk rise@0.000ns)
  Data Path Delay:        2.635ns  (logic 0.813ns (30.857%)  route 1.822ns (69.143%))
  Logic Levels:           1  (LUT6=1)
  Clock Path Skew:        -0.049ns (DCD - SCD + CPR)
    Destination Clock Delay (DCD):    0.924ns = ( 10.924 - 10.000 ) 
    Source Clock Delay      (SCD):    0.973ns
    Clock Pessimism Removal (CPR):    0.000ns
  Clock Uncertainty:      0.035ns  ((TSJ^2 + TIJ^2)^1/2 + DJ) / 2 + PE
    Total System Jitter     (TSJ):    0.071ns
    Total Input Jitter      (TIJ):    0.000ns
    Discrete Jitter          (DJ):    0.000ns
    Phase Error              (PE):    0.000ns

    Location             Delay type                Incr(ns)  Path(ns)    Netlist Resource(s)
  -------------------------------------------------------------------    -------------------
                         (clock ap_clk rise edge)     0.000     0.000 r  
                                                      0.000     0.000 r  ap_clk (IN)
                         net (fo=9628, unset)         0.973     0.973    bd_0_wrapper/bd_0/bd_0_hls_inst_0/bd_0_hls_inst_0_enhanced_correlator/bd_0_hls_inst_0_enhanced_correlator_faddfsub_32ns_32ns_32_5_full_dsp_1/bd_0_hls_inst_0_enhanced_correlator_faddfsub_32ns_32ns_32_5_full_dsp_1_ip/<hidden>/<hidden>/<hidden>/<hidden>/<hidden>/<hidden>/<hidden>
                         FDRE                                         r  bd_0_wrapper/bd_0/bd_0_hls_inst_0/bd_0_hls_inst_0_enhanced_correlator/bd_0_hls_inst_0_enhanced_correlator_faddfsub_32ns_32ns_32_5_full_dsp_1/bd_0_hls_inst_0_enhanced_correlator_faddfsub_32ns_32ns_32_5_full_dsp_1_ip/<hidden>/<hidden>/<hidden>/<hidden>/<hidden>/<hidden>/<hidden>
  -------------------------------------------------------------------    -------------------
                         FDRE (Prop_fdre_C_Q)         0.518     1.491 r  bd_0_wrapper/bd_0/bd_0_hls_inst_0/bd_0_hls_inst_0_enhanced_correlator/bd_0_hls_inst_0_enhanced_correlator_faddfsub_32ns_32ns_32_5_full_dsp_1/bd_0_hls_inst_0_enhanced_correlator_faddfsub_32ns_32ns_32_5_full_dsp_1_ip/<hidden>/<hidden>/<hidden>/<hidden>/<hidden>/<hidden>/<hidden>
                         net (fo=18, unplaced)        1.022     2.513    bd_0_wrapper/bd_0/bd_0_hls_inst_0/bd_0_hls_inst_0_enhanced_correlator/bd_0_hls_inst_0_enhanced_correlator_faddfsub_32ns_32ns_32_5_full_dsp_1/bd_0_hls_inst_0_enhanced_correlator_faddfsub_32ns_32ns_32_5_full_dsp_1_ip/<hidden>/<hidden>/<hidden>/<hidden>/<hidden>/<hidden>/<hidden>
                         LUT6 (Prop_lut6_I0_O)        0.295     2.808 r  bd_0_wrapper/bd_0/bd_0_hls_inst_0/bd_0_hls_inst_0_enhanced_correlator/bd_0_hls_inst_0_enhanced_correlator_faddfsub_32ns_32ns_32_5_full_dsp_1/bd_0_hls_inst_0_enhanced_correlator_faddfsub_32ns_32ns_32_5_full_dsp_1_ip/<hidden>/<hidden>/<hidden>/<hidden>/<hidden>/<hidden>/<hidden>
                         net (fo=2, unplaced)         0.800     3.608    bd_0_wrapper/bd_0/bd_0_hls_inst_0/bd_0_hls_inst_0_enhanced_correlator/bd_0_hls_inst_0_enhanced_correlator_faddfsub_32ns_32ns_32_5_full_dsp_1/bd_0_hls_inst_0_enhanced_correlator_faddfsub_32ns_32ns_32_5_full_dsp_1_ip/<hidden>/<hidden>/<hidden>/<hidden>/<hidden>/<hidden>
                         DSP48E1                                      r  bd_0_wrapper/bd_0/bd_0_hls_inst_0/bd_0_hls_inst_0_enhanced_correlator/bd_0_hls_inst_0_enhanced_correlator_faddfsub_32ns_32ns_32_5_full_dsp_1/bd_0_hls_inst_0_enhanced_correlator_faddfsub_32ns_32ns_32_5_full_dsp_1_ip/<hidden>/<hidden>/<hidden>/<hidden>/<hidden>/<hidden>
  -------------------------------------------------------------------    -------------------

                         (clock ap_clk rise edge)    10.000    10.000 r  
                                                      0.000    10.000 r  ap_clk (IN)
                         net (fo=9628, unset)         0.924    10.924    bd_0_wrapper/bd_0/bd_0_hls_inst_0/bd_0_hls_inst_0_enhanced_correlator/bd_0_hls_inst_0_enhanced_correlator_faddfsub_32ns_32ns_32_5_full_dsp_1/bd_0_hls_inst_0_enhanced_correlator_faddfsub_32ns_32ns_32_5_full_dsp_1_ip/<hidden>/<hidden>/<hidden>/<hidden>/<hidden>/<hidden>
                         DSP48E1                                      r  bd_0_wrapper/bd_0/bd_0_hls_inst_0/bd_0_hls_inst_0_enhanced_correlator/bd_0_hls_inst_0_enhanced_correlator_faddfsub_32ns_32ns_32_5_full_dsp_1/bd_0_hls_inst_0_enhanced_correlator_faddfsub_32ns_32ns_32_5_full_dsp_1_ip/<hidden>/<hidden>/<hidden>/<hidden>/<hidden>/<hidden>
                         clock pessimism              0.000    10.924    
                         clock uncertainty           -0.035    10.889    
                         DSP48E1 (Setup_dsp48e1_CLK_INMODE[2])
                                                     -5.557     5.332    bd_0_wrapper/bd_0/bd_0_hls_inst_0/bd_0_hls_inst_0_enhanced_correlator/bd_0_hls_inst_0_enhanced_correlator_faddfsub_32ns_32ns_32_5_full_dsp_1/bd_0_hls_inst_0_enhanced_correlator_faddfsub_32ns_32ns_32_5_full_dsp_1_ip/<hidden>/<hidden>/<hidden>/<hidden>/<hidden>/<hidden>
  -------------------------------------------------------------------
                         required time                          5.332    
                         arrival time                          -3.608    
  -------------------------------------------------------------------
                         slack                                  1.724    

Slack (MET) :             2.070ns  (required time - arrival time)
  Source:                 bd_0_wrapper/bd_0/bd_0_hls_inst_0/bd_0_hls_inst_0_enhanced_correlator/bd_0_hls_inst_0_enhanced_correlator_fadd_32ns_32ns_32_5_full_dsp_1__xdcDup__1/bd_0_hls_inst_0_enhanced_correlator_fadd_32ns_32ns_32_5_full_dsp_1_ip/<hidden>/<hidden>/<hidden>/<hidden>/<hidden>/<hidden>
                            (rising edge-triggered cell FDRE clocked by ap_clk  {rise@0.000ns fall@5.000ns period=10.000ns})
  Destination:            bd_0_wrapper/bd_0/bd_0_hls_inst_0/bd_0_hls_inst_0_enhanced_correlator/bd_0_hls_inst_0_enhanced_correlator_fadd_32ns_32ns_32_5_full_dsp_1__xdcDup__1/bd_0_hls_inst_0_enhanced_correlator_fadd_32ns_32ns_32_5_full_dsp_1_ip/<hidden>/<hidden>/<hidden>/<hidden>/<hidden>/<hidden>
                            (rising edge-triggered cell DSP48E1 clocked by ap_clk  {rise@0.000ns fall@5.000ns period=10.000ns})
  Path Group:             ap_clk
  Path Type:              Setup (Max at Slow Process Corner)
  Requirement:            10.000ns  (ap_clk rise@10.000ns - ap_clk rise@0.000ns)
  Data Path Delay:        2.372ns  (logic 0.813ns (34.279%)  route 1.559ns (65.721%))
  Logic Levels:           1  (LUT3=1)
  Clock Path Skew:        -0.049ns (DCD - SCD + CPR)
    Destination Clock Delay (DCD):    0.924ns = ( 10.924 - 10.000 ) 
    Source Clock Delay      (SCD):    0.973ns
    Clock Pessimism Removal (CPR):    0.000ns
  Clock Uncertainty:      0.035ns  ((TSJ^2 + TIJ^2)^1/2 + DJ) / 2 + PE
    Total System Jitter     (TSJ):    0.071ns
    Total Input Jitter      (TIJ):    0.000ns
    Discrete Jitter          (DJ):    0.000ns
    Phase Error              (PE):    0.000ns

    Location             Delay type                Incr(ns)  Path(ns)    Netlist Resource(s)
  -------------------------------------------------------------------    -------------------
                         (clock ap_clk rise edge)     0.000     0.000 r  
                                                      0.000     0.000 r  ap_clk (IN)
                         net (fo=9628, unset)         0.973     0.973    bd_0_wrapper/bd_0/bd_0_hls_inst_0/bd_0_hls_inst_0_enhanced_correlator/bd_0_hls_inst_0_enhanced_correlator_fadd_32ns_32ns_32_5_full_dsp_1__xdcDup__1/bd_0_hls_inst_0_enhanced_correlator_fadd_32ns_32ns_32_5_full_dsp_1_ip/<hidden>/<hidden>/<hidden>/<hidden>/<hidden>/<hidden>
                         FDRE                                         r  bd_0_wrapper/bd_0/bd_0_hls_inst_0/bd_0_hls_inst_0_enhanced_correlator/bd_0_hls_inst_0_enhanced_correlator_fadd_32ns_32ns_32_5_full_dsp_1__xdcDup__1/bd_0_hls_inst_0_enhanced_correlator_fadd_32ns_32ns_32_5_full_dsp_1_ip/<hidden>/<hidden>/<hidden>/<hidden>/<hidden>/<hidden>
  -------------------------------------------------------------------    -------------------
                         FDRE (Prop_fdre_C_Q)         0.518     1.491 r  bd_0_wrapper/bd_0/bd_0_hls_inst_0/bd_0_hls_inst_0_enhanced_correlator/bd_0_hls_inst_0_enhanced_correlator_fadd_32ns_32ns_32_5_full_dsp_1__xdcDup__1/bd_0_hls_inst_0_enhanced_correlator_fadd_32ns_32ns_32_5_full_dsp_1_ip/<hidden>/<hidden>/<hidden>/<hidden>/<hidden>/<hidden>
                         net (fo=3, unplaced)         0.759     2.250    bd_0_wrapper/bd_0/bd_0_hls_inst_0/bd_0_hls_inst_0_enhanced_correlator/bd_0_hls_inst_0_enhanced_correlator_fadd_32ns_32ns_32_5_full_dsp_1__xdcDup__1/bd_0_hls_inst_0_enhanced_correlator_fadd_32ns_32ns_32_5_full_dsp_1_ip/<hidden>/<hidden>/<hidden>/<hidden>/<hidden>/<hidden>
                         LUT3 (Prop_lut3_I0_O)        0.295     2.545 r  bd_0_wrapper/bd_0/bd_0_hls_inst_0/bd_0_hls_inst_0_enhanced_correlator/bd_0_hls_inst_0_enhanced_correlator_fadd_32ns_32ns_32_5_full_dsp_1__xdcDup__1/bd_0_hls_inst_0_enhanced_correlator_fadd_32ns_32ns_32_5_full_dsp_1_ip/<hidden>/<hidden>/<hidden>/<hidden>/<hidden>/<hidden>
                         net (fo=1, unplaced)         0.800     3.345    bd_0_wrapper/bd_0/bd_0_hls_inst_0/bd_0_hls_inst_0_enhanced_correlator/bd_0_hls_inst_0_enhanced_correlator_fadd_32ns_32ns_32_5_full_dsp_1__xdcDup__1/bd_0_hls_inst_0_enhanced_correlator_fadd_32ns_32ns_32_5_full_dsp_1_ip/<hidden>/<hidden>/<hidden>/<hidden>/<hidden>/<hidden>
                         DSP48E1                                      r  bd_0_wrapper/bd_0/bd_0_hls_inst_0/bd_0_hls_inst_0_enhanced_correlator/bd_0_hls_inst_0_enhanced_correlator_fadd_32ns_32ns_32_5_full_dsp_1__xdcDup__1/bd_0_hls_inst_0_enhanced_correlator_fadd_32ns_32ns_32_5_full_dsp_1_ip/<hidden>/<hidden>/<hidden>/<hidden>/<hidden>/<hidden>
  -------------------------------------------------------------------    -------------------

                         (clock ap_clk rise edge)    10.000    10.000 r  
                                                      0.000    10.000 r  ap_clk (IN)
                         net (fo=9628, unset)         0.924    10.924    bd_0_wrapper/bd_0/bd_0_hls_inst_0/bd_0_hls_inst_0_enhanced_correlator/bd_0_hls_inst_0_enhanced_correlator_fadd_32ns_32ns_32_5_full_dsp_1__xdcDup__1/bd_0_hls_inst_0_enhanced_correlator_fadd_32ns_32ns_32_5_full_dsp_1_ip/<hidden>/<hidden>/<hidden>/<hidden>/<hidden>/<hidden>
                         DSP48E1                                      r  bd_0_wrapper/bd_0/bd_0_hls_inst_0/bd_0_hls_inst_0_enhanced_correlator/bd_0_hls_inst_0_enhanced_correlator_fadd_32ns_32ns_32_5_full_dsp_1__xdcDup__1/bd_0_hls_inst_0_enhanced_correlator_fadd_32ns_32ns_32_5_full_dsp_1_ip/<hidden>/<hidden>/<hidden>/<hidden>/<hidden>/<hidden>
                         clock pessimism              0.000    10.924    
                         clock uncertainty           -0.035    10.889    
                         DSP48E1 (Setup_dsp48e1_CLK_A[0])
                                                     -5.474     5.415    bd_0_wrapper/bd_0/bd_0_hls_inst_0/bd_0_hls_inst_0_enhanced_correlator/bd_0_hls_inst_0_enhanced_correlator_fadd_32ns_32ns_32_5_full_dsp_1__xdcDup__1/bd_0_hls_inst_0_enhanced_correlator_fadd_32ns_32ns_32_5_full_dsp_1_ip/<hidden>/<hidden>/<hidden>/<hidden>/<hidden>/<hidden>
  -------------------------------------------------------------------
                         required time                          5.415    
                         arrival time                          -3.345    
  -------------------------------------------------------------------
                         slack                                  2.070    

Slack (MET) :             2.070ns  (required time - arrival time)
  Source:                 bd_0_wrapper/bd_0/bd_0_hls_inst_0/bd_0_hls_inst_0_enhanced_correlator/bd_0_hls_inst_0_enhanced_correlator_fadd_32ns_32ns_32_5_full_dsp_1__xdcDup__1/bd_0_hls_inst_0_enhanced_correlator_fadd_32ns_32ns_32_5_full_dsp_1_ip/<hidden>/<hidden>/<hidden>/<hidden>/<hidden>/<hidden>
                            (rising edge-triggered cell FDRE clocked by ap_clk  {rise@0.000ns fall@5.000ns period=10.000ns})
  Destination:            bd_0_wrapper/bd_0/bd_0_hls_inst_0/bd_0_hls_inst_0_enhanced_correlator/bd_0_hls_inst_0_enhanced_correlator_fadd_32ns_32ns_32_5_full_dsp_1__xdcDup__1/bd_0_hls_inst_0_enhanced_correlator_fadd_32ns_32ns_32_5_full_dsp_1_ip/<hidden>/<hidden>/<hidden>/<hidden>/<hidden>/<hidden>
                            (rising edge-triggered cell DSP48E1 clocked by ap_clk  {rise@0.000ns fall@5.000ns period=10.000ns})
  Path Group:             ap_clk
  Path Type:              Setup (Max at Slow Process Corner)
  Requirement:            10.000ns  (ap_clk rise@10.000ns - ap_clk rise@0.000ns)
  Data Path Delay:        2.372ns  (logic 0.813ns (34.279%)  route 1.559ns (65.721%))
  Logic Levels:           1  (LUT3=1)
  Clock Path Skew:        -0.049ns (DCD - SCD + CPR)
    Destination Clock Delay (DCD):    0.924ns = ( 10.924 - 10.000 ) 
    Source Clock Delay      (SCD):    0.973ns
    Clock Pessimism Removal (CPR):    0.000ns
  Clock Uncertainty:      0.035ns  ((TSJ^2 + TIJ^2)^1/2 + DJ) / 2 + PE
    Total System Jitter     (TSJ):    0.071ns
    Total Input Jitter      (TIJ):    0.000ns
    Discrete Jitter          (DJ):    0.000ns
    Phase Error              (PE):    0.000ns

    Location             Delay type                Incr(ns)  Path(ns)    Netlist Resource(s)
  -------------------------------------------------------------------    -------------------
                         (clock ap_clk rise edge)     0.000     0.000 r  
                                                      0.000     0.000 r  ap_clk (IN)
                         net (fo=9628, unset)         0.973     0.973    bd_0_wrapper/bd_0/bd_0_hls_inst_0/bd_0_hls_inst_0_enhanced_correlator/bd_0_hls_inst_0_enhanced_correlator_fadd_32ns_32ns_32_5_full_dsp_1__xdcDup__1/bd_0_hls_inst_0_enhanced_correlator_fadd_32ns_32ns_32_5_full_dsp_1_ip/<hidden>/<hidden>/<hidden>/<hidden>/<hidden>/<hidden>
                         FDRE                                         r  bd_0_wrapper/bd_0/bd_0_hls_inst_0/bd_0_hls_inst_0_enhanced_correlator/bd_0_hls_inst_0_enhanced_correlator_fadd_32ns_32ns_32_5_full_dsp_1__xdcDup__1/bd_0_hls_inst_0_enhanced_correlator_fadd_32ns_32ns_32_5_full_dsp_1_ip/<hidden>/<hidden>/<hidden>/<hidden>/<hidden>/<hidden>
  -------------------------------------------------------------------    -------------------
                         FDRE (Prop_fdre_C_Q)         0.518     1.491 r  bd_0_wrapper/bd_0/bd_0_hls_inst_0/bd_0_hls_inst_0_enhanced_correlator/bd_0_hls_inst_0_enhanced_correlator_fadd_32ns_32ns_32_5_full_dsp_1__xdcDup__1/bd_0_hls_inst_0_enhanced_correlator_fadd_32ns_32ns_32_5_full_dsp_1_ip/<hidden>/<hidden>/<hidden>/<hidden>/<hidden>/<hidden>
                         net (fo=3, unplaced)         0.759     2.250    bd_0_wrapper/bd_0/bd_0_hls_inst_0/bd_0_hls_inst_0_enhanced_correlator/bd_0_hls_inst_0_enhanced_correlator_fadd_32ns_32ns_32_5_full_dsp_1__xdcDup__1/bd_0_hls_inst_0_enhanced_correlator_fadd_32ns_32ns_32_5_full_dsp_1_ip/<hidden>/<hidden>/<hidden>/<hidden>/<hidden>/<hidden>
                         LUT3 (Prop_lut3_I0_O)        0.295     2.545 r  bd_0_wrapper/bd_0/bd_0_hls_inst_0/bd_0_hls_inst_0_enhanced_correlator/bd_0_hls_inst_0_enhanced_correlator_fadd_32ns_32ns_32_5_full_dsp_1__xdcDup__1/bd_0_hls_inst_0_enhanced_correlator_fadd_32ns_32ns_32_5_full_dsp_1_ip/<hidden>/<hidden>/<hidden>/<hidden>/<hidden>/<hidden>
                         net (fo=1, unplaced)         0.800     3.345    bd_0_wrapper/bd_0/bd_0_hls_inst_0/bd_0_hls_inst_0_enhanced_correlator/bd_0_hls_inst_0_enhanced_correlator_fadd_32ns_32ns_32_5_full_dsp_1__xdcDup__1/bd_0_hls_inst_0_enhanced_correlator_fadd_32ns_32ns_32_5_full_dsp_1_ip/<hidden>/<hidden>/<hidden>/<hidden>/<hidden>/<hidden>
                         DSP48E1                                      r  bd_0_wrapper/bd_0/bd_0_hls_inst_0/bd_0_hls_inst_0_enhanced_correlator/bd_0_hls_inst_0_enhanced_correlator_fadd_32ns_32ns_32_5_full_dsp_1__xdcDup__1/bd_0_hls_inst_0_enhanced_correlator_fadd_32ns_32ns_32_5_full_dsp_1_ip/<hidden>/<hidden>/<hidden>/<hidden>/<hidden>/<hidden>
  -------------------------------------------------------------------    -------------------

                         (clock ap_clk rise edge)    10.000    10.000 r  
                                                      0.000    10.000 r  ap_clk (IN)
                         net (fo=9628, unset)         0.924    10.924    bd_0_wrapper/bd_0/bd_0_hls_inst_0/bd_0_hls_inst_0_enhanced_correlator/bd_0_hls_inst_0_enhanced_correlator_fadd_32ns_32ns_32_5_full_dsp_1__xdcDup__1/bd_0_hls_inst_0_enhanced_correlator_fadd_32ns_32ns_32_5_full_dsp_1_ip/<hidden>/<hidden>/<hidden>/<hidden>/<hidden>/<hidden>
                         DSP48E1                                      r  bd_0_wrapper/bd_0/bd_0_hls_inst_0/bd_0_hls_inst_0_enhanced_correlator/bd_0_hls_inst_0_enhanced_correlator_fadd_32ns_32ns_32_5_full_dsp_1__xdcDup__1/bd_0_hls_inst_0_enhanced_correlator_fadd_32ns_32ns_32_5_full_dsp_1_ip/<hidden>/<hidden>/<hidden>/<hidden>/<hidden>/<hidden>
                         clock pessimism              0.000    10.924    
                         clock uncertainty           -0.035    10.889    
                         DSP48E1 (Setup_dsp48e1_CLK_A[10])
                                                     -5.474     5.415    bd_0_wrapper/bd_0/bd_0_hls_inst_0/bd_0_hls_inst_0_enhanced_correlator/bd_0_hls_inst_0_enhanced_correlator_fadd_32ns_32ns_32_5_full_dsp_1__xdcDup__1/bd_0_hls_inst_0_enhanced_correlator_fadd_32ns_32ns_32_5_full_dsp_1_ip/<hidden>/<hidden>/<hidden>/<hidden>/<hidden>/<hidden>
  -------------------------------------------------------------------
                         required time                          5.415    
                         arrival time                          -3.345    
  -------------------------------------------------------------------
                         slack                                  2.070    

Slack (MET) :             2.070ns  (required time - arrival time)
  Source:                 bd_0_wrapper/bd_0/bd_0_hls_inst_0/bd_0_hls_inst_0_enhanced_correlator/bd_0_hls_inst_0_enhanced_correlator_fadd_32ns_32ns_32_5_full_dsp_1__xdcDup__1/bd_0_hls_inst_0_enhanced_correlator_fadd_32ns_32ns_32_5_full_dsp_1_ip/<hidden>/<hidden>/<hidden>/<hidden>/<hidden>/<hidden>
                            (rising edge-triggered cell FDRE clocked by ap_clk  {rise@0.000ns fall@5.000ns period=10.000ns})
  Destination:            bd_0_wrapper/bd_0/bd_0_hls_inst_0/bd_0_hls_inst_0_enhanced_correlator/bd_0_hls_inst_0_enhanced_correlator_fadd_32ns_32ns_32_5_full_dsp_1__xdcDup__1/bd_0_hls_inst_0_enhanced_correlator_fadd_32ns_32ns_32_5_full_dsp_1_ip/<hidden>/<hidden>/<hidden>/<hidden>/<hidden>/<hidden>
                            (rising edge-triggered cell DSP48E1 clocked by ap_clk  {rise@0.000ns fall@5.000ns period=10.000ns})
  Path Group:             ap_clk
  Path Type:              Setup (Max at Slow Process Corner)
  Requirement:            10.000ns  (ap_clk rise@10.000ns - ap_clk rise@0.000ns)
  Data Path Delay:        2.372ns  (logic 0.813ns (34.279%)  route 1.559ns (65.721%))
  Logic Levels:           1  (LUT3=1)
  Clock Path Skew:        -0.049ns (DCD - SCD + CPR)
    Destination Clock Delay (DCD):    0.924ns = ( 10.924 - 10.000 ) 
    Source Clock Delay      (SCD):    0.973ns
    Clock Pessimism Removal (CPR):    0.000ns
  Clock Uncertainty:      0.035ns  ((TSJ^2 + TIJ^2)^1/2 + DJ) / 2 + PE
    Total System Jitter     (TSJ):    0.071ns
    Total Input Jitter      (TIJ):    0.000ns
    Discrete Jitter          (DJ):    0.000ns
    Phase Error              (PE):    0.000ns

    Location             Delay type                Incr(ns)  Path(ns)    Netlist Resource(s)
  -------------------------------------------------------------------    -------------------
                         (clock ap_clk rise edge)     0.000     0.000 r  
                                                      0.000     0.000 r  ap_clk (IN)
                         net (fo=9628, unset)         0.973     0.973    bd_0_wrapper/bd_0/bd_0_hls_inst_0/bd_0_hls_inst_0_enhanced_correlator/bd_0_hls_inst_0_enhanced_correlator_fadd_32ns_32ns_32_5_full_dsp_1__xdcDup__1/bd_0_hls_inst_0_enhanced_correlator_fadd_32ns_32ns_32_5_full_dsp_1_ip/<hidden>/<hidden>/<hidden>/<hidden>/<hidden>/<hidden>
                         FDRE                                         r  bd_0_wrapper/bd_0/bd_0_hls_inst_0/bd_0_hls_inst_0_enhanced_correlator/bd_0_hls_inst_0_enhanced_correlator_fadd_32ns_32ns_32_5_full_dsp_1__xdcDup__1/bd_0_hls_inst_0_enhanced_correlator_fadd_32ns_32ns_32_5_full_dsp_1_ip/<hidden>/<hidden>/<hidden>/<hidden>/<hidden>/<hidden>
  -------------------------------------------------------------------    -------------------
                         FDRE (Prop_fdre_C_Q)         0.518     1.491 r  bd_0_wrapper/bd_0/bd_0_hls_inst_0/bd_0_hls_inst_0_enhanced_correlator/bd_0_hls_inst_0_enhanced_correlator_fadd_32ns_32ns_32_5_full_dsp_1__xdcDup__1/bd_0_hls_inst_0_enhanced_correlator_fadd_32ns_32ns_32_5_full_dsp_1_ip/<hidden>/<hidden>/<hidden>/<hidden>/<hidden>/<hidden>
                         net (fo=3, unplaced)         0.759     2.250    bd_0_wrapper/bd_0/bd_0_hls_inst_0/bd_0_hls_inst_0_enhanced_correlator/bd_0_hls_inst_0_enhanced_correlator_fadd_32ns_32ns_32_5_full_dsp_1__xdcDup__1/bd_0_hls_inst_0_enhanced_correlator_fadd_32ns_32ns_32_5_full_dsp_1_ip/<hidden>/<hidden>/<hidden>/<hidden>/<hidden>/<hidden>
                         LUT3 (Prop_lut3_I0_O)        0.295     2.545 r  bd_0_wrapper/bd_0/bd_0_hls_inst_0/bd_0_hls_inst_0_enhanced_correlator/bd_0_hls_inst_0_enhanced_correlator_fadd_32ns_32ns_32_5_full_dsp_1__xdcDup__1/bd_0_hls_inst_0_enhanced_correlator_fadd_32ns_32ns_32_5_full_dsp_1_ip/<hidden>/<hidden>/<hidden>/<hidden>/<hidden>/<hidden>
                         net (fo=1, unplaced)         0.800     3.345    bd_0_wrapper/bd_0/bd_0_hls_inst_0/bd_0_hls_inst_0_enhanced_correlator/bd_0_hls_inst_0_enhanced_correlator_fadd_32ns_32ns_32_5_full_dsp_1__xdcDup__1/bd_0_hls_inst_0_enhanced_correlator_fadd_32ns_32ns_32_5_full_dsp_1_ip/<hidden>/<hidden>/<hidden>/<hidden>/<hidden>/<hidden>
                         DSP48E1                                      r  bd_0_wrapper/bd_0/bd_0_hls_inst_0/bd_0_hls_inst_0_enhanced_correlator/bd_0_hls_inst_0_enhanced_correlator_fadd_32ns_32ns_32_5_full_dsp_1__xdcDup__1/bd_0_hls_inst_0_enhanced_correlator_fadd_32ns_32ns_32_5_full_dsp_1_ip/<hidden>/<hidden>/<hidden>/<hidden>/<hidden>/<hidden>
  -------------------------------------------------------------------    -------------------

                         (clock ap_clk rise edge)    10.000    10.000 r  
                                                      0.000    10.000 r  ap_clk (IN)
                         net (fo=9628, unset)         0.924    10.924    bd_0_wrapper/bd_0/bd_0_hls_inst_0/bd_0_hls_inst_0_enhanced_correlator/bd_0_hls_inst_0_enhanced_correlator_fadd_32ns_32ns_32_5_full_dsp_1__xdcDup__1/bd_0_hls_inst_0_enhanced_correlator_fadd_32ns_32ns_32_5_full_dsp_1_ip/<hidden>/<hidden>/<hidden>/<hidden>/<hidden>/<hidden>
                         DSP48E1                                      r  bd_0_wrapper/bd_0/bd_0_hls_inst_0/bd_0_hls_inst_0_enhanced_correlator/bd_0_hls_inst_0_enhanced_correlator_fadd_32ns_32ns_32_5_full_dsp_1__xdcDup__1/bd_0_hls_inst_0_enhanced_correlator_fadd_32ns_32ns_32_5_full_dsp_1_ip/<hidden>/<hidden>/<hidden>/<hidden>/<hidden>/<hidden>
                         clock pessimism              0.000    10.924    
                         clock uncertainty           -0.035    10.889    
                         DSP48E1 (Setup_dsp48e1_CLK_A[11])
                                                     -5.474     5.415    bd_0_wrapper/bd_0/bd_0_hls_inst_0/bd_0_hls_inst_0_enhanced_correlator/bd_0_hls_inst_0_enhanced_correlator_fadd_32ns_32ns_32_5_full_dsp_1__xdcDup__1/bd_0_hls_inst_0_enhanced_correlator_fadd_32ns_32ns_32_5_full_dsp_1_ip/<hidden>/<hidden>/<hidden>/<hidden>/<hidden>/<hidden>
  -------------------------------------------------------------------
                         required time                          5.415    
                         arrival time                          -3.345    
  -------------------------------------------------------------------
                         slack                                  2.070    

Slack (MET) :             2.070ns  (required time - arrival time)
  Source:                 bd_0_wrapper/bd_0/bd_0_hls_inst_0/bd_0_hls_inst_0_enhanced_correlator/bd_0_hls_inst_0_enhanced_correlator_fadd_32ns_32ns_32_5_full_dsp_1__xdcDup__1/bd_0_hls_inst_0_enhanced_correlator_fadd_32ns_32ns_32_5_full_dsp_1_ip/<hidden>/<hidden>/<hidden>/<hidden>/<hidden>/<hidden>
                            (rising edge-triggered cell FDRE clocked by ap_clk  {rise@0.000ns fall@5.000ns period=10.000ns})
  Destination:            bd_0_wrapper/bd_0/bd_0_hls_inst_0/bd_0_hls_inst_0_enhanced_correlator/bd_0_hls_inst_0_enhanced_correlator_fadd_32ns_32ns_32_5_full_dsp_1__xdcDup__1/bd_0_hls_inst_0_enhanced_correlator_fadd_32ns_32ns_32_5_full_dsp_1_ip/<hidden>/<hidden>/<hidden>/<hidden>/<hidden>/<hidden>
                            (rising edge-triggered cell DSP48E1 clocked by ap_clk  {rise@0.000ns fall@5.000ns period=10.000ns})
  Path Group:             ap_clk
  Path Type:              Setup (Max at Slow Process Corner)
  Requirement:            10.000ns  (ap_clk rise@10.000ns - ap_clk rise@0.000ns)
  Data Path Delay:        2.372ns  (logic 0.813ns (34.279%)  route 1.559ns (65.721%))
  Logic Levels:           1  (LUT3=1)
  Clock Path Skew:        -0.049ns (DCD - SCD + CPR)
    Destination Clock Delay (DCD):    0.924ns = ( 10.924 - 10.000 ) 
    Source Clock Delay      (SCD):    0.973ns
    Clock Pessimism Removal (CPR):    0.000ns
  Clock Uncertainty:      0.035ns  ((TSJ^2 + TIJ^2)^1/2 + DJ) / 2 + PE
    Total System Jitter     (TSJ):    0.071ns
    Total Input Jitter      (TIJ):    0.000ns
    Discrete Jitter          (DJ):    0.000ns
    Phase Error              (PE):    0.000ns

    Location             Delay type                Incr(ns)  Path(ns)    Netlist Resource(s)
  -------------------------------------------------------------------    -------------------
                         (clock ap_clk rise edge)     0.000     0.000 r  
                                                      0.000     0.000 r  ap_clk (IN)
                         net (fo=9628, unset)         0.973     0.973    bd_0_wrapper/bd_0/bd_0_hls_inst_0/bd_0_hls_inst_0_enhanced_correlator/bd_0_hls_inst_0_enhanced_correlator_fadd_32ns_32ns_32_5_full_dsp_1__xdcDup__1/bd_0_hls_inst_0_enhanced_correlator_fadd_32ns_32ns_32_5_full_dsp_1_ip/<hidden>/<hidden>/<hidden>/<hidden>/<hidden>/<hidden>
                         FDRE                                         r  bd_0_wrapper/bd_0/bd_0_hls_inst_0/bd_0_hls_inst_0_enhanced_correlator/bd_0_hls_inst_0_enhanced_correlator_fadd_32ns_32ns_32_5_full_dsp_1__xdcDup__1/bd_0_hls_inst_0_enhanced_correlator_fadd_32ns_32ns_32_5_full_dsp_1_ip/<hidden>/<hidden>/<hidden>/<hidden>/<hidden>/<hidden>
  -------------------------------------------------------------------    -------------------
                         FDRE (Prop_fdre_C_Q)         0.518     1.491 r  bd_0_wrapper/bd_0/bd_0_hls_inst_0/bd_0_hls_inst_0_enhanced_correlator/bd_0_hls_inst_0_enhanced_correlator_fadd_32ns_32ns_32_5_full_dsp_1__xdcDup__1/bd_0_hls_inst_0_enhanced_correlator_fadd_32ns_32ns_32_5_full_dsp_1_ip/<hidden>/<hidden>/<hidden>/<hidden>/<hidden>/<hidden>
                         net (fo=3, unplaced)         0.759     2.250    bd_0_wrapper/bd_0/bd_0_hls_inst_0/bd_0_hls_inst_0_enhanced_correlator/bd_0_hls_inst_0_enhanced_correlator_fadd_32ns_32ns_32_5_full_dsp_1__xdcDup__1/bd_0_hls_inst_0_enhanced_correlator_fadd_32ns_32ns_32_5_full_dsp_1_ip/<hidden>/<hidden>/<hidden>/<hidden>/<hidden>/<hidden>
                         LUT3 (Prop_lut3_I0_O)        0.295     2.545 r  bd_0_wrapper/bd_0/bd_0_hls_inst_0/bd_0_hls_inst_0_enhanced_correlator/bd_0_hls_inst_0_enhanced_correlator_fadd_32ns_32ns_32_5_full_dsp_1__xdcDup__1/bd_0_hls_inst_0_enhanced_correlator_fadd_32ns_32ns_32_5_full_dsp_1_ip/<hidden>/<hidden>/<hidden>/<hidden>/<hidden>/<hidden>
                         net (fo=1, unplaced)         0.800     3.345    bd_0_wrapper/bd_0/bd_0_hls_inst_0/bd_0_hls_inst_0_enhanced_correlator/bd_0_hls_inst_0_enhanced_correlator_fadd_32ns_32ns_32_5_full_dsp_1__xdcDup__1/bd_0_hls_inst_0_enhanced_correlator_fadd_32ns_32ns_32_5_full_dsp_1_ip/<hidden>/<hidden>/<hidden>/<hidden>/<hidden>/<hidden>
                         DSP48E1                                      r  bd_0_wrapper/bd_0/bd_0_hls_inst_0/bd_0_hls_inst_0_enhanced_correlator/bd_0_hls_inst_0_enhanced_correlator_fadd_32ns_32ns_32_5_full_dsp_1__xdcDup__1/bd_0_hls_inst_0_enhanced_correlator_fadd_32ns_32ns_32_5_full_dsp_1_ip/<hidden>/<hidden>/<hidden>/<hidden>/<hidden>/<hidden>
  -------------------------------------------------------------------    -------------------

                         (clock ap_clk rise edge)    10.000    10.000 r  
                                                      0.000    10.000 r  ap_clk (IN)
                         net (fo=9628, unset)         0.924    10.924    bd_0_wrapper/bd_0/bd_0_hls_inst_0/bd_0_hls_inst_0_enhanced_correlator/bd_0_hls_inst_0_enhanced_correlator_fadd_32ns_32ns_32_5_full_dsp_1__xdcDup__1/bd_0_hls_inst_0_enhanced_correlator_fadd_32ns_32ns_32_5_full_dsp_1_ip/<hidden>/<hidden>/<hidden>/<hidden>/<hidden>/<hidden>
                         DSP48E1                                      r  bd_0_wrapper/bd_0/bd_0_hls_inst_0/bd_0_hls_inst_0_enhanced_correlator/bd_0_hls_inst_0_enhanced_correlator_fadd_32ns_32ns_32_5_full_dsp_1__xdcDup__1/bd_0_hls_inst_0_enhanced_correlator_fadd_32ns_32ns_32_5_full_dsp_1_ip/<hidden>/<hidden>/<hidden>/<hidden>/<hidden>/<hidden>
                         clock pessimism              0.000    10.924    
                         clock uncertainty           -0.035    10.889    
                         DSP48E1 (Setup_dsp48e1_CLK_A[12])
                                                     -5.474     5.415    bd_0_wrapper/bd_0/bd_0_hls_inst_0/bd_0_hls_inst_0_enhanced_correlator/bd_0_hls_inst_0_enhanced_correlator_fadd_32ns_32ns_32_5_full_dsp_1__xdcDup__1/bd_0_hls_inst_0_enhanced_correlator_fadd_32ns_32ns_32_5_full_dsp_1_ip/<hidden>/<hidden>/<hidden>/<hidden>/<hidden>/<hidden>
  -------------------------------------------------------------------
                         required time                          5.415    
                         arrival time                          -3.345    
  -------------------------------------------------------------------
                         slack                                  2.070    




