# ---------------------------------------------------------------------------
# Created on Sun Sep 20 21:57:54 IST 2026 with report_failfast (2023.09.14)
# ---------------------------------------------------------------------------

 +------+
 | DONT_TOUCH (Hierarchical Cells) |
 | 0 module(s) |
 +------+
 | Cell |
 +------+
 +------+
 +---------------------------------------------------------------------------------------------+
 | DONT_TOUCH (Leaf Cells)                                                                     |
 | 2 cell(s)                                                                                   |
 +---------------------------------------------------------------------------------------------+
 | Cell                                                                                        |
 +---------------------------------------------------------------------------------------------+
 | bd_0_i/hls_inst/inst/gmem0_m_axi_U/bus_read/rreq_burst_conv/burst_sequential/first_sect_reg |
 | bd_0_i/hls_inst/inst/gmem1_m_axi_U/bus_read/rreq_burst_conv/burst_sequential/first_sect_reg |
 +---------------------------------------------------------------------------------------------+
 +------------------------------------------------------------------------------------------------------------------------------------------------------------------------------------------------------------------+
 | DONT_TOUCH (Nets)                                                                                                                                                                                                |
 | 2 net(s)                                                                                                                                                                                                         |
 +-----------------------------------------------------------------------------------------+--------+---------------------+------------+----------------------------------------------------------------------------+
 | Net                                                                                     | Fanout | Slack               | Driver Pin | Load Pins                                                                  |
 +-----------------------------------------------------------------------------------------+--------+---------------------+------------+----------------------------------------------------------------------------+
 | bd_0_i/hls_inst/inst/gmem0_m_axi_U/bus_read/rreq_burst_conv/burst_sequential/first_sect | 106    | 6.07699224275393135 | FDRE/Q     | LUT2/I0 (10) LUT3/I0 (1) LUT3/I1 (72) LUT3/I2 (5) LUT5/I2 (8) LUT6/I3 (10) |
 | bd_0_i/hls_inst/inst/gmem1_m_axi_U/bus_read/rreq_burst_conv/burst_sequential/first_sect | 106    | 6.07699224275393135 | FDRE/Q     | LUT2/I0 (10) LUT3/I1 (73) LUT3/I2 (5) LUT5/I2 (8) LUT6/I3 (10)             |
 +-----------------------------------------------------------------------------------------+--------+---------------------+------------+----------------------------------------------------------------------------+
