

================================================================
== Vitis HLS Report for 'gnss_correlator'
================================================================
* Date:           Sat Sep 19 17:34:39 2026

* Version:        2025.2 (Build 6295257 on Nov 14 2025)
* Project:        gnss_correlator_hls
* Solution:       hls (Vivado IP Flow Target)
* Product family: zynq
* Target device:  xc7z020-clg484-1


================================================================
== Performance Estimates
================================================================
+ Timing: 
    * Summary: 
    +--------+----------+-----------+------------+
    |  Clock |  Target  | Estimated | Uncertainty|
    +--------+----------+-----------+------------+
    |ap_clk  |  10.00 ns|  24.166 ns|     2.70 ns|
    +--------+----------+-----------+------------+

+ Latency: 
    * Summary: 
    +---------+---------+----------+----------+-----+-----+-------------------------------------------------+
    |  Latency (cycles) |  Latency (absolute) |  Interval |                     Pipeline                    |
    |   min   |   max   |    min   |    max   | min | max |                       Type                      |
    +---------+---------+----------+----------+-----+-----+-------------------------------------------------+
    |        ?|        ?|         ?|         ?|   17|   17|  loop auto-rewind stp (delay=17 clock cycles(s))|
    +---------+---------+----------+----------+-----+-----+-------------------------------------------------+

    + Detail: 
        * Instance: 
        N/A

        * Loop: 
        +-------------------+---------+---------+----------+-----------+-----------+------+----------+
        |                   |  Latency (cycles) | Iteration|  Initiation Interval  | Trip |          |
        |     Loop Name     |   min   |   max   |  Latency |  achieved |   target  | Count| Pipelined|
        +-------------------+---------+---------+----------+-----------+-----------+------+----------+
        |- VITIS_LOOP_23_1  |        ?|        ?|        21|          2|          1|     ?|       yes|
        +-------------------+---------+---------+----------+-----------+-----------+------+----------+



================================================================
== Utilization Estimates
================================================================
* Summary: 
+-----------------+---------+-----+--------+-------+-----+
|       Name      | BRAM_18K| DSP |   FF   |  LUT  | URAM|
+-----------------+---------+-----+--------+-------+-----+
|DSP              |        -|    -|       -|      -|    -|
|Expression       |        -|    -|       0|    488|    -|
|FIFO             |        -|    -|       -|      -|    -|
|Instance         |        4|   10|    2470|   3515|    -|
|Memory           |        -|    -|       -|      -|    -|
|Multiplexer      |        -|    -|       0|    438|    -|
|Register         |        -|    -|     776|     64|    -|
+-----------------+---------+-----+--------+-------+-----+
|Total            |        4|   10|    3246|   4505|    0|
+-----------------+---------+-----+--------+-------+-----+
|Available        |      280|  220|  106400|  53200|    0|
+-----------------+---------+-----+--------+-------+-----+
|Utilization (%)  |        1|    4|       3|      8|    0|
+-----------------+---------+-----+--------+-------+-----+

+ Detail: 
    * Instance: 
    +---------------------------------------+------------------------------------+---------+----+-----+-----+-----+
    |                Instance               |               Module               | BRAM_18K| DSP|  FF | LUT | URAM|
    +---------------------------------------+------------------------------------+---------+----+-----+-----+-----+
    |control_r_s_axi_U                      |control_r_s_axi                     |        0|   0|  310|  552|    0|
    |control_s_axi_U                        |control_s_axi                       |        0|   0|  150|  232|    0|
    |fadd_32ns_32ns_32_2_full_dsp_1_U2      |fadd_32ns_32ns_32_2_full_dsp_1      |        0|   2|  177|  385|    0|
    |faddfsub_32ns_32ns_32_5_full_dsp_1_U1  |faddfsub_32ns_32ns_32_5_full_dsp_1  |        0|   2|  205|  390|    0|
    |fmul_32ns_32ns_32_4_max_dsp_1_U3       |fmul_32ns_32ns_32_4_max_dsp_1       |        0|   3|  143|  321|    0|
    |fmul_32ns_32ns_32_4_max_dsp_1_U4       |fmul_32ns_32ns_32_4_max_dsp_1       |        0|   3|  143|  321|    0|
    |gmem0_m_axi_U                          |gmem0_m_axi                         |        2|   0|  671|  657|    0|
    |gmem1_m_axi_U                          |gmem1_m_axi                         |        2|   0|  671|  657|    0|
    +---------------------------------------+------------------------------------+---------+----+-----+-----+-----+
    |Total                                  |                                    |        4|  10| 2470| 3515|    0|
    +---------------------------------------+------------------------------------+---------+----+-----+-----+-----+

    * DSP: 
    N/A

    * Memory: 
    N/A

    * FIFO: 
    N/A

    * Expression: 
    +----------------------------------------+----------+----+---+----+------------+------------+
    |              Variable Name             | Operation| DSP| FF| LUT| Bitwidth P0| Bitwidth P1|
    +----------------------------------------+----------+----+---+----+------------+------------+
    |add_ln23_fu_280_p2                      |         +|   0|  0|  38|          31|           1|
    |add_ln26_fu_290_p2                      |         +|   0|  0|  70|          63|          63|
    |add_ln27_fu_306_p2                      |         +|   0|  0|  70|          63|          63|
    |add_ln28_fu_322_p2                      |         +|   0|  0|  70|          63|          63|
    |add_ln29_fu_338_p2                      |         +|   0|  0|  70|          63|          63|
    |ap_block_pp0_stage0_00001_grp6          |       and|   0|  0|   2|           1|           1|
    |ap_block_pp0_stage0_11001_grp3          |       and|   0|  0|   2|           1|           1|
    |ap_block_pp0_stage0_11001_grp4          |       and|   0|  0|   2|           1|           1|
    |ap_block_pp0_stage1_00001_grp5          |       and|   0|  0|   2|           1|           1|
    |ap_block_pp0_stage1_11001_grp1          |       and|   0|  0|   2|           1|           1|
    |ap_block_pp0_stage1_11001_grp2          |       and|   0|  0|   2|           1|           1|
    |ap_block_state2_io_grp1                 |       and|   0|  0|   2|           1|           1|
    |ap_block_state2_io_grp2                 |       and|   0|  0|   2|           1|           1|
    |ap_condition_1051                       |       and|   0|  0|   2|           1|           1|
    |ap_condition_809                        |       and|   0|  0|   2|           1|           1|
    |icmp_ln23_1_fu_404_p2                   |      icmp|   0|  0|  39|          32|           1|
    |icmp_ln23_fu_274_p2                     |      icmp|   0|  0|  39|          32|          32|
    |ap_block_pp0_stage0_11001               |        or|   0|  0|   2|           1|           1|
    |ap_block_pp0_stage1_11001               |        or|   0|  0|   2|           1|           1|
    |ap_block_state10_pp0_stage1_iter4_grp5  |        or|   0|  0|   2|           1|           1|
    |corr_I                                  |    select|   0|  0|  32|           1|          32|
    |corr_Q                                  |    select|   0|  0|  32|           1|          32|
    |ap_enable_pp0                           |       xor|   0|  0|   2|           1|           2|
    +----------------------------------------+----------+----+---+----+------------+------------+
    |Total                                   |          |   0|  0| 488|         363|         365|
    +----------------------------------------+----------+----+---+----+------------+------------+

    * Multiplexer: 
    +--------------------------------------------------+----+-----------+-----+-----------+
    |                       Name                       | LUT| Input Size| Bits| Total Bits|
    +--------------------------------------------------+----+-----------+-----+-----------+
    |acc_I_fu_98                                       |   9|          2|   32|         64|
    |acc_Q_fu_102                                      |   9|          2|   32|         64|
    |ap_NS_fsm                                         |  14|          3|    1|          3|
    |ap_condition_exit_pp0_iter0_stage1_pp0_iter1_reg  |   9|          2|    1|          2|
    |ap_condition_exit_pp0_iter0_stage1_pp0_iter2_reg  |   9|          2|    1|          2|
    |ap_condition_exit_pp0_iter0_stage1_pp0_iter3_reg  |   9|          2|    1|          2|
    |ap_condition_exit_pp0_iter0_stage1_pp0_iter4_reg  |   9|          2|    1|          2|
    |ap_condition_exit_pp0_iter0_stage1_pp0_iter5_reg  |   9|          2|    1|          2|
    |ap_condition_exit_pp0_iter0_stage1_pp0_iter6_reg  |   9|          2|    1|          2|
    |ap_condition_exit_pp0_iter0_stage1_pp0_iter7_reg  |   9|          2|    1|          2|
    |ap_condition_exit_pp0_iter0_stage1_pp0_iter8_reg  |   9|          2|    1|          2|
    |ap_done_int                                       |   9|          2|    1|          2|
    |ap_enable_reg_pp0_iter0                           |   9|          2|    1|          2|
    |ap_enable_reg_pp0_iter1                           |   9|          2|    1|          2|
    |ap_enable_reg_pp0_iter10                          |   9|          2|    1|          2|
    |ap_loop_exit_ready_pp0_iter1_reg                  |   9|          2|    1|          2|
    |ap_loop_exit_ready_pp0_iter2_reg                  |   9|          2|    1|          2|
    |ap_loop_exit_ready_pp0_iter3_reg                  |   9|          2|    1|          2|
    |ap_loop_exit_ready_pp0_iter4_reg                  |   9|          2|    1|          2|
    |ap_loop_exit_ready_pp0_iter5_reg                  |   9|          2|    1|          2|
    |ap_loop_exit_ready_pp0_iter6_reg                  |   9|          2|    1|          2|
    |ap_loop_exit_ready_pp0_iter7_reg                  |   9|          2|    1|          2|
    |ap_loop_exit_ready_pp0_iter8_reg                  |   9|          2|    1|          2|
    |ap_loop_exit_ready_pp0_iter9_reg                  |   9|          2|    1|          2|
    |ap_sig_allocacmp_acc_Q_load_1                     |   9|          2|   32|         64|
    |ap_sig_allocacmp_i_1                              |   9|          2|   31|         62|
    |gmem0_0_ARADDR                                    |  14|          3|   64|        192|
    |gmem0_blk_n_AR                                    |   9|          2|    1|          2|
    |gmem0_blk_n_R                                     |   9|          2|    1|          2|
    |gmem1_0_ARADDR                                    |  14|          3|   64|        192|
    |gmem1_blk_n_AR                                    |   9|          2|    1|          2|
    |gmem1_blk_n_R                                     |   9|          2|    1|          2|
    |grp_fu_178_opcode                                 |  14|          3|    2|          6|
    |grp_fu_178_p0                                     |  14|          3|   32|         96|
    |grp_fu_178_p1                                     |  14|          3|   32|         96|
    |grp_fu_182_p0                                     |  14|          3|   32|         96|
    |grp_fu_182_p1                                     |  14|          3|   32|         96|
    |grp_fu_186_p0                                     |  14|          3|   32|         96|
    |grp_fu_186_p1                                     |  14|          3|   32|         96|
    |grp_fu_191_p0                                     |  14|          3|   32|         96|
    |grp_fu_191_p1                                     |  14|          3|   32|         96|
    |i_fu_106                                          |   9|          2|   31|         62|
    +--------------------------------------------------+----+-----------+-----+-----------+
    |Total                                             | 438|         96|  570|       1527|
    +--------------------------------------------------+----+-----------+-----+-----------+

    * Register: 
    +--------------------------------------------------+----+----+-----+-----------+
    |                       Name                       | FF | LUT| Bits| Const Bits|
    +--------------------------------------------------+----+----+-----+-----------+
    |a_reg_491                                         |  32|   0|   32|          0|
    |acc_I_fu_98                                       |  32|   0|   32|          0|
    |acc_Q_fu_102                                      |  32|   0|   32|          0|
    |add1_reg_545                                      |  32|   0|   32|          0|
    |ap_CS_fsm                                         |   2|   0|    2|          0|
    |ap_block_pp0_stage0_subdone_grp0_done_reg         |   1|   0|    1|          0|
    |ap_block_pp0_stage0_subdone_grp0_done_reg_iter0   |   1|   0|    1|          0|
    |ap_block_pp0_stage0_subdone_grp3_done_reg         |   1|   0|    1|          0|
    |ap_block_pp0_stage0_subdone_grp4_done_reg         |   1|   0|    1|          0|
    |ap_block_pp0_stage0_subdone_grp6_done_reg         |   1|   0|    1|          0|
    |ap_block_pp0_stage1_subdone_grp0_done_reg         |   1|   0|    1|          0|
    |ap_block_pp0_stage1_subdone_grp1_done_reg         |   1|   0|    1|          0|
    |ap_block_pp0_stage1_subdone_grp2_done_reg         |   1|   0|    1|          0|
    |ap_block_pp0_stage1_subdone_grp5_done_reg         |   1|   0|    1|          0|
    |ap_condition_exit_pp0_iter0_stage1_pp0_iter1_reg  |   1|   0|    1|          0|
    |ap_condition_exit_pp0_iter0_stage1_pp0_iter2_reg  |   1|   0|    1|          0|
    |ap_condition_exit_pp0_iter0_stage1_pp0_iter3_reg  |   1|   0|    1|          0|
    |ap_condition_exit_pp0_iter0_stage1_pp0_iter4_reg  |   1|   0|    1|          0|
    |ap_condition_exit_pp0_iter0_stage1_pp0_iter5_reg  |   1|   0|    1|          0|
    |ap_condition_exit_pp0_iter0_stage1_pp0_iter6_reg  |   1|   0|    1|          0|
    |ap_condition_exit_pp0_iter0_stage1_pp0_iter7_reg  |   1|   0|    1|          0|
    |ap_condition_exit_pp0_iter0_stage1_pp0_iter8_reg  |   1|   0|    1|          0|
    |ap_done_reg                                       |   1|   0|    1|          0|
    |ap_enable_reg_pp0_iter0_reg                       |   1|   0|    1|          0|
    |ap_enable_reg_pp0_iter1                           |   1|   0|    1|          0|
    |ap_enable_reg_pp0_iter10                          |   1|   0|    1|          0|
    |ap_enable_reg_pp0_iter2                           |   1|   0|    1|          0|
    |ap_enable_reg_pp0_iter3                           |   1|   0|    1|          0|
    |ap_enable_reg_pp0_iter4                           |   1|   0|    1|          0|
    |ap_enable_reg_pp0_iter5                           |   1|   0|    1|          0|
    |ap_enable_reg_pp0_iter6                           |   1|   0|    1|          0|
    |ap_enable_reg_pp0_iter7                           |   1|   0|    1|          0|
    |ap_enable_reg_pp0_iter8                           |   1|   0|    1|          0|
    |ap_enable_reg_pp0_iter9                           |   1|   0|    1|          0|
    |ap_loop_exit_ready_pp0_iter1_reg                  |   1|   0|    1|          0|
    |ap_loop_exit_ready_pp0_iter2_reg                  |   1|   0|    1|          0|
    |ap_loop_exit_ready_pp0_iter3_reg                  |   1|   0|    1|          0|
    |ap_loop_exit_ready_pp0_iter4_reg                  |   1|   0|    1|          0|
    |ap_loop_exit_ready_pp0_iter5_reg                  |   1|   0|    1|          0|
    |ap_loop_exit_ready_pp0_iter6_reg                  |   1|   0|    1|          0|
    |ap_loop_exit_ready_pp0_iter7_reg                  |   1|   0|    1|          0|
    |ap_loop_exit_ready_pp0_iter8_reg                  |   1|   0|    1|          0|
    |ap_loop_exit_ready_pp0_iter9_reg                  |   1|   0|    1|          0|
    |b_reg_503                                         |  32|   0|   32|          0|
    |c_reg_497                                         |  32|   0|   32|          0|
    |gmem0_addr_1_reg_473                              |  64|   0|   64|          0|
    |gmem0_addr_reg_467                                |  64|   0|   64|          0|
    |gmem1_addr_1_reg_485                              |  64|   0|   64|          0|
    |gmem1_addr_reg_479                                |  64|   0|   64|          0|
    |i_fu_106                                          |  31|   0|   31|          0|
    |icmp_ln23_reg_463                                 |   1|   0|    1|          0|
    |mul8_reg_525                                      |  32|   0|   32|          0|
    |mul_reg_515                                       |  32|   0|   32|          0|
    |num_samples_read_reg_458                          |  32|   0|   32|          0|
    |sub_reg_535                                       |  32|   0|   32|          0|
    |icmp_ln23_reg_463                                 |  64|  32|    1|          0|
    |num_samples_read_reg_458                          |  64|  32|   32|          0|
    +--------------------------------------------------+----+----+-----+-----------+
    |Total                                             | 776|  64|  681|          0|
    +--------------------------------------------------+----+----+-----+-----------+



================================================================
== Interface
================================================================
* Summary: 
+-------------------------+-----+-----+------------+-----------------+--------------+
|        RTL Ports        | Dir | Bits|  Protocol  |  Source Object  |    C Type    |
+-------------------------+-----+-----+------------+-----------------+--------------+
|s_axi_control_AWVALID    |   in|    1|       s_axi|          control|        scalar|
|s_axi_control_AWREADY    |  out|    1|       s_axi|          control|        scalar|
|s_axi_control_AWADDR     |   in|    6|       s_axi|          control|        scalar|
|s_axi_control_WVALID     |   in|    1|       s_axi|          control|        scalar|
|s_axi_control_WREADY     |  out|    1|       s_axi|          control|        scalar|
|s_axi_control_WDATA      |   in|   32|       s_axi|          control|        scalar|
|s_axi_control_WSTRB      |   in|    4|       s_axi|          control|        scalar|
|s_axi_control_ARVALID    |   in|    1|       s_axi|          control|        scalar|
|s_axi_control_ARREADY    |  out|    1|       s_axi|          control|        scalar|
|s_axi_control_ARADDR     |   in|    6|       s_axi|          control|        scalar|
|s_axi_control_RVALID     |  out|    1|       s_axi|          control|        scalar|
|s_axi_control_RREADY     |   in|    1|       s_axi|          control|        scalar|
|s_axi_control_RDATA      |  out|   32|       s_axi|          control|        scalar|
|s_axi_control_RRESP      |  out|    2|       s_axi|          control|        scalar|
|s_axi_control_BVALID     |  out|    1|       s_axi|          control|        scalar|
|s_axi_control_BREADY     |   in|    1|       s_axi|          control|        scalar|
|s_axi_control_BRESP      |  out|    2|       s_axi|          control|        scalar|
|s_axi_control_r_AWVALID  |   in|    1|       s_axi|        control_r|        scalar|
|s_axi_control_r_AWREADY  |  out|    1|       s_axi|        control_r|        scalar|
|s_axi_control_r_AWADDR   |   in|    6|       s_axi|        control_r|        scalar|
|s_axi_control_r_WVALID   |   in|    1|       s_axi|        control_r|        scalar|
|s_axi_control_r_WREADY   |  out|    1|       s_axi|        control_r|        scalar|
|s_axi_control_r_WDATA    |   in|   32|       s_axi|        control_r|        scalar|
|s_axi_control_r_WSTRB    |   in|    4|       s_axi|        control_r|        scalar|
|s_axi_control_r_ARVALID  |   in|    1|       s_axi|        control_r|        scalar|
|s_axi_control_r_ARREADY  |  out|    1|       s_axi|        control_r|        scalar|
|s_axi_control_r_ARADDR   |   in|    6|       s_axi|        control_r|        scalar|
|s_axi_control_r_RVALID   |  out|    1|       s_axi|        control_r|        scalar|
|s_axi_control_r_RREADY   |   in|    1|       s_axi|        control_r|        scalar|
|s_axi_control_r_RDATA    |  out|   32|       s_axi|        control_r|        scalar|
|s_axi_control_r_RRESP    |  out|    2|       s_axi|        control_r|        scalar|
|s_axi_control_r_BVALID   |  out|    1|       s_axi|        control_r|        scalar|
|s_axi_control_r_BREADY   |   in|    1|       s_axi|        control_r|        scalar|
|s_axi_control_r_BRESP    |  out|    2|       s_axi|        control_r|        scalar|
|ap_clk                   |   in|    1|  ap_ctrl_hs|  gnss_correlator|  return value|
|ap_rst_n                 |   in|    1|  ap_ctrl_hs|  gnss_correlator|  return value|
|interrupt                |  out|    1|  ap_ctrl_hs|  gnss_correlator|  return value|
|m_axi_gmem0_AWVALID      |  out|    1|       m_axi|            gmem0|       pointer|
|m_axi_gmem0_AWREADY      |   in|    1|       m_axi|            gmem0|       pointer|
|m_axi_gmem0_AWADDR       |  out|   64|       m_axi|            gmem0|       pointer|
|m_axi_gmem0_AWID         |  out|    1|       m_axi|            gmem0|       pointer|
|m_axi_gmem0_AWLEN        |  out|    8|       m_axi|            gmem0|       pointer|
|m_axi_gmem0_AWSIZE       |  out|    3|       m_axi|            gmem0|       pointer|
|m_axi_gmem0_AWBURST      |  out|    2|       m_axi|            gmem0|       pointer|
|m_axi_gmem0_AWLOCK       |  out|    2|       m_axi|            gmem0|       pointer|
|m_axi_gmem0_AWCACHE      |  out|    4|       m_axi|            gmem0|       pointer|
|m_axi_gmem0_AWPROT       |  out|    3|       m_axi|            gmem0|       pointer|
|m_axi_gmem0_AWQOS        |  out|    4|       m_axi|            gmem0|       pointer|
|m_axi_gmem0_AWREGION     |  out|    4|       m_axi|            gmem0|       pointer|
|m_axi_gmem0_AWUSER       |  out|    1|       m_axi|            gmem0|       pointer|
|m_axi_gmem0_WVALID       |  out|    1|       m_axi|            gmem0|       pointer|
|m_axi_gmem0_WREADY       |   in|    1|       m_axi|            gmem0|       pointer|
|m_axi_gmem0_WDATA        |  out|   32|       m_axi|            gmem0|       pointer|
|m_axi_gmem0_WSTRB        |  out|    4|       m_axi|            gmem0|       pointer|
|m_axi_gmem0_WLAST        |  out|    1|       m_axi|            gmem0|       pointer|
|m_axi_gmem0_WID          |  out|    1|       m_axi|            gmem0|       pointer|
|m_axi_gmem0_WUSER        |  out|    1|       m_axi|            gmem0|       pointer|
|m_axi_gmem0_ARVALID      |  out|    1|       m_axi|            gmem0|       pointer|
|m_axi_gmem0_ARREADY      |   in|    1|       m_axi|            gmem0|       pointer|
|m_axi_gmem0_ARADDR       |  out|   64|       m_axi|            gmem0|       pointer|
|m_axi_gmem0_ARID         |  out|    1|       m_axi|            gmem0|       pointer|
|m_axi_gmem0_ARLEN        |  out|    8|       m_axi|            gmem0|       pointer|
|m_axi_gmem0_ARSIZE       |  out|    3|       m_axi|            gmem0|       pointer|
|m_axi_gmem0_ARBURST      |  out|    2|       m_axi|            gmem0|       pointer|
|m_axi_gmem0_ARLOCK       |  out|    2|       m_axi|            gmem0|       pointer|
|m_axi_gmem0_ARCACHE      |  out|    4|       m_axi|            gmem0|       pointer|
|m_axi_gmem0_ARPROT       |  out|    3|       m_axi|            gmem0|       pointer|
|m_axi_gmem0_ARQOS        |  out|    4|       m_axi|            gmem0|       pointer|
|m_axi_gmem0_ARREGION     |  out|    4|       m_axi|            gmem0|       pointer|
|m_axi_gmem0_ARUSER       |  out|    1|       m_axi|            gmem0|       pointer|
|m_axi_gmem0_RVALID       |   in|    1|       m_axi|            gmem0|       pointer|
|m_axi_gmem0_RREADY       |  out|    1|       m_axi|            gmem0|       pointer|
|m_axi_gmem0_RDATA        |   in|   32|       m_axi|            gmem0|       pointer|
|m_axi_gmem0_RLAST        |   in|    1|       m_axi|            gmem0|       pointer|
|m_axi_gmem0_RID          |   in|    1|       m_axi|            gmem0|       pointer|
|m_axi_gmem0_RUSER        |   in|    1|       m_axi|            gmem0|       pointer|
|m_axi_gmem0_RRESP        |   in|    2|       m_axi|            gmem0|       pointer|
|m_axi_gmem0_BVALID       |   in|    1|       m_axi|            gmem0|       pointer|
|m_axi_gmem0_BREADY       |  out|    1|       m_axi|            gmem0|       pointer|
|m_axi_gmem0_BRESP        |   in|    2|       m_axi|            gmem0|       pointer|
|m_axi_gmem0_BID          |   in|    1|       m_axi|            gmem0|       pointer|
|m_axi_gmem0_BUSER        |   in|    1|       m_axi|            gmem0|       pointer|
|m_axi_gmem1_AWVALID      |  out|    1|       m_axi|            gmem1|       pointer|
|m_axi_gmem1_AWREADY      |   in|    1|       m_axi|            gmem1|       pointer|
|m_axi_gmem1_AWADDR       |  out|   64|       m_axi|            gmem1|       pointer|
|m_axi_gmem1_AWID         |  out|    1|       m_axi|            gmem1|       pointer|
|m_axi_gmem1_AWLEN        |  out|    8|       m_axi|            gmem1|       pointer|
|m_axi_gmem1_AWSIZE       |  out|    3|       m_axi|            gmem1|       pointer|
|m_axi_gmem1_AWBURST      |  out|    2|       m_axi|            gmem1|       pointer|
|m_axi_gmem1_AWLOCK       |  out|    2|       m_axi|            gmem1|       pointer|
|m_axi_gmem1_AWCACHE      |  out|    4|       m_axi|            gmem1|       pointer|
|m_axi_gmem1_AWPROT       |  out|    3|       m_axi|            gmem1|       pointer|
|m_axi_gmem1_AWQOS        |  out|    4|       m_axi|            gmem1|       pointer|
|m_axi_gmem1_AWREGION     |  out|    4|       m_axi|            gmem1|       pointer|
|m_axi_gmem1_AWUSER       |  out|    1|       m_axi|            gmem1|       pointer|
|m_axi_gmem1_WVALID       |  out|    1|       m_axi|            gmem1|       pointer|
|m_axi_gmem1_WREADY       |   in|    1|       m_axi|            gmem1|       pointer|
|m_axi_gmem1_WDATA        |  out|   32|       m_axi|            gmem1|       pointer|
|m_axi_gmem1_WSTRB        |  out|    4|       m_axi|            gmem1|       pointer|
|m_axi_gmem1_WLAST        |  out|    1|       m_axi|            gmem1|       pointer|
|m_axi_gmem1_WID          |  out|    1|       m_axi|            gmem1|       pointer|
|m_axi_gmem1_WUSER        |  out|    1|       m_axi|            gmem1|       pointer|
|m_axi_gmem1_ARVALID      |  out|    1|       m_axi|            gmem1|       pointer|
|m_axi_gmem1_ARREADY      |   in|    1|       m_axi|            gmem1|       pointer|
|m_axi_gmem1_ARADDR       |  out|   64|       m_axi|            gmem1|       pointer|
|m_axi_gmem1_ARID         |  out|    1|       m_axi|            gmem1|       pointer|
|m_axi_gmem1_ARLEN        |  out|    8|       m_axi|            gmem1|       pointer|
|m_axi_gmem1_ARSIZE       |  out|    3|       m_axi|            gmem1|       pointer|
|m_axi_gmem1_ARBURST      |  out|    2|       m_axi|            gmem1|       pointer|
|m_axi_gmem1_ARLOCK       |  out|    2|       m_axi|            gmem1|       pointer|
|m_axi_gmem1_ARCACHE      |  out|    4|       m_axi|            gmem1|       pointer|
|m_axi_gmem1_ARPROT       |  out|    3|       m_axi|            gmem1|       pointer|
|m_axi_gmem1_ARQOS        |  out|    4|       m_axi|            gmem1|       pointer|
|m_axi_gmem1_ARREGION     |  out|    4|       m_axi|            gmem1|       pointer|
|m_axi_gmem1_ARUSER       |  out|    1|       m_axi|            gmem1|       pointer|
|m_axi_gmem1_RVALID       |   in|    1|       m_axi|            gmem1|       pointer|
|m_axi_gmem1_RREADY       |  out|    1|       m_axi|            gmem1|       pointer|
|m_axi_gmem1_RDATA        |   in|   32|       m_axi|            gmem1|       pointer|
|m_axi_gmem1_RLAST        |   in|    1|       m_axi|            gmem1|       pointer|
|m_axi_gmem1_RID          |   in|    1|       m_axi|            gmem1|       pointer|
|m_axi_gmem1_RUSER        |   in|    1|       m_axi|            gmem1|       pointer|
|m_axi_gmem1_RRESP        |   in|    2|       m_axi|            gmem1|       pointer|
|m_axi_gmem1_BVALID       |   in|    1|       m_axi|            gmem1|       pointer|
|m_axi_gmem1_BREADY       |  out|    1|       m_axi|            gmem1|       pointer|
|m_axi_gmem1_BRESP        |   in|    2|       m_axi|            gmem1|       pointer|
|m_axi_gmem1_BID          |   in|    1|       m_axi|            gmem1|       pointer|
|m_axi_gmem1_BUSER        |   in|    1|       m_axi|            gmem1|       pointer|
+-------------------------+-----+-----+------------+-----------------+--------------+

