

================================================================
== Vitis HLS Report for 'gnss_correlator_Pipeline_VITIS_LOOP_30_1'
================================================================
* Date:           Wed Sep 16 17:42:51 2026

* Version:        2025.2 (Build 6295257 on Nov 14 2025)
* Project:        gnss_correlator_hls
* Solution:       hls (Vivado IP Flow Target)
* Product family: zynq
* Target device:  xc7z020-clg484-1


================================================================
== Performance Estimates
================================================================
+ Timing: 
    * Summary: 
    +--------+----------+----------+------------+
    |  Clock |  Target  | Estimated| Uncertainty|
    +--------+----------+----------+------------+
    |ap_clk  |  10.00 ns|  7.300 ns|     2.70 ns|
    +--------+----------+----------+------------+

+ Latency: 
    * Summary: 
    +---------+---------+----------+----------+-----+-----+-------------------+
    |  Latency (cycles) |  Latency (absolute) |  Interval |      Pipeline     |
    |   min   |   max   |    min   |    max   | min | max |        Type       |
    +---------+---------+----------+----------+-----+-----+-------------------+
    |        ?|        ?|         ?|         ?|    0|    0|  loop pipeline stp|
    +---------+---------+----------+----------+-----+-----+-------------------+

    + Detail: 
        * Instance: 
        N/A

        * Loop: 
        +-------------------+---------+---------+----------+-----------+-----------+------+----------+
        |                   |  Latency (cycles) | Iteration|  Initiation Interval  | Trip |          |
        |     Loop Name     |   min   |   max   |  Latency |  achieved |   target  | Count| Pipelined|
        +-------------------+---------+---------+----------+-----------+-----------+------+----------+
        |- VITIS_LOOP_30_1  |        ?|        ?|        20|          2|          1|     ?|       yes|
        +-------------------+---------+---------+----------+-----------+-----------+------+----------+



================================================================
== Utilization Estimates
================================================================
* Summary: 
+-----------------+---------+-----+--------+-------+-----+
|       Name      | BRAM_18K| DSP |   FF   |  LUT  | URAM|
+-----------------+---------+-----+--------+-------+-----+
|DSP              |        -|    2|       -|      -|    -|
|Expression       |        -|    -|       0|   2595|    -|
|FIFO             |        -|    -|       -|      -|    -|
|Instance         |        -|    2|       0|     68|    -|
|Memory           |        -|    -|       -|      -|    -|
|Multiplexer      |        -|    -|       0|    169|    -|
|Register         |        -|    -|    1719|     32|    -|
+-----------------+---------+-----+--------+-------+-----+
|Total            |        0|    4|    1719|   2864|    0|
+-----------------+---------+-----+--------+-------+-----+
|Available        |      280|  220|  106400|  53200|    0|
+-----------------+---------+-----+--------+-------+-----+
|Utilization (%)  |        0|    1|       1|      5|    0|
+-----------------+---------+-----+--------+-------+-----+

+ Detail: 
    * Instance: 
    +-----------------------------+--------------------------+---------+----+---+----+-----+
    |           Instance          |          Module          | BRAM_18K| DSP| FF| LUT| URAM|
    +-----------------------------+--------------------------+---------+----+---+----+-----+
    |fpext_32ns_64_2_no_dsp_1_U1  |fpext_32ns_64_2_no_dsp_1  |        0|   0|  0|   0|    0|
    |fpext_32ns_64_2_no_dsp_1_U2  |fpext_32ns_64_2_no_dsp_1  |        0|   0|  0|   0|    0|
    |mul_18s_18s_34_1_1_U7        |mul_18s_18s_34_1_1        |        0|   1|  0|   6|    0|
    |mul_18s_18s_34_1_1_U8        |mul_18s_18s_34_1_1        |        0|   1|  0|   6|    0|
    |sparsemux_9_3_18_1_1_U3      |sparsemux_9_3_18_1_1      |        0|   0|  0|  14|    0|
    |sparsemux_9_3_18_1_1_U4      |sparsemux_9_3_18_1_1      |        0|   0|  0|  14|    0|
    |sparsemux_9_3_18_1_1_U5      |sparsemux_9_3_18_1_1      |        0|   0|  0|  14|    0|
    |sparsemux_9_3_18_1_1_U6      |sparsemux_9_3_18_1_1      |        0|   0|  0|  14|    0|
    +-----------------------------+--------------------------+---------+----+---+----+-----+
    |Total                        |                          |        0|   2|  0|  68|    0|
    +-----------------------------+--------------------------+---------+----+---+----+-----+

    * DSP: 
    +-----------------------------------+-------------------------------+--------------+
    |              Instance             |             Module            |  Expression  |
    +-----------------------------------+-------------------------------+--------------+
    |mac_muladd_18s_18s_34s_34_4_1_U10  |mac_muladd_18s_18s_34s_34_4_1  |  i0 + i1 * i2|
    |mac_mulsub_18s_18s_34s_34_4_1_U9   |mac_mulsub_18s_18s_34s_34_4_1  |  i0 - i1 * i2|
    +-----------------------------------+-------------------------------+--------------+

    * Memory: 
    N/A

    * FIFO: 
    N/A

    * Expression: 
    +--------------------------------+----------+----+---+-----+------------+------------+
    |          Variable Name         | Operation| DSP| FF| LUT | Bitwidth P0| Bitwidth P1|
    +--------------------------------+----------+----+---+-----+------------+------------+
    |add_ln30_fu_256_p2              |         +|   0|  0|   38|          31|           1|
    |add_ln34_1_fu_459_p2            |         +|   0|  0|   12|          11|           6|
    |add_ln34_fu_266_p2              |         +|   0|  0|   70|          63|          63|
    |add_ln35_1_fu_724_p2            |         +|   0|  0|   12|          11|           6|
    |add_ln35_fu_282_p2              |         +|   0|  0|   70|          63|          63|
    |add_ln36_1_fu_565_p2            |         +|   0|  0|   12|          11|           6|
    |add_ln36_fu_298_p2              |         +|   0|  0|   70|          63|          63|
    |add_ln37_1_fu_873_p2            |         +|   0|  0|   12|          11|           6|
    |add_ln37_fu_314_p2              |         +|   0|  0|   70|          63|          63|
    |add_ln40_fu_1248_p2             |         +|   0|  0|   41|          34|          34|
    |add_ln41_1_fu_1279_p2           |         +|   0|  0|   41|          34|          34|
    |sub_ln34_1_fu_443_p2            |         -|   0|  0|   12|          11|          12|
    |sub_ln34_2_fu_465_p2            |         -|   0|  0|   12|           5|          11|
    |sub_ln34_fu_425_p2              |         -|   0|  0|   61|           1|          54|
    |sub_ln35_1_fu_708_p2            |         -|   0|  0|   12|          11|          12|
    |sub_ln35_2_fu_730_p2            |         -|   0|  0|   12|           5|          11|
    |sub_ln35_fu_690_p2              |         -|   0|  0|   61|           1|          54|
    |sub_ln36_1_fu_549_p2            |         -|   0|  0|   12|          11|          12|
    |sub_ln36_2_fu_571_p2            |         -|   0|  0|   12|           5|          11|
    |sub_ln36_fu_531_p2              |         -|   0|  0|   61|           1|          54|
    |sub_ln37_1_fu_857_p2            |         -|   0|  0|   12|          11|          12|
    |sub_ln37_2_fu_879_p2            |         -|   0|  0|   12|           5|          11|
    |sub_ln37_fu_839_p2              |         -|   0|  0|   61|           1|          54|
    |and_ln34_1_fu_923_p2            |       and|   0|  0|    2|           1|           1|
    |and_ln34_fu_908_p2              |       and|   0|  0|    2|           1|           1|
    |and_ln35_1_fu_766_p2            |       and|   0|  0|    2|           1|           1|
    |and_ln35_fu_1124_p2             |       and|   0|  0|    2|           1|           1|
    |and_ln36_1_fu_1031_p2           |       and|   0|  0|    2|           1|           1|
    |and_ln36_fu_1016_p2             |       and|   0|  0|    2|           1|           1|
    |and_ln37_1_fu_1178_p2           |       and|   0|  0|    2|           1|           1|
    |and_ln37_fu_1163_p2             |       and|   0|  0|    2|           1|           1|
    |ap_block_pp0_stage0_11001_grp3  |       and|   0|  0|    2|           1|           1|
    |ap_block_pp0_stage0_11001_grp4  |       and|   0|  0|    2|           1|           1|
    |ap_block_pp0_stage0_11001_grp7  |       and|   0|  0|    2|           1|           1|
    |ap_block_pp0_stage0_11001_grp8  |       and|   0|  0|    2|           1|           1|
    |ap_block_pp0_stage1_11001_grp1  |       and|   0|  0|    2|           1|           1|
    |ap_block_pp0_stage1_11001_grp2  |       and|   0|  0|    2|           1|           1|
    |ap_block_pp0_stage1_11001_grp5  |       and|   0|  0|    2|           1|           1|
    |ap_block_pp0_stage1_11001_grp6  |       and|   0|  0|    2|           1|           1|
    |ap_block_state2_io_grp1         |       and|   0|  0|    2|           1|           1|
    |ap_block_state2_io_grp2         |       and|   0|  0|    2|           1|           1|
    |ap_condition_356                |       and|   0|  0|    2|           1|           1|
    |ashr_ln34_fu_638_p2             |      ashr|   0|  0|  161|          54|          54|
    |ashr_ln35_fu_973_p2             |      ashr|   0|  0|  161|          54|          54|
    |ashr_ln36_fu_787_p2             |      ashr|   0|  0|  161|          54|          54|
    |ashr_ln37_fu_1081_p2            |      ashr|   0|  0|  161|          54|          54|
    |icmp_ln30_fu_250_p2             |      icmp|   0|  0|   39|          32|          32|
    |icmp_ln34_1_fu_453_p2           |      icmp|   0|  0|   12|          12|           5|
    |icmp_ln34_2_fu_479_p2           |      icmp|   0|  0|   12|          12|           5|
    |icmp_ln34_3_fu_623_p2           |      icmp|   0|  0|   12|          11|           6|
    |icmp_ln34_4_fu_655_p2           |      icmp|   0|  0|   12|          11|           5|
    |icmp_ln34_fu_438_p2             |      icmp|   0|  0|   70|          63|           1|
    |icmp_ln35_1_fu_718_p2           |      icmp|   0|  0|   12|          12|           5|
    |icmp_ln35_2_fu_744_p2           |      icmp|   0|  0|   12|          12|           5|
    |icmp_ln35_3_fu_958_p2           |      icmp|   0|  0|   12|          11|           6|
    |icmp_ln35_4_fu_990_p2           |      icmp|   0|  0|   12|          11|           5|
    |icmp_ln35_fu_703_p2             |      icmp|   0|  0|   70|          63|           1|
    |icmp_ln36_1_fu_559_p2           |      icmp|   0|  0|   12|          12|           5|
    |icmp_ln36_2_fu_585_p2           |      icmp|   0|  0|   12|          12|           5|
    |icmp_ln36_3_fu_772_p2           |      icmp|   0|  0|   12|          11|           6|
    |icmp_ln36_4_fu_804_p2           |      icmp|   0|  0|   12|          11|           5|
    |icmp_ln36_fu_544_p2             |      icmp|   0|  0|   70|          63|           1|
    |icmp_ln37_1_fu_867_p2           |      icmp|   0|  0|   12|          12|           5|
    |icmp_ln37_2_fu_893_p2           |      icmp|   0|  0|   12|          12|           5|
    |icmp_ln37_3_fu_1066_p2          |      icmp|   0|  0|   12|          11|           6|
    |icmp_ln37_4_fu_1098_p2          |      icmp|   0|  0|   12|          11|           5|
    |icmp_ln37_fu_852_p2             |      icmp|   0|  0|   70|          63|           1|
    |ap_block_pp0_stage0_11001       |        or|   0|  0|    2|           1|           1|
    |ap_block_pp0_stage1_11001       |        or|   0|  0|    2|           1|           1|
    |or_ln34_fu_913_p2               |        or|   0|  0|    2|           1|           1|
    |or_ln35_fu_754_p2               |        or|   0|  0|    2|           1|           1|
    |or_ln36_fu_1021_p2              |        or|   0|  0|    2|           1|           1|
    |or_ln37_fu_1168_p2              |        or|   0|  0|    2|           1|           1|
    |select_ln34_1_fu_471_p3         |    select|   0|  0|   11|           1|          11|
    |select_ln34_2_fu_647_p3         |    select|   0|  0|   18|           1|          18|
    |select_ln34_3_fu_668_p3         |    select|   0|  0|   18|           1|          18|
    |select_ln34_4_fu_628_p3         |    select|   0|  0|    2|           1|           2|
    |select_ln34_fu_431_p3           |    select|   0|  0|   54|           1|          54|
    |select_ln35_1_fu_736_p3         |    select|   0|  0|   11|           1|          11|
    |select_ln35_2_fu_982_p3         |    select|   0|  0|   18|           1|          18|
    |select_ln35_3_fu_1003_p3        |    select|   0|  0|   18|           1|          18|
    |select_ln35_4_fu_963_p3         |    select|   0|  0|    2|           1|           2|
    |select_ln35_fu_696_p3           |    select|   0|  0|   54|           1|          54|
    |select_ln36_1_fu_577_p3         |    select|   0|  0|   11|           1|          11|
    |select_ln36_2_fu_796_p3         |    select|   0|  0|   18|           1|          18|
    |select_ln36_3_fu_817_p3         |    select|   0|  0|   18|           1|          18|
    |select_ln36_4_fu_777_p3         |    select|   0|  0|    2|           1|           2|
    |select_ln36_fu_537_p3           |    select|   0|  0|   54|           1|          54|
    |select_ln37_1_fu_885_p3         |    select|   0|  0|   11|           1|          11|
    |select_ln37_2_fu_1090_p3        |    select|   0|  0|   18|           1|          18|
    |select_ln37_3_fu_1111_p3        |    select|   0|  0|   18|           1|          18|
    |select_ln37_4_fu_1071_p3        |    select|   0|  0|    2|           1|           2|
    |select_ln37_fu_845_p3           |    select|   0|  0|   54|           1|          54|
    |shl_ln34_fu_663_p2              |       shl|   0|  0|   43|          18|          18|
    |shl_ln35_fu_998_p2              |       shl|   0|  0|   43|          18|          18|
    |shl_ln36_fu_812_p2              |       shl|   0|  0|   43|          18|          18|
    |shl_ln37_fu_1106_p2             |       shl|   0|  0|   43|          18|          18|
    |ap_enable_pp0                   |       xor|   0|  0|    2|           1|           2|
    |xor_ln34_1_fu_917_p2            |       xor|   0|  0|    2|           1|           2|
    |xor_ln34_fu_903_p2              |       xor|   0|  0|    2|           1|           2|
    |xor_ln35_1_fu_760_p2            |       xor|   0|  0|    2|           1|           2|
    |xor_ln35_fu_1119_p2             |       xor|   0|  0|    2|           1|           2|
    |xor_ln36_1_fu_1025_p2           |       xor|   0|  0|    2|           1|           2|
    |xor_ln36_fu_1011_p2             |       xor|   0|  0|    2|           1|           2|
    |xor_ln37_1_fu_1172_p2           |       xor|   0|  0|    2|           1|           2|
    |xor_ln37_fu_1158_p2             |       xor|   0|  0|    2|           1|           2|
    +--------------------------------+----------+----+---+-----+------------+------------+
    |Total                           |          |   0|  0| 2595|        1273|        1516|
    +--------------------------------+----------+----+---+-----+------------+------------+

    * Multiplexer: 
    +-------------------------+----+-----------+-----+-----------+
    |           Name          | LUT| Input Size| Bits| Total Bits|
    +-------------------------+----+-----------+-----+-----------+
    |acc_I_fu_118             |   9|          2|   18|         36|
    |acc_Q_fu_122             |   9|          2|   18|         36|
    |ap_NS_fsm                |  14|          3|    1|          3|
    |ap_done_int              |   9|          2|    1|          2|
    |ap_enable_reg_pp0_iter0  |   9|          2|    1|          2|
    |ap_enable_reg_pp0_iter1  |   9|          2|    1|          2|
    |ap_sig_allocacmp_i_1     |   9|          2|   31|         62|
    |gmem0_blk_n_AR           |   9|          2|    1|          2|
    |gmem0_blk_n_R            |   9|          2|    1|          2|
    |gmem1_blk_n_AR           |   9|          2|    1|          2|
    |gmem1_blk_n_R            |   9|          2|    1|          2|
    |grp_fu_198_p0            |  14|          3|   32|         96|
    |grp_fu_201_p0            |  14|          3|   32|         96|
    |i_fu_126                 |   9|          2|   31|         62|
    |m_axi_gmem0_0_ARADDR     |  14|          3|   64|        192|
    |m_axi_gmem1_0_ARADDR     |  14|          3|   64|        192|
    +-------------------------+----+-----------+-----+-----------+
    |Total                    | 169|         37|  298|        789|
    +-------------------------+----+-----------+-----+-----------+

    * Register: 
    +-------------------------------------------+----+----+-----+-----------+
    |                    Name                   | FF | LUT| Bits| Const Bits|
    +-------------------------------------------+----+----+-----+-----------+
    |a_reg_1642                                 |  18|   0|   18|          0|
    |acc_I_fu_118                               |  18|   0|   18|          0|
    |acc_Q_fu_122                               |  18|   0|   18|          0|
    |and_ln35_1_reg_1590                        |   1|   0|    1|          0|
    |ap_CS_fsm                                  |   2|   0|    2|          0|
    |ap_block_pp0_stage0_subdone_grp0_done_reg  |   1|   0|    1|          0|
    |ap_block_pp0_stage0_subdone_grp3_done_reg  |   1|   0|    1|          0|
    |ap_block_pp0_stage0_subdone_grp4_done_reg  |   1|   0|    1|          0|
    |ap_block_pp0_stage0_subdone_grp7_done_reg  |   1|   0|    1|          0|
    |ap_block_pp0_stage0_subdone_grp8_done_reg  |   1|   0|    1|          0|
    |ap_block_pp0_stage1_subdone_grp0_done_reg  |   1|   0|    1|          0|
    |ap_block_pp0_stage1_subdone_grp1_done_reg  |   1|   0|    1|          0|
    |ap_block_pp0_stage1_subdone_grp2_done_reg  |   1|   0|    1|          0|
    |ap_block_pp0_stage1_subdone_grp5_done_reg  |   1|   0|    1|          0|
    |ap_block_pp0_stage1_subdone_grp6_done_reg  |   1|   0|    1|          0|
    |ap_done_reg                                |   1|   0|    1|          0|
    |ap_enable_reg_pp0_iter0_reg                |   1|   0|    1|          0|
    |ap_enable_reg_pp0_iter1                    |   1|   0|    1|          0|
    |ap_enable_reg_pp0_iter2                    |   1|   0|    1|          0|
    |ap_enable_reg_pp0_iter3                    |   1|   0|    1|          0|
    |ap_enable_reg_pp0_iter4                    |   1|   0|    1|          0|
    |ap_enable_reg_pp0_iter5                    |   1|   0|    1|          0|
    |ap_enable_reg_pp0_iter6                    |   1|   0|    1|          0|
    |ap_enable_reg_pp0_iter7                    |   1|   0|    1|          0|
    |ap_enable_reg_pp0_iter8                    |   1|   0|    1|          0|
    |ap_enable_reg_pp0_iter9                    |   1|   0|    1|          0|
    |ap_loop_exit_ready_pp0_iter1_reg           |   1|   0|    1|          0|
    |ap_loop_exit_ready_pp0_iter2_reg           |   1|   0|    1|          0|
    |ap_loop_exit_ready_pp0_iter3_reg           |   1|   0|    1|          0|
    |ap_loop_exit_ready_pp0_iter4_reg           |   1|   0|    1|          0|
    |ap_loop_exit_ready_pp0_iter5_reg           |   1|   0|    1|          0|
    |ap_loop_exit_ready_pp0_iter6_reg           |   1|   0|    1|          0|
    |ap_loop_exit_ready_pp0_iter7_reg           |   1|   0|    1|          0|
    |ap_loop_exit_ready_pp0_iter8_reg           |   1|   0|    1|          0|
    |c_reg_1657                                 |  18|   0|   18|          0|
    |gmem0_addr_1_reg_1354                      |  64|   0|   64|          0|
    |gmem0_addr_reg_1348                        |  64|   0|   64|          0|
    |gmem1_addr_1_reg_1366                      |  64|   0|   64|          0|
    |gmem1_addr_reg_1360                        |  64|   0|   64|          0|
    |i_fu_126                                   |  31|   0|   31|          0|
    |icmp_ln30_reg_1344                         |   1|   0|    1|          0|
    |icmp_ln34_1_reg_1446                       |   1|   0|    1|          0|
    |icmp_ln34_2_reg_1459                       |   1|   0|    1|          0|
    |icmp_ln34_reg_1439                         |   1|   0|    1|          0|
    |icmp_ln35_2_reg_1579                       |   1|   0|    1|          0|
    |icmp_ln35_reg_1565                         |   1|   0|    1|          0|
    |icmp_ln36_1_reg_1504                       |   1|   0|    1|          0|
    |icmp_ln36_2_reg_1517                       |   1|   0|    1|          0|
    |icmp_ln36_reg_1497                         |   1|   0|    1|          0|
    |icmp_ln37_1_reg_1617                       |   1|   0|    1|          0|
    |icmp_ln37_2_reg_1630                       |   1|   0|    1|          0|
    |icmp_ln37_reg_1610                         |   1|   0|    1|          0|
    |mul_ln40_reg_1694                          |  34|   0|   34|          0|
    |mul_ln41_reg_1699                          |  34|   0|   34|          0|
    |reg_204                                    |  32|   0|   32|          0|
    |reg_208                                    |  32|   0|   32|          0|
    |select_ln34_1_reg_1451                     |  11|   0|   11|          0|
    |select_ln34_2_reg_1550                     |  18|   0|   18|          0|
    |select_ln34_3_reg_1555                     |  18|   0|   18|          0|
    |select_ln34_reg_1434                       |  54|   0|   54|          0|
    |select_ln35_1_reg_1571                     |  11|   0|   11|          0|
    |select_ln35_2_reg_1647                     |  18|   0|   18|          0|
    |select_ln35_3_reg_1652                     |  18|   0|   18|          0|
    |select_ln35_reg_1560                       |  54|   0|   54|          0|
    |select_ln36_1_reg_1509                     |  11|   0|   11|          0|
    |select_ln36_2_reg_1595                     |  18|   0|   18|          0|
    |select_ln36_3_reg_1600                     |  18|   0|   18|          0|
    |select_ln36_reg_1492                       |  54|   0|   54|          0|
    |select_ln37_1_reg_1622                     |  11|   0|   11|          0|
    |select_ln37_2_reg_1662                     |  18|   0|   18|          0|
    |select_ln37_3_reg_1667                     |  18|   0|   18|          0|
    |select_ln37_reg_1605                       |  54|   0|   54|          0|
    |sext_ln40_1_reg_1677                       |  34|   0|   34|          0|
    |sext_ln40_2_reg_1682                       |  34|   0|   34|          0|
    |sext_ln40_3_reg_1688                       |  34|   0|   34|          0|
    |sext_ln40_reg_1672                         |  34|   0|   34|          0|
    |tmp_1_reg_1393                             |  11|   0|   11|          0|
    |tmp_2_reg_1476                             |   1|   0|    1|          0|
    |tmp_3_reg_1413                             |   1|   0|    1|          0|
    |tmp_4_reg_1534                             |   1|   0|    1|          0|
    |tmp_5_reg_1540                             |  11|   0|   11|          0|
    |tmp_9_reg_1482                             |  11|   0|   11|          0|
    |tmp_reg_1387                               |   1|   0|    1|          0|
    |tmp_s_reg_1419                             |  11|   0|   11|          0|
    |trunc_ln34_1_reg_1398                      |  52|   0|   52|          0|
    |trunc_ln34_3_reg_1465                      |  18|   0|   18|          0|
    |trunc_ln34_reg_1382                        |  63|   0|   63|          0|
    |trunc_ln35_1_reg_1487                      |  52|   0|   52|          0|
    |trunc_ln35_3_reg_1584                      |  18|   0|   18|          0|
    |trunc_ln35_reg_1471                        |  63|   0|   63|          0|
    |trunc_ln36_1_reg_1424                      |  52|   0|   52|          0|
    |trunc_ln36_3_reg_1523                      |  18|   0|   18|          0|
    |trunc_ln36_reg_1408                        |  63|   0|   63|          0|
    |trunc_ln37_1_reg_1545                      |  52|   0|   52|          0|
    |trunc_ln37_3_reg_1636                      |  18|   0|   18|          0|
    |trunc_ln37_reg_1529                        |  63|   0|   63|          0|
    |icmp_ln30_reg_1344                         |  64|  32|    1|          0|
    +-------------------------------------------+----+----+-----+-----------+
    |Total                                      |1719|  32| 1656|          0|
    +-------------------------------------------+----+----+-----+-----------+



================================================================
== Interface
================================================================
* Summary: 
+------------------------+-----+-----+------------+------------------------------------------+--------------+
|        RTL Ports       | Dir | Bits|  Protocol  |               Source Object              |    C Type    |
+------------------------+-----+-----+------------+------------------------------------------+--------------+
|ap_clk                  |   in|    1|  ap_ctrl_hs|  gnss_correlator_Pipeline_VITIS_LOOP_30_1|  return value|
|ap_rst                  |   in|    1|  ap_ctrl_hs|  gnss_correlator_Pipeline_VITIS_LOOP_30_1|  return value|
|ap_start                |   in|    1|  ap_ctrl_hs|  gnss_correlator_Pipeline_VITIS_LOOP_30_1|  return value|
|ap_done                 |  out|    1|  ap_ctrl_hs|  gnss_correlator_Pipeline_VITIS_LOOP_30_1|  return value|
|ap_idle                 |  out|    1|  ap_ctrl_hs|  gnss_correlator_Pipeline_VITIS_LOOP_30_1|  return value|
|ap_ready                |  out|    1|  ap_ctrl_hs|  gnss_correlator_Pipeline_VITIS_LOOP_30_1|  return value|
|m_axi_gmem0_0_AWVALID   |  out|    1|       m_axi|                                     gmem0|       pointer|
|m_axi_gmem0_0_AWREADY   |   in|    1|       m_axi|                                     gmem0|       pointer|
|m_axi_gmem0_0_AWADDR    |  out|   64|       m_axi|                                     gmem0|       pointer|
|m_axi_gmem0_0_AWID      |  out|    1|       m_axi|                                     gmem0|       pointer|
|m_axi_gmem0_0_AWLEN     |  out|   32|       m_axi|                                     gmem0|       pointer|
|m_axi_gmem0_0_AWSIZE    |  out|    3|       m_axi|                                     gmem0|       pointer|
|m_axi_gmem0_0_AWBURST   |  out|    2|       m_axi|                                     gmem0|       pointer|
|m_axi_gmem0_0_AWLOCK    |  out|    2|       m_axi|                                     gmem0|       pointer|
|m_axi_gmem0_0_AWCACHE   |  out|    4|       m_axi|                                     gmem0|       pointer|
|m_axi_gmem0_0_AWPROT    |  out|    3|       m_axi|                                     gmem0|       pointer|
|m_axi_gmem0_0_AWQOS     |  out|    4|       m_axi|                                     gmem0|       pointer|
|m_axi_gmem0_0_AWREGION  |  out|    4|       m_axi|                                     gmem0|       pointer|
|m_axi_gmem0_0_AWUSER    |  out|    1|       m_axi|                                     gmem0|       pointer|
|m_axi_gmem0_0_WVALID    |  out|    1|       m_axi|                                     gmem0|       pointer|
|m_axi_gmem0_0_WREADY    |   in|    1|       m_axi|                                     gmem0|       pointer|
|m_axi_gmem0_0_WDATA     |  out|   32|       m_axi|                                     gmem0|       pointer|
|m_axi_gmem0_0_WSTRB     |  out|    4|       m_axi|                                     gmem0|       pointer|
|m_axi_gmem0_0_WLAST     |  out|    1|       m_axi|                                     gmem0|       pointer|
|m_axi_gmem0_0_WID       |  out|    1|       m_axi|                                     gmem0|       pointer|
|m_axi_gmem0_0_WUSER     |  out|    1|       m_axi|                                     gmem0|       pointer|
|m_axi_gmem0_0_ARVALID   |  out|    1|       m_axi|                                     gmem0|       pointer|
|m_axi_gmem0_0_ARREADY   |   in|    1|       m_axi|                                     gmem0|       pointer|
|m_axi_gmem0_0_ARADDR    |  out|   64|       m_axi|                                     gmem0|       pointer|
|m_axi_gmem0_0_ARID      |  out|    1|       m_axi|                                     gmem0|       pointer|
|m_axi_gmem0_0_ARLEN     |  out|   32|       m_axi|                                     gmem0|       pointer|
|m_axi_gmem0_0_ARSIZE    |  out|    3|       m_axi|                                     gmem0|       pointer|
|m_axi_gmem0_0_ARBURST   |  out|    2|       m_axi|                                     gmem0|       pointer|
|m_axi_gmem0_0_ARLOCK    |  out|    2|       m_axi|                                     gmem0|       pointer|
|m_axi_gmem0_0_ARCACHE   |  out|    4|       m_axi|                                     gmem0|       pointer|
|m_axi_gmem0_0_ARPROT    |  out|    3|       m_axi|                                     gmem0|       pointer|
|m_axi_gmem0_0_ARQOS     |  out|    4|       m_axi|                                     gmem0|       pointer|
|m_axi_gmem0_0_ARREGION  |  out|    4|       m_axi|                                     gmem0|       pointer|
|m_axi_gmem0_0_ARUSER    |  out|    1|       m_axi|                                     gmem0|       pointer|
|m_axi_gmem0_0_RVALID    |   in|    1|       m_axi|                                     gmem0|       pointer|
|m_axi_gmem0_0_RREADY    |  out|    1|       m_axi|                                     gmem0|       pointer|
|m_axi_gmem0_0_RDATA     |   in|   32|       m_axi|                                     gmem0|       pointer|
|m_axi_gmem0_0_RLAST     |   in|    1|       m_axi|                                     gmem0|       pointer|
|m_axi_gmem0_0_RID       |   in|    1|       m_axi|                                     gmem0|       pointer|
|m_axi_gmem0_0_RFIFONUM  |   in|    9|       m_axi|                                     gmem0|       pointer|
|m_axi_gmem0_0_RUSER     |   in|    1|       m_axi|                                     gmem0|       pointer|
|m_axi_gmem0_0_RRESP     |   in|    2|       m_axi|                                     gmem0|       pointer|
|m_axi_gmem0_0_BVALID    |   in|    1|       m_axi|                                     gmem0|       pointer|
|m_axi_gmem0_0_BREADY    |  out|    1|       m_axi|                                     gmem0|       pointer|
|m_axi_gmem0_0_BRESP     |   in|    2|       m_axi|                                     gmem0|       pointer|
|m_axi_gmem0_0_BID       |   in|    1|       m_axi|                                     gmem0|       pointer|
|m_axi_gmem0_0_BUSER     |   in|    1|       m_axi|                                     gmem0|       pointer|
|m_axi_gmem1_0_AWVALID   |  out|    1|       m_axi|                                     gmem1|       pointer|
|m_axi_gmem1_0_AWREADY   |   in|    1|       m_axi|                                     gmem1|       pointer|
|m_axi_gmem1_0_AWADDR    |  out|   64|       m_axi|                                     gmem1|       pointer|
|m_axi_gmem1_0_AWID      |  out|    1|       m_axi|                                     gmem1|       pointer|
|m_axi_gmem1_0_AWLEN     |  out|   32|       m_axi|                                     gmem1|       pointer|
|m_axi_gmem1_0_AWSIZE    |  out|    3|       m_axi|                                     gmem1|       pointer|
|m_axi_gmem1_0_AWBURST   |  out|    2|       m_axi|                                     gmem1|       pointer|
|m_axi_gmem1_0_AWLOCK    |  out|    2|       m_axi|                                     gmem1|       pointer|
|m_axi_gmem1_0_AWCACHE   |  out|    4|       m_axi|                                     gmem1|       pointer|
|m_axi_gmem1_0_AWPROT    |  out|    3|       m_axi|                                     gmem1|       pointer|
|m_axi_gmem1_0_AWQOS     |  out|    4|       m_axi|                                     gmem1|       pointer|
|m_axi_gmem1_0_AWREGION  |  out|    4|       m_axi|                                     gmem1|       pointer|
|m_axi_gmem1_0_AWUSER    |  out|    1|       m_axi|                                     gmem1|       pointer|
|m_axi_gmem1_0_WVALID    |  out|    1|       m_axi|                                     gmem1|       pointer|
|m_axi_gmem1_0_WREADY    |   in|    1|       m_axi|                                     gmem1|       pointer|
|m_axi_gmem1_0_WDATA     |  out|   32|       m_axi|                                     gmem1|       pointer|
|m_axi_gmem1_0_WSTRB     |  out|    4|       m_axi|                                     gmem1|       pointer|
|m_axi_gmem1_0_WLAST     |  out|    1|       m_axi|                                     gmem1|       pointer|
|m_axi_gmem1_0_WID       |  out|    1|       m_axi|                                     gmem1|       pointer|
|m_axi_gmem1_0_WUSER     |  out|    1|       m_axi|                                     gmem1|       pointer|
|m_axi_gmem1_0_ARVALID   |  out|    1|       m_axi|                                     gmem1|       pointer|
|m_axi_gmem1_0_ARREADY   |   in|    1|       m_axi|                                     gmem1|       pointer|
|m_axi_gmem1_0_ARADDR    |  out|   64|       m_axi|                                     gmem1|       pointer|
|m_axi_gmem1_0_ARID      |  out|    1|       m_axi|                                     gmem1|       pointer|
|m_axi_gmem1_0_ARLEN     |  out|   32|       m_axi|                                     gmem1|       pointer|
|m_axi_gmem1_0_ARSIZE    |  out|    3|       m_axi|                                     gmem1|       pointer|
|m_axi_gmem1_0_ARBURST   |  out|    2|       m_axi|                                     gmem1|       pointer|
|m_axi_gmem1_0_ARLOCK    |  out|    2|       m_axi|                                     gmem1|       pointer|
|m_axi_gmem1_0_ARCACHE   |  out|    4|       m_axi|                                     gmem1|       pointer|
|m_axi_gmem1_0_ARPROT    |  out|    3|       m_axi|                                     gmem1|       pointer|
|m_axi_gmem1_0_ARQOS     |  out|    4|       m_axi|                                     gmem1|       pointer|
|m_axi_gmem1_0_ARREGION  |  out|    4|       m_axi|                                     gmem1|       pointer|
|m_axi_gmem1_0_ARUSER    |  out|    1|       m_axi|                                     gmem1|       pointer|
|m_axi_gmem1_0_RVALID    |   in|    1|       m_axi|                                     gmem1|       pointer|
|m_axi_gmem1_0_RREADY    |  out|    1|       m_axi|                                     gmem1|       pointer|
|m_axi_gmem1_0_RDATA     |   in|   32|       m_axi|                                     gmem1|       pointer|
|m_axi_gmem1_0_RLAST     |   in|    1|       m_axi|                                     gmem1|       pointer|
|m_axi_gmem1_0_RID       |   in|    1|       m_axi|                                     gmem1|       pointer|
|m_axi_gmem1_0_RFIFONUM  |   in|    9|       m_axi|                                     gmem1|       pointer|
|m_axi_gmem1_0_RUSER     |   in|    1|       m_axi|                                     gmem1|       pointer|
|m_axi_gmem1_0_RRESP     |   in|    2|       m_axi|                                     gmem1|       pointer|
|m_axi_gmem1_0_BVALID    |   in|    1|       m_axi|                                     gmem1|       pointer|
|m_axi_gmem1_0_BREADY    |  out|    1|       m_axi|                                     gmem1|       pointer|
|m_axi_gmem1_0_BRESP     |   in|    2|       m_axi|                                     gmem1|       pointer|
|m_axi_gmem1_0_BID       |   in|    1|       m_axi|                                     gmem1|       pointer|
|m_axi_gmem1_0_BUSER     |   in|    1|       m_axi|                                     gmem1|       pointer|
|num_samples             |   in|   32|     ap_none|                               num_samples|        scalar|
|sext_ln30               |   in|   62|     ap_none|                                 sext_ln30|        scalar|
|sext_ln30_1             |   in|   62|     ap_none|                               sext_ln30_1|        scalar|
|sext_ln30_2             |   in|   62|     ap_none|                               sext_ln30_2|        scalar|
|sext_ln30_3             |   in|   62|     ap_none|                               sext_ln30_3|        scalar|
|acc_Q_out               |  out|   18|      ap_vld|                                 acc_Q_out|       pointer|
|acc_Q_out_ap_vld        |  out|    1|      ap_vld|                                 acc_Q_out|       pointer|
|acc_I_out               |  out|   18|      ap_vld|                                 acc_I_out|       pointer|
|acc_I_out_ap_vld        |  out|    1|      ap_vld|                                 acc_I_out|       pointer|
+------------------------+-----+-----+------------+------------------------------------------+--------------+

