#-----------------------------------------------------------
# Vivado v2025.2 (64-bit)
# SW Build 6299465 on Fri Nov 14 12:34:56 MST 2025
# IP Build 6300035 on Fri Nov 14 10:48:45 MST 2025
# SharedData Build 6298862 on Thu Nov 13 04:50:51 MST 2025
# Start of session at: Wed Sep 16 17:58:36 2026
# Process ID         : 110939
# Current directory  : /home/johan2/Documents/fpga/zynq-pynq-gnss-receiver/vitis_workspace/gnss_correlator_hls/gnss_correlator_hls/hls/impl/ip
# Command line       : vivado -notrace -mode batch -source run_ippack.tcl
# Log file           : /home/johan2/Documents/fpga/zynq-pynq-gnss-receiver/vitis_workspace/gnss_correlator_hls/gnss_correlator_hls/hls/impl/ip/vivado.log
# Journal file       : /home/johan2/Documents/fpga/zynq-pynq-gnss-receiver/vitis_workspace/gnss_correlator_hls/gnss_correlator_hls/hls/impl/ip/vivado.jou
# Running On         : johan2-Yoga-7-15ITL5
# Platform           : Ubuntu
# Operating System   : Ubuntu 22.04.5 LTS
# Processor Detail   : 11th Gen Intel(R) Core(TM) i7-1165G7 @ 2.80GHz
# CPU Frequency      : 1499.958 MHz
# CPU Physical cores : 4
# CPU Logical cores  : 8
# Host memory        : 12330 MB
# Swap memory        : 2147 MB
# Total Virtual      : 14477 MB
# Available Virtual  : 3217 MB
#-----------------------------------------------------------
source run_ippack.tcl -notrace
INFO: calling package_hls_ip ip_types=vitis sysgen json_file=/home/johan2/Documents/fpga/zynq-pynq-gnss-receiver/vitis_workspace/gnss_correlator_hls/gnss_correlator_hls/hls/hls_data.json outdir=/home/johan2/Documents/fpga/zynq-pynq-gnss-receiver/vitis_workspace/gnss_correlator_hls/gnss_correlator_hls/hls/impl/ip srcdir=/home/johan2/Documents/fpga/zynq-pynq-gnss-receiver/vitis_workspace/gnss_correlator_hls/gnss_correlator_hls/hls ippack_options_dict= ippack_options_dict=
INFO: Copied 1 ipmisc file(s) to /home/johan2/Documents/fpga/zynq-pynq-gnss-receiver/vitis_workspace/gnss_correlator_hls/gnss_correlator_hls/hls/impl/ip/misc
INFO: Copied 13 verilog file(s) to /home/johan2/Documents/fpga/zynq-pynq-gnss-receiver/vitis_workspace/gnss_correlator_hls/gnss_correlator_hls/hls/impl/ip/hdl/verilog
INFO: Copied 13 vhdl file(s) to /home/johan2/Documents/fpga/zynq-pynq-gnss-receiver/vitis_workspace/gnss_correlator_hls/gnss_correlator_hls/hls/impl/ip/hdl/vhdl
INFO: Copied 10 swdriver file(s) to /home/johan2/Documents/fpga/zynq-pynq-gnss-receiver/vitis_workspace/gnss_correlator_hls/gnss_correlator_hls/hls/impl/ip/drivers
Generating 1 subcores in /home/johan2/Documents/fpga/zynq-pynq-gnss-receiver/vitis_workspace/gnss_correlator_hls/gnss_correlator_hls/hls/impl/ip/subcore_prj:
impl/misc/gnss_correlator_fpext_32ns_64_2_no_dsp_1_ip.tcl
create_project: Time (s): cpu = 00:00:25 ; elapsed = 00:00:06 . Memory (MB): peak = 1634.918 ; gain = 130.055 ; free physical = 165 ; free virtual = 2811
INFO: Using COE_DIR=/home/johan2/Documents/fpga/zynq-pynq-gnss-receiver/vitis_workspace/gnss_correlator_hls/gnss_correlator_hls/hls/impl/ip/hdl/verilog
INFO: Generating gnss_correlator_fpext_32ns_64_2_no_dsp_1_ip via file impl/misc/gnss_correlator_fpext_32ns_64_2_no_dsp_1_ip.tcl
INFO: [IP_Flow 19-234] Refreshing IP repositories
INFO: [IP_Flow 19-1704] No user IP repositories specified
INFO: [IP_Flow 19-2313] Loaded Vivado IP repository '/opt/Xilinx/2025.2/data/ip'.
create_ip: Time (s): cpu = 00:00:05 ; elapsed = 00:00:06 . Memory (MB): peak = 1662.137 ; gain = 27.219 ; free physical = 294 ; free virtual = 2732
INFO: [IP_Flow 19-1686] Generating 'Synthesis' target for IP 'gnss_correlator_fpext_32ns_64_2_no_dsp_1_ip'...
INFO: [IP_Flow 19-1686] Generating 'Simulation' target for IP 'gnss_correlator_fpext_32ns_64_2_no_dsp_1_ip'...
INFO: Done generating gnss_correlator_fpext_32ns_64_2_no_dsp_1_ip via file impl/misc/gnss_correlator_fpext_32ns_64_2_no_dsp_1_ip.tcl
INFO: Found 1 unique subcore IP: xilinx.com:ip:floating_point:7.1
INFO: Copied 1 subcore files: /home/johan2/Documents/fpga/zynq-pynq-gnss-receiver/vitis_workspace/gnss_correlator_hls/gnss_correlator_hls/hls/impl/ip/hdl/ip/gnss_correlator_fpext_32ns_64_2_no_dsp_1_ip/gnss_correlator_fpext_32ns_64_2_no_dsp_1_ip.xci
INFO: Import ports from HDL: /home/johan2/Documents/fpga/zynq-pynq-gnss-receiver/vitis_workspace/gnss_correlator_hls/gnss_correlator_hls/hls/impl/ip/hdl/vhdl/gnss_correlator.vhd (gnss_correlator)
INFO: Add axi4lite interface s_axi_control
INFO: Add axi4lite interface s_axi_control_r
INFO: Add clock interface ap_clk
INFO: Add reset interface ap_rst_n
INFO: Add interrupt interface interrupt
INFO: [IP_Flow 19-234] Refreshing IP repositories
INFO: [IP_Flow 19-1704] No user IP repositories specified
INFO: [IP_Flow 19-2313] Loaded Vivado IP repository '/opt/Xilinx/2025.2/data/ip'.
INFO: Add axi4full interface m_axi_gmem0
INFO: Add axi4full interface m_axi_gmem1
INFO: Calling post_process_vitis to specialize IP
INFO: Calling post_process_sysgen to specialize IP
Generating sysgen info xml from json file
INFO: Created IP /home/johan2/Documents/fpga/zynq-pynq-gnss-receiver/vitis_workspace/gnss_correlator_hls/gnss_correlator_hls/hls/impl/ip/component.xml
INFO: Created IP archive /home/johan2/Documents/fpga/zynq-pynq-gnss-receiver/vitis_workspace/gnss_correlator_hls/gnss_correlator_hls/hls/impl/ip/xilinx_com_hls_gnss_correlator_1_0.zip
INFO: [Common 17-206] Exiting Vivado at Wed Sep 16 17:58:58 2026...
