

================================================================
== Vitis HLS Report for 'gnss_correlator'
================================================================
* Date:           Wed Sep 16 17:34:26 2026

* Version:        2025.2 (Build 6295257 on Nov 14 2025)
* Project:        gnss_correlator_hls
* Solution:       hls (Vivado IP Flow Target)
* Product family: zynq
* Target device:  xc7z020-clg484-1


================================================================
== Performance Estimates
================================================================
+ Timing: 
    * Summary: 
    +--------+----------+-----------+------------+
    |  Clock |  Target  | Estimated | Uncertainty|
    +--------+----------+-----------+------------+
    |ap_clk  |  25.00 ns|  46.744 ns|     6.75 ns|
    +--------+----------+-----------+------------+

+ Latency: 
    * Summary: 
    +---------+---------+----------+----------+-----+-----+---------+
    |  Latency (cycles) |  Latency (absolute) |  Interval | Pipeline|
    |   min   |   max   |    min   |    max   | min | max |   Type  |
    +---------+---------+----------+----------+-----+-----+---------+
    |        ?|        ?|         ?|         ?|    ?|    ?|       no|
    +---------+---------+----------+----------+-----+-----+---------+

    + Detail: 
        * Instance: 
        +----------------------------------------------------+------------------------------------------+---------+---------+----------+----------+-----+-----+-------------------+
        |                                                    |                                          |  Latency (cycles) |  Latency (absolute) |  Interval |      Pipeline     |
        |                      Instance                      |                  Module                  |   min   |   max   |    min   |    max   | min | max |        Type       |
        +----------------------------------------------------+------------------------------------------+---------+---------+----------+----------+-----+-----+-------------------+
        |grp_gnss_correlator_Pipeline_VITIS_LOOP_14_1_fu_92  |gnss_correlator_Pipeline_VITIS_LOOP_14_1  |        ?|        ?|         ?|         ?|    0|    0|  loop pipeline stp|
        +----------------------------------------------------+------------------------------------------+---------+---------+----------+----------+-----+-----+-------------------+

        * Loop: 
        N/A



================================================================
== Utilization Estimates
================================================================
* Summary: 
+-----------------+---------+-----+--------+-------+-----+
|       Name      | BRAM_18K| DSP |   FF   |  LUT  | URAM|
+-----------------+---------+-----+--------+-------+-----+
|DSP              |        -|    -|       -|      -|    -|
|Expression       |        -|    -|       0|    103|    -|
|FIFO             |        -|    -|       -|      -|    -|
|Instance         |        -|   20|    1419|   3007|    -|
|Memory           |        -|    -|       -|      -|    -|
|Multiplexer      |        -|    -|       0|     53|    -|
|Register         |        -|    -|     235|      -|    -|
+-----------------+---------+-----+--------+-------+-----+
|Total            |        0|   20|    1654|   3163|    0|
+-----------------+---------+-----+--------+-------+-----+
|Available        |      280|  220|  106400|  53200|    0|
+-----------------+---------+-----+--------+-------+-----+
|Utilization (%)  |        0|    9|       1|      5|    0|
+-----------------+---------+-----+--------+-------+-----+

+ Detail: 
    * Instance: 
    +----------------------------------------------------+------------------------------------------+---------+----+-----+-----+-----+
    |                      Instance                      |                  Module                  | BRAM_18K| DSP|  FF | LUT | URAM|
    +----------------------------------------------------+------------------------------------------+---------+----+-----+-----+-----+
    |fadd_32ns_32ns_32_4_full_dsp_1_U10                  |fadd_32ns_32ns_32_4_full_dsp_1            |        0|   2|  227|  403|    0|
    |fmul_32ns_32ns_32_2_max_dsp_1_U11                   |fmul_32ns_32ns_32_2_max_dsp_1             |        0|   3|  128|  320|    0|
    |fmul_32ns_32ns_32_2_max_dsp_1_U12                   |fmul_32ns_32ns_32_2_max_dsp_1             |        0|   3|  128|  320|    0|
    |fmul_32ns_32ns_32_2_max_dsp_1_U13                   |fmul_32ns_32ns_32_2_max_dsp_1             |        0|   3|  128|  320|    0|
    |fmul_32ns_32ns_32_2_max_dsp_1_U14                   |fmul_32ns_32ns_32_2_max_dsp_1             |        0|   3|  128|  320|    0|
    |fsub_32ns_32ns_32_4_full_dsp_1_U9                   |fsub_32ns_32ns_32_4_full_dsp_1            |        0|   2|  227|  403|    0|
    |grp_gnss_correlator_Pipeline_VITIS_LOOP_14_1_fu_92  |gnss_correlator_Pipeline_VITIS_LOOP_14_1  |        0|   4|  453|  921|    0|
    +----------------------------------------------------+------------------------------------------+---------+----+-----+-----+-----+
    |Total                                               |                                          |        0|  20| 1419| 3007|    0|
    +----------------------------------------------------+------------------------------------------+---------+----+-----+-----+-----+

    * DSP: 
    N/A

    * Memory: 
    N/A

    * FIFO: 
    N/A

    * Expression: 
    +---------------------+----------+----+---+----+------------+------------+
    |    Variable Name    | Operation| DSP| FF| LUT| Bitwidth P0| Bitwidth P1|
    +---------------------+----------+----+---+----+------------+------------+
    |icmp_ln14_fu_150_p2  |      icmp|   0|  0|  39|          32|           1|
    |corr_I               |    select|   0|  0|  32|           1|          32|
    |corr_Q               |    select|   0|  0|  32|           1|          32|
    +---------------------+----------+----+---+----+------------+------------+
    |Total                |          |   0|  0| 103|          34|          65|
    +---------------------+----------+----+---+----+------------+------------+

    * Multiplexer: 
    +-----------+----+-----------+-----+-----------+
    |    Name   | LUT| Input Size| Bits| Total Bits|
    +-----------+----+-----------+-----+-----------+
    |ap_NS_fsm  |  53|         10|    1|         10|
    +-----------+----+-----------+-----+-----------+
    |Total      |  53|         10|    1|         10|
    +-----------+----+-----------+-----+-----------+

    * Register: 
    +-----------------------------------------------------------------+----+----+-----+-----------+
    |                               Name                              | FF | LUT| Bits| Const Bits|
    +-----------------------------------------------------------------+----+----+-----+-----------+
    |add1_reg_247                                                     |  32|   0|   32|          0|
    |ap_CS_fsm                                                        |   9|   0|    9|          0|
    |grp_gnss_correlator_Pipeline_VITIS_LOOP_14_1_fu_92_ap_start_reg  |   1|   0|    1|          0|
    |icmp_ln14_reg_257                                                |   1|   0|    1|          0|
    |mul7_reg_227                                                     |  32|   0|   32|          0|
    |mul8_reg_232                                                     |  32|   0|   32|          0|
    |mul9_reg_237                                                     |  32|   0|   32|          0|
    |mul_reg_222                                                      |  32|   0|   32|          0|
    |num_samples_read_reg_252                                         |  32|   0|   32|          0|
    |sub_reg_242                                                      |  32|   0|   32|          0|
    +-----------------------------------------------------------------+----+----+-----+-----------+
    |Total                                                            | 235|   0|  235|          0|
    +-----------------------------------------------------------------+----+----+-----+-----------+



================================================================
== Interface
================================================================
* Summary: 
+---------------+-----+-----+------------+-----------------+--------------+
|   RTL Ports   | Dir | Bits|  Protocol  |  Source Object  |    C Type    |
+---------------+-----+-----+------------+-----------------+--------------+
|ap_clk         |   in|    1|  ap_ctrl_hs|  gnss_correlator|  return value|
|ap_rst         |   in|    1|  ap_ctrl_hs|  gnss_correlator|  return value|
|ap_start       |   in|    1|  ap_ctrl_hs|  gnss_correlator|  return value|
|ap_done        |  out|    1|  ap_ctrl_hs|  gnss_correlator|  return value|
|ap_idle        |  out|    1|  ap_ctrl_hs|  gnss_correlator|  return value|
|ap_ready       |  out|    1|  ap_ctrl_hs|  gnss_correlator|  return value|
|signal_I       |   in|   32|     ap_none|         signal_I|       pointer|
|signal_Q       |   in|   32|     ap_none|         signal_Q|       pointer|
|code_I         |   in|   32|     ap_none|           code_I|       pointer|
|code_Q         |   in|   32|     ap_none|           code_Q|       pointer|
|corr_I         |  out|   32|      ap_vld|           corr_I|       pointer|
|corr_I_ap_vld  |  out|    1|      ap_vld|           corr_I|       pointer|
|corr_Q         |  out|   32|      ap_vld|           corr_Q|       pointer|
|corr_Q_ap_vld  |  out|    1|      ap_vld|           corr_Q|       pointer|
|num_samples    |   in|   32|     ap_none|      num_samples|        scalar|
+---------------+-----+-----+------------+-----------------+--------------+

