Wed Sep 16 17:20:06 2026: Running xcd server. This server was built by gradle.
Wed Sep 16 17:20:06 2026: Server was asked to start on port: '39393'
Wed Sep 16 17:20:06 2026: Server is using token UUID: 'c14845a3-8bd9-49fb-b91c-9bc047f3f422'
Wed Sep 16 17:20:06 2026: SESSION_MGR: creating session with session uuid: '6d04a3e9-ade5-4ab9-8d63-1f78fcd2ec76' and name 'default'
Wed Sep 16 17:20:06 2026: Attempting to start server on port '39393'
Wed Sep 16 17:20:06 2026: XCD main fifo: created main fifo '/tmp/xcdmainc14845a3-8bd9-49fb-b91c-9bc047f3f422', fd read = 12
Wed Sep 16 17:20:06 2026: Running Dispatch Server
Wed Sep 16 17:20:06 2026: Version 2.2.0
Wed Sep 16 17:20:10 2026: Dispatch Server: Accepted socket connection from client
Wed Sep 16 17:20:10 2026: Starting Socket connection
Wed Sep 16 17:20:10 2026: EXCHANGE_TOKEN received, server token: c14845a3-8bd9-49fb-b91c-9bc047f3f422, passed token: c14845a3-8bd9-49fb-b91c-9bc047f3f422
Wed Sep 16 17:20:11 2026: DISPATCH_HANDLER: Adding handler from function makeHandler in library libxv_system_diagram
Wed Sep 16 17:20:11 2026: SESSION_MGR: creating session with session uuid: 'bc3fd95b-6c4f-4f65-9b31-aff3bab693f2' and name 'vitis-run_compile_gnss_correlator_hls'
Wed Sep 16 17:20:11 2026: KERNEL_SVC: creating session with uuid: 'bc3fd95b-6c4f-4f65-9b31-aff3bab693f2' and name 'vitis-run_compile_gnss_correlator_hls'
Wed Sep 16 17:20:11 2026: GUIDANCE_SMGR: creating guidance session with uuid: 'bc3fd95b-6c4f-4f65-9b31-aff3bab693f2' and name 'vitis-run_compile_gnss_correlator_hls'
Wed Sep 16 17:20:11 2026: SYSTEM_DIAGRAM: creating session with uuid: 'bc3fd95b-6c4f-4f65-9b31-aff3bab693f2' and name 'vitis-run_compile_gnss_correlator_hls'
Wed Sep 16 17:20:21 2026: Dispatch Server: Accepted socket connection from client
Wed Sep 16 17:20:21 2026: Starting Socket connection
Wed Sep 16 17:20:24 2026: SESSION_MGR: closing session for UUID 'bc3fd95b-6c4f-4f65-9b31-aff3bab693f2' with name 'vitis-run_compile_gnss_correlator_hls'
Wed Sep 16 17:20:24 2026: KERNEL_SVC: closing session for UUID 'bc3fd95b-6c4f-4f65-9b31-aff3bab693f2' with name 'vitis-run_compile_gnss_correlator_hls'
Wed Sep 16 17:20:24 2026: GUIDANCE_SMGR: closing session for UUID 'bc3fd95b-6c4f-4f65-9b31-aff3bab693f2' with name 'vitis-run_compile_gnss_correlator_hls'
Wed Sep 16 17:20:24 2026: SYSTEM_DIAGRAM: closing session for UUID 'bc3fd95b-6c4f-4f65-9b31-aff3bab693f2' with name 'vitis-run_compile_gnss_correlator_hls'
Wed Sep 16 17:20:24 2026: STOP_SERVER received, server token: c14845a3-8bd9-49fb-b91c-9bc047f3f422, passed token: c14845a3-8bd9-49fb-b91c-9bc047f3f422
Wed Sep 16 17:20:24 2026: Socket received request to stop server.
Wed Sep 16 17:20:24 2026: Dispatch Server: do_await_stop
Wed Sep 16 17:20:24 2026: Dispatch Server: stopping mainFifo_
Wed Sep 16 17:20:24 2026: XCD main fifo: Stopping
Wed Sep 16 17:20:24 2026: XCD main fifo: do_read error code: Operation canceled
Wed Sep 16 17:20:24 2026: XCD main fifo: bytes_transferred: 0
Wed Sep 16 17:20:24 2026: SERVER: destructor for server bound to port 39393
Wed Sep 16 17:20:24 2026: XCD main fifo: Good unlink of /tmp/xcdmainc14845a3-8bd9-49fb-b91c-9bc047f3f422
Wed Sep 16 17:20:24 2026: Server exiting with status 0.
Wed Sep 16 17:20:24 2026: Closing log file.
Wed Sep 16 17:21:07 2026: Running xcd server. This server was built by gradle.
Wed Sep 16 17:21:07 2026: Server was asked to start on port: '38365'
Wed Sep 16 17:21:07 2026: Server is using token UUID: '7f08fd98-2c91-4340-adb2-0f57bae28ac0'
Wed Sep 16 17:21:07 2026: SESSION_MGR: creating session with session uuid: '6d04a3e9-ade5-4ab9-8d63-1f78fcd2ec76' and name 'default'
Wed Sep 16 17:21:07 2026: Attempting to start server on port '38365'
Wed Sep 16 17:21:07 2026: XCD main fifo: created main fifo '/tmp/xcdmain7f08fd98-2c91-4340-adb2-0f57bae28ac0', fd read = 12
Wed Sep 16 17:21:07 2026: Running Dispatch Server
Wed Sep 16 17:21:07 2026: Version 2.2.0
Wed Sep 16 17:21:11 2026: Dispatch Server: Accepted socket connection from client
Wed Sep 16 17:21:11 2026: Starting Socket connection
Wed Sep 16 17:21:11 2026: EXCHANGE_TOKEN received, server token: 7f08fd98-2c91-4340-adb2-0f57bae28ac0, passed token: 7f08fd98-2c91-4340-adb2-0f57bae28ac0
Wed Sep 16 17:21:12 2026: DISPATCH_HANDLER: Adding handler from function makeHandler in library libxv_system_diagram
Wed Sep 16 17:21:12 2026: SESSION_MGR: creating session with session uuid: '08d7db37-5e0b-4629-8e53-9eee9cc3f68e' and name 'v++_compile_gnss_correlator_hls'
Wed Sep 16 17:21:12 2026: KERNEL_SVC: creating session with uuid: '08d7db37-5e0b-4629-8e53-9eee9cc3f68e' and name 'v++_compile_gnss_correlator_hls'
Wed Sep 16 17:21:12 2026: GUIDANCE_SMGR: creating guidance session with uuid: '08d7db37-5e0b-4629-8e53-9eee9cc3f68e' and name 'v++_compile_gnss_correlator_hls'
Wed Sep 16 17:21:12 2026: SYSTEM_DIAGRAM: creating session with uuid: '08d7db37-5e0b-4629-8e53-9eee9cc3f68e' and name 'v++_compile_gnss_correlator_hls'
Wed Sep 16 17:21:21 2026: Dispatch Server: Accepted socket connection from client
Wed Sep 16 17:21:21 2026: Starting Socket connection
Wed Sep 16 17:21:37 2026: SESSION_MGR: closing session for UUID '08d7db37-5e0b-4629-8e53-9eee9cc3f68e' with name 'v++_compile_gnss_correlator_hls'
Wed Sep 16 17:21:37 2026: KERNEL_SVC: closing session for UUID '08d7db37-5e0b-4629-8e53-9eee9cc3f68e' with name 'v++_compile_gnss_correlator_hls'
Wed Sep 16 17:21:37 2026: GUIDANCE_SMGR: closing session for UUID '08d7db37-5e0b-4629-8e53-9eee9cc3f68e' with name 'v++_compile_gnss_correlator_hls'
Wed Sep 16 17:21:37 2026: SYSTEM_DIAGRAM: closing session for UUID '08d7db37-5e0b-4629-8e53-9eee9cc3f68e' with name 'v++_compile_gnss_correlator_hls'
Wed Sep 16 17:21:37 2026: STOP_SERVER received, server token: 7f08fd98-2c91-4340-adb2-0f57bae28ac0, passed token: 7f08fd98-2c91-4340-adb2-0f57bae28ac0
Wed Sep 16 17:21:37 2026: Socket received request to stop server.
Wed Sep 16 17:21:37 2026: Dispatch Server: do_await_stop
Wed Sep 16 17:21:37 2026: Dispatch Server: stopping mainFifo_
Wed Sep 16 17:21:37 2026: XCD main fifo: Stopping
Wed Sep 16 17:21:37 2026: XCD main fifo: do_read error code: Operation canceled
Wed Sep 16 17:21:37 2026: XCD main fifo: bytes_transferred: 0
Wed Sep 16 17:21:37 2026: SERVER: destructor for server bound to port 38365
Wed Sep 16 17:21:37 2026: XCD main fifo: Good unlink of /tmp/xcdmain7f08fd98-2c91-4340-adb2-0f57bae28ac0
Wed Sep 16 17:21:37 2026: Server exiting with status 0.
Wed Sep 16 17:21:37 2026: Closing log file.
Wed Sep 16 17:26:31 2026: Running xcd server. This server was built by gradle.
Wed Sep 16 17:26:31 2026: Server was asked to start on port: '45693'
Wed Sep 16 17:26:31 2026: Server is using token UUID: '9029e0a8-7cd4-4c15-8af8-e40b0bfd2893'
Wed Sep 16 17:26:31 2026: SESSION_MGR: creating session with session uuid: '6d04a3e9-ade5-4ab9-8d63-1f78fcd2ec76' and name 'default'
Wed Sep 16 17:26:31 2026: Attempting to start server on port '45693'
Wed Sep 16 17:26:31 2026: XCD main fifo: created main fifo '/tmp/xcdmain9029e0a8-7cd4-4c15-8af8-e40b0bfd2893', fd read = 12
Wed Sep 16 17:26:31 2026: Running Dispatch Server
Wed Sep 16 17:26:31 2026: Version 2.2.0
Wed Sep 16 17:26:35 2026: Dispatch Server: Accepted socket connection from client
Wed Sep 16 17:26:35 2026: Starting Socket connection
Wed Sep 16 17:26:35 2026: EXCHANGE_TOKEN received, server token: 9029e0a8-7cd4-4c15-8af8-e40b0bfd2893, passed token: 9029e0a8-7cd4-4c15-8af8-e40b0bfd2893
Wed Sep 16 17:26:35 2026: DISPATCH_HANDLER: Adding handler from function makeHandler in library libxv_system_diagram
Wed Sep 16 17:26:35 2026: SESSION_MGR: creating session with session uuid: '7903ce60-d0fe-4e8a-86a3-9f79a356a3c3' and name 'v++_compile_gnss_correlator_hls'
Wed Sep 16 17:26:35 2026: KERNEL_SVC: creating session with uuid: '7903ce60-d0fe-4e8a-86a3-9f79a356a3c3' and name 'v++_compile_gnss_correlator_hls'
Wed Sep 16 17:26:35 2026: GUIDANCE_SMGR: creating guidance session with uuid: '7903ce60-d0fe-4e8a-86a3-9f79a356a3c3' and name 'v++_compile_gnss_correlator_hls'
Wed Sep 16 17:26:35 2026: SYSTEM_DIAGRAM: creating session with uuid: '7903ce60-d0fe-4e8a-86a3-9f79a356a3c3' and name 'v++_compile_gnss_correlator_hls'
Wed Sep 16 17:26:45 2026: Dispatch Server: Accepted socket connection from client
Wed Sep 16 17:26:45 2026: Starting Socket connection
Wed Sep 16 17:26:59 2026: SESSION_MGR: closing session for UUID '7903ce60-d0fe-4e8a-86a3-9f79a356a3c3' with name 'v++_compile_gnss_correlator_hls'
Wed Sep 16 17:26:59 2026: KERNEL_SVC: closing session for UUID '7903ce60-d0fe-4e8a-86a3-9f79a356a3c3' with name 'v++_compile_gnss_correlator_hls'
Wed Sep 16 17:26:59 2026: GUIDANCE_SMGR: closing session for UUID '7903ce60-d0fe-4e8a-86a3-9f79a356a3c3' with name 'v++_compile_gnss_correlator_hls'
Wed Sep 16 17:27:00 2026: SYSTEM_DIAGRAM: closing session for UUID '7903ce60-d0fe-4e8a-86a3-9f79a356a3c3' with name 'v++_compile_gnss_correlator_hls'
Wed Sep 16 17:27:00 2026: STOP_SERVER received, server token: 9029e0a8-7cd4-4c15-8af8-e40b0bfd2893, passed token: 9029e0a8-7cd4-4c15-8af8-e40b0bfd2893
Wed Sep 16 17:27:00 2026: Socket received request to stop server.
Wed Sep 16 17:27:00 2026: Dispatch Server: do_await_stop
Wed Sep 16 17:27:00 2026: Dispatch Server: stopping mainFifo_
Wed Sep 16 17:27:00 2026: XCD main fifo: Stopping
Wed Sep 16 17:27:00 2026: XCD main fifo: do_read error code: Operation canceled
Wed Sep 16 17:27:00 2026: XCD main fifo: bytes_transferred: 0
Wed Sep 16 17:27:00 2026: SERVER: destructor for server bound to port 45693
Wed Sep 16 17:27:00 2026: XCD main fifo: Good unlink of /tmp/xcdmain9029e0a8-7cd4-4c15-8af8-e40b0bfd2893
Wed Sep 16 17:27:00 2026: Server exiting with status 0.
Wed Sep 16 17:27:00 2026: Closing log file.
Wed Sep 16 17:32:14 2026: Running xcd server. This server was built by gradle.
Wed Sep 16 17:32:14 2026: Server was asked to start on port: '42777'
Wed Sep 16 17:32:14 2026: Server is using token UUID: '2109d730-6a8d-4db3-8949-1b04f2712cc3'
Wed Sep 16 17:32:14 2026: SESSION_MGR: creating session with session uuid: '6d04a3e9-ade5-4ab9-8d63-1f78fcd2ec76' and name 'default'
Wed Sep 16 17:32:14 2026: Attempting to start server on port '42777'
Wed Sep 16 17:32:14 2026: XCD main fifo: created main fifo '/tmp/xcdmain2109d730-6a8d-4db3-8949-1b04f2712cc3', fd read = 12
Wed Sep 16 17:32:14 2026: Running Dispatch Server
Wed Sep 16 17:32:14 2026: Version 2.2.0
Wed Sep 16 17:32:17 2026: Dispatch Server: Accepted socket connection from client
Wed Sep 16 17:32:17 2026: Starting Socket connection
Wed Sep 16 17:32:17 2026: EXCHANGE_TOKEN received, server token: 2109d730-6a8d-4db3-8949-1b04f2712cc3, passed token: 2109d730-6a8d-4db3-8949-1b04f2712cc3
Wed Sep 16 17:32:18 2026: DISPATCH_HANDLER: Adding handler from function makeHandler in library libxv_system_diagram
Wed Sep 16 17:32:18 2026: SESSION_MGR: creating session with session uuid: 'b13cc04a-a828-4467-b3ab-964ef986bdc9' and name 'vitis-run_compile_gnss_correlator_hls'
Wed Sep 16 17:32:18 2026: KERNEL_SVC: creating session with uuid: 'b13cc04a-a828-4467-b3ab-964ef986bdc9' and name 'vitis-run_compile_gnss_correlator_hls'
Wed Sep 16 17:32:18 2026: GUIDANCE_SMGR: creating guidance session with uuid: 'b13cc04a-a828-4467-b3ab-964ef986bdc9' and name 'vitis-run_compile_gnss_correlator_hls'
Wed Sep 16 17:32:18 2026: SYSTEM_DIAGRAM: creating session with uuid: 'b13cc04a-a828-4467-b3ab-964ef986bdc9' and name 'vitis-run_compile_gnss_correlator_hls'
Wed Sep 16 17:32:27 2026: Dispatch Server: Accepted socket connection from client
Wed Sep 16 17:32:27 2026: Starting Socket connection
Wed Sep 16 17:32:45 2026: Running xcd server. This server was built by gradle.
Wed Sep 16 17:32:45 2026: Server was asked to start on port: '36209'
Wed Sep 16 17:32:45 2026: Server is using token UUID: '8b0725a9-5a95-4d59-aea6-658109a0e155'
Wed Sep 16 17:32:45 2026: SESSION_MGR: creating session with session uuid: '6d04a3e9-ade5-4ab9-8d63-1f78fcd2ec76' and name 'default'
Wed Sep 16 17:32:45 2026: Attempting to start server on port '36209'
Wed Sep 16 17:32:45 2026: XCD main fifo: created main fifo '/tmp/xcdmain8b0725a9-5a95-4d59-aea6-658109a0e155', fd read = 12
Wed Sep 16 17:32:45 2026: Running Dispatch Server
Wed Sep 16 17:32:45 2026: Version 2.2.0
Wed Sep 16 17:32:48 2026: Dispatch Server: Accepted socket connection from client
Wed Sep 16 17:32:48 2026: Starting Socket connection
Wed Sep 16 17:32:48 2026: EXCHANGE_TOKEN received, server token: 8b0725a9-5a95-4d59-aea6-658109a0e155, passed token: 8b0725a9-5a95-4d59-aea6-658109a0e155
Wed Sep 16 17:32:49 2026: DISPATCH_HANDLER: Adding handler from function makeHandler in library libxv_system_diagram
Wed Sep 16 17:32:49 2026: SESSION_MGR: creating session with session uuid: 'ece00aaa-65de-4709-a6c7-29775795015b' and name 'vitis-run_compile_gnss_correlator_hls'
Wed Sep 16 17:32:49 2026: KERNEL_SVC: creating session with uuid: 'ece00aaa-65de-4709-a6c7-29775795015b' and name 'vitis-run_compile_gnss_correlator_hls'
Wed Sep 16 17:32:49 2026: GUIDANCE_SMGR: creating guidance session with uuid: 'ece00aaa-65de-4709-a6c7-29775795015b' and name 'vitis-run_compile_gnss_correlator_hls'
Wed Sep 16 17:32:49 2026: SYSTEM_DIAGRAM: creating session with uuid: 'ece00aaa-65de-4709-a6c7-29775795015b' and name 'vitis-run_compile_gnss_correlator_hls'
Wed Sep 16 17:32:59 2026: Dispatch Server: Accepted socket connection from client
Wed Sep 16 17:32:59 2026: Starting Socket connection
Wed Sep 16 17:33:00 2026: SESSION_MGR: closing session for UUID 'ece00aaa-65de-4709-a6c7-29775795015b' with name 'vitis-run_compile_gnss_correlator_hls'
Wed Sep 16 17:33:00 2026: KERNEL_SVC: closing session for UUID 'ece00aaa-65de-4709-a6c7-29775795015b' with name 'vitis-run_compile_gnss_correlator_hls'
Wed Sep 16 17:33:00 2026: GUIDANCE_SMGR: closing session for UUID 'ece00aaa-65de-4709-a6c7-29775795015b' with name 'vitis-run_compile_gnss_correlator_hls'
Wed Sep 16 17:33:00 2026: SYSTEM_DIAGRAM: closing session for UUID 'ece00aaa-65de-4709-a6c7-29775795015b' with name 'vitis-run_compile_gnss_correlator_hls'
Wed Sep 16 17:33:00 2026: STOP_SERVER received, server token: 8b0725a9-5a95-4d59-aea6-658109a0e155, passed token: 8b0725a9-5a95-4d59-aea6-658109a0e155
Wed Sep 16 17:33:00 2026: Socket received request to stop server.
Wed Sep 16 17:33:00 2026: Dispatch Server: do_await_stop
Wed Sep 16 17:33:00 2026: Dispatch Server: stopping mainFifo_
Wed Sep 16 17:33:00 2026: XCD main fifo: Stopping
Wed Sep 16 17:33:00 2026: XCD main fifo: do_read error code: Operation canceled
Wed Sep 16 17:33:00 2026: XCD main fifo: bytes_transferred: 0
Wed Sep 16 17:33:00 2026: SERVER: destructor for server bound to port 36209
Wed Sep 16 17:33:00 2026: XCD main fifo: Good unlink of /tmp/xcdmain8b0725a9-5a95-4d59-aea6-658109a0e155
Wed Sep 16 17:33:00 2026: Server exiting with status 0.
Wed Sep 16 17:33:00 2026: Closing log file.
Wed Sep 16 17:33:59 2026: Running xcd server. This server was built by gradle.
Wed Sep 16 17:33:59 2026: Server was asked to start on port: '42781'
Wed Sep 16 17:33:59 2026: Server is using token UUID: '5b731557-4c8a-4166-a19b-c4295c40a089'
Wed Sep 16 17:33:59 2026: SESSION_MGR: creating session with session uuid: '6d04a3e9-ade5-4ab9-8d63-1f78fcd2ec76' and name 'default'
Wed Sep 16 17:33:59 2026: Attempting to start server on port '42781'
Wed Sep 16 17:33:59 2026: XCD main fifo: created main fifo '/tmp/xcdmain5b731557-4c8a-4166-a19b-c4295c40a089', fd read = 12
Wed Sep 16 17:33:59 2026: Running Dispatch Server
Wed Sep 16 17:33:59 2026: Version 2.2.0
Wed Sep 16 17:34:02 2026: Dispatch Server: Accepted socket connection from client
Wed Sep 16 17:34:02 2026: Starting Socket connection
Wed Sep 16 17:34:02 2026: EXCHANGE_TOKEN received, server token: 5b731557-4c8a-4166-a19b-c4295c40a089, passed token: 5b731557-4c8a-4166-a19b-c4295c40a089
Wed Sep 16 17:34:03 2026: DISPATCH_HANDLER: Adding handler from function makeHandler in library libxv_system_diagram
Wed Sep 16 17:34:03 2026: SESSION_MGR: creating session with session uuid: 'e0da462c-5ac5-484f-b18e-de8b4b7cbba8' and name 'v++_compile_gnss_correlator_hls'
Wed Sep 16 17:34:03 2026: KERNEL_SVC: creating session with uuid: 'e0da462c-5ac5-484f-b18e-de8b4b7cbba8' and name 'v++_compile_gnss_correlator_hls'
Wed Sep 16 17:34:03 2026: GUIDANCE_SMGR: creating guidance session with uuid: 'e0da462c-5ac5-484f-b18e-de8b4b7cbba8' and name 'v++_compile_gnss_correlator_hls'
Wed Sep 16 17:34:03 2026: SYSTEM_DIAGRAM: creating session with uuid: 'e0da462c-5ac5-484f-b18e-de8b4b7cbba8' and name 'v++_compile_gnss_correlator_hls'
Wed Sep 16 17:34:14 2026: Dispatch Server: Accepted socket connection from client
Wed Sep 16 17:34:14 2026: Starting Socket connection
Wed Sep 16 17:34:28 2026: SESSION_MGR: closing session for UUID 'e0da462c-5ac5-484f-b18e-de8b4b7cbba8' with name 'v++_compile_gnss_correlator_hls'
Wed Sep 16 17:34:28 2026: KERNEL_SVC: closing session for UUID 'e0da462c-5ac5-484f-b18e-de8b4b7cbba8' with name 'v++_compile_gnss_correlator_hls'
Wed Sep 16 17:34:28 2026: GUIDANCE_SMGR: closing session for UUID 'e0da462c-5ac5-484f-b18e-de8b4b7cbba8' with name 'v++_compile_gnss_correlator_hls'
Wed Sep 16 17:34:28 2026: SYSTEM_DIAGRAM: closing session for UUID 'e0da462c-5ac5-484f-b18e-de8b4b7cbba8' with name 'v++_compile_gnss_correlator_hls'
Wed Sep 16 17:34:28 2026: STOP_SERVER received, server token: 5b731557-4c8a-4166-a19b-c4295c40a089, passed token: 5b731557-4c8a-4166-a19b-c4295c40a089
Wed Sep 16 17:34:28 2026: Socket received request to stop server.
Wed Sep 16 17:34:28 2026: Dispatch Server: do_await_stop
Wed Sep 16 17:34:28 2026: Dispatch Server: stopping mainFifo_
Wed Sep 16 17:34:28 2026: XCD main fifo: Stopping
Wed Sep 16 17:34:28 2026: XCD main fifo: do_read error code: Operation canceled
Wed Sep 16 17:34:28 2026: XCD main fifo: bytes_transferred: 0
Wed Sep 16 17:34:28 2026: SERVER: destructor for server bound to port 42781
Wed Sep 16 17:34:28 2026: XCD main fifo: Good unlink of /tmp/xcdmain5b731557-4c8a-4166-a19b-c4295c40a089
Wed Sep 16 17:34:28 2026: Server exiting with status 0.
Wed Sep 16 17:34:28 2026: Closing log file.
Wed Sep 16 17:41:11 2026: Running xcd server. This server was built by gradle.
Wed Sep 16 17:41:11 2026: Server was asked to start on port: '38823'
Wed Sep 16 17:41:11 2026: Server is using token UUID: '54fd50db-f93f-45a9-9e66-c8c1764f92b8'
Wed Sep 16 17:41:11 2026: SESSION_MGR: creating session with session uuid: '6d04a3e9-ade5-4ab9-8d63-1f78fcd2ec76' and name 'default'
Wed Sep 16 17:41:11 2026: Attempting to start server on port '38823'
Wed Sep 16 17:41:11 2026: XCD main fifo: created main fifo '/tmp/xcdmain54fd50db-f93f-45a9-9e66-c8c1764f92b8', fd read = 12
Wed Sep 16 17:41:11 2026: Running Dispatch Server
Wed Sep 16 17:41:11 2026: Version 2.2.0
Wed Sep 16 17:41:14 2026: Dispatch Server: Accepted socket connection from client
Wed Sep 16 17:41:14 2026: Starting Socket connection
Wed Sep 16 17:41:14 2026: EXCHANGE_TOKEN received, server token: 54fd50db-f93f-45a9-9e66-c8c1764f92b8, passed token: 54fd50db-f93f-45a9-9e66-c8c1764f92b8
Wed Sep 16 17:41:15 2026: DISPATCH_HANDLER: Adding handler from function makeHandler in library libxv_system_diagram
Wed Sep 16 17:41:15 2026: SESSION_MGR: creating session with session uuid: 'd981dbf3-b836-43ac-80ea-9e01887f72bf' and name 'vitis-run_compile_gnss_correlator_hls'
Wed Sep 16 17:41:15 2026: KERNEL_SVC: creating session with uuid: 'd981dbf3-b836-43ac-80ea-9e01887f72bf' and name 'vitis-run_compile_gnss_correlator_hls'
Wed Sep 16 17:41:15 2026: GUIDANCE_SMGR: creating guidance session with uuid: 'd981dbf3-b836-43ac-80ea-9e01887f72bf' and name 'vitis-run_compile_gnss_correlator_hls'
Wed Sep 16 17:41:15 2026: SYSTEM_DIAGRAM: creating session with uuid: 'd981dbf3-b836-43ac-80ea-9e01887f72bf' and name 'vitis-run_compile_gnss_correlator_hls'
Wed Sep 16 17:41:26 2026: Dispatch Server: Accepted socket connection from client
Wed Sep 16 17:41:26 2026: Starting Socket connection
Wed Sep 16 17:41:31 2026: SESSION_MGR: closing session for UUID 'd981dbf3-b836-43ac-80ea-9e01887f72bf' with name 'vitis-run_compile_gnss_correlator_hls'
Wed Sep 16 17:41:31 2026: KERNEL_SVC: closing session for UUID 'd981dbf3-b836-43ac-80ea-9e01887f72bf' with name 'vitis-run_compile_gnss_correlator_hls'
Wed Sep 16 17:41:31 2026: GUIDANCE_SMGR: closing session for UUID 'd981dbf3-b836-43ac-80ea-9e01887f72bf' with name 'vitis-run_compile_gnss_correlator_hls'
Wed Sep 16 17:41:31 2026: SYSTEM_DIAGRAM: closing session for UUID 'd981dbf3-b836-43ac-80ea-9e01887f72bf' with name 'vitis-run_compile_gnss_correlator_hls'
Wed Sep 16 17:41:31 2026: STOP_SERVER received, server token: 54fd50db-f93f-45a9-9e66-c8c1764f92b8, passed token: 54fd50db-f93f-45a9-9e66-c8c1764f92b8
Wed Sep 16 17:41:31 2026: Socket received request to stop server.
Wed Sep 16 17:41:31 2026: Dispatch Server: do_await_stop
Wed Sep 16 17:41:31 2026: Dispatch Server: stopping mainFifo_
Wed Sep 16 17:41:31 2026: XCD main fifo: Stopping
Wed Sep 16 17:41:31 2026: XCD main fifo: do_read error code: Operation canceled
Wed Sep 16 17:41:31 2026: XCD main fifo: bytes_transferred: 0
Wed Sep 16 17:41:31 2026: SERVER: destructor for server bound to port 38823
Wed Sep 16 17:41:31 2026: XCD main fifo: Good unlink of /tmp/xcdmain54fd50db-f93f-45a9-9e66-c8c1764f92b8
Wed Sep 16 17:41:31 2026: Server exiting with status 0.
Wed Sep 16 17:41:31 2026: Closing log file.
Wed Sep 16 17:42:04 2026: Running xcd server. This server was built by gradle.
Wed Sep 16 17:42:04 2026: Server was asked to start on port: '38043'
Wed Sep 16 17:42:04 2026: Server is using token UUID: '09edce3f-7264-49fd-9eff-74fe8f079cb2'
Wed Sep 16 17:42:04 2026: SESSION_MGR: creating session with session uuid: '6d04a3e9-ade5-4ab9-8d63-1f78fcd2ec76' and name 'default'
Wed Sep 16 17:42:04 2026: Attempting to start server on port '38043'
Wed Sep 16 17:42:04 2026: XCD main fifo: created main fifo '/tmp/xcdmain09edce3f-7264-49fd-9eff-74fe8f079cb2', fd read = 12
Wed Sep 16 17:42:04 2026: Running Dispatch Server
Wed Sep 16 17:42:04 2026: Version 2.2.0
Wed Sep 16 17:42:08 2026: Dispatch Server: Accepted socket connection from client
Wed Sep 16 17:42:08 2026: Starting Socket connection
Wed Sep 16 17:42:08 2026: EXCHANGE_TOKEN received, server token: 09edce3f-7264-49fd-9eff-74fe8f079cb2, passed token: 09edce3f-7264-49fd-9eff-74fe8f079cb2
Wed Sep 16 17:42:08 2026: DISPATCH_HANDLER: Adding handler from function makeHandler in library libxv_system_diagram
Wed Sep 16 17:42:08 2026: SESSION_MGR: creating session with session uuid: 'a85a3e59-30f8-4be6-b3a7-c9e843af3b54' and name 'v++_compile_gnss_correlator_hls'
Wed Sep 16 17:42:08 2026: KERNEL_SVC: creating session with uuid: 'a85a3e59-30f8-4be6-b3a7-c9e843af3b54' and name 'v++_compile_gnss_correlator_hls'
Wed Sep 16 17:42:08 2026: GUIDANCE_SMGR: creating guidance session with uuid: 'a85a3e59-30f8-4be6-b3a7-c9e843af3b54' and name 'v++_compile_gnss_correlator_hls'
Wed Sep 16 17:42:08 2026: SYSTEM_DIAGRAM: creating session with uuid: 'a85a3e59-30f8-4be6-b3a7-c9e843af3b54' and name 'v++_compile_gnss_correlator_hls'
Wed Sep 16 17:42:18 2026: Dispatch Server: Accepted socket connection from client
Wed Sep 16 17:42:18 2026: Starting Socket connection
Wed Sep 16 17:42:54 2026: SESSION_MGR: closing session for UUID 'a85a3e59-30f8-4be6-b3a7-c9e843af3b54' with name 'v++_compile_gnss_correlator_hls'
Wed Sep 16 17:42:54 2026: KERNEL_SVC: closing session for UUID 'a85a3e59-30f8-4be6-b3a7-c9e843af3b54' with name 'v++_compile_gnss_correlator_hls'
Wed Sep 16 17:42:54 2026: GUIDANCE_SMGR: closing session for UUID 'a85a3e59-30f8-4be6-b3a7-c9e843af3b54' with name 'v++_compile_gnss_correlator_hls'
Wed Sep 16 17:42:54 2026: SYSTEM_DIAGRAM: closing session for UUID 'a85a3e59-30f8-4be6-b3a7-c9e843af3b54' with name 'v++_compile_gnss_correlator_hls'
Wed Sep 16 17:42:54 2026: STOP_SERVER received, server token: 09edce3f-7264-49fd-9eff-74fe8f079cb2, passed token: 09edce3f-7264-49fd-9eff-74fe8f079cb2
Wed Sep 16 17:42:54 2026: Socket received request to stop server.
Wed Sep 16 17:42:54 2026: Dispatch Server: do_await_stop
Wed Sep 16 17:42:54 2026: Dispatch Server: stopping mainFifo_
Wed Sep 16 17:42:54 2026: XCD main fifo: Stopping
Wed Sep 16 17:42:54 2026: XCD main fifo: do_read error code: Operation canceled
Wed Sep 16 17:42:54 2026: XCD main fifo: bytes_transferred: 0
Wed Sep 16 17:42:54 2026: SERVER: destructor for server bound to port 38043
Wed Sep 16 17:42:54 2026: XCD main fifo: Good unlink of /tmp/xcdmain09edce3f-7264-49fd-9eff-74fe8f079cb2
Wed Sep 16 17:42:54 2026: Server exiting with status 0.
Wed Sep 16 17:42:54 2026: Closing log file.
Wed Sep 16 17:58:15 2026: Running xcd server. This server was built by gradle.
Wed Sep 16 17:58:15 2026: Server was asked to start on port: '35153'
Wed Sep 16 17:58:15 2026: Server is using token UUID: '8d0dd088-cc48-4a85-acf7-40e3245beacd'
Wed Sep 16 17:58:15 2026: SESSION_MGR: creating session with session uuid: '6d04a3e9-ade5-4ab9-8d63-1f78fcd2ec76' and name 'default'
Wed Sep 16 17:58:15 2026: Attempting to start server on port '35153'
Wed Sep 16 17:58:15 2026: XCD main fifo: created main fifo '/tmp/xcdmain8d0dd088-cc48-4a85-acf7-40e3245beacd', fd read = 12
Wed Sep 16 17:58:15 2026: Running Dispatch Server
Wed Sep 16 17:58:15 2026: Version 2.2.0
Wed Sep 16 17:58:19 2026: Dispatch Server: Accepted socket connection from client
Wed Sep 16 17:58:19 2026: Starting Socket connection
Wed Sep 16 17:58:19 2026: EXCHANGE_TOKEN received, server token: 8d0dd088-cc48-4a85-acf7-40e3245beacd, passed token: 8d0dd088-cc48-4a85-acf7-40e3245beacd
Wed Sep 16 17:58:20 2026: DISPATCH_HANDLER: Adding handler from function makeHandler in library libxv_system_diagram
Wed Sep 16 17:58:20 2026: SESSION_MGR: creating session with session uuid: '7c59d2e5-c8ee-447d-beeb-9be51969cafd' and name 'vitis-run_compile_gnss_correlator_hls'
Wed Sep 16 17:58:20 2026: KERNEL_SVC: creating session with uuid: '7c59d2e5-c8ee-447d-beeb-9be51969cafd' and name 'vitis-run_compile_gnss_correlator_hls'
Wed Sep 16 17:58:20 2026: GUIDANCE_SMGR: creating guidance session with uuid: '7c59d2e5-c8ee-447d-beeb-9be51969cafd' and name 'vitis-run_compile_gnss_correlator_hls'
Wed Sep 16 17:58:20 2026: SYSTEM_DIAGRAM: creating session with uuid: '7c59d2e5-c8ee-447d-beeb-9be51969cafd' and name 'vitis-run_compile_gnss_correlator_hls'
Wed Sep 16 17:58:30 2026: Dispatch Server: Accepted socket connection from client
Wed Sep 16 17:58:30 2026: Starting Socket connection
Wed Sep 16 17:59:50 2026: Dispatch Server: Accepted socket connection from client
Wed Sep 16 17:59:50 2026: Starting Socket connection
Wed Sep 16 18:02:42 2026: Dispatch Server: Accepted socket connection from client
Wed Sep 16 18:02:42 2026: Starting Socket connection
Wed Sep 16 18:05:00 2026: Dispatch Server: Accepted socket connection from client
Wed Sep 16 18:05:00 2026: Starting Socket connection
Wed Sep 16 18:10:19 2026: SESSION_MGR: closing session for UUID '7c59d2e5-c8ee-447d-beeb-9be51969cafd' with name 'vitis-run_compile_gnss_correlator_hls'
Wed Sep 16 18:10:19 2026: KERNEL_SVC: closing session for UUID '7c59d2e5-c8ee-447d-beeb-9be51969cafd' with name 'vitis-run_compile_gnss_correlator_hls'
Wed Sep 16 18:10:19 2026: GUIDANCE_SMGR: closing session for UUID '7c59d2e5-c8ee-447d-beeb-9be51969cafd' with name 'vitis-run_compile_gnss_correlator_hls'
Wed Sep 16 18:10:19 2026: SYSTEM_DIAGRAM: closing session for UUID '7c59d2e5-c8ee-447d-beeb-9be51969cafd' with name 'vitis-run_compile_gnss_correlator_hls'
Wed Sep 16 18:10:19 2026: STOP_SERVER received, server token: 8d0dd088-cc48-4a85-acf7-40e3245beacd, passed token: 8d0dd088-cc48-4a85-acf7-40e3245beacd
Wed Sep 16 18:10:19 2026: Socket received request to stop server.
Wed Sep 16 18:10:19 2026: Dispatch Server: do_await_stop
Wed Sep 16 18:10:19 2026: Dispatch Server: stopping mainFifo_
Wed Sep 16 18:10:19 2026: XCD main fifo: Stopping
Wed Sep 16 18:10:19 2026: XCD main fifo: do_read error code: Operation canceled
Wed Sep 16 18:10:19 2026: XCD main fifo: bytes_transferred: 0
Wed Sep 16 18:10:19 2026: SERVER: destructor for server bound to port 35153
Wed Sep 16 18:10:19 2026: XCD main fifo: Good unlink of /tmp/xcdmain8d0dd088-cc48-4a85-acf7-40e3245beacd
Wed Sep 16 18:10:19 2026: Server exiting with status 0.
Wed Sep 16 18:10:19 2026: Closing log file.
