

Implementation tool: Xilinx Vivado v.2025.2
Project:             enhanced_correlator
Solution:            hls
Device target:       xc7z020-clg484-1
Report date:         Sun Sep 20 22:03:19 IST 2026

#=== Post-Implementation Resource usage ===
SLICE:         3116
LUT:           8910
FF:            9157
DSP:             39
BRAM:             2
URAM:             0
LATCH:            0
SRL:            202
CLB:              0

#=== Final timing ===
CP required:                     10.000
CP achieved post-synthesis:      8.276
CP achieved post-implementation: 8.671
Timing met
