================================================================
== Vivado RTL Synthesis Results
================================================================
+ General Information:
    * Date:            Sun Sep 20 22:03:22 IST 2026
    * Version:         2025.2 (Build 6295257 on Nov 14 2025)
    * Project:         enhanced_correlator
    * Solution:        hls (Vivado IP Flow Target)
    * Product family:  zynq
    * Target device:   xc7z020-clg484-1


================================================================
== Run Constraints & Options
================================================================
+ Design Constraints & Options:
    * RTL Synthesis target clock:  10 ns
    * C-Synthesis target clock:    10 ns
    * C-Synthesis uncertainty:     27%

+ RTL Synthesis Options:
    * config_export -vivado_synth_strategy:     default
    * config_export -vivado_synth_design_args:  -directive sdx_optimization_effort_high

+ Reporting Options:
    * config_export -vivado_report_level:      2
    * config_export -vivado_max_timing_paths:  10


================================================================
== RTL Synthesis Resource Summary
================================================================
LUT:              9289
FF:               9272
DSP:              39
BRAM:             2
URAM:             0
SRL:              314


================================================================
== RTL Synthesis Timing Summary
================================================================
* Timing was met
+----------------+-------------+
| Timing         | Period (ns) |
+----------------+-------------+
| Target         | 10.000      |
| Post-Synthesis | 8.276       |
+----------------+-------------+


================================================================
== RTL Synthesis Resources
================================================================
+----------------------------------------------+-----+----+-----+------+------+-----+--------+------+---------+----------+--------+
| Name                                         | LUT | FF | DSP | BRAM | URAM | SRL | Pragma | Impl | Latency | Variable | Source |
+----------------------------------------------+-----+----+-----+------+------+-----+--------+------+---------+----------+--------+
| inst                                         |     |    |     |      |      | 314 |        |      |         |          |        |
|   (inst)                                     |     |    |     |      |      |     |        |      |         |          |        |
|   control_r_s_axi_U                          |     |    |     |      |      |     |        |      |         |          |        |
|   control_s_axi_U                            |     |    |     |      |      |     |        |      |         |          |        |
|   fadd_32ns_32ns_32_5_full_dsp_1_U29         |     |    |     |      |      |     |        |      |         |          |        |
|     (fadd_32ns_32ns_32_5_full_dsp_1_U29)     |     |    |     |      |      |     |        |      |         |          |        |
|   fadd_32ns_32ns_32_5_full_dsp_1_U30         |     |    |     |      |      |     |        |      |         |          |        |
|   faddfsub_32ns_32ns_32_5_full_dsp_1_U28     |     |    |     |      |      |     |        |      |         |          |        |
|     (faddfsub_32ns_32ns_32_5_full_dsp_1_U28) |     |    |     |      |      |     |        |      |         |          |        |
|   fcmp_32ns_32ns_1_2_no_dsp_1_U39            |     |    |     |      |      |     |        |      |         |          |        |
|     (fcmp_32ns_32ns_1_2_no_dsp_1_U39)        |     |    |     |      |      |     |        |      |         |          |        |
|   fdiv_32ns_32ns_32_16_no_dsp_1_U35          |     |    |     |      |      | 34  |        |      |         |          |        |
|   fdiv_32ns_32ns_32_16_no_dsp_1_U36          |     |    |     |      |      | 34  |        |      |         |          |        |
|   fdiv_32ns_32ns_32_16_no_dsp_1_U37          |     |    |     |      |      | 34  |        |      |         |          |        |
|   fmul_32ns_32ns_32_4_max_dsp_1_U31          |     |    |     |      |      |     |        |      |         |          |        |
|     (fmul_32ns_32ns_32_4_max_dsp_1_U31)      |     |    |     |      |      |     |        |      |         |          |        |
|   fmul_32ns_32ns_32_4_max_dsp_1_U32          |     |    |     |      |      |     |        |      |         |          |        |
|     (fmul_32ns_32ns_32_4_max_dsp_1_U32)      |     |    |     |      |      |     |        |      |         |          |        |
|   fmul_32ns_32ns_32_4_max_dsp_1_U33          |     |    |     |      |      |     |        |      |         |          |        |
|   fmul_32ns_32ns_32_4_max_dsp_1_U34          |     |    |     |      |      |     |        |      |         |          |        |
|   gmem0_m_axi_U                              |     |    |     |      |      | 64  |        |      |         |          |        |
|   gmem1_m_axi_U                              |     |    |     |      |      | 64  |        |      |         |          |        |
|   grp_sin_or_cos_float_s_fu_479              |     |    |     |      |      | 67  |        |      |         |          |        |
|     (grp_sin_or_cos_float_s_fu_479)          |     |    |     |      |      | 52  |        |      |         |          |        |
|     ctlz_32_32_1_1_U10                       |     |    |     |      |      |     |        |      |         |          |        |
|     ctlz_32_32_1_1_U11                       |     |    |     |      |      |     |        |      |         |          |        |
|     mul_15ns_15ns_30_1_1_U8                  |     |    |     |      |      |     |        |      |         |          |        |
|     mul_15ns_15s_30_1_1_U9                   |     |    |     |      |      |     |        |      |         |          |        |
|     mul_23s_22ns_45_1_1_U1                   |     |    |     |      |      |     |        |      |         |          |        |
|     mul_30s_29ns_58_2_1_U2                   |     |    |     |      |      |     |        |      |         |          |        |
|     mul_80s_24ns_80_5_1_U3                   |     |    |     |      |      |     |        |      |         |          |        |
|     ref_4oPi_table_100_U                     |     |    |     |      |      |     |        |      |         |          |        |
|     second_order_float_sin_cos_K0_U          |     |    |     |      |      |     |        |      |         |          |        |
|     second_order_float_sin_cos_K1_U          |     |    |     |      |      |     |        |      |         |          |        |
|     second_order_float_sin_cos_K2_U          |     |    |     |      |      |     |        |      |         |          |        |
|   grp_sin_or_cos_float_s_fu_495              |     |    |     |      |      | 16  |        |      |         |          |        |
|     (grp_sin_or_cos_float_s_fu_495)          |     |    |     |      |      | 16  |        |      |         |          |        |
|     ctlz_32_32_1_1_U10                       |     |    |     |      |      |     |        |      |         |          |        |
|     ctlz_32_32_1_1_U11                       |     |    |     |      |      |     |        |      |         |          |        |
|     mul_15ns_15ns_30_1_1_U8                  |     |    |     |      |      |     |        |      |         |          |        |
|     mul_15ns_15s_30_1_1_U9                   |     |    |     |      |      |     |        |      |         |          |        |
|     mul_23s_22ns_45_1_1_U1                   |     |    |     |      |      |     |        |      |         |          |        |
|     mul_30s_29ns_58_2_1_U2                   |     |    |     |      |      |     |        |      |         |          |        |
|     second_order_float_sin_cos_K0_U          |     |    |     |      |      |     |        |      |         |          |        |
|     second_order_float_sin_cos_K1_U          |     |    |     |      |      |     |        |      |         |          |        |
|     second_order_float_sin_cos_K2_U          |     |    |     |      |      |     |        |      |         |          |        |
|   sitofp_32ns_32_6_no_dsp_1_U38              |     |    |     |      |      | 1   |        |      |         |          |        |
+----------------------------------------------+-----+----+-----+------+------+-----+--------+------+---------+----------+--------+


================================================================
== RTL Synthesis Fail Fast
================================================================
+-----------------------------------------------------------+-----------+--------+--------+
| Criteria                                                  | Guideline | Actual | Status |
+-----------------------------------------------------------+-----------+--------+--------+
| LUT                                                       | 70%       | 17.46% | OK     |
| FD                                                        | 50%       | 8.71%  | OK     |
| LUTRAM+SRL                                                | 25%       | 1.80%  | OK     |
| MUXF7                                                     | 15%       | 0.96%  | OK     |
| DSP                                                       | 80%       | 17.73% | OK     |
| RAMB/FIFO                                                 | 80%       | 0.71%  | OK     |
| DSP+RAMB+URAM (Avg)                                       | 70%       | 9.22%  | OK     |
| BUFGCE* + BUFGCTRL                                        | 24        | 0      | OK     |
| DONT_TOUCH (cells/nets)                                   | 0         | 4      | REVIEW |
| MARK_DEBUG (nets)                                         | 0         | 0      | OK     |
| Control Sets                                              | 998       | 144    | OK     |
| Average Fanout for modules > 100k cells                   | 4         | 2.58   | OK     |
| Max Average Fanout for modules > 100k cells               | 4         | 0      | OK     |
| Non-FD high fanout nets > 10k loads                       | 0         | 0      | OK     |
+-----------------------------------------------------------+-----------+--------+--------+
| TIMING-6 (No common primary clock between related clocks) | 0         | 0      | OK     |
| TIMING-7 (No common node between related clocks)          | 0         | 0      | OK     |
| TIMING-8 (No common period between related clocks)        | 0         | 0      | OK     |
| TIMING-14 (LUT on the clock tree)                         | 0         | 0      | OK     |
| TIMING-35 (No common node in paths with the same clock)   | 0         | 0      | OK     |
+-----------------------------------------------------------+-----------+--------+--------+
| Number of paths above max LUT budgeting (0.575ns)         | 0         | 0      | OK     |
| Number of paths above max Net budgeting (0.403ns)         | 0         | 0      | OK     |
+-----------------------------------------------------------+-----------+--------+--------+


================================================================
== RTL Synthesis Timing Paths
================================================================
* Timing was met
+-------+---------------------+-----------------------------------------------------------------------------------------------------------------------------------------------------------------------------------------------------------+------------------------------------------------------------------------------------------------------------------------------------------------------------------------------------------------------------+--------------+------------+---------------------+---------------------+---------------------+
| Path  |               SLACK | STARTPOINT PIN                                                                                                                                                                                            | ENDPOINT PIN                                                                                                                                                                                               | LOGIC LEVELS | MAX FANOUT |      DATAPATH DELAY |      DATAPATH LOGIC |        DATAPATH NET |
|       |                     |                                                                                                                                                                                                           |                                                                                                                                                                                                            |              |            |                     |               DELAY |               DELAY |
+-------+---------------------+-----------------------------------------------------------------------------------------------------------------------------------------------------------------------------------------------------------+------------------------------------------------------------------------------------------------------------------------------------------------------------------------------------------------------------+--------------+------------+---------------------+---------------------+---------------------+
| Path1 | 1.72428023815155029 | fadd_32ns_32ns_32_5_full_dsp_1_U29/enhanced_correlator_fadd_32ns_32ns_32_5_full_dsp_1_ip_u/U0/i_synth/ADDSUB_OP.ADDSUB/DSP.OP/DSP48E1_BODY.EXP/BMA_EXP_DELAY/i_pipe/opt_has_pipe.first_q_reg[5]/C         | fadd_32ns_32ns_32_5_full_dsp_1_U29/enhanced_correlator_fadd_32ns_32ns_32_5_full_dsp_1_ip_u/U0/i_synth/ADDSUB_OP.ADDSUB/DSP.OP/DSP48E1_BODY.ALIGN_ADD/DSP2/i_no_versal_es1_workaround.DSP/INMODE[1]         |            1 |         18 | 2.63471412658691406 | 0.81300008296966553 | 1.82171428203582764 |
| Path2 | 1.72428023815155029 | fadd_32ns_32ns_32_5_full_dsp_1_U29/enhanced_correlator_fadd_32ns_32ns_32_5_full_dsp_1_ip_u/U0/i_synth/ADDSUB_OP.ADDSUB/DSP.OP/DSP48E1_BODY.EXP/BMA_EXP_DELAY/i_pipe/opt_has_pipe.first_q_reg[5]/C         | fadd_32ns_32ns_32_5_full_dsp_1_U29/enhanced_correlator_fadd_32ns_32ns_32_5_full_dsp_1_ip_u/U0/i_synth/ADDSUB_OP.ADDSUB/DSP.OP/DSP48E1_BODY.ALIGN_ADD/DSP2/i_no_versal_es1_workaround.DSP/INMODE[2]         |            1 |         18 | 2.63471412658691406 | 0.81300008296966553 | 1.82171428203582764 |
| Path3 | 1.72428023815155029 | fadd_32ns_32ns_32_5_full_dsp_1_U30/enhanced_correlator_fadd_32ns_32ns_32_5_full_dsp_1_ip_u/U0/i_synth/ADDSUB_OP.ADDSUB/DSP.OP/DSP48E1_BODY.EXP/BMA_EXP_DELAY/i_pipe/opt_has_pipe.first_q_reg[5]/C         | fadd_32ns_32ns_32_5_full_dsp_1_U30/enhanced_correlator_fadd_32ns_32ns_32_5_full_dsp_1_ip_u/U0/i_synth/ADDSUB_OP.ADDSUB/DSP.OP/DSP48E1_BODY.ALIGN_ADD/DSP2/i_no_versal_es1_workaround.DSP/INMODE[1]         |            1 |         18 | 2.63471412658691406 | 0.81300008296966553 | 1.82171428203582764 |
| Path4 | 1.72428023815155029 | fadd_32ns_32ns_32_5_full_dsp_1_U30/enhanced_correlator_fadd_32ns_32ns_32_5_full_dsp_1_ip_u/U0/i_synth/ADDSUB_OP.ADDSUB/DSP.OP/DSP48E1_BODY.EXP/BMA_EXP_DELAY/i_pipe/opt_has_pipe.first_q_reg[5]/C         | fadd_32ns_32ns_32_5_full_dsp_1_U30/enhanced_correlator_fadd_32ns_32ns_32_5_full_dsp_1_ip_u/U0/i_synth/ADDSUB_OP.ADDSUB/DSP.OP/DSP48E1_BODY.ALIGN_ADD/DSP2/i_no_versal_es1_workaround.DSP/INMODE[2]         |            1 |         18 | 2.63471412658691406 | 0.81300008296966553 | 1.82171428203582764 |
| Path5 | 1.72428023815155029 | faddfsub_32ns_32ns_32_5_full_dsp_1_U28/enhanced_correlator_faddfsub_32ns_32ns_32_5_full_dsp_1_ip_u/U0/i_synth/ADDSUB_OP.ADDSUB/DSP.OP/DSP48E1_BODY.EXP/BMA_EXP_DELAY/i_pipe/opt_has_pipe.first_q_reg[5]/C | faddfsub_32ns_32ns_32_5_full_dsp_1_U28/enhanced_correlator_faddfsub_32ns_32ns_32_5_full_dsp_1_ip_u/U0/i_synth/ADDSUB_OP.ADDSUB/DSP.OP/DSP48E1_BODY.ALIGN_ADD/DSP2/i_no_versal_es1_workaround.DSP/INMODE[1] |            1 |         18 | 2.63471412658691406 | 0.81300008296966553 | 1.82171428203582764 |
+-------+---------------------+-----------------------------------------------------------------------------------------------------------------------------------------------------------------------------------------------------------+------------------------------------------------------------------------------------------------------------------------------------------------------------------------------------------------------------+--------------+------------+---------------------+---------------------+---------------------+

    +---------------------------------------------------------------------------------------------------------------------------------------------------------------------------------------------------------+----------------------+
    | Path1 Cells                                                                                                                                                                                             | Primitive Type       |
    +---------------------------------------------------------------------------------------------------------------------------------------------------------------------------------------------------------+----------------------+
    | fadd_32ns_32ns_32_5_full_dsp_1_U29/enhanced_correlator_fadd_32ns_32ns_32_5_full_dsp_1_ip_u/U0/i_synth/ADDSUB_OP.ADDSUB/DSP.OP/DSP48E1_BODY.EXP/BMA_EXP_DELAY/i_pipe/opt_has_pipe.first_q_reg[5]         | FLOP_LATCH.flop.FDRE |
    | fadd_32ns_32ns_32_5_full_dsp_1_U29/enhanced_correlator_fadd_32ns_32ns_32_5_full_dsp_1_ip_u/U0/i_synth/ADDSUB_OP.ADDSUB/DSP.OP/DSP48E1_BODY.EXP/BMA_EXP_DELAY/i_pipe/i_no_versal_es1_workaround.DSP_i_64 | LUT.others.LUT6      |
    | fadd_32ns_32ns_32_5_full_dsp_1_U29/enhanced_correlator_fadd_32ns_32ns_32_5_full_dsp_1_ip_u/U0/i_synth/ADDSUB_OP.ADDSUB/DSP.OP/DSP48E1_BODY.ALIGN_ADD/DSP2/i_no_versal_es1_workaround.DSP                | MULT.dsp.DSP48E1     |
    +---------------------------------------------------------------------------------------------------------------------------------------------------------------------------------------------------------+----------------------+

    +---------------------------------------------------------------------------------------------------------------------------------------------------------------------------------------------------------+----------------------+
    | Path2 Cells                                                                                                                                                                                             | Primitive Type       |
    +---------------------------------------------------------------------------------------------------------------------------------------------------------------------------------------------------------+----------------------+
    | fadd_32ns_32ns_32_5_full_dsp_1_U29/enhanced_correlator_fadd_32ns_32ns_32_5_full_dsp_1_ip_u/U0/i_synth/ADDSUB_OP.ADDSUB/DSP.OP/DSP48E1_BODY.EXP/BMA_EXP_DELAY/i_pipe/opt_has_pipe.first_q_reg[5]         | FLOP_LATCH.flop.FDRE |
    | fadd_32ns_32ns_32_5_full_dsp_1_U29/enhanced_correlator_fadd_32ns_32ns_32_5_full_dsp_1_ip_u/U0/i_synth/ADDSUB_OP.ADDSUB/DSP.OP/DSP48E1_BODY.EXP/BMA_EXP_DELAY/i_pipe/i_no_versal_es1_workaround.DSP_i_64 | LUT.others.LUT6      |
    | fadd_32ns_32ns_32_5_full_dsp_1_U29/enhanced_correlator_fadd_32ns_32ns_32_5_full_dsp_1_ip_u/U0/i_synth/ADDSUB_OP.ADDSUB/DSP.OP/DSP48E1_BODY.ALIGN_ADD/DSP2/i_no_versal_es1_workaround.DSP                | MULT.dsp.DSP48E1     |
    +---------------------------------------------------------------------------------------------------------------------------------------------------------------------------------------------------------+----------------------+

    +---------------------------------------------------------------------------------------------------------------------------------------------------------------------------------------------------------+----------------------+
    | Path3 Cells                                                                                                                                                                                             | Primitive Type       |
    +---------------------------------------------------------------------------------------------------------------------------------------------------------------------------------------------------------+----------------------+
    | fadd_32ns_32ns_32_5_full_dsp_1_U30/enhanced_correlator_fadd_32ns_32ns_32_5_full_dsp_1_ip_u/U0/i_synth/ADDSUB_OP.ADDSUB/DSP.OP/DSP48E1_BODY.EXP/BMA_EXP_DELAY/i_pipe/opt_has_pipe.first_q_reg[5]         | FLOP_LATCH.flop.FDRE |
    | fadd_32ns_32ns_32_5_full_dsp_1_U30/enhanced_correlator_fadd_32ns_32ns_32_5_full_dsp_1_ip_u/U0/i_synth/ADDSUB_OP.ADDSUB/DSP.OP/DSP48E1_BODY.EXP/BMA_EXP_DELAY/i_pipe/i_no_versal_es1_workaround.DSP_i_64 | LUT.others.LUT6      |
    | fadd_32ns_32ns_32_5_full_dsp_1_U30/enhanced_correlator_fadd_32ns_32ns_32_5_full_dsp_1_ip_u/U0/i_synth/ADDSUB_OP.ADDSUB/DSP.OP/DSP48E1_BODY.ALIGN_ADD/DSP2/i_no_versal_es1_workaround.DSP                | MULT.dsp.DSP48E1     |
    +---------------------------------------------------------------------------------------------------------------------------------------------------------------------------------------------------------+----------------------+

    +---------------------------------------------------------------------------------------------------------------------------------------------------------------------------------------------------------+----------------------+
    | Path4 Cells                                                                                                                                                                                             | Primitive Type       |
    +---------------------------------------------------------------------------------------------------------------------------------------------------------------------------------------------------------+----------------------+
    | fadd_32ns_32ns_32_5_full_dsp_1_U30/enhanced_correlator_fadd_32ns_32ns_32_5_full_dsp_1_ip_u/U0/i_synth/ADDSUB_OP.ADDSUB/DSP.OP/DSP48E1_BODY.EXP/BMA_EXP_DELAY/i_pipe/opt_has_pipe.first_q_reg[5]         | FLOP_LATCH.flop.FDRE |
    | fadd_32ns_32ns_32_5_full_dsp_1_U30/enhanced_correlator_fadd_32ns_32ns_32_5_full_dsp_1_ip_u/U0/i_synth/ADDSUB_OP.ADDSUB/DSP.OP/DSP48E1_BODY.EXP/BMA_EXP_DELAY/i_pipe/i_no_versal_es1_workaround.DSP_i_64 | LUT.others.LUT6      |
    | fadd_32ns_32ns_32_5_full_dsp_1_U30/enhanced_correlator_fadd_32ns_32ns_32_5_full_dsp_1_ip_u/U0/i_synth/ADDSUB_OP.ADDSUB/DSP.OP/DSP48E1_BODY.ALIGN_ADD/DSP2/i_no_versal_es1_workaround.DSP                | MULT.dsp.DSP48E1     |
    +---------------------------------------------------------------------------------------------------------------------------------------------------------------------------------------------------------+----------------------+

    +-----------------------------------------------------------------------------------------------------------------------------------------------------------------------------------------------------------------+----------------------+
    | Path5 Cells                                                                                                                                                                                                     | Primitive Type       |
    +-----------------------------------------------------------------------------------------------------------------------------------------------------------------------------------------------------------------+----------------------+
    | faddfsub_32ns_32ns_32_5_full_dsp_1_U28/enhanced_correlator_faddfsub_32ns_32ns_32_5_full_dsp_1_ip_u/U0/i_synth/ADDSUB_OP.ADDSUB/DSP.OP/DSP48E1_BODY.EXP/BMA_EXP_DELAY/i_pipe/opt_has_pipe.first_q_reg[5]         | FLOP_LATCH.flop.FDRE |
    | faddfsub_32ns_32ns_32_5_full_dsp_1_U28/enhanced_correlator_faddfsub_32ns_32ns_32_5_full_dsp_1_ip_u/U0/i_synth/ADDSUB_OP.ADDSUB/DSP.OP/DSP48E1_BODY.EXP/BMA_EXP_DELAY/i_pipe/i_no_versal_es1_workaround.DSP_i_64 | LUT.others.LUT6      |
    | faddfsub_32ns_32ns_32_5_full_dsp_1_U28/enhanced_correlator_faddfsub_32ns_32ns_32_5_full_dsp_1_ip_u/U0/i_synth/ADDSUB_OP.ADDSUB/DSP.OP/DSP48E1_BODY.ALIGN_ADD/DSP2/i_no_versal_es1_workaround.DSP                | MULT.dsp.DSP48E1     |
    +-----------------------------------------------------------------------------------------------------------------------------------------------------------------------------------------------------------------+----------------------+


================================================================
== RTL Synthesis Vivado Reports
================================================================
+--------------------------+----------------------------------------------------------------------------+
| Report Type              | Report Location                                                            |
+--------------------------+----------------------------------------------------------------------------+
| design_analysis          | impl/verilog/report/enhanced_correlator_design_analysis_synth.rpt          |
| failfast                 | impl/verilog/report/enhanced_correlator_failfast_synth.rpt                 |
| power                    | impl/verilog/report/enhanced_correlator_power_synth.rpt                    |
| timing                   | impl/verilog/report/enhanced_correlator_timing_synth.rpt                   |
| timing_paths             | impl/verilog/report/enhanced_correlator_timing_paths_synth.rpt             |
| utilization              | impl/verilog/report/enhanced_correlator_utilization_synth.rpt              |
| utilization_hierarchical | impl/verilog/report/enhanced_correlator_utilization_hierarchical_synth.rpt |
+--------------------------+----------------------------------------------------------------------------+


