

================================================================
== Synthesis Summary Report of 'gnss_correlator'
================================================================
+ General Information: 
    * Date:           Sat Sep 19 17:34:40 2026
    * Version:        2025.2 (Build 6295257 on Nov 14 2025)
    * Project:        gnss_correlator_hls
    * Solution:       hls (Vivado IP Flow Target)
    * Product family: zynq
    * Target device:  xc7z020-clg484-1
    

* Performance & Resource Estimates: 
+--------------------+--------+---------------------+----------+---------+------+----------+---------+-----+--------+--------+---------+-----------+-----------+-----+
|       Modules      |  Issue |                     | Iteration|         | Trip |          |    Latency    |        |        |         |           |           |     |
|       & Loops      |  Type  |    Violation Type   |  Latency | Interval| Count| Pipelined| (cycles)| (ns)|  Slack |  BRAM  |   DSP   |     FF    |    LUT    | URAM|
+--------------------+--------+---------------------+----------+---------+------+----------+---------+-----+--------+--------+---------+-----------+-----------+-----+
|+ gnss_correlator   |  Timing|                    -|         -|        0|     -|    rewind|        -|    -|  -16.87|  4 (1%)|  10 (4%)|  3246 (3%)|  4509 (8%)|    -|
| o VITIS_LOOP_23_1  |      II|  Resource Limitation|        21|        2|     -|       yes|        -|    -|    7.30|       -|        -|          -|          -|    -|
+--------------------+--------+---------------------+----------+---------+------+----------+---------+-----+--------+--------+---------+-----------+-----------+-----+
    II Violation Information: docs.amd.com/access/sources/dita/topic?Doc_Version=2025.2%20English&url=ug1448-hls-guidance&resourceid=200-880.html
    Name Prefix: '+' for module, 'o' for loop, '*' for dataflow


================================================================
== HW Interfaces
================================================================
* M_AXI
+-------------+------------+------------+---------------+---------+--------+----------+-----------+--------------+--------------+-------------+-------------+-------------------+
| Interface   | Read/Write | Data Width | Address Width | Latency | Offset | Register | Max Widen | Max Read     | Max Write    | Num Read    | Num Write   | Resource Estimate |
|             |            | (SW->HW)   |               |         |        |          | Bitwidth  | Burst Length | Burst Length | Outstanding | Outstanding |                   |
+-------------+------------+------------+---------------+---------+--------+----------+-----------+--------------+--------------+-------------+-------------+-------------------+
| m_axi_gmem0 | READ_ONLY  | 32 -> 32   | 64            | 0       | slave  | 0        | 0         | 16           | 16           | 16          | 16          | BRAM=2            |
| m_axi_gmem1 | READ_ONLY  | 32 -> 32   | 64            | 0       | slave  | 0        | 0         | 16           | 16           | 16          | 16          | BRAM=2            |
+-------------+------------+------------+---------------+---------+--------+----------+-----------+--------------+--------------+-------------+-------------+-------------------+

* S_AXILITE Interfaces
+-----------------+------------+---------------+--------+----------+
| Interface       | Data Width | Address Width | Offset | Register |
+-----------------+------------+---------------+--------+----------+
| s_axi_control   | 32         | 6             | 16     | 0        |
| s_axi_control_r | 32         | 6             | 16     | 0        |
+-----------------+------------+---------------+--------+----------+

* S_AXILITE Registers
+-----------------+-------------+--------+-------+--------+----------------------------------+----------------------------------------------------------------------+
| Interface       | Register    | Offset | Width | Access | Description                      | Bit Fields                                                           |
+-----------------+-------------+--------+-------+--------+----------------------------------+----------------------------------------------------------------------+
| s_axi_control   | CTRL        | 0x00   | 32    | RW     | Control signals                  | 0=AP_START 1=AP_DONE 2=AP_IDLE 3=AP_READY 7=AUTO_RESTART 9=INTERRUPT |
| s_axi_control   | GIER        | 0x04   | 32    | RW     | Global Interrupt Enable Register | 0=Enable                                                             |
| s_axi_control   | IP_IER      | 0x08   | 32    | RW     | IP Interrupt Enable Register     | 0=CHAN0_INT_EN 1=CHAN1_INT_EN                                        |
| s_axi_control   | IP_ISR      | 0x0c   | 32    | RW     | IP Interrupt Status Register     | 0=CHAN0_INT_ST 1=CHAN1_INT_ST                                        |
| s_axi_control   | corr_I      | 0x10   | 32    | R      | Data signal of corr_I            |                                                                      |
| s_axi_control   | corr_I_ctrl | 0x14   | 32    | R      | Control signal of corr_I         | 0=corr_I_ap_vld                                                      |
| s_axi_control   | corr_Q      | 0x20   | 32    | R      | Data signal of corr_Q            |                                                                      |
| s_axi_control   | corr_Q_ctrl | 0x24   | 32    | R      | Control signal of corr_Q         | 0=corr_Q_ap_vld                                                      |
| s_axi_control   | num_samples | 0x30   | 32    | W      | Data signal of num_samples       |                                                                      |
| s_axi_control_r | signal_I_1  | 0x10   | 32    | W      | Data signal of signal_I          |                                                                      |
| s_axi_control_r | signal_I_2  | 0x14   | 32    | W      | Data signal of signal_I          |                                                                      |
| s_axi_control_r | signal_Q_1  | 0x1c   | 32    | W      | Data signal of signal_Q          |                                                                      |
| s_axi_control_r | signal_Q_2  | 0x20   | 32    | W      | Data signal of signal_Q          |                                                                      |
| s_axi_control_r | code_I_1    | 0x28   | 32    | W      | Data signal of code_I            |                                                                      |
| s_axi_control_r | code_I_2    | 0x2c   | 32    | W      | Data signal of code_I            |                                                                      |
| s_axi_control_r | code_Q_1    | 0x34   | 32    | W      | Data signal of code_Q            |                                                                      |
| s_axi_control_r | code_Q_2    | 0x38   | 32    | W      | Data signal of code_Q            |                                                                      |
+-----------------+-------------+--------+-------+--------+----------------------------------+----------------------------------------------------------------------+

* TOP LEVEL CONTROL
+-----------+------------+-----------+
| Interface | Type       | Ports     |
+-----------+------------+-----------+
| ap_clk    | clock      | ap_clk    |
| ap_rst_n  | reset      | ap_rst_n  |
| interrupt | interrupt  | interrupt |
| ap_ctrl   | ap_ctrl_hs |           |
+-----------+------------+-----------+


================================================================
== SW I/O Information
================================================================
* Top Function Arguments
+-------------+-----------+---------------+
| Argument    | Direction | Datatype      |
+-------------+-----------+---------------+
| signal_I    | in        | float const * |
| signal_Q    | in        | float const * |
| code_I      | in        | float const * |
| code_Q      | in        | float const * |
| corr_I      | out       | float*        |
| corr_Q      | out       | float*        |
| num_samples | in        | int           |
+-------------+-----------+---------------+

* SW-to-HW Mapping
+-------------+-----------------+-----------+----------+---------------------------------------+
| Argument    | HW Interface    | HW Type   | HW Usage | HW Info                               |
+-------------+-----------------+-----------+----------+---------------------------------------+
| signal_I    | m_axi_gmem0     | interface |          | channel=0                             |
| signal_I    | s_axi_control_r | register  | offset   | name=signal_I_1 offset=0x10 range=32  |
| signal_I    | s_axi_control_r | register  | offset   | name=signal_I_2 offset=0x14 range=32  |
| signal_Q    | m_axi_gmem0     | interface |          | channel=0                             |
| signal_Q    | s_axi_control_r | register  | offset   | name=signal_Q_1 offset=0x1c range=32  |
| signal_Q    | s_axi_control_r | register  | offset   | name=signal_Q_2 offset=0x20 range=32  |
| code_I      | m_axi_gmem1     | interface |          | channel=0                             |
| code_I      | s_axi_control_r | register  | offset   | name=code_I_1 offset=0x28 range=32    |
| code_I      | s_axi_control_r | register  | offset   | name=code_I_2 offset=0x2c range=32    |
| code_Q      | m_axi_gmem1     | interface |          | channel=0                             |
| code_Q      | s_axi_control_r | register  | offset   | name=code_Q_1 offset=0x34 range=32    |
| code_Q      | s_axi_control_r | register  | offset   | name=code_Q_2 offset=0x38 range=32    |
| corr_I      | s_axi_control   | register  |          | name=corr_I offset=0x10 range=32      |
| corr_I      | s_axi_control   | register  |          | name=corr_I_ctrl offset=0x14 range=32 |
| corr_Q      | s_axi_control   | register  |          | name=corr_Q offset=0x20 range=32      |
| corr_Q      | s_axi_control   | register  |          | name=corr_Q_ctrl offset=0x24 range=32 |
| num_samples | s_axi_control   | register  |          | name=num_samples offset=0x30 range=32 |
+-------------+-----------------+-----------+----------+---------------------------------------+


================================================================
== M_AXI Burst Information
================================================================
 Note: All burst requests might be further partitioned into multiple requests during RTL generation based on max_read_burst_length or max_write_burst_length settings.

* All M_AXI Variable Accesses
+--------------+----------+--------------------------------------------------------------+-----------+--------------+----------+-----------------+--------------------------------------------------------------+------------+---------------------------------------------------------------------------------------------------------+
| HW Interface | Variable | Access Location                                              | Direction | Burst Status | Length   | Loop            | Loop Location                                                | Resolution | Problem                                                                                                 |
+--------------+----------+--------------------------------------------------------------+-----------+--------------+----------+-----------------+--------------------------------------------------------------+------------+---------------------------------------------------------------------------------------------------------+
| m_axi_gmem0  |          | vivado/ip_repo/gnss_correlator/src/gnss_correlator.cpp:23:22 | read      | Fail         |          |                 |                                                              | 214-224    | Could not burst due to multiple potential reads to the same bundle in the same region.                  |
| m_axi_gmem0  | signal_I | vivado/ip_repo/gnss_correlator/src/gnss_correlator.cpp:26:19 | read      | Widen Fail   |          | VITIS_LOOP_23_1 | vivado/ip_repo/gnss_correlator/src/gnss_correlator.cpp:23:22 | 214-353    | Could not widen since type float size is greater than or equal to the max_widen_bitwidth threshold of 0 |
| m_axi_gmem0  | signal_I | vivado/ip_repo/gnss_correlator/src/gnss_correlator.cpp:26:19 | read      | Inferred     | variable | VITIS_LOOP_23_1 | vivado/ip_repo/gnss_correlator/src/gnss_correlator.cpp:23:22 |            |                                                                                                         |
| m_axi_gmem0  | signal_Q | vivado/ip_repo/gnss_correlator/src/gnss_correlator.cpp:27:19 | read      | Widen Fail   |          | VITIS_LOOP_23_1 | vivado/ip_repo/gnss_correlator/src/gnss_correlator.cpp:23:22 | 214-353    | Could not widen since type float size is greater than or equal to the max_widen_bitwidth threshold of 0 |
| m_axi_gmem0  | signal_Q | vivado/ip_repo/gnss_correlator/src/gnss_correlator.cpp:27:19 | read      | Inferred     | variable | VITIS_LOOP_23_1 | vivado/ip_repo/gnss_correlator/src/gnss_correlator.cpp:23:22 |            |                                                                                                         |
| m_axi_gmem1  |          | vivado/ip_repo/gnss_correlator/src/gnss_correlator.cpp:23:22 | read      | Fail         |          |                 |                                                              | 214-224    | Could not burst due to multiple potential reads to the same bundle in the same region.                  |
| m_axi_gmem1  | code_I   | vivado/ip_repo/gnss_correlator/src/gnss_correlator.cpp:28:19 | read      | Widen Fail   |          | VITIS_LOOP_23_1 | vivado/ip_repo/gnss_correlator/src/gnss_correlator.cpp:23:22 | 214-353    | Could not widen since type float size is greater than or equal to the max_widen_bitwidth threshold of 0 |
| m_axi_gmem1  | code_I   | vivado/ip_repo/gnss_correlator/src/gnss_correlator.cpp:28:19 | read      | Inferred     | variable | VITIS_LOOP_23_1 | vivado/ip_repo/gnss_correlator/src/gnss_correlator.cpp:23:22 |            |                                                                                                         |
| m_axi_gmem1  | code_Q   | vivado/ip_repo/gnss_correlator/src/gnss_correlator.cpp:29:19 | read      | Widen Fail   |          | VITIS_LOOP_23_1 | vivado/ip_repo/gnss_correlator/src/gnss_correlator.cpp:23:22 | 214-353    | Could not widen since type float size is greater than or equal to the max_widen_bitwidth threshold of 0 |
| m_axi_gmem1  | code_Q   | vivado/ip_repo/gnss_correlator/src/gnss_correlator.cpp:29:19 | read      | Inferred     | variable | VITIS_LOOP_23_1 | vivado/ip_repo/gnss_correlator/src/gnss_correlator.cpp:23:22 |            |                                                                                                         |
+--------------+----------+--------------------------------------------------------------+-----------+--------------+----------+-----------------+--------------------------------------------------------------+------------+---------------------------------------------------------------------------------------------------------+

    * Resolution URL: docs.amd.com/access/sources/dita/topic?Doc_Version=2025.2%20English&url=ug1448-hls-guidance&resourceid=XXX-YYY.html (replace XXX-YYY with column value)

================================================================
== Bind Op Report
================================================================
+-----------------------------------------+-----+--------+---------------+--------+----------+---------+
| Name                                    | DSP | Pragma | Variable      | Op     | Impl     | Latency |
+-----------------------------------------+-----+--------+---------------+--------+----------+---------+
| + gnss_correlator                       | 10  |        |               |        |          |         |
|   icmp_ln23_fu_274_p2                   |     |        | icmp_ln23     | setlt  | auto     | 0       |
|   add_ln23_fu_280_p2                    |     |        | add_ln23      | add    | fabric   | 0       |
|   add_ln26_fu_290_p2                    |     |        | add_ln26      | add    | fabric   | 0       |
|   add_ln27_fu_306_p2                    |     |        | add_ln27      | add    | fabric   | 0       |
|   add_ln28_fu_322_p2                    |     |        | add_ln28      | add    | fabric   | 0       |
|   add_ln29_fu_338_p2                    |     |        | add_ln29      | add    | fabric   | 0       |
|   fmul_32ns_32ns_32_4_max_dsp_1_U3      | 3   |        | mul           | fmul   | maxdsp   | 3       |
|   fmul_32ns_32ns_32_4_max_dsp_1_U3      | 3   |        | mul7          | fmul   | maxdsp   | 3       |
|   faddfsub_32ns_32ns_32_5_full_dsp_1_U1 | 2   |        | sub           | fsub   | fulldsp  | 4       |
|   fadd_32ns_32ns_32_2_full_dsp_1_U2     | 2   |        | acc_I_1       | fadd   | fulldsp  | 1       |
|   fmul_32ns_32ns_32_4_max_dsp_1_U4      | 3   |        | mul8          | fmul   | maxdsp   | 3       |
|   fmul_32ns_32ns_32_4_max_dsp_1_U4      | 3   |        | mul9          | fmul   | maxdsp   | 3       |
|   faddfsub_32ns_32ns_32_5_full_dsp_1_U1 | 2   |        | add1          | fsub   | fulldsp  | 4       |
|   fadd_32ns_32ns_32_2_full_dsp_1_U2     | 2   |        | acc_Q_1       | fadd   | fulldsp  | 1       |
|   icmp_ln23_1_fu_404_p2                 |     |        | icmp_ln23_1   | setgt  | auto     | 0       |
|   corr_I                                |     |        | select_ln35   | select | auto_sel | 0       |
|   corr_Q                                |     |        | select_ln35_1 | select | auto_sel | 0       |
+-----------------------------------------+-----+--------+---------------+--------+----------+---------+


================================================================
== Storage Report
================================================================
+---------------------+-----------+-----------+------+------+--------+----------+------+---------+------------------+
| Name                | Usage     | Type      | BRAM | URAM | Pragma | Variable | Impl | Latency | Bitwidth, Depth, |
|                     |           |           |      |      |        |          |      |         | Banks            |
+---------------------+-----------+-----------+------+------+--------+----------+------+---------+------------------+
| + gnss_correlator   |           |           | 4    | 0    |        |          |      |         |                  |
|   control_s_axi_U   | interface | s_axilite |      |      |        |          |      |         |                  |
|   control_r_s_axi_U | interface | s_axilite |      |      |        |          |      |         |                  |
|   gmem0_m_axi_U     | interface | m_axi     | 2    |      |        |          |      |         |                  |
|   gmem1_m_axi_U     | interface | m_axi     | 2    |      |        |          |      |         |                  |
+---------------------+-----------+-----------+------+------+--------+----------+------+---------+------------------+


================================================================
== Pragma Report
================================================================
* Valid Pragma Syntax
+-----------+-----------------------------------------------+--------------------------------------------------------------------------------------+
| Type      | Options                                       | Location                                                                             |
+-----------+-----------------------------------------------+--------------------------------------------------------------------------------------+
| INTERFACE | m_axi port=signal_I offset=slave bundle=gmem0 | in gnss_correlator (../../vivado/ip_repo/gnss_correlator/src/gnss_correlator.cpp:9)  |
| INTERFACE | m_axi port=signal_Q offset=slave bundle=gmem0 | in gnss_correlator (../../vivado/ip_repo/gnss_correlator/src/gnss_correlator.cpp:10) |
| INTERFACE | m_axi port=code_I offset=slave bundle=gmem1   | in gnss_correlator (../../vivado/ip_repo/gnss_correlator/src/gnss_correlator.cpp:11) |
| INTERFACE | m_axi port=code_Q offset=slave bundle=gmem1   | in gnss_correlator (../../vivado/ip_repo/gnss_correlator/src/gnss_correlator.cpp:12) |
| INTERFACE | s_axilite port=corr_I bundle=control          | in gnss_correlator (../../vivado/ip_repo/gnss_correlator/src/gnss_correlator.cpp:14) |
| INTERFACE | s_axilite port=corr_Q bundle=control          | in gnss_correlator (../../vivado/ip_repo/gnss_correlator/src/gnss_correlator.cpp:15) |
| INTERFACE | s_axilite port=num_samples bundle=control     | in gnss_correlator (../../vivado/ip_repo/gnss_correlator/src/gnss_correlator.cpp:16) |
| INTERFACE | s_axilite port=return bundle=control          | in gnss_correlator (../../vivado/ip_repo/gnss_correlator/src/gnss_correlator.cpp:17) |
| PIPELINE  | ii=1                                          | in gnss_correlator (../../vivado/ip_repo/gnss_correlator/src/gnss_correlator.cpp:24) |
+-----------+-----------------------------------------------+--------------------------------------------------------------------------------------+


