================================================================
== Vivado Place & Route Results
================================================================
+ General Information:
    * Date:            Sat Sep 19 17:47:33 IST 2026
    * Version:         2025.2 (Build 6295257 on Nov 14 2025)
    * Project:         gnss_correlator_hls
    * Solution:        hls (Vivado IP Flow Target)
    * Product family:  zynq
    * Target device:   xc7z020-clg484-1


================================================================
== Run Constraints & Options
================================================================
+ Design Constraints & Options:
    * Place & Route target clock:  10 ns
    * C-Synthesis target clock:    10 ns
    * C-Synthesis uncertainty:     27%

+ RTL Synthesis Options:
    * config_export -vivado_synth_strategy:     default
    * config_export -vivado_synth_design_args:  -directive sdx_optimization_effort_high

+ Place & Route Options:
    * config_export -vivado_impl_strategy:  default
    * config_export -vivado_phys_opt:       auto

+ Reporting Options:
    * config_export -vivado_report_level:      2
    * config_export -vivado_max_timing_paths:  10


================================================================
== Place & Route Resource Summary
================================================================
LUT:              2363
FF:               3155
DSP:              10
BRAM:             2
URAM:             0
SRL:              85


================================================================
== Place & Route Timing Summary
================================================================
* Timing was NOT met
+----------------+-------------+
| Timing         | Period (ns) |
+----------------+-------------+
| Target         | 10.000      |
| Post-Synthesis | 20.158      |
| Post-Route     | 19.557      |
+----------------+-------------+


================================================================
== Place & Route Resources
================================================================
+---------------------------------------------+-----+----+-----+------+------+-----+--------+------+---------+----------+--------+
| Name                                        | LUT | FF | DSP | BRAM | URAM | SRL | Pragma | Impl | Latency | Variable | Source |
+---------------------------------------------+-----+----+-----+------+------+-----+--------+------+---------+----------+--------+
| inst                                        |     |    |     |      |      | 85  |        |      |         |          |        |
|   (inst)                                    |     |    |     |      |      | 19  |        |      |         |          |        |
|   control_r_s_axi_U                         |     |    |     |      |      |     |        |      |         |          |        |
|   control_s_axi_U                           |     |    |     |      |      |     |        |      |         |          |        |
|   fadd_32ns_32ns_32_2_full_dsp_1_U2         |     |    |     |      |      |     |        |      |         |          |        |
|     (fadd_32ns_32ns_32_2_full_dsp_1_U2)     |     |    |     |      |      |     |        |      |         |          |        |
|   faddfsub_32ns_32ns_32_5_full_dsp_1_U1     |     |    |     |      |      |     |        |      |         |          |        |
|     (faddfsub_32ns_32ns_32_5_full_dsp_1_U1) |     |    |     |      |      |     |        |      |         |          |        |
|   flow_control_loop_delay_pipe_U            |     |    |     |      |      |     |        |      |         |          |        |
|   fmul_32ns_32ns_32_4_max_dsp_1_U3          |     |    |     |      |      |     |        |      |         |          |        |
|     (fmul_32ns_32ns_32_4_max_dsp_1_U3)      |     |    |     |      |      |     |        |      |         |          |        |
|   fmul_32ns_32ns_32_4_max_dsp_1_U4          |     |    |     |      |      |     |        |      |         |          |        |
|     (fmul_32ns_32ns_32_4_max_dsp_1_U4)      |     |    |     |      |      |     |        |      |         |          |        |
|   gmem0_m_axi_U                             |     |    |     |      |      | 33  |        |      |         |          |        |
|   gmem1_m_axi_U                             |     |    |     |      |      | 33  |        |      |         |          |        |
+---------------------------------------------+-----+----+-----+------+------+-----+--------+------+---------+----------+--------+


================================================================
== Place & Route Fail Fast
================================================================
+-----------------------------------------------------------+-----------+--------+--------+
| Criteria                                                  | Guideline | Actual | Status |
+-----------------------------------------------------------+-----------+--------+--------+
| LUT                                                       | 70%       | 4.44%  | OK     |
| FD                                                        | 50%       | 2.97%  | OK     |
| LUTRAM+SRL                                                | 25%       | 0.49%  | OK     |
| MUXF7                                                     | 15%       | 0.13%  | OK     |
| DSP                                                       | 80%       | 4.55%  | OK     |
| RAMB/FIFO                                                 | 80%       | 0.71%  | OK     |
| DSP+RAMB+URAM (Avg)                                       | 70%       | 2.63%  | OK     |
| BUFGCE* + BUFGCTRL                                        | 24        | 0      | OK     |
| DONT_TOUCH (cells/nets)                                   | 0         | 4      | REVIEW |
| MARK_DEBUG (nets)                                         | 0         | 0      | OK     |
| Control Sets                                              | 998       | 94     | OK     |
| Average Fanout for modules > 100k cells                   | 4         | 2.79   | OK     |
| Max Average Fanout for modules > 100k cells               | 4         | 0      | OK     |
| Non-FD high fanout nets > 10k loads                       | 0         | 0      | OK     |
+-----------------------------------------------------------+-----------+--------+--------+
| TIMING-6 (No common primary clock between related clocks) | 0         | 0      | OK     |
| TIMING-7 (No common node between related clocks)          | 0         | 0      | OK     |
| TIMING-8 (No common period between related clocks)        | 0         | 0      | OK     |
| TIMING-14 (LUT on the clock tree)                         | 0         | 0      | OK     |
| TIMING-35 (No common node in paths with the same clock)   | 0         | 0      | OK     |
+-----------------------------------------------------------+-----------+--------+--------+
| Number of paths above max LUT budgeting (0.575ns)         | 0         | 0      | OK     |
| Number of paths above max Net budgeting (0.403ns)         | 0         | 100    | REVIEW |
+-----------------------------------------------------------+-----------+--------+--------+


================================================================
== Place & Route Timing Paths
================================================================
* Timing was NOT met
+--------+----------------------+-------------------------------------------------------+---------------------------------------------------+--------------+------------+----------------------+----------------------+---------------------+
| Path   |                SLACK | STARTPOINT PIN                                        | ENDPOINT PIN                                      | LOGIC LEVELS | MAX FANOUT |       DATAPATH DELAY |       DATAPATH LOGIC |        DATAPATH NET |
|        |                      |                                                       |                                                   |              |            |                      |                DELAY |               DELAY |
+--------+----------------------+-------------------------------------------------------+---------------------------------------------------+--------------+------------+----------------------+----------------------+---------------------+
| Path1  | -9.55749034881591797 | fadd_32ns_32ns_32_2_full_dsp_1_U2/din0_buf1_reg[24]/C | acc_I_fu_98_reg[16]/D                             |           10 |         54 | 19.43348503112792969 | 12.48400115966796875 | 6.94948482513427734 |
| Path2  | -9.51390457153320312 | fadd_32ns_32ns_32_2_full_dsp_1_U2/din0_buf1_reg[24]/C | acc_Q_fu_102_reg[25]/D                            |           10 |         54 | 19.38990020751953125 | 12.48400115966796875 | 6.90589904785156250 |
| Path3  | -9.46742057800292969 | fadd_32ns_32ns_32_2_full_dsp_1_U2/din0_buf1_reg[24]/C | acc_Q_fu_102_reg[2]/D                             |           10 |         54 | 19.36741638183593750 | 12.48400115966796875 | 6.88341760635375977 |
| Path4  | -9.46030712127685547 | fadd_32ns_32ns_32_2_full_dsp_1_U2/din0_buf1_reg[24]/C | control_s_axi_U/int_corr_Q_reg[1]/D               |           10 |         54 | 19.40730285644531250 | 12.48400115966796875 | 6.92330074310302734 |
| Path5  | -9.43798160552978516 | fadd_32ns_32ns_32_2_full_dsp_1_U2/din0_buf1_reg[24]/C | acc_I_fu_98_reg[28]/D                             |           10 |         54 | 19.30697822570800781 | 12.48400115966796875 | 6.82297754287719727 |
| Path6  | -9.41798305511474609 | fadd_32ns_32ns_32_2_full_dsp_1_U2/din0_buf1_reg[24]/C | acc_Q_fu_102_reg[28]/D                            |           10 |         54 | 19.31797790527343750 | 12.48400115966796875 | 6.83397769927978516 |
| Path7  | -9.40688419342041016 | fadd_32ns_32ns_32_2_full_dsp_1_U2/din0_buf1_reg[24]/C | fadd_32ns_32ns_32_2_full_dsp_1_U2/dout_r_reg[7]/D |            9 |         54 | 19.26187896728515625 | 12.36000061035156250 | 6.90187835693359375 |
| Path8  | -9.40488815307617188 | fadd_32ns_32ns_32_2_full_dsp_1_U2/din0_buf1_reg[24]/C | acc_Q_fu_102_reg[13]/D                            |           10 |         54 | 19.27388381958007812 | 12.48400115966796875 | 6.78988265991210938 |
| Path9  | -9.39879798889160156 | fadd_32ns_32ns_32_2_full_dsp_1_U2/din0_buf1_reg[24]/C | control_s_axi_U/int_corr_Q_reg[22]/D              |           10 |         54 | 19.39579391479492188 | 12.48400115966796875 | 6.91179227828979492 |
| Path10 | -9.39397335052490234 | fadd_32ns_32ns_32_2_full_dsp_1_U2/din0_buf1_reg[24]/C | fadd_32ns_32ns_32_2_full_dsp_1_U2/dout_r_reg[6]/D |            9 |         54 | 19.25196838378906250 | 12.36000061035156250 | 6.89196968078613281 |
+--------+----------------------+-------------------------------------------------------+---------------------------------------------------+--------------+------------+----------------------+----------------------+---------------------+

    +---------------------------------------------------------------------------------------------------------------------------------------------------------------------------------------------------------+----------------------+
    | Path1 Cells                                                                                                                                                                                             | Primitive Type       |
    +---------------------------------------------------------------------------------------------------------------------------------------------------------------------------------------------------------+----------------------+
    | fadd_32ns_32ns_32_2_full_dsp_1_U2/din0_buf1_reg[24]                                                                                                                                                     | FLOP_LATCH.flop.FDRE |
    | fadd_32ns_32ns_32_2_full_dsp_1_U2/gnss_correlator_fadd_32ns_32ns_32_2_full_dsp_1_ip_u/U0/i_synth/ADDSUB_OP.ADDSUB/DSP.OP/DSP48E1_BODY.EXP/merged_sub_mux.gen_luts[1].sub_lut                            | LUT.others.LUT2      |
    | fadd_32ns_32ns_32_2_full_dsp_1_U2/gnss_correlator_fadd_32ns_32ns_32_2_full_dsp_1_ip_u/U0/i_synth/ADDSUB_OP.ADDSUB/DSP.OP/DSP48E1_BODY.EXP/merged_sub_mux.STRUCT_ADD/CHAIN_GEN[0].C_MUX.CARRY_MUX_CARRY4 | CARRY.others.CARRY4  |
    | fadd_32ns_32ns_32_2_full_dsp_1_U2/gnss_correlator_fadd_32ns_32ns_32_2_full_dsp_1_ip_u/U0/i_synth/ADDSUB_OP.ADDSUB/DSP.OP/DSP48E1_BODY.EXP/merged_sub_mux.STRUCT_ADD/i_no_versal_es1_workaround.DSP_i_65 | LUT.others.LUT6      |
    | fadd_32ns_32ns_32_2_full_dsp_1_U2/gnss_correlator_fadd_32ns_32ns_32_2_full_dsp_1_ip_u/U0/i_synth/ADDSUB_OP.ADDSUB/DSP.OP/DSP48E1_BODY.ALIGN_ADD/DSP2/i_no_versal_es1_workaround.DSP                     | MULT.dsp.DSP48E1     |
    | fadd_32ns_32ns_32_2_full_dsp_1_U2/gnss_correlator_fadd_32ns_32ns_32_2_full_dsp_1_ip_u/U0/i_synth/ADDSUB_OP.ADDSUB/DSP.OP/DSP48E1_BODY.ALIGN_ADD/DSP2/DET_GEN[1].CARRY_MUX_i_1                           | LUT.others.LUT5      |
    | fadd_32ns_32ns_32_2_full_dsp_1_U2/gnss_correlator_fadd_32ns_32ns_32_2_full_dsp_1_ip_u/U0/i_synth/ADDSUB_OP.ADDSUB/DSP.OP/DSP48E1_BODY.NORM_RND/FULL_USAGE_DSP.LOD/DET_GEN[0].CARRY_MUX_CARRY4           | CARRY.others.CARRY4  |
    | fadd_32ns_32ns_32_2_full_dsp_1_U2/gnss_correlator_fadd_32ns_32ns_32_2_full_dsp_1_ip_u/U0/i_synth/ADDSUB_OP.ADDSUB/DSP.OP/DSP48E1_BODY.ALIGN_ADD/DSP2/i_no_versal_es1_workaround.DSP_i_10                | LUT.others.LUT5      |
    | fadd_32ns_32ns_32_2_full_dsp_1_U2/gnss_correlator_fadd_32ns_32ns_32_2_full_dsp_1_ip_u/U0/i_synth/ADDSUB_OP.ADDSUB/DSP.OP/DSP48E1_BODY.NORM_RND/FULL_USAGE_DSP.SHIFT_RND/i_no_versal_es1_workaround.DSP  | MULT.dsp.DSP48E1     |
    | fadd_32ns_32ns_32_2_full_dsp_1_U2/gnss_correlator_fadd_32ns_32ns_32_2_full_dsp_1_ip_u/U0/i_synth/ADDSUB_OP.ADDSUB/DSP.OP/DSP48E1_BODY.EXP/EXP_OFF.STRUCT_ADD/mant_op_inferred_i_7                       | LUT.others.LUT6      |
    | fadd_32ns_32ns_32_2_full_dsp_1_U2/acc_I_fu_98[16]_i_1                                                                                                                                                   | LUT.others.LUT3      |
    | acc_I_fu_98_reg[16]                                                                                                                                                                                     | FLOP_LATCH.flop.FDRE |
    +---------------------------------------------------------------------------------------------------------------------------------------------------------------------------------------------------------+----------------------+

    +---------------------------------------------------------------------------------------------------------------------------------------------------------------------------------------------------------+----------------------+
    | Path2 Cells                                                                                                                                                                                             | Primitive Type       |
    +---------------------------------------------------------------------------------------------------------------------------------------------------------------------------------------------------------+----------------------+
    | fadd_32ns_32ns_32_2_full_dsp_1_U2/din0_buf1_reg[24]                                                                                                                                                     | FLOP_LATCH.flop.FDRE |
    | fadd_32ns_32ns_32_2_full_dsp_1_U2/gnss_correlator_fadd_32ns_32ns_32_2_full_dsp_1_ip_u/U0/i_synth/ADDSUB_OP.ADDSUB/DSP.OP/DSP48E1_BODY.EXP/merged_sub_mux.gen_luts[1].sub_lut                            | LUT.others.LUT2      |
    | fadd_32ns_32ns_32_2_full_dsp_1_U2/gnss_correlator_fadd_32ns_32ns_32_2_full_dsp_1_ip_u/U0/i_synth/ADDSUB_OP.ADDSUB/DSP.OP/DSP48E1_BODY.EXP/merged_sub_mux.STRUCT_ADD/CHAIN_GEN[0].C_MUX.CARRY_MUX_CARRY4 | CARRY.others.CARRY4  |
    | fadd_32ns_32ns_32_2_full_dsp_1_U2/gnss_correlator_fadd_32ns_32ns_32_2_full_dsp_1_ip_u/U0/i_synth/ADDSUB_OP.ADDSUB/DSP.OP/DSP48E1_BODY.EXP/merged_sub_mux.STRUCT_ADD/i_no_versal_es1_workaround.DSP_i_65 | LUT.others.LUT6      |
    | fadd_32ns_32ns_32_2_full_dsp_1_U2/gnss_correlator_fadd_32ns_32ns_32_2_full_dsp_1_ip_u/U0/i_synth/ADDSUB_OP.ADDSUB/DSP.OP/DSP48E1_BODY.ALIGN_ADD/DSP2/i_no_versal_es1_workaround.DSP                     | MULT.dsp.DSP48E1     |
    | fadd_32ns_32ns_32_2_full_dsp_1_U2/gnss_correlator_fadd_32ns_32ns_32_2_full_dsp_1_ip_u/U0/i_synth/ADDSUB_OP.ADDSUB/DSP.OP/DSP48E1_BODY.ALIGN_ADD/DSP2/DET_GEN[1].CARRY_MUX_i_1                           | LUT.others.LUT5      |
    | fadd_32ns_32ns_32_2_full_dsp_1_U2/gnss_correlator_fadd_32ns_32ns_32_2_full_dsp_1_ip_u/U0/i_synth/ADDSUB_OP.ADDSUB/DSP.OP/DSP48E1_BODY.NORM_RND/FULL_USAGE_DSP.LOD/DET_GEN[0].CARRY_MUX_CARRY4           | CARRY.others.CARRY4  |
    | fadd_32ns_32ns_32_2_full_dsp_1_U2/gnss_correlator_fadd_32ns_32ns_32_2_full_dsp_1_ip_u/U0/i_synth/ADDSUB_OP.ADDSUB/DSP.OP/DSP48E1_BODY.ALIGN_ADD/DSP2/i_no_versal_es1_workaround.DSP_i_10                | LUT.others.LUT5      |
    | fadd_32ns_32ns_32_2_full_dsp_1_U2/gnss_correlator_fadd_32ns_32ns_32_2_full_dsp_1_ip_u/U0/i_synth/ADDSUB_OP.ADDSUB/DSP.OP/DSP48E1_BODY.NORM_RND/FULL_USAGE_DSP.SHIFT_RND/i_no_versal_es1_workaround.DSP  | MULT.dsp.DSP48E1     |
    | fadd_32ns_32ns_32_2_full_dsp_1_U2/gnss_correlator_fadd_32ns_32ns_32_2_full_dsp_1_ip_u/U0/i_synth/ADDSUB_OP.ADDSUB/DSP.OP/DSP48E1_BODY.EXP/EXP_OFF.STRUCT_ADD/m_axis_result_tdata[25]_INST_0             | LUT.others.LUT6      |
    | fadd_32ns_32ns_32_2_full_dsp_1_U2/acc_I_fu_98[25]_i_1                                                                                                                                                   | LUT.others.LUT3      |
    | acc_Q_fu_102_reg[25]                                                                                                                                                                                    | FLOP_LATCH.flop.FDRE |
    +---------------------------------------------------------------------------------------------------------------------------------------------------------------------------------------------------------+----------------------+

    +---------------------------------------------------------------------------------------------------------------------------------------------------------------------------------------------------------+----------------------+
    | Path3 Cells                                                                                                                                                                                             | Primitive Type       |
    +---------------------------------------------------------------------------------------------------------------------------------------------------------------------------------------------------------+----------------------+
    | fadd_32ns_32ns_32_2_full_dsp_1_U2/din0_buf1_reg[24]                                                                                                                                                     | FLOP_LATCH.flop.FDRE |
    | fadd_32ns_32ns_32_2_full_dsp_1_U2/gnss_correlator_fadd_32ns_32ns_32_2_full_dsp_1_ip_u/U0/i_synth/ADDSUB_OP.ADDSUB/DSP.OP/DSP48E1_BODY.EXP/merged_sub_mux.gen_luts[1].sub_lut                            | LUT.others.LUT2      |
    | fadd_32ns_32ns_32_2_full_dsp_1_U2/gnss_correlator_fadd_32ns_32ns_32_2_full_dsp_1_ip_u/U0/i_synth/ADDSUB_OP.ADDSUB/DSP.OP/DSP48E1_BODY.EXP/merged_sub_mux.STRUCT_ADD/CHAIN_GEN[0].C_MUX.CARRY_MUX_CARRY4 | CARRY.others.CARRY4  |
    | fadd_32ns_32ns_32_2_full_dsp_1_U2/gnss_correlator_fadd_32ns_32ns_32_2_full_dsp_1_ip_u/U0/i_synth/ADDSUB_OP.ADDSUB/DSP.OP/DSP48E1_BODY.EXP/merged_sub_mux.STRUCT_ADD/i_no_versal_es1_workaround.DSP_i_65 | LUT.others.LUT6      |
    | fadd_32ns_32ns_32_2_full_dsp_1_U2/gnss_correlator_fadd_32ns_32ns_32_2_full_dsp_1_ip_u/U0/i_synth/ADDSUB_OP.ADDSUB/DSP.OP/DSP48E1_BODY.ALIGN_ADD/DSP2/i_no_versal_es1_workaround.DSP                     | MULT.dsp.DSP48E1     |
    | fadd_32ns_32ns_32_2_full_dsp_1_U2/gnss_correlator_fadd_32ns_32ns_32_2_full_dsp_1_ip_u/U0/i_synth/ADDSUB_OP.ADDSUB/DSP.OP/DSP48E1_BODY.ALIGN_ADD/DSP2/DET_GEN[1].CARRY_MUX_i_1                           | LUT.others.LUT5      |
    | fadd_32ns_32ns_32_2_full_dsp_1_U2/gnss_correlator_fadd_32ns_32ns_32_2_full_dsp_1_ip_u/U0/i_synth/ADDSUB_OP.ADDSUB/DSP.OP/DSP48E1_BODY.NORM_RND/FULL_USAGE_DSP.LOD/DET_GEN[0].CARRY_MUX_CARRY4           | CARRY.others.CARRY4  |
    | fadd_32ns_32ns_32_2_full_dsp_1_U2/gnss_correlator_fadd_32ns_32ns_32_2_full_dsp_1_ip_u/U0/i_synth/ADDSUB_OP.ADDSUB/DSP.OP/DSP48E1_BODY.ALIGN_ADD/DSP2/i_no_versal_es1_workaround.DSP_i_10                | LUT.others.LUT5      |
    | fadd_32ns_32ns_32_2_full_dsp_1_U2/gnss_correlator_fadd_32ns_32ns_32_2_full_dsp_1_ip_u/U0/i_synth/ADDSUB_OP.ADDSUB/DSP.OP/DSP48E1_BODY.NORM_RND/FULL_USAGE_DSP.SHIFT_RND/i_no_versal_es1_workaround.DSP  | MULT.dsp.DSP48E1     |
    | fadd_32ns_32ns_32_2_full_dsp_1_U2/gnss_correlator_fadd_32ns_32ns_32_2_full_dsp_1_ip_u/U0/i_synth/ADDSUB_OP.ADDSUB/DSP.OP/DSP48E1_BODY.EXP/EXP_OFF.STRUCT_ADD/mant_op_inferred_i_21                      | LUT.others.LUT6      |
    | fadd_32ns_32ns_32_2_full_dsp_1_U2/acc_I_fu_98[2]_i_1                                                                                                                                                    | LUT.others.LUT3      |
    | acc_Q_fu_102_reg[2]                                                                                                                                                                                     | FLOP_LATCH.flop.FDRE |
    +---------------------------------------------------------------------------------------------------------------------------------------------------------------------------------------------------------+----------------------+

    +---------------------------------------------------------------------------------------------------------------------------------------------------------------------------------------------------------+----------------------+
    | Path4 Cells                                                                                                                                                                                             | Primitive Type       |
    +---------------------------------------------------------------------------------------------------------------------------------------------------------------------------------------------------------+----------------------+
    | fadd_32ns_32ns_32_2_full_dsp_1_U2/din0_buf1_reg[24]                                                                                                                                                     | FLOP_LATCH.flop.FDRE |
    | fadd_32ns_32ns_32_2_full_dsp_1_U2/gnss_correlator_fadd_32ns_32ns_32_2_full_dsp_1_ip_u/U0/i_synth/ADDSUB_OP.ADDSUB/DSP.OP/DSP48E1_BODY.EXP/merged_sub_mux.gen_luts[1].sub_lut                            | LUT.others.LUT2      |
    | fadd_32ns_32ns_32_2_full_dsp_1_U2/gnss_correlator_fadd_32ns_32ns_32_2_full_dsp_1_ip_u/U0/i_synth/ADDSUB_OP.ADDSUB/DSP.OP/DSP48E1_BODY.EXP/merged_sub_mux.STRUCT_ADD/CHAIN_GEN[0].C_MUX.CARRY_MUX_CARRY4 | CARRY.others.CARRY4  |
    | fadd_32ns_32ns_32_2_full_dsp_1_U2/gnss_correlator_fadd_32ns_32ns_32_2_full_dsp_1_ip_u/U0/i_synth/ADDSUB_OP.ADDSUB/DSP.OP/DSP48E1_BODY.EXP/merged_sub_mux.STRUCT_ADD/i_no_versal_es1_workaround.DSP_i_65 | LUT.others.LUT6      |
    | fadd_32ns_32ns_32_2_full_dsp_1_U2/gnss_correlator_fadd_32ns_32ns_32_2_full_dsp_1_ip_u/U0/i_synth/ADDSUB_OP.ADDSUB/DSP.OP/DSP48E1_BODY.ALIGN_ADD/DSP2/i_no_versal_es1_workaround.DSP                     | MULT.dsp.DSP48E1     |
    | fadd_32ns_32ns_32_2_full_dsp_1_U2/gnss_correlator_fadd_32ns_32ns_32_2_full_dsp_1_ip_u/U0/i_synth/ADDSUB_OP.ADDSUB/DSP.OP/DSP48E1_BODY.ALIGN_ADD/DSP2/DET_GEN[1].CARRY_MUX_i_1                           | LUT.others.LUT5      |
    | fadd_32ns_32ns_32_2_full_dsp_1_U2/gnss_correlator_fadd_32ns_32ns_32_2_full_dsp_1_ip_u/U0/i_synth/ADDSUB_OP.ADDSUB/DSP.OP/DSP48E1_BODY.NORM_RND/FULL_USAGE_DSP.LOD/DET_GEN[0].CARRY_MUX_CARRY4           | CARRY.others.CARRY4  |
    | fadd_32ns_32ns_32_2_full_dsp_1_U2/gnss_correlator_fadd_32ns_32ns_32_2_full_dsp_1_ip_u/U0/i_synth/ADDSUB_OP.ADDSUB/DSP.OP/DSP48E1_BODY.ALIGN_ADD/DSP2/i_no_versal_es1_workaround.DSP_i_10                | LUT.others.LUT5      |
    | fadd_32ns_32ns_32_2_full_dsp_1_U2/gnss_correlator_fadd_32ns_32ns_32_2_full_dsp_1_ip_u/U0/i_synth/ADDSUB_OP.ADDSUB/DSP.OP/DSP48E1_BODY.NORM_RND/FULL_USAGE_DSP.SHIFT_RND/i_no_versal_es1_workaround.DSP  | MULT.dsp.DSP48E1     |
    | fadd_32ns_32ns_32_2_full_dsp_1_U2/gnss_correlator_fadd_32ns_32ns_32_2_full_dsp_1_ip_u/U0/i_synth/ADDSUB_OP.ADDSUB/DSP.OP/DSP48E1_BODY.EXP/EXP_OFF.STRUCT_ADD/mant_op_inferred_i_22                      | LUT.others.LUT6      |
    | fadd_32ns_32ns_32_2_full_dsp_1_U2/int_corr_Q[1]_i_1                                                                                                                                                     | LUT.others.LUT6      |
    | control_s_axi_U/int_corr_Q_reg[1]                                                                                                                                                                       | FLOP_LATCH.flop.FDRE |
    +---------------------------------------------------------------------------------------------------------------------------------------------------------------------------------------------------------+----------------------+

    +---------------------------------------------------------------------------------------------------------------------------------------------------------------------------------------------------------+----------------------+
    | Path5 Cells                                                                                                                                                                                             | Primitive Type       |
    +---------------------------------------------------------------------------------------------------------------------------------------------------------------------------------------------------------+----------------------+
    | fadd_32ns_32ns_32_2_full_dsp_1_U2/din0_buf1_reg[24]                                                                                                                                                     | FLOP_LATCH.flop.FDRE |
    | fadd_32ns_32ns_32_2_full_dsp_1_U2/gnss_correlator_fadd_32ns_32ns_32_2_full_dsp_1_ip_u/U0/i_synth/ADDSUB_OP.ADDSUB/DSP.OP/DSP48E1_BODY.EXP/merged_sub_mux.gen_luts[1].sub_lut                            | LUT.others.LUT2      |
    | fadd_32ns_32ns_32_2_full_dsp_1_U2/gnss_correlator_fadd_32ns_32ns_32_2_full_dsp_1_ip_u/U0/i_synth/ADDSUB_OP.ADDSUB/DSP.OP/DSP48E1_BODY.EXP/merged_sub_mux.STRUCT_ADD/CHAIN_GEN[0].C_MUX.CARRY_MUX_CARRY4 | CARRY.others.CARRY4  |
    | fadd_32ns_32ns_32_2_full_dsp_1_U2/gnss_correlator_fadd_32ns_32ns_32_2_full_dsp_1_ip_u/U0/i_synth/ADDSUB_OP.ADDSUB/DSP.OP/DSP48E1_BODY.EXP/merged_sub_mux.STRUCT_ADD/i_no_versal_es1_workaround.DSP_i_65 | LUT.others.LUT6      |
    | fadd_32ns_32ns_32_2_full_dsp_1_U2/gnss_correlator_fadd_32ns_32ns_32_2_full_dsp_1_ip_u/U0/i_synth/ADDSUB_OP.ADDSUB/DSP.OP/DSP48E1_BODY.ALIGN_ADD/DSP2/i_no_versal_es1_workaround.DSP                     | MULT.dsp.DSP48E1     |
    | fadd_32ns_32ns_32_2_full_dsp_1_U2/gnss_correlator_fadd_32ns_32ns_32_2_full_dsp_1_ip_u/U0/i_synth/ADDSUB_OP.ADDSUB/DSP.OP/DSP48E1_BODY.ALIGN_ADD/DSP2/DET_GEN[1].CARRY_MUX_i_1                           | LUT.others.LUT5      |
    | fadd_32ns_32ns_32_2_full_dsp_1_U2/gnss_correlator_fadd_32ns_32ns_32_2_full_dsp_1_ip_u/U0/i_synth/ADDSUB_OP.ADDSUB/DSP.OP/DSP48E1_BODY.NORM_RND/FULL_USAGE_DSP.LOD/DET_GEN[0].CARRY_MUX_CARRY4           | CARRY.others.CARRY4  |
    | fadd_32ns_32ns_32_2_full_dsp_1_U2/gnss_correlator_fadd_32ns_32ns_32_2_full_dsp_1_ip_u/U0/i_synth/ADDSUB_OP.ADDSUB/DSP.OP/DSP48E1_BODY.ALIGN_ADD/DSP2/i_no_versal_es1_workaround.DSP_i_10                | LUT.others.LUT5      |
    | fadd_32ns_32ns_32_2_full_dsp_1_U2/gnss_correlator_fadd_32ns_32ns_32_2_full_dsp_1_ip_u/U0/i_synth/ADDSUB_OP.ADDSUB/DSP.OP/DSP48E1_BODY.NORM_RND/FULL_USAGE_DSP.SHIFT_RND/i_no_versal_es1_workaround.DSP  | MULT.dsp.DSP48E1     |
    | fadd_32ns_32ns_32_2_full_dsp_1_U2/gnss_correlator_fadd_32ns_32ns_32_2_full_dsp_1_ip_u/U0/i_synth/ADDSUB_OP.ADDSUB/DSP.OP/DSP48E1_BODY.EXP/EXP_OFF.STRUCT_ADD/m_axis_result_tdata[28]_INST_0             | LUT.others.LUT6      |
    | fadd_32ns_32ns_32_2_full_dsp_1_U2/acc_I_fu_98[28]_i_1                                                                                                                                                   | LUT.others.LUT3      |
    | acc_I_fu_98_reg[28]                                                                                                                                                                                     | FLOP_LATCH.flop.FDRE |
    +---------------------------------------------------------------------------------------------------------------------------------------------------------------------------------------------------------+----------------------+

    +---------------------------------------------------------------------------------------------------------------------------------------------------------------------------------------------------------+----------------------+
    | Path6 Cells                                                                                                                                                                                             | Primitive Type       |
    +---------------------------------------------------------------------------------------------------------------------------------------------------------------------------------------------------------+----------------------+
    | fadd_32ns_32ns_32_2_full_dsp_1_U2/din0_buf1_reg[24]                                                                                                                                                     | FLOP_LATCH.flop.FDRE |
    | fadd_32ns_32ns_32_2_full_dsp_1_U2/gnss_correlator_fadd_32ns_32ns_32_2_full_dsp_1_ip_u/U0/i_synth/ADDSUB_OP.ADDSUB/DSP.OP/DSP48E1_BODY.EXP/merged_sub_mux.gen_luts[1].sub_lut                            | LUT.others.LUT2      |
    | fadd_32ns_32ns_32_2_full_dsp_1_U2/gnss_correlator_fadd_32ns_32ns_32_2_full_dsp_1_ip_u/U0/i_synth/ADDSUB_OP.ADDSUB/DSP.OP/DSP48E1_BODY.EXP/merged_sub_mux.STRUCT_ADD/CHAIN_GEN[0].C_MUX.CARRY_MUX_CARRY4 | CARRY.others.CARRY4  |
    | fadd_32ns_32ns_32_2_full_dsp_1_U2/gnss_correlator_fadd_32ns_32ns_32_2_full_dsp_1_ip_u/U0/i_synth/ADDSUB_OP.ADDSUB/DSP.OP/DSP48E1_BODY.EXP/merged_sub_mux.STRUCT_ADD/i_no_versal_es1_workaround.DSP_i_65 | LUT.others.LUT6      |
    | fadd_32ns_32ns_32_2_full_dsp_1_U2/gnss_correlator_fadd_32ns_32ns_32_2_full_dsp_1_ip_u/U0/i_synth/ADDSUB_OP.ADDSUB/DSP.OP/DSP48E1_BODY.ALIGN_ADD/DSP2/i_no_versal_es1_workaround.DSP                     | MULT.dsp.DSP48E1     |
    | fadd_32ns_32ns_32_2_full_dsp_1_U2/gnss_correlator_fadd_32ns_32ns_32_2_full_dsp_1_ip_u/U0/i_synth/ADDSUB_OP.ADDSUB/DSP.OP/DSP48E1_BODY.ALIGN_ADD/DSP2/DET_GEN[1].CARRY_MUX_i_1                           | LUT.others.LUT5      |
    | fadd_32ns_32ns_32_2_full_dsp_1_U2/gnss_correlator_fadd_32ns_32ns_32_2_full_dsp_1_ip_u/U0/i_synth/ADDSUB_OP.ADDSUB/DSP.OP/DSP48E1_BODY.NORM_RND/FULL_USAGE_DSP.LOD/DET_GEN[0].CARRY_MUX_CARRY4           | CARRY.others.CARRY4  |
    | fadd_32ns_32ns_32_2_full_dsp_1_U2/gnss_correlator_fadd_32ns_32ns_32_2_full_dsp_1_ip_u/U0/i_synth/ADDSUB_OP.ADDSUB/DSP.OP/DSP48E1_BODY.ALIGN_ADD/DSP2/i_no_versal_es1_workaround.DSP_i_10                | LUT.others.LUT5      |
    | fadd_32ns_32ns_32_2_full_dsp_1_U2/gnss_correlator_fadd_32ns_32ns_32_2_full_dsp_1_ip_u/U0/i_synth/ADDSUB_OP.ADDSUB/DSP.OP/DSP48E1_BODY.NORM_RND/FULL_USAGE_DSP.SHIFT_RND/i_no_versal_es1_workaround.DSP  | MULT.dsp.DSP48E1     |
    | fadd_32ns_32ns_32_2_full_dsp_1_U2/gnss_correlator_fadd_32ns_32ns_32_2_full_dsp_1_ip_u/U0/i_synth/ADDSUB_OP.ADDSUB/DSP.OP/DSP48E1_BODY.EXP/EXP_OFF.STRUCT_ADD/m_axis_result_tdata[28]_INST_0             | LUT.others.LUT6      |
    | fadd_32ns_32ns_32_2_full_dsp_1_U2/acc_I_fu_98[28]_i_1                                                                                                                                                   | LUT.others.LUT3      |
    | acc_Q_fu_102_reg[28]                                                                                                                                                                                    | FLOP_LATCH.flop.FDRE |
    +---------------------------------------------------------------------------------------------------------------------------------------------------------------------------------------------------------+----------------------+

    +---------------------------------------------------------------------------------------------------------------------------------------------------------------------------------------------------------+----------------------+
    | Path7 Cells                                                                                                                                                                                             | Primitive Type       |
    +---------------------------------------------------------------------------------------------------------------------------------------------------------------------------------------------------------+----------------------+
    | fadd_32ns_32ns_32_2_full_dsp_1_U2/din0_buf1_reg[24]                                                                                                                                                     | FLOP_LATCH.flop.FDRE |
    | fadd_32ns_32ns_32_2_full_dsp_1_U2/gnss_correlator_fadd_32ns_32ns_32_2_full_dsp_1_ip_u/U0/i_synth/ADDSUB_OP.ADDSUB/DSP.OP/DSP48E1_BODY.EXP/merged_sub_mux.gen_luts[1].sub_lut                            | LUT.others.LUT2      |
    | fadd_32ns_32ns_32_2_full_dsp_1_U2/gnss_correlator_fadd_32ns_32ns_32_2_full_dsp_1_ip_u/U0/i_synth/ADDSUB_OP.ADDSUB/DSP.OP/DSP48E1_BODY.EXP/merged_sub_mux.STRUCT_ADD/CHAIN_GEN[0].C_MUX.CARRY_MUX_CARRY4 | CARRY.others.CARRY4  |
    | fadd_32ns_32ns_32_2_full_dsp_1_U2/gnss_correlator_fadd_32ns_32ns_32_2_full_dsp_1_ip_u/U0/i_synth/ADDSUB_OP.ADDSUB/DSP.OP/DSP48E1_BODY.EXP/merged_sub_mux.STRUCT_ADD/i_no_versal_es1_workaround.DSP_i_65 | LUT.others.LUT6      |
    | fadd_32ns_32ns_32_2_full_dsp_1_U2/gnss_correlator_fadd_32ns_32ns_32_2_full_dsp_1_ip_u/U0/i_synth/ADDSUB_OP.ADDSUB/DSP.OP/DSP48E1_BODY.ALIGN_ADD/DSP2/i_no_versal_es1_workaround.DSP                     | MULT.dsp.DSP48E1     |
    | fadd_32ns_32ns_32_2_full_dsp_1_U2/gnss_correlator_fadd_32ns_32ns_32_2_full_dsp_1_ip_u/U0/i_synth/ADDSUB_OP.ADDSUB/DSP.OP/DSP48E1_BODY.ALIGN_ADD/DSP2/DET_GEN[1].CARRY_MUX_i_1                           | LUT.others.LUT5      |
    | fadd_32ns_32ns_32_2_full_dsp_1_U2/gnss_correlator_fadd_32ns_32ns_32_2_full_dsp_1_ip_u/U0/i_synth/ADDSUB_OP.ADDSUB/DSP.OP/DSP48E1_BODY.NORM_RND/FULL_USAGE_DSP.LOD/DET_GEN[0].CARRY_MUX_CARRY4           | CARRY.others.CARRY4  |
    | fadd_32ns_32ns_32_2_full_dsp_1_U2/gnss_correlator_fadd_32ns_32ns_32_2_full_dsp_1_ip_u/U0/i_synth/ADDSUB_OP.ADDSUB/DSP.OP/DSP48E1_BODY.ALIGN_ADD/DSP2/i_no_versal_es1_workaround.DSP_i_10                | LUT.others.LUT5      |
    | fadd_32ns_32ns_32_2_full_dsp_1_U2/gnss_correlator_fadd_32ns_32ns_32_2_full_dsp_1_ip_u/U0/i_synth/ADDSUB_OP.ADDSUB/DSP.OP/DSP48E1_BODY.NORM_RND/FULL_USAGE_DSP.SHIFT_RND/i_no_versal_es1_workaround.DSP  | MULT.dsp.DSP48E1     |
    | fadd_32ns_32ns_32_2_full_dsp_1_U2/gnss_correlator_fadd_32ns_32ns_32_2_full_dsp_1_ip_u/U0/i_synth/ADDSUB_OP.ADDSUB/DSP.OP/DSP48E1_BODY.EXP/EXP_OFF.STRUCT_ADD/mant_op_inferred_i_16                      | LUT.others.LUT6      |
    | fadd_32ns_32ns_32_2_full_dsp_1_U2/dout_r_reg[7]                                                                                                                                                         | FLOP_LATCH.flop.FDRE |
    +---------------------------------------------------------------------------------------------------------------------------------------------------------------------------------------------------------+----------------------+

    +---------------------------------------------------------------------------------------------------------------------------------------------------------------------------------------------------------+----------------------+
    | Path8 Cells                                                                                                                                                                                             | Primitive Type       |
    +---------------------------------------------------------------------------------------------------------------------------------------------------------------------------------------------------------+----------------------+
    | fadd_32ns_32ns_32_2_full_dsp_1_U2/din0_buf1_reg[24]                                                                                                                                                     | FLOP_LATCH.flop.FDRE |
    | fadd_32ns_32ns_32_2_full_dsp_1_U2/gnss_correlator_fadd_32ns_32ns_32_2_full_dsp_1_ip_u/U0/i_synth/ADDSUB_OP.ADDSUB/DSP.OP/DSP48E1_BODY.EXP/merged_sub_mux.gen_luts[1].sub_lut                            | LUT.others.LUT2      |
    | fadd_32ns_32ns_32_2_full_dsp_1_U2/gnss_correlator_fadd_32ns_32ns_32_2_full_dsp_1_ip_u/U0/i_synth/ADDSUB_OP.ADDSUB/DSP.OP/DSP48E1_BODY.EXP/merged_sub_mux.STRUCT_ADD/CHAIN_GEN[0].C_MUX.CARRY_MUX_CARRY4 | CARRY.others.CARRY4  |
    | fadd_32ns_32ns_32_2_full_dsp_1_U2/gnss_correlator_fadd_32ns_32ns_32_2_full_dsp_1_ip_u/U0/i_synth/ADDSUB_OP.ADDSUB/DSP.OP/DSP48E1_BODY.EXP/merged_sub_mux.STRUCT_ADD/i_no_versal_es1_workaround.DSP_i_65 | LUT.others.LUT6      |
    | fadd_32ns_32ns_32_2_full_dsp_1_U2/gnss_correlator_fadd_32ns_32ns_32_2_full_dsp_1_ip_u/U0/i_synth/ADDSUB_OP.ADDSUB/DSP.OP/DSP48E1_BODY.ALIGN_ADD/DSP2/i_no_versal_es1_workaround.DSP                     | MULT.dsp.DSP48E1     |
    | fadd_32ns_32ns_32_2_full_dsp_1_U2/gnss_correlator_fadd_32ns_32ns_32_2_full_dsp_1_ip_u/U0/i_synth/ADDSUB_OP.ADDSUB/DSP.OP/DSP48E1_BODY.ALIGN_ADD/DSP2/DET_GEN[1].CARRY_MUX_i_1                           | LUT.others.LUT5      |
    | fadd_32ns_32ns_32_2_full_dsp_1_U2/gnss_correlator_fadd_32ns_32ns_32_2_full_dsp_1_ip_u/U0/i_synth/ADDSUB_OP.ADDSUB/DSP.OP/DSP48E1_BODY.NORM_RND/FULL_USAGE_DSP.LOD/DET_GEN[0].CARRY_MUX_CARRY4           | CARRY.others.CARRY4  |
    | fadd_32ns_32ns_32_2_full_dsp_1_U2/gnss_correlator_fadd_32ns_32ns_32_2_full_dsp_1_ip_u/U0/i_synth/ADDSUB_OP.ADDSUB/DSP.OP/DSP48E1_BODY.ALIGN_ADD/DSP2/i_no_versal_es1_workaround.DSP_i_10                | LUT.others.LUT5      |
    | fadd_32ns_32ns_32_2_full_dsp_1_U2/gnss_correlator_fadd_32ns_32ns_32_2_full_dsp_1_ip_u/U0/i_synth/ADDSUB_OP.ADDSUB/DSP.OP/DSP48E1_BODY.NORM_RND/FULL_USAGE_DSP.SHIFT_RND/i_no_versal_es1_workaround.DSP  | MULT.dsp.DSP48E1     |
    | fadd_32ns_32ns_32_2_full_dsp_1_U2/gnss_correlator_fadd_32ns_32ns_32_2_full_dsp_1_ip_u/U0/i_synth/ADDSUB_OP.ADDSUB/DSP.OP/DSP48E1_BODY.EXP/EXP_OFF.STRUCT_ADD/mant_op_inferred_i_10                      | LUT.others.LUT6      |
    | fadd_32ns_32ns_32_2_full_dsp_1_U2/acc_I_fu_98[13]_i_1                                                                                                                                                   | LUT.others.LUT3      |
    | acc_Q_fu_102_reg[13]                                                                                                                                                                                    | FLOP_LATCH.flop.FDRE |
    +---------------------------------------------------------------------------------------------------------------------------------------------------------------------------------------------------------+----------------------+

    +---------------------------------------------------------------------------------------------------------------------------------------------------------------------------------------------------------+----------------------+
    | Path9 Cells                                                                                                                                                                                             | Primitive Type       |
    +---------------------------------------------------------------------------------------------------------------------------------------------------------------------------------------------------------+----------------------+
    | fadd_32ns_32ns_32_2_full_dsp_1_U2/din0_buf1_reg[24]                                                                                                                                                     | FLOP_LATCH.flop.FDRE |
    | fadd_32ns_32ns_32_2_full_dsp_1_U2/gnss_correlator_fadd_32ns_32ns_32_2_full_dsp_1_ip_u/U0/i_synth/ADDSUB_OP.ADDSUB/DSP.OP/DSP48E1_BODY.EXP/merged_sub_mux.gen_luts[1].sub_lut                            | LUT.others.LUT2      |
    | fadd_32ns_32ns_32_2_full_dsp_1_U2/gnss_correlator_fadd_32ns_32ns_32_2_full_dsp_1_ip_u/U0/i_synth/ADDSUB_OP.ADDSUB/DSP.OP/DSP48E1_BODY.EXP/merged_sub_mux.STRUCT_ADD/CHAIN_GEN[0].C_MUX.CARRY_MUX_CARRY4 | CARRY.others.CARRY4  |
    | fadd_32ns_32ns_32_2_full_dsp_1_U2/gnss_correlator_fadd_32ns_32ns_32_2_full_dsp_1_ip_u/U0/i_synth/ADDSUB_OP.ADDSUB/DSP.OP/DSP48E1_BODY.EXP/merged_sub_mux.STRUCT_ADD/i_no_versal_es1_workaround.DSP_i_65 | LUT.others.LUT6      |
    | fadd_32ns_32ns_32_2_full_dsp_1_U2/gnss_correlator_fadd_32ns_32ns_32_2_full_dsp_1_ip_u/U0/i_synth/ADDSUB_OP.ADDSUB/DSP.OP/DSP48E1_BODY.ALIGN_ADD/DSP2/i_no_versal_es1_workaround.DSP                     | MULT.dsp.DSP48E1     |
    | fadd_32ns_32ns_32_2_full_dsp_1_U2/gnss_correlator_fadd_32ns_32ns_32_2_full_dsp_1_ip_u/U0/i_synth/ADDSUB_OP.ADDSUB/DSP.OP/DSP48E1_BODY.ALIGN_ADD/DSP2/DET_GEN[1].CARRY_MUX_i_1                           | LUT.others.LUT5      |
    | fadd_32ns_32ns_32_2_full_dsp_1_U2/gnss_correlator_fadd_32ns_32ns_32_2_full_dsp_1_ip_u/U0/i_synth/ADDSUB_OP.ADDSUB/DSP.OP/DSP48E1_BODY.NORM_RND/FULL_USAGE_DSP.LOD/DET_GEN[0].CARRY_MUX_CARRY4           | CARRY.others.CARRY4  |
    | fadd_32ns_32ns_32_2_full_dsp_1_U2/gnss_correlator_fadd_32ns_32ns_32_2_full_dsp_1_ip_u/U0/i_synth/ADDSUB_OP.ADDSUB/DSP.OP/DSP48E1_BODY.ALIGN_ADD/DSP2/i_no_versal_es1_workaround.DSP_i_10                | LUT.others.LUT5      |
    | fadd_32ns_32ns_32_2_full_dsp_1_U2/gnss_correlator_fadd_32ns_32ns_32_2_full_dsp_1_ip_u/U0/i_synth/ADDSUB_OP.ADDSUB/DSP.OP/DSP48E1_BODY.NORM_RND/FULL_USAGE_DSP.SHIFT_RND/i_no_versal_es1_workaround.DSP  | MULT.dsp.DSP48E1     |
    | fadd_32ns_32ns_32_2_full_dsp_1_U2/gnss_correlator_fadd_32ns_32ns_32_2_full_dsp_1_ip_u/U0/i_synth/ADDSUB_OP.ADDSUB/DSP.OP/DSP48E1_BODY.EXP/EXP_OFF.STRUCT_ADD/mant_op_inferred_i_1                       | LUT.others.LUT6      |
    | fadd_32ns_32ns_32_2_full_dsp_1_U2/int_corr_Q[22]_i_1                                                                                                                                                    | LUT.others.LUT6      |
    | control_s_axi_U/int_corr_Q_reg[22]                                                                                                                                                                      | FLOP_LATCH.flop.FDRE |
    +---------------------------------------------------------------------------------------------------------------------------------------------------------------------------------------------------------+----------------------+

    +---------------------------------------------------------------------------------------------------------------------------------------------------------------------------------------------------------+----------------------+
    | Path10 Cells                                                                                                                                                                                            | Primitive Type       |
    +---------------------------------------------------------------------------------------------------------------------------------------------------------------------------------------------------------+----------------------+
    | fadd_32ns_32ns_32_2_full_dsp_1_U2/din0_buf1_reg[24]                                                                                                                                                     | FLOP_LATCH.flop.FDRE |
    | fadd_32ns_32ns_32_2_full_dsp_1_U2/gnss_correlator_fadd_32ns_32ns_32_2_full_dsp_1_ip_u/U0/i_synth/ADDSUB_OP.ADDSUB/DSP.OP/DSP48E1_BODY.EXP/merged_sub_mux.gen_luts[1].sub_lut                            | LUT.others.LUT2      |
    | fadd_32ns_32ns_32_2_full_dsp_1_U2/gnss_correlator_fadd_32ns_32ns_32_2_full_dsp_1_ip_u/U0/i_synth/ADDSUB_OP.ADDSUB/DSP.OP/DSP48E1_BODY.EXP/merged_sub_mux.STRUCT_ADD/CHAIN_GEN[0].C_MUX.CARRY_MUX_CARRY4 | CARRY.others.CARRY4  |
    | fadd_32ns_32ns_32_2_full_dsp_1_U2/gnss_correlator_fadd_32ns_32ns_32_2_full_dsp_1_ip_u/U0/i_synth/ADDSUB_OP.ADDSUB/DSP.OP/DSP48E1_BODY.EXP/merged_sub_mux.STRUCT_ADD/i_no_versal_es1_workaround.DSP_i_65 | LUT.others.LUT6      |
    | fadd_32ns_32ns_32_2_full_dsp_1_U2/gnss_correlator_fadd_32ns_32ns_32_2_full_dsp_1_ip_u/U0/i_synth/ADDSUB_OP.ADDSUB/DSP.OP/DSP48E1_BODY.ALIGN_ADD/DSP2/i_no_versal_es1_workaround.DSP                     | MULT.dsp.DSP48E1     |
    | fadd_32ns_32ns_32_2_full_dsp_1_U2/gnss_correlator_fadd_32ns_32ns_32_2_full_dsp_1_ip_u/U0/i_synth/ADDSUB_OP.ADDSUB/DSP.OP/DSP48E1_BODY.ALIGN_ADD/DSP2/DET_GEN[1].CARRY_MUX_i_1                           | LUT.others.LUT5      |
    | fadd_32ns_32ns_32_2_full_dsp_1_U2/gnss_correlator_fadd_32ns_32ns_32_2_full_dsp_1_ip_u/U0/i_synth/ADDSUB_OP.ADDSUB/DSP.OP/DSP48E1_BODY.NORM_RND/FULL_USAGE_DSP.LOD/DET_GEN[0].CARRY_MUX_CARRY4           | CARRY.others.CARRY4  |
    | fadd_32ns_32ns_32_2_full_dsp_1_U2/gnss_correlator_fadd_32ns_32ns_32_2_full_dsp_1_ip_u/U0/i_synth/ADDSUB_OP.ADDSUB/DSP.OP/DSP48E1_BODY.ALIGN_ADD/DSP2/i_no_versal_es1_workaround.DSP_i_10                | LUT.others.LUT5      |
    | fadd_32ns_32ns_32_2_full_dsp_1_U2/gnss_correlator_fadd_32ns_32ns_32_2_full_dsp_1_ip_u/U0/i_synth/ADDSUB_OP.ADDSUB/DSP.OP/DSP48E1_BODY.NORM_RND/FULL_USAGE_DSP.SHIFT_RND/i_no_versal_es1_workaround.DSP  | MULT.dsp.DSP48E1     |
    | fadd_32ns_32ns_32_2_full_dsp_1_U2/gnss_correlator_fadd_32ns_32ns_32_2_full_dsp_1_ip_u/U0/i_synth/ADDSUB_OP.ADDSUB/DSP.OP/DSP48E1_BODY.EXP/EXP_OFF.STRUCT_ADD/mant_op_inferred_i_17                      | LUT.others.LUT6      |
    | fadd_32ns_32ns_32_2_full_dsp_1_U2/dout_r_reg[6]                                                                                                                                                         | FLOP_LATCH.flop.FDRE |
    +---------------------------------------------------------------------------------------------------------------------------------------------------------------------------------------------------------+----------------------+


================================================================
== Place & Route Vivado Reports
================================================================
+--------------------------+-------------------------------------------------------------------------+
| Report Type              | Report Location                                                         |
+--------------------------+-------------------------------------------------------------------------+
| design_analysis          | impl/verilog/report/gnss_correlator_design_analysis_routed.rpt          |
| failfast                 | impl/verilog/report/gnss_correlator_failfast_routed.rpt                 |
| power                    | impl/verilog/report/gnss_correlator_power_routed.rpt                    |
| status                   | impl/verilog/report/gnss_correlator_status_routed.rpt                   |
| timing                   | impl/verilog/report/gnss_correlator_timing_routed.rpt                   |
| timing_paths             | impl/verilog/report/gnss_correlator_timing_paths_routed.rpt             |
| utilization              | impl/verilog/report/gnss_correlator_utilization_routed.rpt              |
| utilization_hierarchical | impl/verilog/report/gnss_correlator_utilization_hierarchical_routed.rpt |
+--------------------------+-------------------------------------------------------------------------+


