Copyright 1986-2022 Xilinx, Inc. All Rights Reserved. Copyright 2022-2025 Advanced Micro Devices, Inc. All Rights Reserved.
---------------------------------------------------------------------------------------------------------------------------------------------
| Tool Version : Vivado v.2025.2 (lin64) Build 6299465 Fri Nov 14 12:34:56 MST 2025
| Date         : Wed Sep 16 18:04:32 2026
| Host         : johan2-Yoga-7-15ITL5 running 64-bit Ubuntu 22.04.5 LTS
| Command      : report_timing_summary -file ./report/gnss_correlator_timing_synth.rpt
| Design       : bd_0_wrapper
| Device       : 7z020-clg484
| Speed File   : -1  PRODUCTION 1.12 2019-11-22
| Design State : Synthesized
---------------------------------------------------------------------------------------------------------------------------------------------

Timing Summary Report

------------------------------------------------------------------------------------------------
| Timer Settings
| --------------
------------------------------------------------------------------------------------------------

  Enable Multi Corner Analysis               :  Yes
  Enable Pessimism Removal                   :  Yes
  Pessimism Removal Resolution               :  Nearest Common Node
  Enable Input Delay Default Clock           :  No
  Enable Preset / Clear Arcs                 :  No
  Disable Flight Delays                      :  No
  Ignore I/O Paths                           :  No
  Timing Early Launch at Borrowing Latches   :  No
  Borrow Time for Max Delay Exceptions       :  Yes
  Merge Timing Exceptions                    :  Yes
  Inter-SLR Compensation                     :  Conservative

  Corner  Analyze    Analyze    
  Name    Max Paths  Min Paths  
  ------  ---------  ---------  
  Slow    Yes        Yes        
  Fast    Yes        Yes        


------------------------------------------------------------------------------------------------
| Report Methodology
| ------------------
------------------------------------------------------------------------------------------------

No report available as report_methodology has not been run prior. Run report_methodology on the current design for the summary of methodology violations.



check_timing report

Table of Contents
-----------------
1. checking no_clock (0)
2. checking constant_clock (0)
3. checking pulse_width_clock (0)
4. checking unconstrained_internal_endpoints (0)
5. checking no_input_delay (173)
6. checking no_output_delay (211)
7. checking multiple_clock (0)
8. checking generated_clocks (0)
9. checking loops (0)
10. checking partial_input_delay (0)
11. checking partial_output_delay (0)
12. checking latch_loops (0)

1. checking no_clock (0)
------------------------
 There are 0 register/latch pins with no clock.


2. checking constant_clock (0)
------------------------------
 There are 0 register/latch pins with constant_clock.


3. checking pulse_width_clock (0)
---------------------------------
 There are 0 register/latch pins which need pulse_width check


4. checking unconstrained_internal_endpoints (0)
------------------------------------------------
 There are 0 pins that are not constrained for maximum delay.

 There are 0 pins that are not constrained for maximum delay due to constant clock.


5. checking no_input_delay (173)
--------------------------------
 There are 173 input ports with no input delay specified. (HIGH)

 There are 0 input ports with no input delay but user has a false path constraint.


6. checking no_output_delay (211)
---------------------------------
 There are 211 ports with no output delay specified. (HIGH)

 There are 0 ports with no output delay but user has a false path constraint

 There are 0 ports with no output delay but with a timing clock defined on it or propagating through it


7. checking multiple_clock (0)
------------------------------
 There are 0 register/latch pins with multiple clocks.


8. checking generated_clocks (0)
--------------------------------
 There are 0 generated clocks that are not connected to a clock source.


9. checking loops (0)
---------------------
 There are 0 combinational loops in the design.


10. checking partial_input_delay (0)
------------------------------------
 There are 0 input ports with partial input delay specified.


11. checking partial_output_delay (0)
-------------------------------------
 There are 0 ports with partial output delay specified.


12. checking latch_loops (0)
----------------------------
 There are 0 combinational latch loops in the design through latch input



------------------------------------------------------------------------------------------------
| Design Timing Summary
| ---------------------
------------------------------------------------------------------------------------------------

    WNS(ns)      TNS(ns)  TNS Failing Endpoints  TNS Total Endpoints      WHS(ns)      THS(ns)  THS Failing Endpoints  THS Total Endpoints     WPWS(ns)     TPWS(ns)  TPWS Failing Endpoints  TPWS Total Endpoints  
    -------      -------  ---------------------  -------------------      -------      -------  ---------------------  -------------------     --------     --------  ----------------------  --------------------  
      3.546        0.000                      0                 7994        0.193        0.000                      0                 7994        4.020        0.000                       0                  3770  


All user specified timing constraints are met.


------------------------------------------------------------------------------------------------
| Clock Summary
| -------------
------------------------------------------------------------------------------------------------

Clock   Waveform(ns)       Period(ns)      Frequency(MHz)
-----   ------------       ----------      --------------
ap_clk  {0.000 5.000}      10.000          100.000         


------------------------------------------------------------------------------------------------
| Intra Clock Table
| -----------------
------------------------------------------------------------------------------------------------

Clock             WNS(ns)      TNS(ns)  TNS Failing Endpoints  TNS Total Endpoints      WHS(ns)      THS(ns)  THS Failing Endpoints  THS Total Endpoints     WPWS(ns)     TPWS(ns)  TPWS Failing Endpoints  TPWS Total Endpoints  
-----             -------      -------  ---------------------  -------------------      -------      -------  ---------------------  -------------------     --------     --------  ----------------------  --------------------  
ap_clk              3.546        0.000                      0                 7994        0.193        0.000                      0                 7994        4.020        0.000                       0                  3770  


------------------------------------------------------------------------------------------------
| Inter Clock Table
| -----------------
------------------------------------------------------------------------------------------------

From Clock    To Clock          WNS(ns)      TNS(ns)  TNS Failing Endpoints  TNS Total Endpoints      WHS(ns)      THS(ns)  THS Failing Endpoints  THS Total Endpoints  
----------    --------          -------      -------  ---------------------  -------------------      -------      -------  ---------------------  -------------------  


------------------------------------------------------------------------------------------------
| Other Path Groups Table
| -----------------------
------------------------------------------------------------------------------------------------

Path Group    From Clock    To Clock          WNS(ns)      TNS(ns)  TNS Failing Endpoints  TNS Total Endpoints      WHS(ns)      THS(ns)  THS Failing Endpoints  THS Total Endpoints  
----------    ----------    --------          -------      -------  ---------------------  -------------------      -------      -------  ---------------------  -------------------  


------------------------------------------------------------------------------------------------
| Timing Details
| --------------
------------------------------------------------------------------------------------------------


---------------------------------------------------------------------------------------------------
From Clock:  ap_clk
  To Clock:  ap_clk

Setup :            0  Failing Endpoints,  Worst Slack        3.546ns,  Total Violation        0.000ns
Hold  :            0  Failing Endpoints,  Worst Slack        0.193ns,  Total Violation        0.000ns
PW    :            0  Failing Endpoints,  Worst Slack        4.020ns,  Total Violation        0.000ns
---------------------------------------------------------------------------------------------------


Max Delay Paths
--------------------------------------------------------------------------------------
Slack (MET) :             3.546ns  (required time - arrival time)
  Source:                 bd_0_i/hls_inst/inst/grp_gnss_correlator_Pipeline_VITIS_LOOP_30_1_fu_170/acc_I_fu_118_reg[0]/C
                            (rising edge-triggered cell FDRE clocked by ap_clk  {rise@0.000ns fall@5.000ns period=10.000ns})
  Destination:            bd_0_i/hls_inst/inst/add_ln45_reg_559_reg[2]/D
                            (rising edge-triggered cell FDRE clocked by ap_clk  {rise@0.000ns fall@5.000ns period=10.000ns})
  Path Group:             ap_clk
  Path Type:              Setup (Max at Slow Process Corner)
  Requirement:            10.000ns  (ap_clk rise@10.000ns - ap_clk rise@0.000ns)
  Data Path Delay:        6.447ns  (logic 2.185ns (33.892%)  route 4.262ns (66.108%))
  Logic Levels:           6  (CARRY4=1 LUT1=1 LUT3=1 LUT5=2 LUT6=1)
  Clock Path Skew:        -0.049ns (DCD - SCD + CPR)
    Destination Clock Delay (DCD):    0.924ns = ( 10.924 - 10.000 ) 
    Source Clock Delay      (SCD):    0.973ns
    Clock Pessimism Removal (CPR):    0.000ns
  Clock Uncertainty:      0.035ns  ((TSJ^2 + TIJ^2)^1/2 + DJ) / 2 + PE
    Total System Jitter     (TSJ):    0.071ns
    Total Input Jitter      (TIJ):    0.000ns
    Discrete Jitter          (DJ):    0.000ns
    Phase Error              (PE):    0.000ns

    Location             Delay type                Incr(ns)  Path(ns)    Netlist Resource(s)
  -------------------------------------------------------------------    -------------------
                         (clock ap_clk rise edge)     0.000     0.000 r  
                                                      0.000     0.000 r  ap_clk (IN)
                         net (fo=3769, unset)         0.973     0.973    bd_0_i/hls_inst/inst/grp_gnss_correlator_Pipeline_VITIS_LOOP_30_1_fu_170/ap_clk
                         FDRE                                         r  bd_0_i/hls_inst/inst/grp_gnss_correlator_Pipeline_VITIS_LOOP_30_1_fu_170/acc_I_fu_118_reg[0]/C
  -------------------------------------------------------------------    -------------------
                         FDRE (Prop_fdre_C_Q)         0.518     1.491 f  bd_0_i/hls_inst/inst/grp_gnss_correlator_Pipeline_VITIS_LOOP_30_1_fu_170/acc_I_fu_118_reg[0]/Q
                         net (fo=7, unplaced)         0.346     1.837    bd_0_i/hls_inst/inst/grp_gnss_correlator_Pipeline_VITIS_LOOP_30_1_fu_170/acc_I_out[0]
                         LUT1 (Prop_lut1_I0_O)        0.295     2.132 r  bd_0_i/hls_inst/inst/grp_gnss_correlator_Pipeline_VITIS_LOOP_30_1_fu_170/select_ln45_reg_549[4]_i_3/O
                         net (fo=1, unplaced)         0.333     2.465    bd_0_i/hls_inst/inst/grp_gnss_correlator_Pipeline_VITIS_LOOP_30_1_fu_170/p_0_in[0]
                         CARRY4 (Prop_carry4_CYINIT_O[1])
                                                      0.644     3.109 r  bd_0_i/hls_inst/inst/grp_gnss_correlator_Pipeline_VITIS_LOOP_30_1_fu_170/select_ln45_reg_549_reg[4]_i_2/O[1]
                         net (fo=3, unplaced)         0.629     3.738    bd_0_i/hls_inst/inst/grp_gnss_correlator_Pipeline_VITIS_LOOP_30_1_fu_170/sub_ln45_fu_250_p2[2]
                         LUT5 (Prop_lut5_I1_O)        0.332     4.070 r  bd_0_i/hls_inst/inst/grp_gnss_correlator_Pipeline_VITIS_LOOP_30_1_fu_170/trunc_ln45_reg_554[2]_i_4/O
                         net (fo=2, unplaced)         0.913     4.983    bd_0_i/hls_inst/inst/grp_gnss_correlator_Pipeline_VITIS_LOOP_30_1_fu_170/trunc_ln45_reg_554[2]_i_4_n_0
                         LUT5 (Prop_lut5_I3_O)        0.124     5.107 r  bd_0_i/hls_inst/inst/grp_gnss_correlator_Pipeline_VITIS_LOOP_30_1_fu_170/trunc_ln45_reg_554[1]_i_3/O
                         net (fo=1, unplaced)         1.111     6.218    bd_0_i/hls_inst/inst/grp_gnss_correlator_Pipeline_VITIS_LOOP_30_1_fu_170/trunc_ln45_reg_554[1]_i_3_n_0
                         LUT6 (Prop_lut6_I4_O)        0.124     6.342 r  bd_0_i/hls_inst/inst/grp_gnss_correlator_Pipeline_VITIS_LOOP_30_1_fu_170/trunc_ln45_reg_554[1]_i_1/O
                         net (fo=5, unplaced)         0.930     7.272    bd_0_i/hls_inst/inst/grp_gnss_correlator_Pipeline_VITIS_LOOP_30_1_fu_170/tmp_5_fu_264_p3[1]
                         LUT3 (Prop_lut3_I0_O)        0.148     7.420 r  bd_0_i/hls_inst/inst/grp_gnss_correlator_Pipeline_VITIS_LOOP_30_1_fu_170/add_ln45_reg_559[2]_i_1/O
                         net (fo=1, unplaced)         0.000     7.420    bd_0_i/hls_inst/inst/add_ln45_fu_276_p2[2]
                         FDRE                                         r  bd_0_i/hls_inst/inst/add_ln45_reg_559_reg[2]/D
  -------------------------------------------------------------------    -------------------

                         (clock ap_clk rise edge)    10.000    10.000 r  
                                                      0.000    10.000 r  ap_clk (IN)
                         net (fo=3769, unset)         0.924    10.924    bd_0_i/hls_inst/inst/ap_clk
                         FDRE                                         r  bd_0_i/hls_inst/inst/add_ln45_reg_559_reg[2]/C
                         clock pessimism              0.000    10.924    
                         clock uncertainty           -0.035    10.889    
                         FDRE (Setup_fdre_C_D)        0.077    10.966    bd_0_i/hls_inst/inst/add_ln45_reg_559_reg[2]
  -------------------------------------------------------------------
                         required time                         10.966    
                         arrival time                          -7.420    
  -------------------------------------------------------------------
                         slack                                  3.546    





Min Delay Paths
--------------------------------------------------------------------------------------
Slack (MET) :             0.193ns  (arrival time - required time)
  Source:                 bd_0_i/hls_inst/inst/grp_gnss_correlator_Pipeline_VITIS_LOOP_30_1_fu_170/acc_I_fu_118_reg[1]/C
                            (rising edge-triggered cell FDRE clocked by ap_clk  {rise@0.000ns fall@5.000ns period=10.000ns})
  Destination:            bd_0_i/hls_inst/inst/grp_gnss_correlator_Pipeline_VITIS_LOOP_30_1_fu_170/acc_I_fu_118_reg[2]/D
                            (rising edge-triggered cell FDRE clocked by ap_clk  {rise@0.000ns fall@5.000ns period=10.000ns})
  Path Group:             ap_clk
  Path Type:              Hold (Min at Fast Process Corner)
  Requirement:            0.000ns  (ap_clk rise@0.000ns - ap_clk rise@0.000ns)
  Data Path Delay:        0.349ns  (logic 0.256ns (73.408%)  route 0.093ns (26.592%))
  Logic Levels:           1  (CARRY4=1)
  Clock Path Skew:        0.022ns (DCD - SCD - CPR)
    Destination Clock Delay (DCD):    0.432ns
    Source Clock Delay      (SCD):    0.410ns
    Clock Pessimism Removal (CPR):    -0.000ns

    Location             Delay type                Incr(ns)  Path(ns)    Netlist Resource(s)
  -------------------------------------------------------------------    -------------------
                         (clock ap_clk rise edge)     0.000     0.000 r  
                                                      0.000     0.000 r  ap_clk (IN)
                         net (fo=3769, unset)         0.410     0.410    bd_0_i/hls_inst/inst/grp_gnss_correlator_Pipeline_VITIS_LOOP_30_1_fu_170/ap_clk
                         FDRE                                         r  bd_0_i/hls_inst/inst/grp_gnss_correlator_Pipeline_VITIS_LOOP_30_1_fu_170/acc_I_fu_118_reg[1]/C
  -------------------------------------------------------------------    -------------------
                         FDRE (Prop_fdre_C_Q)         0.164     0.574 r  bd_0_i/hls_inst/inst/grp_gnss_correlator_Pipeline_VITIS_LOOP_30_1_fu_170/acc_I_fu_118_reg[1]/Q
                         net (fo=5, unplaced)         0.093     0.667    bd_0_i/hls_inst/inst/grp_gnss_correlator_Pipeline_VITIS_LOOP_30_1_fu_170/grp_gnss_correlator_Pipeline_VITIS_LOOP_30_1_fu_170_acc_I_out[1]
                         CARRY4 (Prop_carry4_DI[2]_O[3])
                                                      0.092     0.759 r  bd_0_i/hls_inst/inst/grp_gnss_correlator_Pipeline_VITIS_LOOP_30_1_fu_170/acc_I_fu_118_reg[2]_i_1/O[3]
                         net (fo=1, unplaced)         0.000     0.759    bd_0_i/hls_inst/inst/grp_gnss_correlator_Pipeline_VITIS_LOOP_30_1_fu_170/p_1_in[2]
                         FDRE                                         r  bd_0_i/hls_inst/inst/grp_gnss_correlator_Pipeline_VITIS_LOOP_30_1_fu_170/acc_I_fu_118_reg[2]/D
  -------------------------------------------------------------------    -------------------

                         (clock ap_clk rise edge)     0.000     0.000 r  
                                                      0.000     0.000 r  ap_clk (IN)
                         net (fo=3769, unset)         0.432     0.432    bd_0_i/hls_inst/inst/grp_gnss_correlator_Pipeline_VITIS_LOOP_30_1_fu_170/ap_clk
                         FDRE                                         r  bd_0_i/hls_inst/inst/grp_gnss_correlator_Pipeline_VITIS_LOOP_30_1_fu_170/acc_I_fu_118_reg[2]/C
                         clock pessimism              0.000     0.432    
                         FDRE (Hold_fdre_C_D)         0.134     0.566    bd_0_i/hls_inst/inst/grp_gnss_correlator_Pipeline_VITIS_LOOP_30_1_fu_170/acc_I_fu_118_reg[2]
  -------------------------------------------------------------------
                         required time                         -0.566    
                         arrival time                           0.759    
  -------------------------------------------------------------------
                         slack                                  0.193    





Pulse Width Checks
--------------------------------------------------------------------------------------
Clock Name:         ap_clk
Waveform(ns):       { 0.000 5.000 }
Period(ns):         10.000
Sources:            { ap_clk }

Check Type        Corner  Lib Pin      Reference Pin  Required(ns)  Actual(ns)  Slack(ns)  Location  Pin
Min Period        n/a     DSP48E1/CLK  n/a            3.884         10.000      6.116                bd_0_i/hls_inst/inst/grp_gnss_correlator_Pipeline_VITIS_LOOP_30_1_fu_170/mul_ln40_reg_1694_reg/CLK
Low Pulse Width   Slow    SRL16E/CLK   n/a            0.980         5.000       4.020                bd_0_i/hls_inst/inst/bus_read/ost_ctrl_gen[0].fifo_burst/U_fifo_srl/mem_reg[14][0]_srl15/CLK
High Pulse Width  Slow    SRL16E/CLK   n/a            0.980         5.000       4.020                bd_0_i/hls_inst/inst/bus_read/ost_ctrl_gen[0].fifo_burst/U_fifo_srl/mem_reg[14][0]_srl15/CLK



