Copyright 1986-2022 Xilinx, Inc. All Rights Reserved. Copyright 2022-2025 Advanced Micro Devices, Inc. All Rights Reserved.
---------------------------------------------------------------------------------------------------------------------------------------------
| Tool Version : Vivado v.2025.2 (lin64) Build 6299465 Fri Nov 14 12:34:56 MST 2025
| Date         : Wed Sep 16 18:10:12 2026
| Host         : johan2-Yoga-7-15ITL5 running 64-bit Ubuntu 22.04.5 LTS
| Command      : report_design_analysis -file ./report/gnss_correlator_design_analysis_routed.rpt
| Design       : bd_0_wrapper
| Device       : xc7z020
| Design State : Routed
---------------------------------------------------------------------------------------------------------------------------------------------

Report Design Analysis

Table of Contents
-----------------
1. Setup Path Characteristics 1-1
2. Logic Level Distribution
3. Placer Final Level Congestion Reporting
4. Initial Estimated Router Congestion Reporting

1. Setup Path Characteristics 1-1
---------------------------------

+---------------------------+------------------------------------------------------------------------------------------------+
|      Characteristics      |                                             Path #1                                            |
+---------------------------+------------------------------------------------------------------------------------------------+
| Requirement               | 10.000                                                                                         |
| Path Delay                | 6.825                                                                                          |
| Logic Delay               | 2.870(43%)                                                                                     |
| Net Delay                 | 3.955(57%)                                                                                     |
| Clock Skew                | -0.049                                                                                         |
| Slack                     | 3.120                                                                                          |
| Clock Uncertainty         | 0.035                                                                                          |
| Clock Pair Classification | Timed                                                                                          |
| Clock Delay Group         | Same Clock                                                                                     |
| Logic Levels              | 9                                                                                              |
| Routes                    | 9                                                                                              |
| Logical Path              | FDRE/C-(7)-LUT1-(1)-CARRY4-(1)-CARRY4-CARRY4-CARRY4-LUT5-(4)-LUT5-(1)-LUT5-(4)-LUT6-(1)-FDRE/D |
| Start Point Clock         | ap_clk                                                                                         |
| End Point Clock           | ap_clk                                                                                         |
| DSP Block                 | None                                                                                           |
| RAM Registers             | None-None                                                                                      |
| IO Crossings              | 0                                                                                              |
| Config Crossings          | 0                                                                                              |
| SLR Crossings             | 0                                                                                              |
| PBlocks                   | 0                                                                                              |
| High Fanout               | 7                                                                                              |
| ASYNC REG                 | 0                                                                                              |
| Dont Touch                | 0                                                                                              |
| Mark Debug                | 0                                                                                              |
| Start Point Pin Primitive | FDRE/C                                                                                         |
| End Point Pin Primitive   | FDRE/D                                                                                         |
| Start Point Pin           | acc_I_fu_118_reg[0]/C                                                                          |
| End Point Pin             | add_ln45_reg_559_reg[3]/D                                                                      |
+---------------------------+------------------------------------------------------------------------------------------------+
* Bounding box calculated as % of dimensions for the target device (308, 299)


2. Logic Level Distribution
---------------------------

+-----------------+-------------+----+-----+-----+----+----+----+----+----+----+----+----+----+----+----+----+----+
| End Point Clock | Requirement |  1 |  2  |  3  |  4 |  5 |  6 |  7 |  8 |  9 | 10 | 11 | 12 | 13 | 14 | 15 | 16 |
+-----------------+-------------+----+-----+-----+----+----+----+----+----+----+----+----+----+----+----+----+----+
| ap_clk          | 10.000ns    | 64 | 260 | 358 | 70 | 46 | 32 | 84 | 27 | 19 | 12 |  8 |  6 |  4 |  4 |  4 |  2 |
+-----------------+-------------+----+-----+-----+----+----+----+----+----+----+----+----+----+----+----+----+----+
* Columns represent the logic levels per end point clock
** Distribution is for top worst 1000 paths


3. Placer Final Level Congestion Reporting
------------------------------------------

+-----------+------+-------+------------+--------+---------------+----------------+-----+--------+------+------+------+-----+-------+-----+------------+
| Direction | Type | Level | Congestion | Window | Combined LUTs | Avg LUT Inputs | LUT | LUTRAM | Flop | MUXF | RAMB | DSP | CARRY | SRL | Cell Names |
+-----------+------+-------+------------+--------+---------------+----------------+-----+--------+------+------+------+-----+-------+-----+------------+
* No congestion windows are found above level 5


4. Initial Estimated Router Congestion Reporting
------------------------------------------------

+-----------+------+-------+------------------+--------+---------------+----------------+-----+--------+------+------+------+-----+-------+-----+------------+
| Direction | Type | Level | Percentage Tiles | Window | Combined LUTs | Avg LUT Inputs | LUT | LUTRAM | Flop | MUXF | RAMB | DSP | CARRY | SRL | Cell Names |
+-----------+------+-------+------------------+--------+---------------+----------------+-----+--------+------+------+------+-----+-------+-----+------------+
* No initial estimated congestion windows are found above level 5


