Copyright 1986-2022 Xilinx, Inc. All Rights Reserved. Copyright 2022-2025 Advanced Micro Devices, Inc. All Rights Reserved.
---------------------------------------------------------------------------------------------------------------------------------------------
| Tool Version : Vivado v.2025.2 (lin64) Build 6299465 Fri Nov 14 12:34:56 MST 2025
| Date         : Sat Sep 19 17:41:15 2026
| Host         : johan2-Yoga-7-15ITL5 running 64-bit Ubuntu 22.04.5 LTS
| Command      : report_utilization -hierarchical -hierarchical_depth 5 -file ./report/gnss_correlator_utilization_hierarchical_synth.rpt
| Design       : bd_0_wrapper
| Device       : xc7z020clg484-1
| Speed File   : -1
| Design State : Synthesized
---------------------------------------------------------------------------------------------------------------------------------------------

Utilization Design Information

Table of Contents
-----------------
1. Utilization by Hierarchy

1. Utilization by Hierarchy
---------------------------

+-------------------------------------------------------------------+--------------------------------------------------------------------------+------------+------------+---------+------+------+--------+--------+------------+
|                              Instance                             |                                  Module                                  | Total LUTs | Logic LUTs | LUTRAMs | SRLs |  FFs | RAMB36 | RAMB18 | DSP Blocks |
+-------------------------------------------------------------------+--------------------------------------------------------------------------+------------+------------+---------+------+------+--------+--------+------------+
| bd_0_wrapper                                                      |                                                                    (top) |       2513 |       2352 |       0 |  161 | 3160 |      0 |      2 |         10 |
|   bd_0_i                                                          |                                                                     bd_0 |       2513 |       2352 |       0 |  161 | 3160 |      0 |      2 |         10 |
|     hls_inst                                                      |                                                          bd_0_hls_inst_0 |       2513 |       2352 |       0 |  161 | 3160 |      0 |      2 |         10 |
|       inst                                                        |                                          bd_0_hls_inst_0_gnss_correlator |       2513 |       2352 |       0 |  161 | 3160 |      0 |      2 |         10 |
|         (inst)                                                    |                                          bd_0_hls_inst_0_gnss_correlator |         38 |          3 |       0 |   35 |  635 |      0 |      0 |          0 |
|         control_r_s_axi_U                                         |                          bd_0_hls_inst_0_gnss_correlator_control_r_s_axi |        211 |        211 |       0 |    0 |  297 |      0 |      0 |          0 |
|         control_s_axi_U                                           |                            bd_0_hls_inst_0_gnss_correlator_control_s_axi |        138 |        138 |       0 |    0 |  151 |      0 |      0 |          0 |
|         fadd_32ns_32ns_32_2_full_dsp_1_U2                         |           bd_0_hls_inst_0_gnss_correlator_fadd_32ns_32ns_32_2_full_dsp_1 |        338 |        338 |       0 |    0 |   97 |      0 |      0 |          2 |
|           (fadd_32ns_32ns_32_2_full_dsp_1_U2)                     |           bd_0_hls_inst_0_gnss_correlator_fadd_32ns_32ns_32_2_full_dsp_1 |         97 |         97 |       0 |    0 |   97 |      0 |      0 |          0 |
|           gnss_correlator_fadd_32ns_32ns_32_2_full_dsp_1_ip_u     |        bd_0_hls_inst_0_gnss_correlator_fadd_32ns_32ns_32_2_full_dsp_1_ip |        241 |        241 |       0 |    0 |    0 |      0 |      0 |          2 |
|         faddfsub_32ns_32ns_32_5_full_dsp_1_U1                     |       bd_0_hls_inst_0_gnss_correlator_faddfsub_32ns_32ns_32_5_full_dsp_1 |        274 |        274 |       0 |    0 |  209 |      0 |      0 |          2 |
|           (faddfsub_32ns_32ns_32_5_full_dsp_1_U1)                 |       bd_0_hls_inst_0_gnss_correlator_faddfsub_32ns_32ns_32_5_full_dsp_1 |         48 |         48 |       0 |    0 |   98 |      0 |      0 |          0 |
|           gnss_correlator_faddfsub_32ns_32ns_32_5_full_dsp_1_ip_u |    bd_0_hls_inst_0_gnss_correlator_faddfsub_32ns_32ns_32_5_full_dsp_1_ip |        226 |        226 |       0 |    0 |  111 |      0 |      0 |          2 |
|         flow_control_loop_delay_pipe_U                            |             bd_0_hls_inst_0_gnss_correlator_flow_control_loop_delay_pipe |        161 |        161 |       0 |    0 |    2 |      0 |      0 |          0 |
|         fmul_32ns_32ns_32_4_max_dsp_1_U3                          | bd_0_hls_inst_0_gnss_correlator_fmul_32ns_32ns_32_4_max_dsp_1__xdcDup__1 |        122 |        122 |       0 |    0 |  145 |      0 |      0 |          3 |
|           (fmul_32ns_32ns_32_4_max_dsp_1_U3)                      | bd_0_hls_inst_0_gnss_correlator_fmul_32ns_32ns_32_4_max_dsp_1__xdcDup__1 |         48 |         48 |       0 |    0 |   96 |      0 |      0 |          0 |
|           gnss_correlator_fmul_32ns_32ns_32_4_max_dsp_1_ip_u      |      bd_0_hls_inst_0_gnss_correlator_fmul_32ns_32ns_32_4_max_dsp_1_ip__2 |         74 |         74 |       0 |    0 |   49 |      0 |      0 |          3 |
|         fmul_32ns_32ns_32_4_max_dsp_1_U4                          |            bd_0_hls_inst_0_gnss_correlator_fmul_32ns_32ns_32_4_max_dsp_1 |        106 |        106 |       0 |    0 |  146 |      0 |      0 |          3 |
|           (fmul_32ns_32ns_32_4_max_dsp_1_U4)                      |            bd_0_hls_inst_0_gnss_correlator_fmul_32ns_32ns_32_4_max_dsp_1 |         32 |         32 |       0 |    0 |   97 |      0 |      0 |          0 |
|           gnss_correlator_fmul_32ns_32ns_32_4_max_dsp_1_ip_u      |         bd_0_hls_inst_0_gnss_correlator_fmul_32ns_32ns_32_4_max_dsp_1_ip |         74 |         74 |       0 |    0 |   49 |      0 |      0 |          3 |
|         gmem0_m_axi_U                                             |                              bd_0_hls_inst_0_gnss_correlator_gmem0_m_axi |        562 |        499 |       0 |   63 |  739 |      0 |      1 |          0 |
|           bus_read                                                |                         bd_0_hls_inst_0_gnss_correlator_gmem0_m_axi_read |        340 |        340 |       0 |    0 |  559 |      0 |      0 |          0 |
|           load_unit_0                                             |                         bd_0_hls_inst_0_gnss_correlator_gmem0_m_axi_load |        222 |        159 |       0 |   63 |  180 |      0 |      1 |          0 |
|         gmem1_m_axi_U                                             |                              bd_0_hls_inst_0_gnss_correlator_gmem1_m_axi |        563 |        500 |       0 |   63 |  739 |      0 |      1 |          0 |
|           bus_read                                                |                         bd_0_hls_inst_0_gnss_correlator_gmem1_m_axi_read |        341 |        341 |       0 |    0 |  559 |      0 |      0 |          0 |
|           load_unit_0                                             |                         bd_0_hls_inst_0_gnss_correlator_gmem1_m_axi_load |        222 |        159 |       0 |   63 |  180 |      0 |      1 |          0 |
+-------------------------------------------------------------------+--------------------------------------------------------------------------+------------+------------+---------+------+------+--------+--------+------------+


