Copyright 1986-2022 Xilinx, Inc. All Rights Reserved. Copyright 2022-2025 Advanced Micro Devices, Inc. All Rights Reserved.
---------------------------------------------------------------------------------------------------------------------------------------------
| Tool Version : Vivado v.2025.2 (lin64) Build 6299465 Fri Nov 14 12:34:56 MST 2025
| Date         : Wed Sep 16 18:10:08 2026
| Host         : johan2-Yoga-7-15ITL5 running 64-bit Ubuntu 22.04.5 LTS
| Command      : report_timing_summary -file ./report/gnss_correlator_timing_routed.rpt
| Design       : bd_0_wrapper
| Device       : 7z020-clg484
| Speed File   : -1  PRODUCTION 1.12 2019-11-22
| Design State : Routed
---------------------------------------------------------------------------------------------------------------------------------------------

Timing Summary Report

------------------------------------------------------------------------------------------------
| Timer Settings
| --------------
------------------------------------------------------------------------------------------------

  Enable Multi Corner Analysis               :  Yes
  Enable Pessimism Removal                   :  Yes
  Pessimism Removal Resolution               :  Nearest Common Node
  Enable Input Delay Default Clock           :  No
  Enable Preset / Clear Arcs                 :  No
  Disable Flight Delays                      :  No
  Ignore I/O Paths                           :  No
  Timing Early Launch at Borrowing Latches   :  No
  Borrow Time for Max Delay Exceptions       :  Yes
  Merge Timing Exceptions                    :  Yes
  Inter-SLR Compensation                     :  Conservative

  Corner  Analyze    Analyze    
  Name    Max Paths  Min Paths  
  ------  ---------  ---------  
  Slow    Yes        Yes        
  Fast    Yes        Yes        


------------------------------------------------------------------------------------------------
| Report Methodology
| ------------------
------------------------------------------------------------------------------------------------

Rule       Severity  Description                    Violations  
---------  --------  -----------------------------  ----------  
TIMING-18  Warning   Missing input or output delay  400         

Note: This report is based on the most recent report_methodology run and may not be up-to-date. Run report_methodology on the current design for the latest report.



check_timing report

Table of Contents
-----------------
1. checking no_clock (0)
2. checking constant_clock (0)
3. checking pulse_width_clock (0)
4. checking unconstrained_internal_endpoints (0)
5. checking no_input_delay (173)
6. checking no_output_delay (211)
7. checking multiple_clock (0)
8. checking generated_clocks (0)
9. checking loops (0)
10. checking partial_input_delay (0)
11. checking partial_output_delay (0)
12. checking latch_loops (0)

1. checking no_clock (0)
------------------------
 There are 0 register/latch pins with no clock.


2. checking constant_clock (0)
------------------------------
 There are 0 register/latch pins with constant_clock.


3. checking pulse_width_clock (0)
---------------------------------
 There are 0 register/latch pins which need pulse_width check


4. checking unconstrained_internal_endpoints (0)
------------------------------------------------
 There are 0 pins that are not constrained for maximum delay.

 There are 0 pins that are not constrained for maximum delay due to constant clock.


5. checking no_input_delay (173)
--------------------------------
 There are 173 input ports with no input delay specified. (HIGH)

 There are 0 input ports with no input delay but user has a false path constraint.


6. checking no_output_delay (211)
---------------------------------
 There are 211 ports with no output delay specified. (HIGH)

 There are 0 ports with no output delay but user has a false path constraint

 There are 0 ports with no output delay but with a timing clock defined on it or propagating through it


7. checking multiple_clock (0)
------------------------------
 There are 0 register/latch pins with multiple clocks.


8. checking generated_clocks (0)
--------------------------------
 There are 0 generated clocks that are not connected to a clock source.


9. checking loops (0)
---------------------
 There are 0 combinational loops in the design.


10. checking partial_input_delay (0)
------------------------------------
 There are 0 input ports with partial input delay specified.


11. checking partial_output_delay (0)
-------------------------------------
 There are 0 ports with partial output delay specified.


12. checking latch_loops (0)
----------------------------
 There are 0 combinational latch loops in the design through latch input



------------------------------------------------------------------------------------------------
| Design Timing Summary
| ---------------------
------------------------------------------------------------------------------------------------

    WNS(ns)      TNS(ns)  TNS Failing Endpoints  TNS Total Endpoints      WHS(ns)      THS(ns)  THS Failing Endpoints  THS Total Endpoints     WPWS(ns)     TPWS(ns)  TPWS Failing Endpoints  TPWS Total Endpoints  
    -------      -------  ---------------------  -------------------      -------      -------  ---------------------  -------------------     --------     --------  ----------------------  --------------------  
      3.120        0.000                      0                 7261        0.093        0.000                      0                 7261        4.020        0.000                       0                  3409  


All user specified timing constraints are met.


------------------------------------------------------------------------------------------------
| Clock Summary
| -------------
------------------------------------------------------------------------------------------------

Clock   Waveform(ns)       Period(ns)      Frequency(MHz)
-----   ------------       ----------      --------------
ap_clk  {0.000 5.000}      10.000          100.000         


------------------------------------------------------------------------------------------------
| Intra Clock Table
| -----------------
------------------------------------------------------------------------------------------------

Clock             WNS(ns)      TNS(ns)  TNS Failing Endpoints  TNS Total Endpoints      WHS(ns)      THS(ns)  THS Failing Endpoints  THS Total Endpoints     WPWS(ns)     TPWS(ns)  TPWS Failing Endpoints  TPWS Total Endpoints  
-----             -------      -------  ---------------------  -------------------      -------      -------  ---------------------  -------------------     --------     --------  ----------------------  --------------------  
ap_clk              3.120        0.000                      0                 7261        0.093        0.000                      0                 7261        4.020        0.000                       0                  3409  


------------------------------------------------------------------------------------------------
| Inter Clock Table
| -----------------
------------------------------------------------------------------------------------------------

From Clock    To Clock          WNS(ns)      TNS(ns)  TNS Failing Endpoints  TNS Total Endpoints      WHS(ns)      THS(ns)  THS Failing Endpoints  THS Total Endpoints  
----------    --------          -------      -------  ---------------------  -------------------      -------      -------  ---------------------  -------------------  


------------------------------------------------------------------------------------------------
| Other Path Groups Table
| -----------------------
------------------------------------------------------------------------------------------------

Path Group    From Clock    To Clock          WNS(ns)      TNS(ns)  TNS Failing Endpoints  TNS Total Endpoints      WHS(ns)      THS(ns)  THS Failing Endpoints  THS Total Endpoints  
----------    ----------    --------          -------      -------  ---------------------  -------------------      -------      -------  ---------------------  -------------------  


------------------------------------------------------------------------------------------------
| Timing Details
| --------------
------------------------------------------------------------------------------------------------


---------------------------------------------------------------------------------------------------
From Clock:  ap_clk
  To Clock:  ap_clk

Setup :            0  Failing Endpoints,  Worst Slack        3.120ns,  Total Violation        0.000ns
Hold  :            0  Failing Endpoints,  Worst Slack        0.093ns,  Total Violation        0.000ns
PW    :            0  Failing Endpoints,  Worst Slack        4.020ns,  Total Violation        0.000ns
---------------------------------------------------------------------------------------------------


Max Delay Paths
--------------------------------------------------------------------------------------
Slack (MET) :             3.120ns  (required time - arrival time)
  Source:                 bd_0_i/hls_inst/inst/grp_gnss_correlator_Pipeline_VITIS_LOOP_30_1_fu_170/acc_I_fu_118_reg[0]/C
                            (rising edge-triggered cell FDRE clocked by ap_clk  {rise@0.000ns fall@5.000ns period=10.000ns})
  Destination:            bd_0_i/hls_inst/inst/add_ln45_reg_559_reg[3]/D
                            (rising edge-triggered cell FDRE clocked by ap_clk  {rise@0.000ns fall@5.000ns period=10.000ns})
  Path Group:             ap_clk
  Path Type:              Setup (Max at Slow Process Corner)
  Requirement:            10.000ns  (ap_clk rise@10.000ns - ap_clk rise@0.000ns)
  Data Path Delay:        6.825ns  (logic 2.870ns (42.049%)  route 3.955ns (57.951%))
  Logic Levels:           9  (CARRY4=4 LUT1=1 LUT5=3 LUT6=1)
  Clock Path Skew:        -0.049ns (DCD - SCD + CPR)
    Destination Clock Delay (DCD):    0.924ns = ( 10.924 - 10.000 ) 
    Source Clock Delay      (SCD):    0.973ns
    Clock Pessimism Removal (CPR):    0.000ns
  Clock Uncertainty:      0.035ns  ((TSJ^2 + TIJ^2)^1/2 + DJ) / 2 + PE
    Total System Jitter     (TSJ):    0.071ns
    Total Input Jitter      (TIJ):    0.000ns
    Discrete Jitter          (DJ):    0.000ns
    Phase Error              (PE):    0.000ns

    Location             Delay type                Incr(ns)  Path(ns)    Netlist Resource(s)
  -------------------------------------------------------------------    -------------------
                         (clock ap_clk rise edge)     0.000     0.000 r  
                                                      0.000     0.000 r  ap_clk (IN)
                         net (fo=3408, unset)         0.973     0.973    bd_0_i/hls_inst/inst/grp_gnss_correlator_Pipeline_VITIS_LOOP_30_1_fu_170/ap_clk
    SLICE_X44Y51         FDRE                                         r  bd_0_i/hls_inst/inst/grp_gnss_correlator_Pipeline_VITIS_LOOP_30_1_fu_170/acc_I_fu_118_reg[0]/C
  -------------------------------------------------------------------    -------------------
    SLICE_X44Y51         FDRE (Prop_fdre_C_Q)         0.456     1.429 f  bd_0_i/hls_inst/inst/grp_gnss_correlator_Pipeline_VITIS_LOOP_30_1_fu_170/acc_I_fu_118_reg[0]/Q
                         net (fo=7, routed)           0.769     2.198    bd_0_i/hls_inst/inst/grp_gnss_correlator_Pipeline_VITIS_LOOP_30_1_fu_170/acc_I_out[0]
    SLICE_X48Y53         LUT1 (Prop_lut1_I0_O)        0.150     2.348 r  bd_0_i/hls_inst/inst/grp_gnss_correlator_Pipeline_VITIS_LOOP_30_1_fu_170/select_ln45_reg_549[4]_i_3/O
                         net (fo=1, routed)           0.505     2.853    bd_0_i/hls_inst/inst/grp_gnss_correlator_Pipeline_VITIS_LOOP_30_1_fu_170/p_0_in[0]
    SLICE_X46Y52         CARRY4 (Prop_carry4_CYINIT_CO[3])
                                                      0.803     3.656 r  bd_0_i/hls_inst/inst/grp_gnss_correlator_Pipeline_VITIS_LOOP_30_1_fu_170/select_ln45_reg_549_reg[4]_i_2/CO[3]
                         net (fo=1, routed)           0.000     3.656    bd_0_i/hls_inst/inst/grp_gnss_correlator_Pipeline_VITIS_LOOP_30_1_fu_170/select_ln45_reg_549_reg[4]_i_2_n_0
    SLICE_X46Y53         CARRY4 (Prop_carry4_CI_CO[3])
                                                      0.117     3.773 r  bd_0_i/hls_inst/inst/grp_gnss_correlator_Pipeline_VITIS_LOOP_30_1_fu_170/select_ln45_reg_549_reg[8]_i_2/CO[3]
                         net (fo=1, routed)           0.000     3.773    bd_0_i/hls_inst/inst/grp_gnss_correlator_Pipeline_VITIS_LOOP_30_1_fu_170/select_ln45_reg_549_reg[8]_i_2_n_0
    SLICE_X46Y54         CARRY4 (Prop_carry4_CI_CO[3])
                                                      0.117     3.890 r  bd_0_i/hls_inst/inst/grp_gnss_correlator_Pipeline_VITIS_LOOP_30_1_fu_170/select_ln45_reg_549_reg[12]_i_2/CO[3]
                         net (fo=1, routed)           0.000     3.890    bd_0_i/hls_inst/inst/grp_gnss_correlator_Pipeline_VITIS_LOOP_30_1_fu_170/select_ln45_reg_549_reg[12]_i_2_n_0
    SLICE_X46Y55         CARRY4 (Prop_carry4_CI_O[3])
                                                      0.315     4.205 f  bd_0_i/hls_inst/inst/grp_gnss_correlator_Pipeline_VITIS_LOOP_30_1_fu_170/select_ln45_reg_549_reg[16]_i_2/O[3]
                         net (fo=2, routed)           0.674     4.879    bd_0_i/hls_inst/inst/grp_gnss_correlator_Pipeline_VITIS_LOOP_30_1_fu_170/sub_ln45_fu_250_p2[16]
    SLICE_X47Y55         LUT5 (Prop_lut5_I4_O)        0.307     5.186 f  bd_0_i/hls_inst/inst/grp_gnss_correlator_Pipeline_VITIS_LOOP_30_1_fu_170/add_ln45_reg_559[4]_i_7/O
                         net (fo=4, routed)           0.688     5.874    bd_0_i/hls_inst/inst/grp_gnss_correlator_Pipeline_VITIS_LOOP_30_1_fu_170/add_ln45_reg_559[4]_i_7_n_0
    SLICE_X47Y55         LUT5 (Prop_lut5_I4_O)        0.154     6.028 f  bd_0_i/hls_inst/inst/grp_gnss_correlator_Pipeline_VITIS_LOOP_30_1_fu_170/trunc_ln45_reg_554[2]_i_2/O
                         net (fo=1, routed)           0.489     6.517    bd_0_i/hls_inst/inst/grp_gnss_correlator_Pipeline_VITIS_LOOP_30_1_fu_170/trunc_ln45_reg_554[2]_i_2_n_0
    SLICE_X47Y54         LUT5 (Prop_lut5_I0_O)        0.327     6.844 r  bd_0_i/hls_inst/inst/grp_gnss_correlator_Pipeline_VITIS_LOOP_30_1_fu_170/trunc_ln45_reg_554[2]_i_1/O
                         net (fo=4, routed)           0.831     7.674    bd_0_i/hls_inst/inst/grp_gnss_correlator_Pipeline_VITIS_LOOP_30_1_fu_170/tmp_5_fu_264_p3[2]
    SLICE_X48Y54         LUT6 (Prop_lut6_I3_O)        0.124     7.798 r  bd_0_i/hls_inst/inst/grp_gnss_correlator_Pipeline_VITIS_LOOP_30_1_fu_170/add_ln45_reg_559[3]_i_1/O
                         net (fo=1, routed)           0.000     7.798    bd_0_i/hls_inst/inst/add_ln45_fu_276_p2[3]
    SLICE_X48Y54         FDRE                                         r  bd_0_i/hls_inst/inst/add_ln45_reg_559_reg[3]/D
  -------------------------------------------------------------------    -------------------

                         (clock ap_clk rise edge)    10.000    10.000 r  
                                                      0.000    10.000 r  ap_clk (IN)
                         net (fo=3408, unset)         0.924    10.924    bd_0_i/hls_inst/inst/ap_clk
    SLICE_X48Y54         FDRE                                         r  bd_0_i/hls_inst/inst/add_ln45_reg_559_reg[3]/C
                         clock pessimism              0.000    10.924    
                         clock uncertainty           -0.035    10.889    
    SLICE_X48Y54         FDRE (Setup_fdre_C_D)        0.029    10.918    bd_0_i/hls_inst/inst/add_ln45_reg_559_reg[3]
  -------------------------------------------------------------------
                         required time                         10.918    
                         arrival time                          -7.798    
  -------------------------------------------------------------------
                         slack                                  3.120    





Min Delay Paths
--------------------------------------------------------------------------------------
Slack (MET) :             0.093ns  (arrival time - required time)
  Source:                 bd_0_i/hls_inst/inst/gmem1_m_axi_U/bus_read/rs_rdata/data_p1_reg[11]/C
                            (rising edge-triggered cell FDRE clocked by ap_clk  {rise@0.000ns fall@5.000ns period=10.000ns})
  Destination:            bd_0_i/hls_inst/inst/gmem1_m_axi_U/load_unit_0/buff_rdata/U_fifo_mem/mem_reg/DIADI[11]
                            (rising edge-triggered cell RAMB18E1 clocked by ap_clk  {rise@0.000ns fall@5.000ns period=10.000ns})
  Path Group:             ap_clk
  Path Type:              Hold (Min at Fast Process Corner)
  Requirement:            0.000ns  (ap_clk rise@0.000ns - ap_clk rise@0.000ns)
  Data Path Delay:        0.270ns  (logic 0.164ns (60.728%)  route 0.106ns (39.272%))
  Logic Levels:           0  
  Clock Path Skew:        0.022ns (DCD - SCD - CPR)
    Destination Clock Delay (DCD):    0.432ns
    Source Clock Delay      (SCD):    0.410ns
    Clock Pessimism Removal (CPR):    -0.000ns

    Location             Delay type                Incr(ns)  Path(ns)    Netlist Resource(s)
  -------------------------------------------------------------------    -------------------
                         (clock ap_clk rise edge)     0.000     0.000 r  
                                                      0.000     0.000 r  ap_clk (IN)
                         net (fo=3408, unset)         0.410     0.410    bd_0_i/hls_inst/inst/gmem1_m_axi_U/bus_read/rs_rdata/ap_clk
    SLICE_X32Y40         FDRE                                         r  bd_0_i/hls_inst/inst/gmem1_m_axi_U/bus_read/rs_rdata/data_p1_reg[11]/C
  -------------------------------------------------------------------    -------------------
    SLICE_X32Y40         FDRE (Prop_fdre_C_Q)         0.164     0.574 r  bd_0_i/hls_inst/inst/gmem1_m_axi_U/bus_read/rs_rdata/data_p1_reg[11]/Q
                         net (fo=1, routed)           0.106     0.680    bd_0_i/hls_inst/inst/gmem1_m_axi_U/load_unit_0/buff_rdata/U_fifo_mem/mem_reg_1[11]
    RAMB18_X2Y16         RAMB18E1                                     r  bd_0_i/hls_inst/inst/gmem1_m_axi_U/load_unit_0/buff_rdata/U_fifo_mem/mem_reg/DIADI[11]
  -------------------------------------------------------------------    -------------------

                         (clock ap_clk rise edge)     0.000     0.000 r  
                                                      0.000     0.000 r  ap_clk (IN)
                         net (fo=3408, unset)         0.432     0.432    bd_0_i/hls_inst/inst/gmem1_m_axi_U/load_unit_0/buff_rdata/U_fifo_mem/ap_clk
    RAMB18_X2Y16         RAMB18E1                                     r  bd_0_i/hls_inst/inst/gmem1_m_axi_U/load_unit_0/buff_rdata/U_fifo_mem/mem_reg/CLKBWRCLK
                         clock pessimism              0.000     0.432    
    RAMB18_X2Y16         RAMB18E1 (Hold_ramb18e1_CLKBWRCLK_DIADI[11])
                                                      0.155     0.587    bd_0_i/hls_inst/inst/gmem1_m_axi_U/load_unit_0/buff_rdata/U_fifo_mem/mem_reg
  -------------------------------------------------------------------
                         required time                         -0.587    
                         arrival time                           0.680    
  -------------------------------------------------------------------
                         slack                                  0.093    





Pulse Width Checks
--------------------------------------------------------------------------------------
Clock Name:         ap_clk
Waveform(ns):       { 0.000 5.000 }
Period(ns):         10.000
Sources:            { ap_clk }

Check Type        Corner  Lib Pin      Reference Pin  Required(ns)  Actual(ns)  Slack(ns)  Location      Pin
Min Period        n/a     DSP48E1/CLK  n/a            3.884         10.000      6.116      DSP48_X2Y20   bd_0_i/hls_inst/inst/grp_gnss_correlator_Pipeline_VITIS_LOOP_30_1_fu_170/mul_ln40_reg_1694_reg/CLK
Low Pulse Width   Slow    SRL16E/CLK   n/a            0.980         5.000       4.020      SLICE_X42Y64  bd_0_i/hls_inst/inst/bus_read/ost_ctrl_gen[0].fifo_burst/U_fifo_srl/mem_reg[14][0]_srl15/CLK
High Pulse Width  Slow    SRL16E/CLK   n/a            0.980         5.000       4.020      SLICE_X42Y64  bd_0_i/hls_inst/inst/bus_read/ost_ctrl_gen[0].fifo_burst/U_fifo_srl/mem_reg[14][0]_srl15/CLK



