Copyright 1986-2022 Xilinx, Inc. All Rights Reserved. Copyright 2022-2025 Advanced Micro Devices, Inc. All Rights Reserved.
---------------------------------------------------------------------------------------------------------------------------------------------
| Tool Version : Vivado v.2025.2 (lin64) Build 6299465 Fri Nov 14 12:34:56 MST 2025
| Date         : Wed Sep 16 18:04:36 2026
| Host         : johan2-Yoga-7-15ITL5 running 64-bit Ubuntu 22.04.5 LTS
| Command      : report_design_analysis -file ./report/gnss_correlator_design_analysis_synth.rpt
| Design       : bd_0_wrapper
| Device       : xc7z020
| Design State : Synthesized
---------------------------------------------------------------------------------------------------------------------------------------------

Report Design Analysis

Table of Contents
-----------------
1. Setup Path Characteristics 1-1
2. Logic Level Distribution
3. Placer Final Level Congestion Reporting

1. Setup Path Characteristics 1-1
---------------------------------

+---------------------------+---------------------------------------------------------------------------+
|      Characteristics      |                                  Path #1                                  |
+---------------------------+---------------------------------------------------------------------------+
| Requirement               | 10.000                                                                    |
| Path Delay                | 6.447                                                                     |
| Logic Delay               | 2.185(34%)                                                                |
| Net Delay                 | 4.262(66%)                                                                |
| Clock Skew                | -0.049                                                                    |
| Slack                     | 3.546                                                                     |
| Clock Uncertainty         | 0.035                                                                     |
| Clock Pair Classification | Timed                                                                     |
| Clock Delay Group         | Same Clock                                                                |
| Logic Levels              | 6                                                                         |
| Routes                    | NA                                                                        |
| Logical Path              | FDRE/C-(7)-LUT1-(1)-CARRY4-(3)-LUT5-(2)-LUT5-(1)-LUT6-(5)-LUT3-(1)-FDRE/D |
| Start Point Clock         | ap_clk                                                                    |
| End Point Clock           | ap_clk                                                                    |
| DSP Block                 | None                                                                      |
| RAM Registers             | None-None                                                                 |
| IO Crossings              | 0                                                                         |
| Config Crossings          | 0                                                                         |
| SLR Crossings             | 0                                                                         |
| PBlocks                   | 0                                                                         |
| High Fanout               | 7                                                                         |
| ASYNC REG                 | 0                                                                         |
| Dont Touch                | 0                                                                         |
| Mark Debug                | 0                                                                         |
| Start Point Pin Primitive | FDRE/C                                                                    |
| End Point Pin Primitive   | FDRE/D                                                                    |
| Start Point Pin           | acc_I_fu_118_reg[0]/C                                                     |
| End Point Pin             | add_ln45_reg_559_reg[2]/D                                                 |
+---------------------------+---------------------------------------------------------------------------+
* Bounding box calculated as % of dimensions for the target device (308, 299)


2. Logic Level Distribution
---------------------------

+-----------------+-------------+----+-----+-----+----+----+----+----+----+----+----+----+----+----+----+----+----+
| End Point Clock | Requirement |  2 |  3  |  4  |  5 |  6 |  7 |  8 |  9 | 10 | 11 | 12 | 13 | 14 | 15 | 16 | 17 |
+-----------------+-------------+----+-----+-----+----+----+----+----+----+----+----+----+----+----+----+----+----+
| ap_clk          | 10.000ns    | 92 | 392 | 143 | 61 | 32 | 74 | 14 | 20 | 18 | 24 | 24 | 30 | 30 | 28 | 12 |  6 |
+-----------------+-------------+----+-----+-----+----+----+----+----+----+----+----+----+----+----+----+----+----+
* Columns represent the logic levels per end point clock
** Distribution is for top worst 1000 paths


3. Placer Final Level Congestion Reporting
------------------------------------------

+-----------+------+-------+------------+--------+---------------+----------------+-----+--------+------+------+------+-----+-------+-----+------------+
| Direction | Type | Level | Congestion | Window | Combined LUTs | Avg LUT Inputs | LUT | LUTRAM | Flop | MUXF | RAMB | DSP | CARRY | SRL | Cell Names |
+-----------+------+-------+------------+--------+---------------+----------------+-----+--------+------+------+------+-----+-------+-----+------------+
* The design has not been placed, hence congestion data is not available. The command report_design_analysis -congestion should be run only after place_design has completed.


