Copyright 1986-2022 Xilinx, Inc. All Rights Reserved. Copyright 2022-2025 Advanced Micro Devices, Inc. All Rights Reserved.
---------------------------------------------------------------------------------------------------------------------------------------------
| Tool Version : Vivado v.2025.2 (lin64) Build 6299465 Fri Nov 14 12:34:56 MST 2025
| Date         : Wed Sep 16 18:04:17 2026
| Host         : johan2-Yoga-7-15ITL5 running 64-bit Ubuntu 22.04.5 LTS
| Command      : report_utilization -hierarchical -hierarchical_depth 6 -file ./report/gnss_correlator_utilization_hierarchical_synth.rpt
| Design       : bd_0_wrapper
| Device       : xc7z020clg484-1
| Speed File   : -1
| Design State : Synthesized
---------------------------------------------------------------------------------------------------------------------------------------------

Utilization Design Information

Table of Contents
-----------------
1. Utilization by Hierarchy

1. Utilization by Hierarchy
---------------------------

+-----------------------------------------------------------------+--------------------------------------------------------------------------+------------+------------+---------+------+------+--------+--------+------------+
|                             Instance                            |                                  Module                                  | Total LUTs | Logic LUTs | LUTRAMs | SRLs |  FFs | RAMB36 | RAMB18 | DSP Blocks |
+-----------------------------------------------------------------+--------------------------------------------------------------------------+------------+------------+---------+------+------+--------+--------+------------+
| bd_0_wrapper                                                    |                                                                    (top) |       3141 |       3013 |       0 |  128 | 3634 |      0 |      2 |          4 |
|   bd_0_i                                                        |                                                                     bd_0 |       3141 |       3013 |       0 |  128 | 3634 |      0 |      2 |          4 |
|     hls_inst                                                    |                                                          bd_0_hls_inst_0 |       3141 |       3013 |       0 |  128 | 3634 |      0 |      2 |          4 |
|       inst                                                      |                                          bd_0_hls_inst_0_gnss_correlator |       3141 |       3013 |       0 |  128 | 3634 |      0 |      2 |          4 |
|         (inst)                                                  |                                          bd_0_hls_inst_0_gnss_correlator |        114 |        112 |       0 |    2 |  408 |      0 |      0 |          0 |
|         control_r_s_axi_U                                       |                          bd_0_hls_inst_0_gnss_correlator_control_r_s_axi |        211 |        211 |       0 |    0 |  297 |      0 |      0 |          0 |
|         control_s_axi_U                                         |                            bd_0_hls_inst_0_gnss_correlator_control_s_axi |         80 |         80 |       0 |    0 |  149 |      0 |      0 |          0 |
|         gmem0_m_axi_U                                           |                              bd_0_hls_inst_0_gnss_correlator_gmem0_m_axi |        472 |        409 |       0 |   63 |  739 |      0 |      1 |          0 |
|           load_unit_0                                           |                         bd_0_hls_inst_0_gnss_correlator_gmem0_m_axi_load |        132 |         69 |       0 |   63 |  180 |      0 |      1 |          0 |
|             (load_unit_0)                                       |                         bd_0_hls_inst_0_gnss_correlator_gmem0_m_axi_load |          1 |          1 |       0 |    0 |   66 |      0 |      0 |          0 |
|             fifo_rreq                                           |                         bd_0_hls_inst_0_gnss_correlator_gmem0_m_axi_fifo |         82 |         19 |       0 |   63 |   77 |      0 |      0 |          0 |
|           bus_read                                              |                         bd_0_hls_inst_0_gnss_correlator_gmem0_m_axi_read |        340 |        340 |       0 |    0 |  559 |      0 |      0 |          0 |
|             rreq_burst_conv                                     |              bd_0_hls_inst_0_gnss_correlator_gmem0_m_axi_burst_converter |        262 |        262 |       0 |    0 |  457 |      0 |      0 |          0 |
|             rs_rdata                                            |    bd_0_hls_inst_0_gnss_correlator_gmem0_m_axi_reg_slice__parameterized0 |         40 |         40 |       0 |    0 |   71 |      0 |      0 |          0 |
|         gmem1_m_axi_U                                           |                              bd_0_hls_inst_0_gnss_correlator_gmem1_m_axi |        473 |        410 |       0 |   63 |  739 |      0 |      1 |          0 |
|           load_unit_0                                           |                         bd_0_hls_inst_0_gnss_correlator_gmem1_m_axi_load |        132 |         69 |       0 |   63 |  180 |      0 |      1 |          0 |
|             (load_unit_0)                                       |                         bd_0_hls_inst_0_gnss_correlator_gmem1_m_axi_load |          1 |          1 |       0 |    0 |   66 |      0 |      0 |          0 |
|             fifo_rreq                                           |                         bd_0_hls_inst_0_gnss_correlator_gmem1_m_axi_fifo |         82 |         19 |       0 |   63 |   77 |      0 |      0 |          0 |
|           bus_read                                              |                         bd_0_hls_inst_0_gnss_correlator_gmem1_m_axi_read |        341 |        341 |       0 |    0 |  559 |      0 |      0 |          0 |
|             rreq_burst_conv                                     |              bd_0_hls_inst_0_gnss_correlator_gmem1_m_axi_burst_converter |        263 |        263 |       0 |    0 |  457 |      0 |      0 |          0 |
|             rs_rdata                                            |    bd_0_hls_inst_0_gnss_correlator_gmem1_m_axi_reg_slice__parameterized0 |         40 |         40 |       0 |    0 |   71 |      0 |      0 |          0 |
|         grp_gnss_correlator_Pipeline_VITIS_LOOP_30_1_fu_170     | bd_0_hls_inst_0_gnss_correlator_gnss_correlator_Pipeline_VITIS_LOOP_30_1 |       1791 |       1791 |       0 |    0 | 1302 |      0 |      0 |          4 |
|           (grp_gnss_correlator_Pipeline_VITIS_LOOP_30_1_fu_170) | bd_0_hls_inst_0_gnss_correlator_gnss_correlator_Pipeline_VITIS_LOOP_30_1 |       1339 |       1339 |       0 |    0 | 1104 |      0 |      0 |          1 |
|           flow_control_loop_pipe_sequential_init_U              |   bd_0_hls_inst_0_gnss_correlator_flow_control_loop_pipe_sequential_init |        197 |        197 |       0 |    0 |    5 |      0 |      0 |          0 |
|           fpext_32ns_64_2_no_dsp_1_U1                           |      bd_0_hls_inst_0_gnss_correlator_fpext_32ns_64_2_no_dsp_1__xdcDup__1 |        100 |        100 |       0 |    0 |   97 |      0 |      0 |          0 |
|             (fpext_32ns_64_2_no_dsp_1_U1)                       |      bd_0_hls_inst_0_gnss_correlator_fpext_32ns_64_2_no_dsp_1__xdcDup__1 |         33 |         33 |       0 |    0 |   97 |      0 |      0 |          0 |
|             gnss_correlator_fpext_32ns_64_2_no_dsp_1_ip_u       |           bd_0_hls_inst_0_gnss_correlator_fpext_32ns_64_2_no_dsp_1_ip__2 |         67 |         67 |       0 |    0 |    0 |      0 |      0 |          0 |
|           fpext_32ns_64_2_no_dsp_1_U2                           |                 bd_0_hls_inst_0_gnss_correlator_fpext_32ns_64_2_no_dsp_1 |         99 |         99 |       0 |    0 |   96 |      0 |      0 |          0 |
|             (fpext_32ns_64_2_no_dsp_1_U2)                       |                 bd_0_hls_inst_0_gnss_correlator_fpext_32ns_64_2_no_dsp_1 |         32 |         32 |       0 |    0 |   96 |      0 |      0 |          0 |
|             gnss_correlator_fpext_32ns_64_2_no_dsp_1_ip_u       |              bd_0_hls_inst_0_gnss_correlator_fpext_32ns_64_2_no_dsp_1_ip |         67 |         67 |       0 |    0 |    0 |      0 |      0 |          0 |
+-----------------------------------------------------------------+--------------------------------------------------------------------------+------------+------------+---------+------+------+--------+--------+------------+


