Copyright 1986-2022 Xilinx, Inc. All Rights Reserved. Copyright 2022-2025 Advanced Micro Devices, Inc. All Rights Reserved.
---------------------------------------------------------------------------------------------------------------------------------------------
| Tool Version : Vivado v.2025.2 (lin64) Build 6299465 Fri Nov 14 12:34:56 MST 2025
| Date         : Sat Sep 19 17:46:55 2026
| Host         : johan2-Yoga-7-15ITL5 running 64-bit Ubuntu 22.04.5 LTS
| Command      : report_timing -max_paths 10 -file ./report/gnss_correlator_timing_paths_routed.rpt
| Design       : bd_0_wrapper
| Device       : 7z020-clg484
| Speed File   : -1  PRODUCTION 1.12 2019-11-22
| Design State : Routed
---------------------------------------------------------------------------------------------------------------------------------------------

Timing Report

Slack (VIOLATED) :        -9.557ns  (required time - arrival time)
  Source:                 bd_0_i/hls_inst/inst/fadd_32ns_32ns_32_2_full_dsp_1_U2/din0_buf1_reg[24]/C
                            (rising edge-triggered cell FDRE clocked by ap_clk  {rise@0.000ns fall@5.000ns period=10.000ns})
  Destination:            bd_0_i/hls_inst/inst/acc_I_fu_98_reg[16]/D
                            (rising edge-triggered cell FDRE clocked by ap_clk  {rise@0.000ns fall@5.000ns period=10.000ns})
  Path Group:             ap_clk
  Path Type:              Setup (Max at Slow Process Corner)
  Requirement:            10.000ns  (ap_clk rise@10.000ns - ap_clk rise@0.000ns)
  Data Path Delay:        19.433ns  (logic 12.484ns (64.240%)  route 6.949ns (35.760%))
  Logic Levels:           10  (CARRY4=2 DSP48E1=2 LUT2=1 LUT3=1 LUT5=2 LUT6=2)
  Clock Path Skew:        -0.049ns (DCD - SCD + CPR)
    Destination Clock Delay (DCD):    0.924ns = ( 10.924 - 10.000 ) 
    Source Clock Delay      (SCD):    0.973ns
    Clock Pessimism Removal (CPR):    0.000ns
  Clock Uncertainty:      0.035ns  ((TSJ^2 + TIJ^2)^1/2 + DJ) / 2 + PE
    Total System Jitter     (TSJ):    0.071ns
    Total Input Jitter      (TIJ):    0.000ns
    Discrete Jitter          (DJ):    0.000ns
    Phase Error              (PE):    0.000ns

    Location             Delay type                Incr(ns)  Path(ns)    Netlist Resource(s)
  -------------------------------------------------------------------    -------------------
                         (clock ap_clk rise edge)     0.000     0.000 r  
                                                      0.000     0.000 r  ap_clk (IN)
                         net (fo=3327, unset)         0.973     0.973    bd_0_i/hls_inst/inst/fadd_32ns_32ns_32_2_full_dsp_1_U2/ap_clk
    SLICE_X34Y28         FDRE                                         r  bd_0_i/hls_inst/inst/fadd_32ns_32ns_32_2_full_dsp_1_U2/din0_buf1_reg[24]/C
  -------------------------------------------------------------------    -------------------
    SLICE_X34Y28         FDRE (Prop_fdre_C_Q)         0.518     1.491 r  bd_0_i/hls_inst/inst/fadd_32ns_32ns_32_2_full_dsp_1_U2/din0_buf1_reg[24]/Q
                         net (fo=6, routed)           0.598     2.089    bd_0_wrapper/bd_0/bd_0_hls_inst_0/bd_0_hls_inst_0_gnss_correlator/bd_0_hls_inst_0_gnss_correlator_fadd_32ns_32ns_32_2_full_dsp_1/bd_0_hls_inst_0_gnss_correlator_fadd_32ns_32ns_32_2_full_dsp_1_ip/<hidden>/<hidden>/<hidden>/<hidden>/<hidden>
    SLICE_X35Y28         LUT2 (Prop_lut2_I1_O)        0.150     2.239 r  bd_0_wrapper/bd_0/bd_0_hls_inst_0/bd_0_hls_inst_0_gnss_correlator/bd_0_hls_inst_0_gnss_correlator_fadd_32ns_32ns_32_2_full_dsp_1/bd_0_hls_inst_0_gnss_correlator_fadd_32ns_32ns_32_2_full_dsp_1_ip/<hidden>/<hidden>/<hidden>/<hidden>/<hidden>
                         net (fo=1, routed)           0.307     2.545    bd_0_wrapper/bd_0/bd_0_hls_inst_0/bd_0_hls_inst_0_gnss_correlator/bd_0_hls_inst_0_gnss_correlator_fadd_32ns_32ns_32_2_full_dsp_1/bd_0_hls_inst_0_gnss_correlator_fadd_32ns_32ns_32_2_full_dsp_1_ip/<hidden>/<hidden>/<hidden>/<hidden>/<hidden>/<hidden>
    SLICE_X34Y29         CARRY4 (Prop_carry4_S[1]_O[3])
                                                      0.975     3.520 r  bd_0_wrapper/bd_0/bd_0_hls_inst_0/bd_0_hls_inst_0_gnss_correlator/bd_0_hls_inst_0_gnss_correlator_fadd_32ns_32ns_32_2_full_dsp_1/bd_0_hls_inst_0_gnss_correlator_fadd_32ns_32ns_32_2_full_dsp_1_ip/<hidden>/<hidden>/<hidden>/<hidden>/<hidden>/<hidden>
                         net (fo=20, routed)          1.061     4.582    bd_0_wrapper/bd_0/bd_0_hls_inst_0/bd_0_hls_inst_0_gnss_correlator/bd_0_hls_inst_0_gnss_correlator_fadd_32ns_32ns_32_2_full_dsp_1/bd_0_hls_inst_0_gnss_correlator_fadd_32ns_32ns_32_2_full_dsp_1_ip/<hidden>/<hidden>/<hidden>/<hidden>/<hidden>/<hidden>
    SLICE_X37Y29         LUT6 (Prop_lut6_I1_O)        0.307     4.889 r  bd_0_wrapper/bd_0/bd_0_hls_inst_0/bd_0_hls_inst_0_gnss_correlator/bd_0_hls_inst_0_gnss_correlator_fadd_32ns_32ns_32_2_full_dsp_1/bd_0_hls_inst_0_gnss_correlator_fadd_32ns_32ns_32_2_full_dsp_1_ip/<hidden>/<hidden>/<hidden>/<hidden>/<hidden>/<hidden>
                         net (fo=2, routed)           0.723     5.612    bd_0_wrapper/bd_0/bd_0_hls_inst_0/bd_0_hls_inst_0_gnss_correlator/bd_0_hls_inst_0_gnss_correlator_fadd_32ns_32ns_32_2_full_dsp_1/bd_0_hls_inst_0_gnss_correlator_fadd_32ns_32ns_32_2_full_dsp_1_ip/<hidden>/<hidden>/<hidden>/<hidden>/<hidden>/<hidden>
    DSP48_X2Y12          DSP48E1 (Prop_dsp48e1_INMODE[2]_PATTERNDETECT)
                                                      5.849    11.461 r  bd_0_wrapper/bd_0/bd_0_hls_inst_0/bd_0_hls_inst_0_gnss_correlator/bd_0_hls_inst_0_gnss_correlator_fadd_32ns_32ns_32_2_full_dsp_1/bd_0_hls_inst_0_gnss_correlator_fadd_32ns_32ns_32_2_full_dsp_1_ip/<hidden>/<hidden>/<hidden>/<hidden>/<hidden>/<hidden>
                         net (fo=54, routed)          0.875    12.336    bd_0_wrapper/bd_0/bd_0_hls_inst_0/bd_0_hls_inst_0_gnss_correlator/bd_0_hls_inst_0_gnss_correlator_fadd_32ns_32ns_32_2_full_dsp_1/bd_0_hls_inst_0_gnss_correlator_fadd_32ns_32ns_32_2_full_dsp_1_ip/<hidden>/<hidden>/<hidden>/<hidden>/<hidden>/<hidden>
    SLICE_X36Y31         LUT5 (Prop_lut5_I3_O)        0.124    12.460 r  bd_0_wrapper/bd_0/bd_0_hls_inst_0/bd_0_hls_inst_0_gnss_correlator/bd_0_hls_inst_0_gnss_correlator_fadd_32ns_32ns_32_2_full_dsp_1/bd_0_hls_inst_0_gnss_correlator_fadd_32ns_32ns_32_2_full_dsp_1_ip/<hidden>/<hidden>/<hidden>/<hidden>/<hidden>/<hidden>
                         net (fo=1, routed)           0.000    12.460    bd_0_wrapper/bd_0/bd_0_hls_inst_0/bd_0_hls_inst_0_gnss_correlator/bd_0_hls_inst_0_gnss_correlator_fadd_32ns_32ns_32_2_full_dsp_1/bd_0_hls_inst_0_gnss_correlator_fadd_32ns_32ns_32_2_full_dsp_1_ip/<hidden>/<hidden>/<hidden>/<hidden>/<hidden>/<hidden>
    SLICE_X36Y31         CARRY4 (Prop_carry4_S[1]_CO[3])
                                                      0.533    12.993 f  bd_0_wrapper/bd_0/bd_0_hls_inst_0/bd_0_hls_inst_0_gnss_correlator/bd_0_hls_inst_0_gnss_correlator_fadd_32ns_32ns_32_2_full_dsp_1/bd_0_hls_inst_0_gnss_correlator_fadd_32ns_32ns_32_2_full_dsp_1_ip/<hidden>/<hidden>/<hidden>/<hidden>/<hidden>/<hidden>
                         net (fo=12, routed)          1.222    14.215    bd_0_wrapper/bd_0/bd_0_hls_inst_0/bd_0_hls_inst_0_gnss_correlator/bd_0_hls_inst_0_gnss_correlator_fadd_32ns_32ns_32_2_full_dsp_1/bd_0_hls_inst_0_gnss_correlator_fadd_32ns_32ns_32_2_full_dsp_1_ip/<hidden>/<hidden>/<hidden>/<hidden>/<hidden>/<hidden>
    SLICE_X35Y31         LUT5 (Prop_lut5_I0_O)        0.124    14.339 r  bd_0_wrapper/bd_0/bd_0_hls_inst_0/bd_0_hls_inst_0_gnss_correlator/bd_0_hls_inst_0_gnss_correlator_fadd_32ns_32ns_32_2_full_dsp_1/bd_0_hls_inst_0_gnss_correlator_fadd_32ns_32ns_32_2_full_dsp_1_ip/<hidden>/<hidden>/<hidden>/<hidden>/<hidden>/<hidden>
                         net (fo=1, routed)           0.567    14.905    bd_0_wrapper/bd_0/bd_0_hls_inst_0/bd_0_hls_inst_0_gnss_correlator/bd_0_hls_inst_0_gnss_correlator_fadd_32ns_32ns_32_2_full_dsp_1/bd_0_hls_inst_0_gnss_correlator_fadd_32ns_32ns_32_2_full_dsp_1_ip/<hidden>/<hidden>/<hidden>/<hidden>/<hidden>/<hidden>
    DSP48_X2Y13          DSP48E1 (Prop_dsp48e1_B[6]_P[18])
                                                      3.656    18.561 r  bd_0_wrapper/bd_0/bd_0_hls_inst_0/bd_0_hls_inst_0_gnss_correlator/bd_0_hls_inst_0_gnss_correlator_fadd_32ns_32ns_32_2_full_dsp_1/bd_0_hls_inst_0_gnss_correlator_fadd_32ns_32ns_32_2_full_dsp_1_ip/<hidden>/<hidden>/<hidden>/<hidden>/<hidden>/<hidden>
                         net (fo=1, routed)           0.815    19.377    bd_0_wrapper/bd_0/bd_0_hls_inst_0/bd_0_hls_inst_0_gnss_correlator/bd_0_hls_inst_0_gnss_correlator_fadd_32ns_32ns_32_2_full_dsp_1/bd_0_hls_inst_0_gnss_correlator_fadd_32ns_32ns_32_2_full_dsp_1_ip/<hidden>/<hidden>/<hidden>/<hidden>/<hidden>/<hidden>
    SLICE_X36Y34         LUT6 (Prop_lut6_I0_O)        0.124    19.501 r  bd_0_wrapper/bd_0/bd_0_hls_inst_0/bd_0_hls_inst_0_gnss_correlator/bd_0_hls_inst_0_gnss_correlator_fadd_32ns_32ns_32_2_full_dsp_1/bd_0_hls_inst_0_gnss_correlator_fadd_32ns_32ns_32_2_full_dsp_1_ip/<hidden>/<hidden>/<hidden>/<hidden>/<hidden>/<hidden>
                         net (fo=3, routed)           0.450    19.951    bd_0_i/hls_inst/inst/fadd_32ns_32ns_32_2_full_dsp_1_U2/r_tdata[16]
    SLICE_X40Y34         LUT3 (Prop_lut3_I0_O)        0.124    20.075 r  bd_0_i/hls_inst/inst/fadd_32ns_32ns_32_2_full_dsp_1_U2/acc_I_fu_98[16]_i_1/O
                         net (fo=2, routed)           0.331    20.406    bd_0_i/hls_inst/inst/grp_fu_182_p2[16]
    SLICE_X41Y35         FDRE                                         r  bd_0_i/hls_inst/inst/acc_I_fu_98_reg[16]/D
  -------------------------------------------------------------------    -------------------

                         (clock ap_clk rise edge)    10.000    10.000 r  
                                                      0.000    10.000 r  ap_clk (IN)
                         net (fo=3327, unset)         0.924    10.924    bd_0_i/hls_inst/inst/ap_clk
    SLICE_X41Y35         FDRE                                         r  bd_0_i/hls_inst/inst/acc_I_fu_98_reg[16]/C
                         clock pessimism              0.000    10.924    
                         clock uncertainty           -0.035    10.889    
    SLICE_X41Y35         FDRE (Setup_fdre_C_D)       -0.040    10.849    bd_0_i/hls_inst/inst/acc_I_fu_98_reg[16]
  -------------------------------------------------------------------
                         required time                         10.849    
                         arrival time                         -20.406    
  -------------------------------------------------------------------
                         slack                                 -9.557    

Slack (VIOLATED) :        -9.514ns  (required time - arrival time)
  Source:                 bd_0_i/hls_inst/inst/fadd_32ns_32ns_32_2_full_dsp_1_U2/din0_buf1_reg[24]/C
                            (rising edge-triggered cell FDRE clocked by ap_clk  {rise@0.000ns fall@5.000ns period=10.000ns})
  Destination:            bd_0_i/hls_inst/inst/acc_Q_fu_102_reg[25]/D
                            (rising edge-triggered cell FDRE clocked by ap_clk  {rise@0.000ns fall@5.000ns period=10.000ns})
  Path Group:             ap_clk
  Path Type:              Setup (Max at Slow Process Corner)
  Requirement:            10.000ns  (ap_clk rise@10.000ns - ap_clk rise@0.000ns)
  Data Path Delay:        19.390ns  (logic 12.484ns (64.384%)  route 6.906ns (35.616%))
  Logic Levels:           10  (CARRY4=2 DSP48E1=2 LUT2=1 LUT3=1 LUT5=2 LUT6=2)
  Clock Path Skew:        -0.049ns (DCD - SCD + CPR)
    Destination Clock Delay (DCD):    0.924ns = ( 10.924 - 10.000 ) 
    Source Clock Delay      (SCD):    0.973ns
    Clock Pessimism Removal (CPR):    0.000ns
  Clock Uncertainty:      0.035ns  ((TSJ^2 + TIJ^2)^1/2 + DJ) / 2 + PE
    Total System Jitter     (TSJ):    0.071ns
    Total Input Jitter      (TIJ):    0.000ns
    Discrete Jitter          (DJ):    0.000ns
    Phase Error              (PE):    0.000ns

    Location             Delay type                Incr(ns)  Path(ns)    Netlist Resource(s)
  -------------------------------------------------------------------    -------------------
                         (clock ap_clk rise edge)     0.000     0.000 r  
                                                      0.000     0.000 r  ap_clk (IN)
                         net (fo=3327, unset)         0.973     0.973    bd_0_i/hls_inst/inst/fadd_32ns_32ns_32_2_full_dsp_1_U2/ap_clk
    SLICE_X34Y28         FDRE                                         r  bd_0_i/hls_inst/inst/fadd_32ns_32ns_32_2_full_dsp_1_U2/din0_buf1_reg[24]/C
  -------------------------------------------------------------------    -------------------
    SLICE_X34Y28         FDRE (Prop_fdre_C_Q)         0.518     1.491 r  bd_0_i/hls_inst/inst/fadd_32ns_32ns_32_2_full_dsp_1_U2/din0_buf1_reg[24]/Q
                         net (fo=6, routed)           0.598     2.089    bd_0_wrapper/bd_0/bd_0_hls_inst_0/bd_0_hls_inst_0_gnss_correlator/bd_0_hls_inst_0_gnss_correlator_fadd_32ns_32ns_32_2_full_dsp_1/bd_0_hls_inst_0_gnss_correlator_fadd_32ns_32ns_32_2_full_dsp_1_ip/<hidden>/<hidden>/<hidden>/<hidden>/<hidden>
    SLICE_X35Y28         LUT2 (Prop_lut2_I1_O)        0.150     2.239 r  bd_0_wrapper/bd_0/bd_0_hls_inst_0/bd_0_hls_inst_0_gnss_correlator/bd_0_hls_inst_0_gnss_correlator_fadd_32ns_32ns_32_2_full_dsp_1/bd_0_hls_inst_0_gnss_correlator_fadd_32ns_32ns_32_2_full_dsp_1_ip/<hidden>/<hidden>/<hidden>/<hidden>/<hidden>
                         net (fo=1, routed)           0.307     2.545    bd_0_wrapper/bd_0/bd_0_hls_inst_0/bd_0_hls_inst_0_gnss_correlator/bd_0_hls_inst_0_gnss_correlator_fadd_32ns_32ns_32_2_full_dsp_1/bd_0_hls_inst_0_gnss_correlator_fadd_32ns_32ns_32_2_full_dsp_1_ip/<hidden>/<hidden>/<hidden>/<hidden>/<hidden>/<hidden>
    SLICE_X34Y29         CARRY4 (Prop_carry4_S[1]_O[3])
                                                      0.975     3.520 r  bd_0_wrapper/bd_0/bd_0_hls_inst_0/bd_0_hls_inst_0_gnss_correlator/bd_0_hls_inst_0_gnss_correlator_fadd_32ns_32ns_32_2_full_dsp_1/bd_0_hls_inst_0_gnss_correlator_fadd_32ns_32ns_32_2_full_dsp_1_ip/<hidden>/<hidden>/<hidden>/<hidden>/<hidden>/<hidden>
                         net (fo=20, routed)          1.061     4.582    bd_0_wrapper/bd_0/bd_0_hls_inst_0/bd_0_hls_inst_0_gnss_correlator/bd_0_hls_inst_0_gnss_correlator_fadd_32ns_32ns_32_2_full_dsp_1/bd_0_hls_inst_0_gnss_correlator_fadd_32ns_32ns_32_2_full_dsp_1_ip/<hidden>/<hidden>/<hidden>/<hidden>/<hidden>/<hidden>
    SLICE_X37Y29         LUT6 (Prop_lut6_I1_O)        0.307     4.889 r  bd_0_wrapper/bd_0/bd_0_hls_inst_0/bd_0_hls_inst_0_gnss_correlator/bd_0_hls_inst_0_gnss_correlator_fadd_32ns_32ns_32_2_full_dsp_1/bd_0_hls_inst_0_gnss_correlator_fadd_32ns_32ns_32_2_full_dsp_1_ip/<hidden>/<hidden>/<hidden>/<hidden>/<hidden>/<hidden>
                         net (fo=2, routed)           0.723     5.612    bd_0_wrapper/bd_0/bd_0_hls_inst_0/bd_0_hls_inst_0_gnss_correlator/bd_0_hls_inst_0_gnss_correlator_fadd_32ns_32ns_32_2_full_dsp_1/bd_0_hls_inst_0_gnss_correlator_fadd_32ns_32ns_32_2_full_dsp_1_ip/<hidden>/<hidden>/<hidden>/<hidden>/<hidden>/<hidden>
    DSP48_X2Y12          DSP48E1 (Prop_dsp48e1_INMODE[2]_PATTERNDETECT)
                                                      5.849    11.461 r  bd_0_wrapper/bd_0/bd_0_hls_inst_0/bd_0_hls_inst_0_gnss_correlator/bd_0_hls_inst_0_gnss_correlator_fadd_32ns_32ns_32_2_full_dsp_1/bd_0_hls_inst_0_gnss_correlator_fadd_32ns_32ns_32_2_full_dsp_1_ip/<hidden>/<hidden>/<hidden>/<hidden>/<hidden>/<hidden>
                         net (fo=54, routed)          0.875    12.336    bd_0_wrapper/bd_0/bd_0_hls_inst_0/bd_0_hls_inst_0_gnss_correlator/bd_0_hls_inst_0_gnss_correlator_fadd_32ns_32ns_32_2_full_dsp_1/bd_0_hls_inst_0_gnss_correlator_fadd_32ns_32ns_32_2_full_dsp_1_ip/<hidden>/<hidden>/<hidden>/<hidden>/<hidden>/<hidden>
    SLICE_X36Y31         LUT5 (Prop_lut5_I3_O)        0.124    12.460 r  bd_0_wrapper/bd_0/bd_0_hls_inst_0/bd_0_hls_inst_0_gnss_correlator/bd_0_hls_inst_0_gnss_correlator_fadd_32ns_32ns_32_2_full_dsp_1/bd_0_hls_inst_0_gnss_correlator_fadd_32ns_32ns_32_2_full_dsp_1_ip/<hidden>/<hidden>/<hidden>/<hidden>/<hidden>/<hidden>
                         net (fo=1, routed)           0.000    12.460    bd_0_wrapper/bd_0/bd_0_hls_inst_0/bd_0_hls_inst_0_gnss_correlator/bd_0_hls_inst_0_gnss_correlator_fadd_32ns_32ns_32_2_full_dsp_1/bd_0_hls_inst_0_gnss_correlator_fadd_32ns_32ns_32_2_full_dsp_1_ip/<hidden>/<hidden>/<hidden>/<hidden>/<hidden>/<hidden>
    SLICE_X36Y31         CARRY4 (Prop_carry4_S[1]_CO[3])
                                                      0.533    12.993 f  bd_0_wrapper/bd_0/bd_0_hls_inst_0/bd_0_hls_inst_0_gnss_correlator/bd_0_hls_inst_0_gnss_correlator_fadd_32ns_32ns_32_2_full_dsp_1/bd_0_hls_inst_0_gnss_correlator_fadd_32ns_32ns_32_2_full_dsp_1_ip/<hidden>/<hidden>/<hidden>/<hidden>/<hidden>/<hidden>
                         net (fo=12, routed)          1.222    14.215    bd_0_wrapper/bd_0/bd_0_hls_inst_0/bd_0_hls_inst_0_gnss_correlator/bd_0_hls_inst_0_gnss_correlator_fadd_32ns_32ns_32_2_full_dsp_1/bd_0_hls_inst_0_gnss_correlator_fadd_32ns_32ns_32_2_full_dsp_1_ip/<hidden>/<hidden>/<hidden>/<hidden>/<hidden>/<hidden>
    SLICE_X35Y31         LUT5 (Prop_lut5_I0_O)        0.124    14.339 r  bd_0_wrapper/bd_0/bd_0_hls_inst_0/bd_0_hls_inst_0_gnss_correlator/bd_0_hls_inst_0_gnss_correlator_fadd_32ns_32ns_32_2_full_dsp_1/bd_0_hls_inst_0_gnss_correlator_fadd_32ns_32ns_32_2_full_dsp_1_ip/<hidden>/<hidden>/<hidden>/<hidden>/<hidden>/<hidden>
                         net (fo=1, routed)           0.567    14.905    bd_0_wrapper/bd_0/bd_0_hls_inst_0/bd_0_hls_inst_0_gnss_correlator/bd_0_hls_inst_0_gnss_correlator_fadd_32ns_32ns_32_2_full_dsp_1/bd_0_hls_inst_0_gnss_correlator_fadd_32ns_32ns_32_2_full_dsp_1_ip/<hidden>/<hidden>/<hidden>/<hidden>/<hidden>/<hidden>
    DSP48_X2Y13          DSP48E1 (Prop_dsp48e1_B[6]_P[29])
                                                      3.656    18.561 r  bd_0_wrapper/bd_0/bd_0_hls_inst_0/bd_0_hls_inst_0_gnss_correlator/bd_0_hls_inst_0_gnss_correlator_fadd_32ns_32ns_32_2_full_dsp_1/bd_0_hls_inst_0_gnss_correlator_fadd_32ns_32ns_32_2_full_dsp_1_ip/<hidden>/<hidden>/<hidden>/<hidden>/<hidden>/<hidden>
                         net (fo=1, routed)           0.648    19.210    bd_0_wrapper/bd_0/bd_0_hls_inst_0/bd_0_hls_inst_0_gnss_correlator/bd_0_hls_inst_0_gnss_correlator_fadd_32ns_32ns_32_2_full_dsp_1/bd_0_hls_inst_0_gnss_correlator_fadd_32ns_32ns_32_2_full_dsp_1_ip/<hidden>/<hidden>/<hidden>/<hidden>/<hidden>/<hidden>
    SLICE_X39Y31         LUT6 (Prop_lut6_I0_O)        0.124    19.334 r  bd_0_wrapper/bd_0/bd_0_hls_inst_0/bd_0_hls_inst_0_gnss_correlator/bd_0_hls_inst_0_gnss_correlator_fadd_32ns_32ns_32_2_full_dsp_1/bd_0_hls_inst_0_gnss_correlator_fadd_32ns_32ns_32_2_full_dsp_1_ip/<hidden>/<hidden>/<hidden>/<hidden>/<hidden>/<hidden>
                         net (fo=3, routed)           0.431    19.765    bd_0_i/hls_inst/inst/fadd_32ns_32ns_32_2_full_dsp_1_U2/r_tdata[25]
    SLICE_X41Y31         LUT3 (Prop_lut3_I0_O)        0.124    19.889 r  bd_0_i/hls_inst/inst/fadd_32ns_32ns_32_2_full_dsp_1_U2/acc_I_fu_98[25]_i_1/O
                         net (fo=2, routed)           0.474    20.363    bd_0_i/hls_inst/inst/grp_fu_182_p2[25]
    SLICE_X43Y31         FDRE                                         r  bd_0_i/hls_inst/inst/acc_Q_fu_102_reg[25]/D
  -------------------------------------------------------------------    -------------------

                         (clock ap_clk rise edge)    10.000    10.000 r  
                                                      0.000    10.000 r  ap_clk (IN)
                         net (fo=3327, unset)         0.924    10.924    bd_0_i/hls_inst/inst/ap_clk
    SLICE_X43Y31         FDRE                                         r  bd_0_i/hls_inst/inst/acc_Q_fu_102_reg[25]/C
                         clock pessimism              0.000    10.924    
                         clock uncertainty           -0.035    10.889    
    SLICE_X43Y31         FDRE (Setup_fdre_C_D)       -0.040    10.849    bd_0_i/hls_inst/inst/acc_Q_fu_102_reg[25]
  -------------------------------------------------------------------
                         required time                         10.849    
                         arrival time                         -20.363    
  -------------------------------------------------------------------
                         slack                                 -9.514    

Slack (VIOLATED) :        -9.467ns  (required time - arrival time)
  Source:                 bd_0_i/hls_inst/inst/fadd_32ns_32ns_32_2_full_dsp_1_U2/din0_buf1_reg[24]/C
                            (rising edge-triggered cell FDRE clocked by ap_clk  {rise@0.000ns fall@5.000ns period=10.000ns})
  Destination:            bd_0_i/hls_inst/inst/acc_Q_fu_102_reg[2]/D
                            (rising edge-triggered cell FDRE clocked by ap_clk  {rise@0.000ns fall@5.000ns period=10.000ns})
  Path Group:             ap_clk
  Path Type:              Setup (Max at Slow Process Corner)
  Requirement:            10.000ns  (ap_clk rise@10.000ns - ap_clk rise@0.000ns)
  Data Path Delay:        19.367ns  (logic 12.484ns (64.459%)  route 6.883ns (35.541%))
  Logic Levels:           10  (CARRY4=2 DSP48E1=2 LUT2=1 LUT3=1 LUT5=2 LUT6=2)
  Clock Path Skew:        -0.049ns (DCD - SCD + CPR)
    Destination Clock Delay (DCD):    0.924ns = ( 10.924 - 10.000 ) 
    Source Clock Delay      (SCD):    0.973ns
    Clock Pessimism Removal (CPR):    0.000ns
  Clock Uncertainty:      0.035ns  ((TSJ^2 + TIJ^2)^1/2 + DJ) / 2 + PE
    Total System Jitter     (TSJ):    0.071ns
    Total Input Jitter      (TIJ):    0.000ns
    Discrete Jitter          (DJ):    0.000ns
    Phase Error              (PE):    0.000ns

    Location             Delay type                Incr(ns)  Path(ns)    Netlist Resource(s)
  -------------------------------------------------------------------    -------------------
                         (clock ap_clk rise edge)     0.000     0.000 r  
                                                      0.000     0.000 r  ap_clk (IN)
                         net (fo=3327, unset)         0.973     0.973    bd_0_i/hls_inst/inst/fadd_32ns_32ns_32_2_full_dsp_1_U2/ap_clk
    SLICE_X34Y28         FDRE                                         r  bd_0_i/hls_inst/inst/fadd_32ns_32ns_32_2_full_dsp_1_U2/din0_buf1_reg[24]/C
  -------------------------------------------------------------------    -------------------
    SLICE_X34Y28         FDRE (Prop_fdre_C_Q)         0.518     1.491 r  bd_0_i/hls_inst/inst/fadd_32ns_32ns_32_2_full_dsp_1_U2/din0_buf1_reg[24]/Q
                         net (fo=6, routed)           0.598     2.089    bd_0_wrapper/bd_0/bd_0_hls_inst_0/bd_0_hls_inst_0_gnss_correlator/bd_0_hls_inst_0_gnss_correlator_fadd_32ns_32ns_32_2_full_dsp_1/bd_0_hls_inst_0_gnss_correlator_fadd_32ns_32ns_32_2_full_dsp_1_ip/<hidden>/<hidden>/<hidden>/<hidden>/<hidden>
    SLICE_X35Y28         LUT2 (Prop_lut2_I1_O)        0.150     2.239 r  bd_0_wrapper/bd_0/bd_0_hls_inst_0/bd_0_hls_inst_0_gnss_correlator/bd_0_hls_inst_0_gnss_correlator_fadd_32ns_32ns_32_2_full_dsp_1/bd_0_hls_inst_0_gnss_correlator_fadd_32ns_32ns_32_2_full_dsp_1_ip/<hidden>/<hidden>/<hidden>/<hidden>/<hidden>
                         net (fo=1, routed)           0.307     2.545    bd_0_wrapper/bd_0/bd_0_hls_inst_0/bd_0_hls_inst_0_gnss_correlator/bd_0_hls_inst_0_gnss_correlator_fadd_32ns_32ns_32_2_full_dsp_1/bd_0_hls_inst_0_gnss_correlator_fadd_32ns_32ns_32_2_full_dsp_1_ip/<hidden>/<hidden>/<hidden>/<hidden>/<hidden>/<hidden>
    SLICE_X34Y29         CARRY4 (Prop_carry4_S[1]_O[3])
                                                      0.975     3.520 r  bd_0_wrapper/bd_0/bd_0_hls_inst_0/bd_0_hls_inst_0_gnss_correlator/bd_0_hls_inst_0_gnss_correlator_fadd_32ns_32ns_32_2_full_dsp_1/bd_0_hls_inst_0_gnss_correlator_fadd_32ns_32ns_32_2_full_dsp_1_ip/<hidden>/<hidden>/<hidden>/<hidden>/<hidden>/<hidden>
                         net (fo=20, routed)          1.061     4.582    bd_0_wrapper/bd_0/bd_0_hls_inst_0/bd_0_hls_inst_0_gnss_correlator/bd_0_hls_inst_0_gnss_correlator_fadd_32ns_32ns_32_2_full_dsp_1/bd_0_hls_inst_0_gnss_correlator_fadd_32ns_32ns_32_2_full_dsp_1_ip/<hidden>/<hidden>/<hidden>/<hidden>/<hidden>/<hidden>
    SLICE_X37Y29         LUT6 (Prop_lut6_I1_O)        0.307     4.889 r  bd_0_wrapper/bd_0/bd_0_hls_inst_0/bd_0_hls_inst_0_gnss_correlator/bd_0_hls_inst_0_gnss_correlator_fadd_32ns_32ns_32_2_full_dsp_1/bd_0_hls_inst_0_gnss_correlator_fadd_32ns_32ns_32_2_full_dsp_1_ip/<hidden>/<hidden>/<hidden>/<hidden>/<hidden>/<hidden>
                         net (fo=2, routed)           0.723     5.612    bd_0_wrapper/bd_0/bd_0_hls_inst_0/bd_0_hls_inst_0_gnss_correlator/bd_0_hls_inst_0_gnss_correlator_fadd_32ns_32ns_32_2_full_dsp_1/bd_0_hls_inst_0_gnss_correlator_fadd_32ns_32ns_32_2_full_dsp_1_ip/<hidden>/<hidden>/<hidden>/<hidden>/<hidden>/<hidden>
    DSP48_X2Y12          DSP48E1 (Prop_dsp48e1_INMODE[2]_PATTERNDETECT)
                                                      5.849    11.461 r  bd_0_wrapper/bd_0/bd_0_hls_inst_0/bd_0_hls_inst_0_gnss_correlator/bd_0_hls_inst_0_gnss_correlator_fadd_32ns_32ns_32_2_full_dsp_1/bd_0_hls_inst_0_gnss_correlator_fadd_32ns_32ns_32_2_full_dsp_1_ip/<hidden>/<hidden>/<hidden>/<hidden>/<hidden>/<hidden>
                         net (fo=54, routed)          0.875    12.336    bd_0_wrapper/bd_0/bd_0_hls_inst_0/bd_0_hls_inst_0_gnss_correlator/bd_0_hls_inst_0_gnss_correlator_fadd_32ns_32ns_32_2_full_dsp_1/bd_0_hls_inst_0_gnss_correlator_fadd_32ns_32ns_32_2_full_dsp_1_ip/<hidden>/<hidden>/<hidden>/<hidden>/<hidden>/<hidden>
    SLICE_X36Y31         LUT5 (Prop_lut5_I3_O)        0.124    12.460 r  bd_0_wrapper/bd_0/bd_0_hls_inst_0/bd_0_hls_inst_0_gnss_correlator/bd_0_hls_inst_0_gnss_correlator_fadd_32ns_32ns_32_2_full_dsp_1/bd_0_hls_inst_0_gnss_correlator_fadd_32ns_32ns_32_2_full_dsp_1_ip/<hidden>/<hidden>/<hidden>/<hidden>/<hidden>/<hidden>
                         net (fo=1, routed)           0.000    12.460    bd_0_wrapper/bd_0/bd_0_hls_inst_0/bd_0_hls_inst_0_gnss_correlator/bd_0_hls_inst_0_gnss_correlator_fadd_32ns_32ns_32_2_full_dsp_1/bd_0_hls_inst_0_gnss_correlator_fadd_32ns_32ns_32_2_full_dsp_1_ip/<hidden>/<hidden>/<hidden>/<hidden>/<hidden>/<hidden>
    SLICE_X36Y31         CARRY4 (Prop_carry4_S[1]_CO[3])
                                                      0.533    12.993 f  bd_0_wrapper/bd_0/bd_0_hls_inst_0/bd_0_hls_inst_0_gnss_correlator/bd_0_hls_inst_0_gnss_correlator_fadd_32ns_32ns_32_2_full_dsp_1/bd_0_hls_inst_0_gnss_correlator_fadd_32ns_32ns_32_2_full_dsp_1_ip/<hidden>/<hidden>/<hidden>/<hidden>/<hidden>/<hidden>
                         net (fo=12, routed)          1.222    14.215    bd_0_wrapper/bd_0/bd_0_hls_inst_0/bd_0_hls_inst_0_gnss_correlator/bd_0_hls_inst_0_gnss_correlator_fadd_32ns_32ns_32_2_full_dsp_1/bd_0_hls_inst_0_gnss_correlator_fadd_32ns_32ns_32_2_full_dsp_1_ip/<hidden>/<hidden>/<hidden>/<hidden>/<hidden>/<hidden>
    SLICE_X35Y31         LUT5 (Prop_lut5_I0_O)        0.124    14.339 r  bd_0_wrapper/bd_0/bd_0_hls_inst_0/bd_0_hls_inst_0_gnss_correlator/bd_0_hls_inst_0_gnss_correlator_fadd_32ns_32ns_32_2_full_dsp_1/bd_0_hls_inst_0_gnss_correlator_fadd_32ns_32ns_32_2_full_dsp_1_ip/<hidden>/<hidden>/<hidden>/<hidden>/<hidden>/<hidden>
                         net (fo=1, routed)           0.567    14.905    bd_0_wrapper/bd_0/bd_0_hls_inst_0/bd_0_hls_inst_0_gnss_correlator/bd_0_hls_inst_0_gnss_correlator_fadd_32ns_32ns_32_2_full_dsp_1/bd_0_hls_inst_0_gnss_correlator_fadd_32ns_32ns_32_2_full_dsp_1_ip/<hidden>/<hidden>/<hidden>/<hidden>/<hidden>/<hidden>
    DSP48_X2Y13          DSP48E1 (Prop_dsp48e1_B[6]_P[4])
                                                      3.656    18.561 r  bd_0_wrapper/bd_0/bd_0_hls_inst_0/bd_0_hls_inst_0_gnss_correlator/bd_0_hls_inst_0_gnss_correlator_fadd_32ns_32ns_32_2_full_dsp_1/bd_0_hls_inst_0_gnss_correlator_fadd_32ns_32ns_32_2_full_dsp_1_ip/<hidden>/<hidden>/<hidden>/<hidden>/<hidden>/<hidden>
                         net (fo=1, routed)           0.755    19.316    bd_0_wrapper/bd_0/bd_0_hls_inst_0/bd_0_hls_inst_0_gnss_correlator/bd_0_hls_inst_0_gnss_correlator_fadd_32ns_32ns_32_2_full_dsp_1/bd_0_hls_inst_0_gnss_correlator_fadd_32ns_32ns_32_2_full_dsp_1_ip/<hidden>/<hidden>/<hidden>/<hidden>/<hidden>/<hidden>
    SLICE_X37Y30         LUT6 (Prop_lut6_I0_O)        0.124    19.440 r  bd_0_wrapper/bd_0/bd_0_hls_inst_0/bd_0_hls_inst_0_gnss_correlator/bd_0_hls_inst_0_gnss_correlator_fadd_32ns_32ns_32_2_full_dsp_1/bd_0_hls_inst_0_gnss_correlator_fadd_32ns_32ns_32_2_full_dsp_1_ip/<hidden>/<hidden>/<hidden>/<hidden>/<hidden>/<hidden>
                         net (fo=3, routed)           0.445    19.885    bd_0_i/hls_inst/inst/fadd_32ns_32ns_32_2_full_dsp_1_U2/r_tdata[2]
    SLICE_X38Y29         LUT3 (Prop_lut3_I0_O)        0.124    20.009 r  bd_0_i/hls_inst/inst/fadd_32ns_32ns_32_2_full_dsp_1_U2/acc_I_fu_98[2]_i_1/O
                         net (fo=2, routed)           0.331    20.340    bd_0_i/hls_inst/inst/grp_fu_182_p2[2]
    SLICE_X38Y28         FDRE                                         r  bd_0_i/hls_inst/inst/acc_Q_fu_102_reg[2]/D
  -------------------------------------------------------------------    -------------------

                         (clock ap_clk rise edge)    10.000    10.000 r  
                                                      0.000    10.000 r  ap_clk (IN)
                         net (fo=3327, unset)         0.924    10.924    bd_0_i/hls_inst/inst/ap_clk
    SLICE_X38Y28         FDRE                                         r  bd_0_i/hls_inst/inst/acc_Q_fu_102_reg[2]/C
                         clock pessimism              0.000    10.924    
                         clock uncertainty           -0.035    10.889    
    SLICE_X38Y28         FDRE (Setup_fdre_C_D)       -0.016    10.873    bd_0_i/hls_inst/inst/acc_Q_fu_102_reg[2]
  -------------------------------------------------------------------
                         required time                         10.873    
                         arrival time                         -20.340    
  -------------------------------------------------------------------
                         slack                                 -9.467    

Slack (VIOLATED) :        -9.460ns  (required time - arrival time)
  Source:                 bd_0_i/hls_inst/inst/fadd_32ns_32ns_32_2_full_dsp_1_U2/din0_buf1_reg[24]/C
                            (rising edge-triggered cell FDRE clocked by ap_clk  {rise@0.000ns fall@5.000ns period=10.000ns})
  Destination:            bd_0_i/hls_inst/inst/control_s_axi_U/int_corr_Q_reg[1]/D
                            (rising edge-triggered cell FDRE clocked by ap_clk  {rise@0.000ns fall@5.000ns period=10.000ns})
  Path Group:             ap_clk
  Path Type:              Setup (Max at Slow Process Corner)
  Requirement:            10.000ns  (ap_clk rise@10.000ns - ap_clk rise@0.000ns)
  Data Path Delay:        19.407ns  (logic 12.484ns (64.326%)  route 6.923ns (35.674%))
  Logic Levels:           10  (CARRY4=2 DSP48E1=2 LUT2=1 LUT5=2 LUT6=3)
  Clock Path Skew:        -0.049ns (DCD - SCD + CPR)
    Destination Clock Delay (DCD):    0.924ns = ( 10.924 - 10.000 ) 
    Source Clock Delay      (SCD):    0.973ns
    Clock Pessimism Removal (CPR):    0.000ns
  Clock Uncertainty:      0.035ns  ((TSJ^2 + TIJ^2)^1/2 + DJ) / 2 + PE
    Total System Jitter     (TSJ):    0.071ns
    Total Input Jitter      (TIJ):    0.000ns
    Discrete Jitter          (DJ):    0.000ns
    Phase Error              (PE):    0.000ns

    Location             Delay type                Incr(ns)  Path(ns)    Netlist Resource(s)
  -------------------------------------------------------------------    -------------------
                         (clock ap_clk rise edge)     0.000     0.000 r  
                                                      0.000     0.000 r  ap_clk (IN)
                         net (fo=3327, unset)         0.973     0.973    bd_0_i/hls_inst/inst/fadd_32ns_32ns_32_2_full_dsp_1_U2/ap_clk
    SLICE_X34Y28         FDRE                                         r  bd_0_i/hls_inst/inst/fadd_32ns_32ns_32_2_full_dsp_1_U2/din0_buf1_reg[24]/C
  -------------------------------------------------------------------    -------------------
    SLICE_X34Y28         FDRE (Prop_fdre_C_Q)         0.518     1.491 r  bd_0_i/hls_inst/inst/fadd_32ns_32ns_32_2_full_dsp_1_U2/din0_buf1_reg[24]/Q
                         net (fo=6, routed)           0.598     2.089    bd_0_wrapper/bd_0/bd_0_hls_inst_0/bd_0_hls_inst_0_gnss_correlator/bd_0_hls_inst_0_gnss_correlator_fadd_32ns_32ns_32_2_full_dsp_1/bd_0_hls_inst_0_gnss_correlator_fadd_32ns_32ns_32_2_full_dsp_1_ip/<hidden>/<hidden>/<hidden>/<hidden>/<hidden>
    SLICE_X35Y28         LUT2 (Prop_lut2_I1_O)        0.150     2.239 r  bd_0_wrapper/bd_0/bd_0_hls_inst_0/bd_0_hls_inst_0_gnss_correlator/bd_0_hls_inst_0_gnss_correlator_fadd_32ns_32ns_32_2_full_dsp_1/bd_0_hls_inst_0_gnss_correlator_fadd_32ns_32ns_32_2_full_dsp_1_ip/<hidden>/<hidden>/<hidden>/<hidden>/<hidden>
                         net (fo=1, routed)           0.307     2.545    bd_0_wrapper/bd_0/bd_0_hls_inst_0/bd_0_hls_inst_0_gnss_correlator/bd_0_hls_inst_0_gnss_correlator_fadd_32ns_32ns_32_2_full_dsp_1/bd_0_hls_inst_0_gnss_correlator_fadd_32ns_32ns_32_2_full_dsp_1_ip/<hidden>/<hidden>/<hidden>/<hidden>/<hidden>/<hidden>
    SLICE_X34Y29         CARRY4 (Prop_carry4_S[1]_O[3])
                                                      0.975     3.520 r  bd_0_wrapper/bd_0/bd_0_hls_inst_0/bd_0_hls_inst_0_gnss_correlator/bd_0_hls_inst_0_gnss_correlator_fadd_32ns_32ns_32_2_full_dsp_1/bd_0_hls_inst_0_gnss_correlator_fadd_32ns_32ns_32_2_full_dsp_1_ip/<hidden>/<hidden>/<hidden>/<hidden>/<hidden>/<hidden>
                         net (fo=20, routed)          1.061     4.582    bd_0_wrapper/bd_0/bd_0_hls_inst_0/bd_0_hls_inst_0_gnss_correlator/bd_0_hls_inst_0_gnss_correlator_fadd_32ns_32ns_32_2_full_dsp_1/bd_0_hls_inst_0_gnss_correlator_fadd_32ns_32ns_32_2_full_dsp_1_ip/<hidden>/<hidden>/<hidden>/<hidden>/<hidden>/<hidden>
    SLICE_X37Y29         LUT6 (Prop_lut6_I1_O)        0.307     4.889 r  bd_0_wrapper/bd_0/bd_0_hls_inst_0/bd_0_hls_inst_0_gnss_correlator/bd_0_hls_inst_0_gnss_correlator_fadd_32ns_32ns_32_2_full_dsp_1/bd_0_hls_inst_0_gnss_correlator_fadd_32ns_32ns_32_2_full_dsp_1_ip/<hidden>/<hidden>/<hidden>/<hidden>/<hidden>/<hidden>
                         net (fo=2, routed)           0.723     5.612    bd_0_wrapper/bd_0/bd_0_hls_inst_0/bd_0_hls_inst_0_gnss_correlator/bd_0_hls_inst_0_gnss_correlator_fadd_32ns_32ns_32_2_full_dsp_1/bd_0_hls_inst_0_gnss_correlator_fadd_32ns_32ns_32_2_full_dsp_1_ip/<hidden>/<hidden>/<hidden>/<hidden>/<hidden>/<hidden>
    DSP48_X2Y12          DSP48E1 (Prop_dsp48e1_INMODE[2]_PATTERNDETECT)
                                                      5.849    11.461 r  bd_0_wrapper/bd_0/bd_0_hls_inst_0/bd_0_hls_inst_0_gnss_correlator/bd_0_hls_inst_0_gnss_correlator_fadd_32ns_32ns_32_2_full_dsp_1/bd_0_hls_inst_0_gnss_correlator_fadd_32ns_32ns_32_2_full_dsp_1_ip/<hidden>/<hidden>/<hidden>/<hidden>/<hidden>/<hidden>
                         net (fo=54, routed)          0.875    12.336    bd_0_wrapper/bd_0/bd_0_hls_inst_0/bd_0_hls_inst_0_gnss_correlator/bd_0_hls_inst_0_gnss_correlator_fadd_32ns_32ns_32_2_full_dsp_1/bd_0_hls_inst_0_gnss_correlator_fadd_32ns_32ns_32_2_full_dsp_1_ip/<hidden>/<hidden>/<hidden>/<hidden>/<hidden>/<hidden>
    SLICE_X36Y31         LUT5 (Prop_lut5_I3_O)        0.124    12.460 r  bd_0_wrapper/bd_0/bd_0_hls_inst_0/bd_0_hls_inst_0_gnss_correlator/bd_0_hls_inst_0_gnss_correlator_fadd_32ns_32ns_32_2_full_dsp_1/bd_0_hls_inst_0_gnss_correlator_fadd_32ns_32ns_32_2_full_dsp_1_ip/<hidden>/<hidden>/<hidden>/<hidden>/<hidden>/<hidden>
                         net (fo=1, routed)           0.000    12.460    bd_0_wrapper/bd_0/bd_0_hls_inst_0/bd_0_hls_inst_0_gnss_correlator/bd_0_hls_inst_0_gnss_correlator_fadd_32ns_32ns_32_2_full_dsp_1/bd_0_hls_inst_0_gnss_correlator_fadd_32ns_32ns_32_2_full_dsp_1_ip/<hidden>/<hidden>/<hidden>/<hidden>/<hidden>/<hidden>
    SLICE_X36Y31         CARRY4 (Prop_carry4_S[1]_CO[3])
                                                      0.533    12.993 f  bd_0_wrapper/bd_0/bd_0_hls_inst_0/bd_0_hls_inst_0_gnss_correlator/bd_0_hls_inst_0_gnss_correlator_fadd_32ns_32ns_32_2_full_dsp_1/bd_0_hls_inst_0_gnss_correlator_fadd_32ns_32ns_32_2_full_dsp_1_ip/<hidden>/<hidden>/<hidden>/<hidden>/<hidden>/<hidden>
                         net (fo=12, routed)          1.222    14.215    bd_0_wrapper/bd_0/bd_0_hls_inst_0/bd_0_hls_inst_0_gnss_correlator/bd_0_hls_inst_0_gnss_correlator_fadd_32ns_32ns_32_2_full_dsp_1/bd_0_hls_inst_0_gnss_correlator_fadd_32ns_32ns_32_2_full_dsp_1_ip/<hidden>/<hidden>/<hidden>/<hidden>/<hidden>/<hidden>
    SLICE_X35Y31         LUT5 (Prop_lut5_I0_O)        0.124    14.339 r  bd_0_wrapper/bd_0/bd_0_hls_inst_0/bd_0_hls_inst_0_gnss_correlator/bd_0_hls_inst_0_gnss_correlator_fadd_32ns_32ns_32_2_full_dsp_1/bd_0_hls_inst_0_gnss_correlator_fadd_32ns_32ns_32_2_full_dsp_1_ip/<hidden>/<hidden>/<hidden>/<hidden>/<hidden>/<hidden>
                         net (fo=1, routed)           0.567    14.905    bd_0_wrapper/bd_0/bd_0_hls_inst_0/bd_0_hls_inst_0_gnss_correlator/bd_0_hls_inst_0_gnss_correlator_fadd_32ns_32ns_32_2_full_dsp_1/bd_0_hls_inst_0_gnss_correlator_fadd_32ns_32ns_32_2_full_dsp_1_ip/<hidden>/<hidden>/<hidden>/<hidden>/<hidden>/<hidden>
    DSP48_X2Y13          DSP48E1 (Prop_dsp48e1_B[6]_P[3])
                                                      3.656    18.561 r  bd_0_wrapper/bd_0/bd_0_hls_inst_0/bd_0_hls_inst_0_gnss_correlator/bd_0_hls_inst_0_gnss_correlator_fadd_32ns_32ns_32_2_full_dsp_1/bd_0_hls_inst_0_gnss_correlator_fadd_32ns_32ns_32_2_full_dsp_1_ip/<hidden>/<hidden>/<hidden>/<hidden>/<hidden>/<hidden>
                         net (fo=2, routed)           0.953    19.514    bd_0_wrapper/bd_0/bd_0_hls_inst_0/bd_0_hls_inst_0_gnss_correlator/bd_0_hls_inst_0_gnss_correlator_fadd_32ns_32ns_32_2_full_dsp_1/bd_0_hls_inst_0_gnss_correlator_fadd_32ns_32ns_32_2_full_dsp_1_ip/<hidden>/<hidden>/<hidden>/<hidden>/<hidden>/<hidden>
    SLICE_X36Y29         LUT6 (Prop_lut6_I0_O)        0.124    19.638 r  bd_0_wrapper/bd_0/bd_0_hls_inst_0/bd_0_hls_inst_0_gnss_correlator/bd_0_hls_inst_0_gnss_correlator_fadd_32ns_32ns_32_2_full_dsp_1/bd_0_hls_inst_0_gnss_correlator_fadd_32ns_32ns_32_2_full_dsp_1_ip/<hidden>/<hidden>/<hidden>/<hidden>/<hidden>/<hidden>
                         net (fo=2, routed)           0.618    20.256    bd_0_i/hls_inst/inst/fadd_32ns_32ns_32_2_full_dsp_1_U2/r_tdata[1]
    SLICE_X39Y30         LUT6 (Prop_lut6_I0_O)        0.124    20.380 r  bd_0_i/hls_inst/inst/fadd_32ns_32ns_32_2_full_dsp_1_U2/int_corr_Q[1]_i_1/O
                         net (fo=1, routed)           0.000    20.380    bd_0_i/hls_inst/inst/control_s_axi_U/corr_Q[1]
    SLICE_X39Y30         FDRE                                         r  bd_0_i/hls_inst/inst/control_s_axi_U/int_corr_Q_reg[1]/D
  -------------------------------------------------------------------    -------------------

                         (clock ap_clk rise edge)    10.000    10.000 r  
                                                      0.000    10.000 r  ap_clk (IN)
                         net (fo=3327, unset)         0.924    10.924    bd_0_i/hls_inst/inst/control_s_axi_U/ap_clk
    SLICE_X39Y30         FDRE                                         r  bd_0_i/hls_inst/inst/control_s_axi_U/int_corr_Q_reg[1]/C
                         clock pessimism              0.000    10.924    
                         clock uncertainty           -0.035    10.889    
    SLICE_X39Y30         FDRE (Setup_fdre_C_D)        0.031    10.920    bd_0_i/hls_inst/inst/control_s_axi_U/int_corr_Q_reg[1]
  -------------------------------------------------------------------
                         required time                         10.920    
                         arrival time                         -20.380    
  -------------------------------------------------------------------
                         slack                                 -9.460    

Slack (VIOLATED) :        -9.438ns  (required time - arrival time)
  Source:                 bd_0_i/hls_inst/inst/fadd_32ns_32ns_32_2_full_dsp_1_U2/din0_buf1_reg[24]/C
                            (rising edge-triggered cell FDRE clocked by ap_clk  {rise@0.000ns fall@5.000ns period=10.000ns})
  Destination:            bd_0_i/hls_inst/inst/acc_I_fu_98_reg[28]/D
                            (rising edge-triggered cell FDRE clocked by ap_clk  {rise@0.000ns fall@5.000ns period=10.000ns})
  Path Group:             ap_clk
  Path Type:              Setup (Max at Slow Process Corner)
  Requirement:            10.000ns  (ap_clk rise@10.000ns - ap_clk rise@0.000ns)
  Data Path Delay:        19.307ns  (logic 12.484ns (64.661%)  route 6.823ns (35.339%))
  Logic Levels:           10  (CARRY4=2 DSP48E1=2 LUT2=1 LUT3=1 LUT5=2 LUT6=2)
  Clock Path Skew:        -0.049ns (DCD - SCD + CPR)
    Destination Clock Delay (DCD):    0.924ns = ( 10.924 - 10.000 ) 
    Source Clock Delay      (SCD):    0.973ns
    Clock Pessimism Removal (CPR):    0.000ns
  Clock Uncertainty:      0.035ns  ((TSJ^2 + TIJ^2)^1/2 + DJ) / 2 + PE
    Total System Jitter     (TSJ):    0.071ns
    Total Input Jitter      (TIJ):    0.000ns
    Discrete Jitter          (DJ):    0.000ns
    Phase Error              (PE):    0.000ns

    Location             Delay type                Incr(ns)  Path(ns)    Netlist Resource(s)
  -------------------------------------------------------------------    -------------------
                         (clock ap_clk rise edge)     0.000     0.000 r  
                                                      0.000     0.000 r  ap_clk (IN)
                         net (fo=3327, unset)         0.973     0.973    bd_0_i/hls_inst/inst/fadd_32ns_32ns_32_2_full_dsp_1_U2/ap_clk
    SLICE_X34Y28         FDRE                                         r  bd_0_i/hls_inst/inst/fadd_32ns_32ns_32_2_full_dsp_1_U2/din0_buf1_reg[24]/C
  -------------------------------------------------------------------    -------------------
    SLICE_X34Y28         FDRE (Prop_fdre_C_Q)         0.518     1.491 r  bd_0_i/hls_inst/inst/fadd_32ns_32ns_32_2_full_dsp_1_U2/din0_buf1_reg[24]/Q
                         net (fo=6, routed)           0.598     2.089    bd_0_wrapper/bd_0/bd_0_hls_inst_0/bd_0_hls_inst_0_gnss_correlator/bd_0_hls_inst_0_gnss_correlator_fadd_32ns_32ns_32_2_full_dsp_1/bd_0_hls_inst_0_gnss_correlator_fadd_32ns_32ns_32_2_full_dsp_1_ip/<hidden>/<hidden>/<hidden>/<hidden>/<hidden>
    SLICE_X35Y28         LUT2 (Prop_lut2_I1_O)        0.150     2.239 r  bd_0_wrapper/bd_0/bd_0_hls_inst_0/bd_0_hls_inst_0_gnss_correlator/bd_0_hls_inst_0_gnss_correlator_fadd_32ns_32ns_32_2_full_dsp_1/bd_0_hls_inst_0_gnss_correlator_fadd_32ns_32ns_32_2_full_dsp_1_ip/<hidden>/<hidden>/<hidden>/<hidden>/<hidden>
                         net (fo=1, routed)           0.307     2.545    bd_0_wrapper/bd_0/bd_0_hls_inst_0/bd_0_hls_inst_0_gnss_correlator/bd_0_hls_inst_0_gnss_correlator_fadd_32ns_32ns_32_2_full_dsp_1/bd_0_hls_inst_0_gnss_correlator_fadd_32ns_32ns_32_2_full_dsp_1_ip/<hidden>/<hidden>/<hidden>/<hidden>/<hidden>/<hidden>
    SLICE_X34Y29         CARRY4 (Prop_carry4_S[1]_O[3])
                                                      0.975     3.520 r  bd_0_wrapper/bd_0/bd_0_hls_inst_0/bd_0_hls_inst_0_gnss_correlator/bd_0_hls_inst_0_gnss_correlator_fadd_32ns_32ns_32_2_full_dsp_1/bd_0_hls_inst_0_gnss_correlator_fadd_32ns_32ns_32_2_full_dsp_1_ip/<hidden>/<hidden>/<hidden>/<hidden>/<hidden>/<hidden>
                         net (fo=20, routed)          1.061     4.582    bd_0_wrapper/bd_0/bd_0_hls_inst_0/bd_0_hls_inst_0_gnss_correlator/bd_0_hls_inst_0_gnss_correlator_fadd_32ns_32ns_32_2_full_dsp_1/bd_0_hls_inst_0_gnss_correlator_fadd_32ns_32ns_32_2_full_dsp_1_ip/<hidden>/<hidden>/<hidden>/<hidden>/<hidden>/<hidden>
    SLICE_X37Y29         LUT6 (Prop_lut6_I1_O)        0.307     4.889 r  bd_0_wrapper/bd_0/bd_0_hls_inst_0/bd_0_hls_inst_0_gnss_correlator/bd_0_hls_inst_0_gnss_correlator_fadd_32ns_32ns_32_2_full_dsp_1/bd_0_hls_inst_0_gnss_correlator_fadd_32ns_32ns_32_2_full_dsp_1_ip/<hidden>/<hidden>/<hidden>/<hidden>/<hidden>/<hidden>
                         net (fo=2, routed)           0.723     5.612    bd_0_wrapper/bd_0/bd_0_hls_inst_0/bd_0_hls_inst_0_gnss_correlator/bd_0_hls_inst_0_gnss_correlator_fadd_32ns_32ns_32_2_full_dsp_1/bd_0_hls_inst_0_gnss_correlator_fadd_32ns_32ns_32_2_full_dsp_1_ip/<hidden>/<hidden>/<hidden>/<hidden>/<hidden>/<hidden>
    DSP48_X2Y12          DSP48E1 (Prop_dsp48e1_INMODE[2]_PATTERNDETECT)
                                                      5.849    11.461 r  bd_0_wrapper/bd_0/bd_0_hls_inst_0/bd_0_hls_inst_0_gnss_correlator/bd_0_hls_inst_0_gnss_correlator_fadd_32ns_32ns_32_2_full_dsp_1/bd_0_hls_inst_0_gnss_correlator_fadd_32ns_32ns_32_2_full_dsp_1_ip/<hidden>/<hidden>/<hidden>/<hidden>/<hidden>/<hidden>
                         net (fo=54, routed)          0.875    12.336    bd_0_wrapper/bd_0/bd_0_hls_inst_0/bd_0_hls_inst_0_gnss_correlator/bd_0_hls_inst_0_gnss_correlator_fadd_32ns_32ns_32_2_full_dsp_1/bd_0_hls_inst_0_gnss_correlator_fadd_32ns_32ns_32_2_full_dsp_1_ip/<hidden>/<hidden>/<hidden>/<hidden>/<hidden>/<hidden>
    SLICE_X36Y31         LUT5 (Prop_lut5_I3_O)        0.124    12.460 r  bd_0_wrapper/bd_0/bd_0_hls_inst_0/bd_0_hls_inst_0_gnss_correlator/bd_0_hls_inst_0_gnss_correlator_fadd_32ns_32ns_32_2_full_dsp_1/bd_0_hls_inst_0_gnss_correlator_fadd_32ns_32ns_32_2_full_dsp_1_ip/<hidden>/<hidden>/<hidden>/<hidden>/<hidden>/<hidden>
                         net (fo=1, routed)           0.000    12.460    bd_0_wrapper/bd_0/bd_0_hls_inst_0/bd_0_hls_inst_0_gnss_correlator/bd_0_hls_inst_0_gnss_correlator_fadd_32ns_32ns_32_2_full_dsp_1/bd_0_hls_inst_0_gnss_correlator_fadd_32ns_32ns_32_2_full_dsp_1_ip/<hidden>/<hidden>/<hidden>/<hidden>/<hidden>/<hidden>
    SLICE_X36Y31         CARRY4 (Prop_carry4_S[1]_CO[3])
                                                      0.533    12.993 f  bd_0_wrapper/bd_0/bd_0_hls_inst_0/bd_0_hls_inst_0_gnss_correlator/bd_0_hls_inst_0_gnss_correlator_fadd_32ns_32ns_32_2_full_dsp_1/bd_0_hls_inst_0_gnss_correlator_fadd_32ns_32ns_32_2_full_dsp_1_ip/<hidden>/<hidden>/<hidden>/<hidden>/<hidden>/<hidden>
                         net (fo=12, routed)          1.222    14.215    bd_0_wrapper/bd_0/bd_0_hls_inst_0/bd_0_hls_inst_0_gnss_correlator/bd_0_hls_inst_0_gnss_correlator_fadd_32ns_32ns_32_2_full_dsp_1/bd_0_hls_inst_0_gnss_correlator_fadd_32ns_32ns_32_2_full_dsp_1_ip/<hidden>/<hidden>/<hidden>/<hidden>/<hidden>/<hidden>
    SLICE_X35Y31         LUT5 (Prop_lut5_I0_O)        0.124    14.339 r  bd_0_wrapper/bd_0/bd_0_hls_inst_0/bd_0_hls_inst_0_gnss_correlator/bd_0_hls_inst_0_gnss_correlator_fadd_32ns_32ns_32_2_full_dsp_1/bd_0_hls_inst_0_gnss_correlator_fadd_32ns_32ns_32_2_full_dsp_1_ip/<hidden>/<hidden>/<hidden>/<hidden>/<hidden>/<hidden>
                         net (fo=1, routed)           0.567    14.905    bd_0_wrapper/bd_0/bd_0_hls_inst_0/bd_0_hls_inst_0_gnss_correlator/bd_0_hls_inst_0_gnss_correlator_fadd_32ns_32ns_32_2_full_dsp_1/bd_0_hls_inst_0_gnss_correlator_fadd_32ns_32ns_32_2_full_dsp_1_ip/<hidden>/<hidden>/<hidden>/<hidden>/<hidden>/<hidden>
    DSP48_X2Y13          DSP48E1 (Prop_dsp48e1_B[6]_P[32])
                                                      3.656    18.561 r  bd_0_wrapper/bd_0/bd_0_hls_inst_0/bd_0_hls_inst_0_gnss_correlator/bd_0_hls_inst_0_gnss_correlator_fadd_32ns_32ns_32_2_full_dsp_1/bd_0_hls_inst_0_gnss_correlator_fadd_32ns_32ns_32_2_full_dsp_1_ip/<hidden>/<hidden>/<hidden>/<hidden>/<hidden>/<hidden>
                         net (fo=1, routed)           0.792    19.354    bd_0_wrapper/bd_0/bd_0_hls_inst_0/bd_0_hls_inst_0_gnss_correlator/bd_0_hls_inst_0_gnss_correlator_fadd_32ns_32ns_32_2_full_dsp_1/bd_0_hls_inst_0_gnss_correlator_fadd_32ns_32ns_32_2_full_dsp_1_ip/<hidden>/<hidden>/<hidden>/<hidden>/<hidden>/<hidden>
    SLICE_X38Y33         LUT6 (Prop_lut6_I0_O)        0.124    19.478 r  bd_0_wrapper/bd_0/bd_0_hls_inst_0/bd_0_hls_inst_0_gnss_correlator/bd_0_hls_inst_0_gnss_correlator_fadd_32ns_32ns_32_2_full_dsp_1/bd_0_hls_inst_0_gnss_correlator_fadd_32ns_32ns_32_2_full_dsp_1_ip/<hidden>/<hidden>/<hidden>/<hidden>/<hidden>/<hidden>
                         net (fo=3, routed)           0.336    19.813    bd_0_i/hls_inst/inst/fadd_32ns_32ns_32_2_full_dsp_1_U2/r_tdata[28]
    SLICE_X40Y33         LUT3 (Prop_lut3_I0_O)        0.124    19.937 r  bd_0_i/hls_inst/inst/fadd_32ns_32ns_32_2_full_dsp_1_U2/acc_I_fu_98[28]_i_1/O
                         net (fo=2, routed)           0.343    20.280    bd_0_i/hls_inst/inst/grp_fu_182_p2[28]
    SLICE_X41Y35         FDRE                                         r  bd_0_i/hls_inst/inst/acc_I_fu_98_reg[28]/D
  -------------------------------------------------------------------    -------------------

                         (clock ap_clk rise edge)    10.000    10.000 r  
                                                      0.000    10.000 r  ap_clk (IN)
                         net (fo=3327, unset)         0.924    10.924    bd_0_i/hls_inst/inst/ap_clk
    SLICE_X41Y35         FDRE                                         r  bd_0_i/hls_inst/inst/acc_I_fu_98_reg[28]/C
                         clock pessimism              0.000    10.924    
                         clock uncertainty           -0.035    10.889    
    SLICE_X41Y35         FDRE (Setup_fdre_C_D)       -0.047    10.842    bd_0_i/hls_inst/inst/acc_I_fu_98_reg[28]
  -------------------------------------------------------------------
                         required time                         10.842    
                         arrival time                         -20.280    
  -------------------------------------------------------------------
                         slack                                 -9.438    

Slack (VIOLATED) :        -9.418ns  (required time - arrival time)
  Source:                 bd_0_i/hls_inst/inst/fadd_32ns_32ns_32_2_full_dsp_1_U2/din0_buf1_reg[24]/C
                            (rising edge-triggered cell FDRE clocked by ap_clk  {rise@0.000ns fall@5.000ns period=10.000ns})
  Destination:            bd_0_i/hls_inst/inst/acc_Q_fu_102_reg[28]/D
                            (rising edge-triggered cell FDRE clocked by ap_clk  {rise@0.000ns fall@5.000ns period=10.000ns})
  Path Group:             ap_clk
  Path Type:              Setup (Max at Slow Process Corner)
  Requirement:            10.000ns  (ap_clk rise@10.000ns - ap_clk rise@0.000ns)
  Data Path Delay:        19.318ns  (logic 12.484ns (64.624%)  route 6.834ns (35.376%))
  Logic Levels:           10  (CARRY4=2 DSP48E1=2 LUT2=1 LUT3=1 LUT5=2 LUT6=2)
  Clock Path Skew:        -0.049ns (DCD - SCD + CPR)
    Destination Clock Delay (DCD):    0.924ns = ( 10.924 - 10.000 ) 
    Source Clock Delay      (SCD):    0.973ns
    Clock Pessimism Removal (CPR):    0.000ns
  Clock Uncertainty:      0.035ns  ((TSJ^2 + TIJ^2)^1/2 + DJ) / 2 + PE
    Total System Jitter     (TSJ):    0.071ns
    Total Input Jitter      (TIJ):    0.000ns
    Discrete Jitter          (DJ):    0.000ns
    Phase Error              (PE):    0.000ns

    Location             Delay type                Incr(ns)  Path(ns)    Netlist Resource(s)
  -------------------------------------------------------------------    -------------------
                         (clock ap_clk rise edge)     0.000     0.000 r  
                                                      0.000     0.000 r  ap_clk (IN)
                         net (fo=3327, unset)         0.973     0.973    bd_0_i/hls_inst/inst/fadd_32ns_32ns_32_2_full_dsp_1_U2/ap_clk
    SLICE_X34Y28         FDRE                                         r  bd_0_i/hls_inst/inst/fadd_32ns_32ns_32_2_full_dsp_1_U2/din0_buf1_reg[24]/C
  -------------------------------------------------------------------    -------------------
    SLICE_X34Y28         FDRE (Prop_fdre_C_Q)         0.518     1.491 r  bd_0_i/hls_inst/inst/fadd_32ns_32ns_32_2_full_dsp_1_U2/din0_buf1_reg[24]/Q
                         net (fo=6, routed)           0.598     2.089    bd_0_wrapper/bd_0/bd_0_hls_inst_0/bd_0_hls_inst_0_gnss_correlator/bd_0_hls_inst_0_gnss_correlator_fadd_32ns_32ns_32_2_full_dsp_1/bd_0_hls_inst_0_gnss_correlator_fadd_32ns_32ns_32_2_full_dsp_1_ip/<hidden>/<hidden>/<hidden>/<hidden>/<hidden>
    SLICE_X35Y28         LUT2 (Prop_lut2_I1_O)        0.150     2.239 r  bd_0_wrapper/bd_0/bd_0_hls_inst_0/bd_0_hls_inst_0_gnss_correlator/bd_0_hls_inst_0_gnss_correlator_fadd_32ns_32ns_32_2_full_dsp_1/bd_0_hls_inst_0_gnss_correlator_fadd_32ns_32ns_32_2_full_dsp_1_ip/<hidden>/<hidden>/<hidden>/<hidden>/<hidden>
                         net (fo=1, routed)           0.307     2.545    bd_0_wrapper/bd_0/bd_0_hls_inst_0/bd_0_hls_inst_0_gnss_correlator/bd_0_hls_inst_0_gnss_correlator_fadd_32ns_32ns_32_2_full_dsp_1/bd_0_hls_inst_0_gnss_correlator_fadd_32ns_32ns_32_2_full_dsp_1_ip/<hidden>/<hidden>/<hidden>/<hidden>/<hidden>/<hidden>
    SLICE_X34Y29         CARRY4 (Prop_carry4_S[1]_O[3])
                                                      0.975     3.520 r  bd_0_wrapper/bd_0/bd_0_hls_inst_0/bd_0_hls_inst_0_gnss_correlator/bd_0_hls_inst_0_gnss_correlator_fadd_32ns_32ns_32_2_full_dsp_1/bd_0_hls_inst_0_gnss_correlator_fadd_32ns_32ns_32_2_full_dsp_1_ip/<hidden>/<hidden>/<hidden>/<hidden>/<hidden>/<hidden>
                         net (fo=20, routed)          1.061     4.582    bd_0_wrapper/bd_0/bd_0_hls_inst_0/bd_0_hls_inst_0_gnss_correlator/bd_0_hls_inst_0_gnss_correlator_fadd_32ns_32ns_32_2_full_dsp_1/bd_0_hls_inst_0_gnss_correlator_fadd_32ns_32ns_32_2_full_dsp_1_ip/<hidden>/<hidden>/<hidden>/<hidden>/<hidden>/<hidden>
    SLICE_X37Y29         LUT6 (Prop_lut6_I1_O)        0.307     4.889 r  bd_0_wrapper/bd_0/bd_0_hls_inst_0/bd_0_hls_inst_0_gnss_correlator/bd_0_hls_inst_0_gnss_correlator_fadd_32ns_32ns_32_2_full_dsp_1/bd_0_hls_inst_0_gnss_correlator_fadd_32ns_32ns_32_2_full_dsp_1_ip/<hidden>/<hidden>/<hidden>/<hidden>/<hidden>/<hidden>
                         net (fo=2, routed)           0.723     5.612    bd_0_wrapper/bd_0/bd_0_hls_inst_0/bd_0_hls_inst_0_gnss_correlator/bd_0_hls_inst_0_gnss_correlator_fadd_32ns_32ns_32_2_full_dsp_1/bd_0_hls_inst_0_gnss_correlator_fadd_32ns_32ns_32_2_full_dsp_1_ip/<hidden>/<hidden>/<hidden>/<hidden>/<hidden>/<hidden>
    DSP48_X2Y12          DSP48E1 (Prop_dsp48e1_INMODE[2]_PATTERNDETECT)
                                                      5.849    11.461 r  bd_0_wrapper/bd_0/bd_0_hls_inst_0/bd_0_hls_inst_0_gnss_correlator/bd_0_hls_inst_0_gnss_correlator_fadd_32ns_32ns_32_2_full_dsp_1/bd_0_hls_inst_0_gnss_correlator_fadd_32ns_32ns_32_2_full_dsp_1_ip/<hidden>/<hidden>/<hidden>/<hidden>/<hidden>/<hidden>
                         net (fo=54, routed)          0.875    12.336    bd_0_wrapper/bd_0/bd_0_hls_inst_0/bd_0_hls_inst_0_gnss_correlator/bd_0_hls_inst_0_gnss_correlator_fadd_32ns_32ns_32_2_full_dsp_1/bd_0_hls_inst_0_gnss_correlator_fadd_32ns_32ns_32_2_full_dsp_1_ip/<hidden>/<hidden>/<hidden>/<hidden>/<hidden>/<hidden>
    SLICE_X36Y31         LUT5 (Prop_lut5_I3_O)        0.124    12.460 r  bd_0_wrapper/bd_0/bd_0_hls_inst_0/bd_0_hls_inst_0_gnss_correlator/bd_0_hls_inst_0_gnss_correlator_fadd_32ns_32ns_32_2_full_dsp_1/bd_0_hls_inst_0_gnss_correlator_fadd_32ns_32ns_32_2_full_dsp_1_ip/<hidden>/<hidden>/<hidden>/<hidden>/<hidden>/<hidden>
                         net (fo=1, routed)           0.000    12.460    bd_0_wrapper/bd_0/bd_0_hls_inst_0/bd_0_hls_inst_0_gnss_correlator/bd_0_hls_inst_0_gnss_correlator_fadd_32ns_32ns_32_2_full_dsp_1/bd_0_hls_inst_0_gnss_correlator_fadd_32ns_32ns_32_2_full_dsp_1_ip/<hidden>/<hidden>/<hidden>/<hidden>/<hidden>/<hidden>
    SLICE_X36Y31         CARRY4 (Prop_carry4_S[1]_CO[3])
                                                      0.533    12.993 f  bd_0_wrapper/bd_0/bd_0_hls_inst_0/bd_0_hls_inst_0_gnss_correlator/bd_0_hls_inst_0_gnss_correlator_fadd_32ns_32ns_32_2_full_dsp_1/bd_0_hls_inst_0_gnss_correlator_fadd_32ns_32ns_32_2_full_dsp_1_ip/<hidden>/<hidden>/<hidden>/<hidden>/<hidden>/<hidden>
                         net (fo=12, routed)          1.222    14.215    bd_0_wrapper/bd_0/bd_0_hls_inst_0/bd_0_hls_inst_0_gnss_correlator/bd_0_hls_inst_0_gnss_correlator_fadd_32ns_32ns_32_2_full_dsp_1/bd_0_hls_inst_0_gnss_correlator_fadd_32ns_32ns_32_2_full_dsp_1_ip/<hidden>/<hidden>/<hidden>/<hidden>/<hidden>/<hidden>
    SLICE_X35Y31         LUT5 (Prop_lut5_I0_O)        0.124    14.339 r  bd_0_wrapper/bd_0/bd_0_hls_inst_0/bd_0_hls_inst_0_gnss_correlator/bd_0_hls_inst_0_gnss_correlator_fadd_32ns_32ns_32_2_full_dsp_1/bd_0_hls_inst_0_gnss_correlator_fadd_32ns_32ns_32_2_full_dsp_1_ip/<hidden>/<hidden>/<hidden>/<hidden>/<hidden>/<hidden>
                         net (fo=1, routed)           0.567    14.905    bd_0_wrapper/bd_0/bd_0_hls_inst_0/bd_0_hls_inst_0_gnss_correlator/bd_0_hls_inst_0_gnss_correlator_fadd_32ns_32ns_32_2_full_dsp_1/bd_0_hls_inst_0_gnss_correlator_fadd_32ns_32ns_32_2_full_dsp_1_ip/<hidden>/<hidden>/<hidden>/<hidden>/<hidden>/<hidden>
    DSP48_X2Y13          DSP48E1 (Prop_dsp48e1_B[6]_P[32])
                                                      3.656    18.561 r  bd_0_wrapper/bd_0/bd_0_hls_inst_0/bd_0_hls_inst_0_gnss_correlator/bd_0_hls_inst_0_gnss_correlator_fadd_32ns_32ns_32_2_full_dsp_1/bd_0_hls_inst_0_gnss_correlator_fadd_32ns_32ns_32_2_full_dsp_1_ip/<hidden>/<hidden>/<hidden>/<hidden>/<hidden>/<hidden>
                         net (fo=1, routed)           0.792    19.354    bd_0_wrapper/bd_0/bd_0_hls_inst_0/bd_0_hls_inst_0_gnss_correlator/bd_0_hls_inst_0_gnss_correlator_fadd_32ns_32ns_32_2_full_dsp_1/bd_0_hls_inst_0_gnss_correlator_fadd_32ns_32ns_32_2_full_dsp_1_ip/<hidden>/<hidden>/<hidden>/<hidden>/<hidden>/<hidden>
    SLICE_X38Y33         LUT6 (Prop_lut6_I0_O)        0.124    19.478 r  bd_0_wrapper/bd_0/bd_0_hls_inst_0/bd_0_hls_inst_0_gnss_correlator/bd_0_hls_inst_0_gnss_correlator_fadd_32ns_32ns_32_2_full_dsp_1/bd_0_hls_inst_0_gnss_correlator_fadd_32ns_32ns_32_2_full_dsp_1_ip/<hidden>/<hidden>/<hidden>/<hidden>/<hidden>/<hidden>
                         net (fo=3, routed)           0.336    19.813    bd_0_i/hls_inst/inst/fadd_32ns_32ns_32_2_full_dsp_1_U2/r_tdata[28]
    SLICE_X40Y33         LUT3 (Prop_lut3_I0_O)        0.124    19.937 r  bd_0_i/hls_inst/inst/fadd_32ns_32ns_32_2_full_dsp_1_U2/acc_I_fu_98[28]_i_1/O
                         net (fo=2, routed)           0.354    20.291    bd_0_i/hls_inst/inst/grp_fu_182_p2[28]
    SLICE_X36Y33         FDRE                                         r  bd_0_i/hls_inst/inst/acc_Q_fu_102_reg[28]/D
  -------------------------------------------------------------------    -------------------

                         (clock ap_clk rise edge)    10.000    10.000 r  
                                                      0.000    10.000 r  ap_clk (IN)
                         net (fo=3327, unset)         0.924    10.924    bd_0_i/hls_inst/inst/ap_clk
    SLICE_X36Y33         FDRE                                         r  bd_0_i/hls_inst/inst/acc_Q_fu_102_reg[28]/C
                         clock pessimism              0.000    10.924    
                         clock uncertainty           -0.035    10.889    
    SLICE_X36Y33         FDRE (Setup_fdre_C_D)       -0.016    10.873    bd_0_i/hls_inst/inst/acc_Q_fu_102_reg[28]
  -------------------------------------------------------------------
                         required time                         10.873    
                         arrival time                         -20.291    
  -------------------------------------------------------------------
                         slack                                 -9.418    

Slack (VIOLATED) :        -9.407ns  (required time - arrival time)
  Source:                 bd_0_i/hls_inst/inst/fadd_32ns_32ns_32_2_full_dsp_1_U2/din0_buf1_reg[24]/C
                            (rising edge-triggered cell FDRE clocked by ap_clk  {rise@0.000ns fall@5.000ns period=10.000ns})
  Destination:            bd_0_i/hls_inst/inst/fadd_32ns_32ns_32_2_full_dsp_1_U2/dout_r_reg[7]/D
                            (rising edge-triggered cell FDRE clocked by ap_clk  {rise@0.000ns fall@5.000ns period=10.000ns})
  Path Group:             ap_clk
  Path Type:              Setup (Max at Slow Process Corner)
  Requirement:            10.000ns  (ap_clk rise@10.000ns - ap_clk rise@0.000ns)
  Data Path Delay:        19.262ns  (logic 12.360ns (64.168%)  route 6.902ns (35.832%))
  Logic Levels:           9  (CARRY4=2 DSP48E1=2 LUT2=1 LUT5=2 LUT6=2)
  Clock Path Skew:        -0.049ns (DCD - SCD + CPR)
    Destination Clock Delay (DCD):    0.924ns = ( 10.924 - 10.000 ) 
    Source Clock Delay      (SCD):    0.973ns
    Clock Pessimism Removal (CPR):    0.000ns
  Clock Uncertainty:      0.035ns  ((TSJ^2 + TIJ^2)^1/2 + DJ) / 2 + PE
    Total System Jitter     (TSJ):    0.071ns
    Total Input Jitter      (TIJ):    0.000ns
    Discrete Jitter          (DJ):    0.000ns
    Phase Error              (PE):    0.000ns

    Location             Delay type                Incr(ns)  Path(ns)    Netlist Resource(s)
  -------------------------------------------------------------------    -------------------
                         (clock ap_clk rise edge)     0.000     0.000 r  
                                                      0.000     0.000 r  ap_clk (IN)
                         net (fo=3327, unset)         0.973     0.973    bd_0_i/hls_inst/inst/fadd_32ns_32ns_32_2_full_dsp_1_U2/ap_clk
    SLICE_X34Y28         FDRE                                         r  bd_0_i/hls_inst/inst/fadd_32ns_32ns_32_2_full_dsp_1_U2/din0_buf1_reg[24]/C
  -------------------------------------------------------------------    -------------------
    SLICE_X34Y28         FDRE (Prop_fdre_C_Q)         0.518     1.491 r  bd_0_i/hls_inst/inst/fadd_32ns_32ns_32_2_full_dsp_1_U2/din0_buf1_reg[24]/Q
                         net (fo=6, routed)           0.598     2.089    bd_0_wrapper/bd_0/bd_0_hls_inst_0/bd_0_hls_inst_0_gnss_correlator/bd_0_hls_inst_0_gnss_correlator_fadd_32ns_32ns_32_2_full_dsp_1/bd_0_hls_inst_0_gnss_correlator_fadd_32ns_32ns_32_2_full_dsp_1_ip/<hidden>/<hidden>/<hidden>/<hidden>/<hidden>
    SLICE_X35Y28         LUT2 (Prop_lut2_I1_O)        0.150     2.239 r  bd_0_wrapper/bd_0/bd_0_hls_inst_0/bd_0_hls_inst_0_gnss_correlator/bd_0_hls_inst_0_gnss_correlator_fadd_32ns_32ns_32_2_full_dsp_1/bd_0_hls_inst_0_gnss_correlator_fadd_32ns_32ns_32_2_full_dsp_1_ip/<hidden>/<hidden>/<hidden>/<hidden>/<hidden>
                         net (fo=1, routed)           0.307     2.545    bd_0_wrapper/bd_0/bd_0_hls_inst_0/bd_0_hls_inst_0_gnss_correlator/bd_0_hls_inst_0_gnss_correlator_fadd_32ns_32ns_32_2_full_dsp_1/bd_0_hls_inst_0_gnss_correlator_fadd_32ns_32ns_32_2_full_dsp_1_ip/<hidden>/<hidden>/<hidden>/<hidden>/<hidden>/<hidden>
    SLICE_X34Y29         CARRY4 (Prop_carry4_S[1]_O[3])
                                                      0.975     3.520 r  bd_0_wrapper/bd_0/bd_0_hls_inst_0/bd_0_hls_inst_0_gnss_correlator/bd_0_hls_inst_0_gnss_correlator_fadd_32ns_32ns_32_2_full_dsp_1/bd_0_hls_inst_0_gnss_correlator_fadd_32ns_32ns_32_2_full_dsp_1_ip/<hidden>/<hidden>/<hidden>/<hidden>/<hidden>/<hidden>
                         net (fo=20, routed)          1.061     4.582    bd_0_wrapper/bd_0/bd_0_hls_inst_0/bd_0_hls_inst_0_gnss_correlator/bd_0_hls_inst_0_gnss_correlator_fadd_32ns_32ns_32_2_full_dsp_1/bd_0_hls_inst_0_gnss_correlator_fadd_32ns_32ns_32_2_full_dsp_1_ip/<hidden>/<hidden>/<hidden>/<hidden>/<hidden>/<hidden>
    SLICE_X37Y29         LUT6 (Prop_lut6_I1_O)        0.307     4.889 r  bd_0_wrapper/bd_0/bd_0_hls_inst_0/bd_0_hls_inst_0_gnss_correlator/bd_0_hls_inst_0_gnss_correlator_fadd_32ns_32ns_32_2_full_dsp_1/bd_0_hls_inst_0_gnss_correlator_fadd_32ns_32ns_32_2_full_dsp_1_ip/<hidden>/<hidden>/<hidden>/<hidden>/<hidden>/<hidden>
                         net (fo=2, routed)           0.723     5.612    bd_0_wrapper/bd_0/bd_0_hls_inst_0/bd_0_hls_inst_0_gnss_correlator/bd_0_hls_inst_0_gnss_correlator_fadd_32ns_32ns_32_2_full_dsp_1/bd_0_hls_inst_0_gnss_correlator_fadd_32ns_32ns_32_2_full_dsp_1_ip/<hidden>/<hidden>/<hidden>/<hidden>/<hidden>/<hidden>
    DSP48_X2Y12          DSP48E1 (Prop_dsp48e1_INMODE[2]_PATTERNDETECT)
                                                      5.849    11.461 r  bd_0_wrapper/bd_0/bd_0_hls_inst_0/bd_0_hls_inst_0_gnss_correlator/bd_0_hls_inst_0_gnss_correlator_fadd_32ns_32ns_32_2_full_dsp_1/bd_0_hls_inst_0_gnss_correlator_fadd_32ns_32ns_32_2_full_dsp_1_ip/<hidden>/<hidden>/<hidden>/<hidden>/<hidden>/<hidden>
                         net (fo=54, routed)          0.875    12.336    bd_0_wrapper/bd_0/bd_0_hls_inst_0/bd_0_hls_inst_0_gnss_correlator/bd_0_hls_inst_0_gnss_correlator_fadd_32ns_32ns_32_2_full_dsp_1/bd_0_hls_inst_0_gnss_correlator_fadd_32ns_32ns_32_2_full_dsp_1_ip/<hidden>/<hidden>/<hidden>/<hidden>/<hidden>/<hidden>
    SLICE_X36Y31         LUT5 (Prop_lut5_I3_O)        0.124    12.460 r  bd_0_wrapper/bd_0/bd_0_hls_inst_0/bd_0_hls_inst_0_gnss_correlator/bd_0_hls_inst_0_gnss_correlator_fadd_32ns_32ns_32_2_full_dsp_1/bd_0_hls_inst_0_gnss_correlator_fadd_32ns_32ns_32_2_full_dsp_1_ip/<hidden>/<hidden>/<hidden>/<hidden>/<hidden>/<hidden>
                         net (fo=1, routed)           0.000    12.460    bd_0_wrapper/bd_0/bd_0_hls_inst_0/bd_0_hls_inst_0_gnss_correlator/bd_0_hls_inst_0_gnss_correlator_fadd_32ns_32ns_32_2_full_dsp_1/bd_0_hls_inst_0_gnss_correlator_fadd_32ns_32ns_32_2_full_dsp_1_ip/<hidden>/<hidden>/<hidden>/<hidden>/<hidden>/<hidden>
    SLICE_X36Y31         CARRY4 (Prop_carry4_S[1]_CO[3])
                                                      0.533    12.993 f  bd_0_wrapper/bd_0/bd_0_hls_inst_0/bd_0_hls_inst_0_gnss_correlator/bd_0_hls_inst_0_gnss_correlator_fadd_32ns_32ns_32_2_full_dsp_1/bd_0_hls_inst_0_gnss_correlator_fadd_32ns_32ns_32_2_full_dsp_1_ip/<hidden>/<hidden>/<hidden>/<hidden>/<hidden>/<hidden>
                         net (fo=12, routed)          1.222    14.215    bd_0_wrapper/bd_0/bd_0_hls_inst_0/bd_0_hls_inst_0_gnss_correlator/bd_0_hls_inst_0_gnss_correlator_fadd_32ns_32ns_32_2_full_dsp_1/bd_0_hls_inst_0_gnss_correlator_fadd_32ns_32ns_32_2_full_dsp_1_ip/<hidden>/<hidden>/<hidden>/<hidden>/<hidden>/<hidden>
    SLICE_X35Y31         LUT5 (Prop_lut5_I0_O)        0.124    14.339 r  bd_0_wrapper/bd_0/bd_0_hls_inst_0/bd_0_hls_inst_0_gnss_correlator/bd_0_hls_inst_0_gnss_correlator_fadd_32ns_32ns_32_2_full_dsp_1/bd_0_hls_inst_0_gnss_correlator_fadd_32ns_32ns_32_2_full_dsp_1_ip/<hidden>/<hidden>/<hidden>/<hidden>/<hidden>/<hidden>
                         net (fo=1, routed)           0.567    14.905    bd_0_wrapper/bd_0/bd_0_hls_inst_0/bd_0_hls_inst_0_gnss_correlator/bd_0_hls_inst_0_gnss_correlator_fadd_32ns_32ns_32_2_full_dsp_1/bd_0_hls_inst_0_gnss_correlator_fadd_32ns_32ns_32_2_full_dsp_1_ip/<hidden>/<hidden>/<hidden>/<hidden>/<hidden>/<hidden>
    DSP48_X2Y13          DSP48E1 (Prop_dsp48e1_B[6]_P[9])
                                                      3.656    18.561 r  bd_0_wrapper/bd_0/bd_0_hls_inst_0/bd_0_hls_inst_0_gnss_correlator/bd_0_hls_inst_0_gnss_correlator_fadd_32ns_32ns_32_2_full_dsp_1/bd_0_hls_inst_0_gnss_correlator_fadd_32ns_32ns_32_2_full_dsp_1_ip/<hidden>/<hidden>/<hidden>/<hidden>/<hidden>/<hidden>
                         net (fo=2, routed)           1.039    19.600    bd_0_wrapper/bd_0/bd_0_hls_inst_0/bd_0_hls_inst_0_gnss_correlator/bd_0_hls_inst_0_gnss_correlator_fadd_32ns_32ns_32_2_full_dsp_1/bd_0_hls_inst_0_gnss_correlator_fadd_32ns_32ns_32_2_full_dsp_1_ip/<hidden>/<hidden>/<hidden>/<hidden>/<hidden>/<hidden>
    SLICE_X37Y33         LUT6 (Prop_lut6_I0_O)        0.124    19.724 r  bd_0_wrapper/bd_0/bd_0_hls_inst_0/bd_0_hls_inst_0_gnss_correlator/bd_0_hls_inst_0_gnss_correlator_fadd_32ns_32ns_32_2_full_dsp_1/bd_0_hls_inst_0_gnss_correlator_fadd_32ns_32ns_32_2_full_dsp_1_ip/<hidden>/<hidden>/<hidden>/<hidden>/<hidden>/<hidden>
                         net (fo=2, routed)           0.510    20.235    bd_0_i/hls_inst/inst/fadd_32ns_32ns_32_2_full_dsp_1_U2/r_tdata[7]
    SLICE_X41Y31         FDRE                                         r  bd_0_i/hls_inst/inst/fadd_32ns_32ns_32_2_full_dsp_1_U2/dout_r_reg[7]/D
  -------------------------------------------------------------------    -------------------

                         (clock ap_clk rise edge)    10.000    10.000 r  
                                                      0.000    10.000 r  ap_clk (IN)
                         net (fo=3327, unset)         0.924    10.924    bd_0_i/hls_inst/inst/fadd_32ns_32ns_32_2_full_dsp_1_U2/ap_clk
    SLICE_X41Y31         FDRE                                         r  bd_0_i/hls_inst/inst/fadd_32ns_32ns_32_2_full_dsp_1_U2/dout_r_reg[7]/C
                         clock pessimism              0.000    10.924    
                         clock uncertainty           -0.035    10.889    
    SLICE_X41Y31         FDRE (Setup_fdre_C_D)       -0.061    10.828    bd_0_i/hls_inst/inst/fadd_32ns_32ns_32_2_full_dsp_1_U2/dout_r_reg[7]
  -------------------------------------------------------------------
                         required time                         10.828    
                         arrival time                         -20.235    
  -------------------------------------------------------------------
                         slack                                 -9.407    

Slack (VIOLATED) :        -9.405ns  (required time - arrival time)
  Source:                 bd_0_i/hls_inst/inst/fadd_32ns_32ns_32_2_full_dsp_1_U2/din0_buf1_reg[24]/C
                            (rising edge-triggered cell FDRE clocked by ap_clk  {rise@0.000ns fall@5.000ns period=10.000ns})
  Destination:            bd_0_i/hls_inst/inst/acc_Q_fu_102_reg[13]/D
                            (rising edge-triggered cell FDRE clocked by ap_clk  {rise@0.000ns fall@5.000ns period=10.000ns})
  Path Group:             ap_clk
  Path Type:              Setup (Max at Slow Process Corner)
  Requirement:            10.000ns  (ap_clk rise@10.000ns - ap_clk rise@0.000ns)
  Data Path Delay:        19.274ns  (logic 12.484ns (64.772%)  route 6.790ns (35.228%))
  Logic Levels:           10  (CARRY4=2 DSP48E1=2 LUT2=1 LUT3=1 LUT5=2 LUT6=2)
  Clock Path Skew:        -0.049ns (DCD - SCD + CPR)
    Destination Clock Delay (DCD):    0.924ns = ( 10.924 - 10.000 ) 
    Source Clock Delay      (SCD):    0.973ns
    Clock Pessimism Removal (CPR):    0.000ns
  Clock Uncertainty:      0.035ns  ((TSJ^2 + TIJ^2)^1/2 + DJ) / 2 + PE
    Total System Jitter     (TSJ):    0.071ns
    Total Input Jitter      (TIJ):    0.000ns
    Discrete Jitter          (DJ):    0.000ns
    Phase Error              (PE):    0.000ns

    Location             Delay type                Incr(ns)  Path(ns)    Netlist Resource(s)
  -------------------------------------------------------------------    -------------------
                         (clock ap_clk rise edge)     0.000     0.000 r  
                                                      0.000     0.000 r  ap_clk (IN)
                         net (fo=3327, unset)         0.973     0.973    bd_0_i/hls_inst/inst/fadd_32ns_32ns_32_2_full_dsp_1_U2/ap_clk
    SLICE_X34Y28         FDRE                                         r  bd_0_i/hls_inst/inst/fadd_32ns_32ns_32_2_full_dsp_1_U2/din0_buf1_reg[24]/C
  -------------------------------------------------------------------    -------------------
    SLICE_X34Y28         FDRE (Prop_fdre_C_Q)         0.518     1.491 r  bd_0_i/hls_inst/inst/fadd_32ns_32ns_32_2_full_dsp_1_U2/din0_buf1_reg[24]/Q
                         net (fo=6, routed)           0.598     2.089    bd_0_wrapper/bd_0/bd_0_hls_inst_0/bd_0_hls_inst_0_gnss_correlator/bd_0_hls_inst_0_gnss_correlator_fadd_32ns_32ns_32_2_full_dsp_1/bd_0_hls_inst_0_gnss_correlator_fadd_32ns_32ns_32_2_full_dsp_1_ip/<hidden>/<hidden>/<hidden>/<hidden>/<hidden>
    SLICE_X35Y28         LUT2 (Prop_lut2_I1_O)        0.150     2.239 r  bd_0_wrapper/bd_0/bd_0_hls_inst_0/bd_0_hls_inst_0_gnss_correlator/bd_0_hls_inst_0_gnss_correlator_fadd_32ns_32ns_32_2_full_dsp_1/bd_0_hls_inst_0_gnss_correlator_fadd_32ns_32ns_32_2_full_dsp_1_ip/<hidden>/<hidden>/<hidden>/<hidden>/<hidden>
                         net (fo=1, routed)           0.307     2.545    bd_0_wrapper/bd_0/bd_0_hls_inst_0/bd_0_hls_inst_0_gnss_correlator/bd_0_hls_inst_0_gnss_correlator_fadd_32ns_32ns_32_2_full_dsp_1/bd_0_hls_inst_0_gnss_correlator_fadd_32ns_32ns_32_2_full_dsp_1_ip/<hidden>/<hidden>/<hidden>/<hidden>/<hidden>/<hidden>
    SLICE_X34Y29         CARRY4 (Prop_carry4_S[1]_O[3])
                                                      0.975     3.520 r  bd_0_wrapper/bd_0/bd_0_hls_inst_0/bd_0_hls_inst_0_gnss_correlator/bd_0_hls_inst_0_gnss_correlator_fadd_32ns_32ns_32_2_full_dsp_1/bd_0_hls_inst_0_gnss_correlator_fadd_32ns_32ns_32_2_full_dsp_1_ip/<hidden>/<hidden>/<hidden>/<hidden>/<hidden>/<hidden>
                         net (fo=20, routed)          1.061     4.582    bd_0_wrapper/bd_0/bd_0_hls_inst_0/bd_0_hls_inst_0_gnss_correlator/bd_0_hls_inst_0_gnss_correlator_fadd_32ns_32ns_32_2_full_dsp_1/bd_0_hls_inst_0_gnss_correlator_fadd_32ns_32ns_32_2_full_dsp_1_ip/<hidden>/<hidden>/<hidden>/<hidden>/<hidden>/<hidden>
    SLICE_X37Y29         LUT6 (Prop_lut6_I1_O)        0.307     4.889 r  bd_0_wrapper/bd_0/bd_0_hls_inst_0/bd_0_hls_inst_0_gnss_correlator/bd_0_hls_inst_0_gnss_correlator_fadd_32ns_32ns_32_2_full_dsp_1/bd_0_hls_inst_0_gnss_correlator_fadd_32ns_32ns_32_2_full_dsp_1_ip/<hidden>/<hidden>/<hidden>/<hidden>/<hidden>/<hidden>
                         net (fo=2, routed)           0.723     5.612    bd_0_wrapper/bd_0/bd_0_hls_inst_0/bd_0_hls_inst_0_gnss_correlator/bd_0_hls_inst_0_gnss_correlator_fadd_32ns_32ns_32_2_full_dsp_1/bd_0_hls_inst_0_gnss_correlator_fadd_32ns_32ns_32_2_full_dsp_1_ip/<hidden>/<hidden>/<hidden>/<hidden>/<hidden>/<hidden>
    DSP48_X2Y12          DSP48E1 (Prop_dsp48e1_INMODE[2]_PATTERNDETECT)
                                                      5.849    11.461 r  bd_0_wrapper/bd_0/bd_0_hls_inst_0/bd_0_hls_inst_0_gnss_correlator/bd_0_hls_inst_0_gnss_correlator_fadd_32ns_32ns_32_2_full_dsp_1/bd_0_hls_inst_0_gnss_correlator_fadd_32ns_32ns_32_2_full_dsp_1_ip/<hidden>/<hidden>/<hidden>/<hidden>/<hidden>/<hidden>
                         net (fo=54, routed)          0.875    12.336    bd_0_wrapper/bd_0/bd_0_hls_inst_0/bd_0_hls_inst_0_gnss_correlator/bd_0_hls_inst_0_gnss_correlator_fadd_32ns_32ns_32_2_full_dsp_1/bd_0_hls_inst_0_gnss_correlator_fadd_32ns_32ns_32_2_full_dsp_1_ip/<hidden>/<hidden>/<hidden>/<hidden>/<hidden>/<hidden>
    SLICE_X36Y31         LUT5 (Prop_lut5_I3_O)        0.124    12.460 r  bd_0_wrapper/bd_0/bd_0_hls_inst_0/bd_0_hls_inst_0_gnss_correlator/bd_0_hls_inst_0_gnss_correlator_fadd_32ns_32ns_32_2_full_dsp_1/bd_0_hls_inst_0_gnss_correlator_fadd_32ns_32ns_32_2_full_dsp_1_ip/<hidden>/<hidden>/<hidden>/<hidden>/<hidden>/<hidden>
                         net (fo=1, routed)           0.000    12.460    bd_0_wrapper/bd_0/bd_0_hls_inst_0/bd_0_hls_inst_0_gnss_correlator/bd_0_hls_inst_0_gnss_correlator_fadd_32ns_32ns_32_2_full_dsp_1/bd_0_hls_inst_0_gnss_correlator_fadd_32ns_32ns_32_2_full_dsp_1_ip/<hidden>/<hidden>/<hidden>/<hidden>/<hidden>/<hidden>
    SLICE_X36Y31         CARRY4 (Prop_carry4_S[1]_CO[3])
                                                      0.533    12.993 f  bd_0_wrapper/bd_0/bd_0_hls_inst_0/bd_0_hls_inst_0_gnss_correlator/bd_0_hls_inst_0_gnss_correlator_fadd_32ns_32ns_32_2_full_dsp_1/bd_0_hls_inst_0_gnss_correlator_fadd_32ns_32ns_32_2_full_dsp_1_ip/<hidden>/<hidden>/<hidden>/<hidden>/<hidden>/<hidden>
                         net (fo=12, routed)          1.222    14.215    bd_0_wrapper/bd_0/bd_0_hls_inst_0/bd_0_hls_inst_0_gnss_correlator/bd_0_hls_inst_0_gnss_correlator_fadd_32ns_32ns_32_2_full_dsp_1/bd_0_hls_inst_0_gnss_correlator_fadd_32ns_32ns_32_2_full_dsp_1_ip/<hidden>/<hidden>/<hidden>/<hidden>/<hidden>/<hidden>
    SLICE_X35Y31         LUT5 (Prop_lut5_I0_O)        0.124    14.339 r  bd_0_wrapper/bd_0/bd_0_hls_inst_0/bd_0_hls_inst_0_gnss_correlator/bd_0_hls_inst_0_gnss_correlator_fadd_32ns_32ns_32_2_full_dsp_1/bd_0_hls_inst_0_gnss_correlator_fadd_32ns_32ns_32_2_full_dsp_1_ip/<hidden>/<hidden>/<hidden>/<hidden>/<hidden>/<hidden>
                         net (fo=1, routed)           0.567    14.905    bd_0_wrapper/bd_0/bd_0_hls_inst_0/bd_0_hls_inst_0_gnss_correlator/bd_0_hls_inst_0_gnss_correlator_fadd_32ns_32ns_32_2_full_dsp_1/bd_0_hls_inst_0_gnss_correlator_fadd_32ns_32ns_32_2_full_dsp_1_ip/<hidden>/<hidden>/<hidden>/<hidden>/<hidden>/<hidden>
    DSP48_X2Y13          DSP48E1 (Prop_dsp48e1_B[6]_P[15])
                                                      3.656    18.561 r  bd_0_wrapper/bd_0/bd_0_hls_inst_0/bd_0_hls_inst_0_gnss_correlator/bd_0_hls_inst_0_gnss_correlator_fadd_32ns_32ns_32_2_full_dsp_1/bd_0_hls_inst_0_gnss_correlator_fadd_32ns_32ns_32_2_full_dsp_1_ip/<hidden>/<hidden>/<hidden>/<hidden>/<hidden>/<hidden>
                         net (fo=1, routed)           0.758    19.320    bd_0_wrapper/bd_0/bd_0_hls_inst_0/bd_0_hls_inst_0_gnss_correlator/bd_0_hls_inst_0_gnss_correlator_fadd_32ns_32ns_32_2_full_dsp_1/bd_0_hls_inst_0_gnss_correlator_fadd_32ns_32ns_32_2_full_dsp_1_ip/<hidden>/<hidden>/<hidden>/<hidden>/<hidden>/<hidden>
    SLICE_X39Y33         LUT6 (Prop_lut6_I0_O)        0.124    19.444 r  bd_0_wrapper/bd_0/bd_0_hls_inst_0/bd_0_hls_inst_0_gnss_correlator/bd_0_hls_inst_0_gnss_correlator_fadd_32ns_32ns_32_2_full_dsp_1/bd_0_hls_inst_0_gnss_correlator_fadd_32ns_32ns_32_2_full_dsp_1_ip/<hidden>/<hidden>/<hidden>/<hidden>/<hidden>/<hidden>
                         net (fo=3, routed)           0.346    19.790    bd_0_i/hls_inst/inst/fadd_32ns_32ns_32_2_full_dsp_1_U2/r_tdata[13]
    SLICE_X40Y32         LUT3 (Prop_lut3_I0_O)        0.124    19.914 r  bd_0_i/hls_inst/inst/fadd_32ns_32ns_32_2_full_dsp_1_U2/acc_I_fu_98[13]_i_1/O
                         net (fo=2, routed)           0.333    20.247    bd_0_i/hls_inst/inst/grp_fu_182_p2[13]
    SLICE_X43Y33         FDRE                                         r  bd_0_i/hls_inst/inst/acc_Q_fu_102_reg[13]/D
  -------------------------------------------------------------------    -------------------

                         (clock ap_clk rise edge)    10.000    10.000 r  
                                                      0.000    10.000 r  ap_clk (IN)
                         net (fo=3327, unset)         0.924    10.924    bd_0_i/hls_inst/inst/ap_clk
    SLICE_X43Y33         FDRE                                         r  bd_0_i/hls_inst/inst/acc_Q_fu_102_reg[13]/C
                         clock pessimism              0.000    10.924    
                         clock uncertainty           -0.035    10.889    
    SLICE_X43Y33         FDRE (Setup_fdre_C_D)       -0.047    10.842    bd_0_i/hls_inst/inst/acc_Q_fu_102_reg[13]
  -------------------------------------------------------------------
                         required time                         10.842    
                         arrival time                         -20.247    
  -------------------------------------------------------------------
                         slack                                 -9.405    

Slack (VIOLATED) :        -9.399ns  (required time - arrival time)
  Source:                 bd_0_i/hls_inst/inst/fadd_32ns_32ns_32_2_full_dsp_1_U2/din0_buf1_reg[24]/C
                            (rising edge-triggered cell FDRE clocked by ap_clk  {rise@0.000ns fall@5.000ns period=10.000ns})
  Destination:            bd_0_i/hls_inst/inst/control_s_axi_U/int_corr_Q_reg[22]/D
                            (rising edge-triggered cell FDRE clocked by ap_clk  {rise@0.000ns fall@5.000ns period=10.000ns})
  Path Group:             ap_clk
  Path Type:              Setup (Max at Slow Process Corner)
  Requirement:            10.000ns  (ap_clk rise@10.000ns - ap_clk rise@0.000ns)
  Data Path Delay:        19.396ns  (logic 12.484ns (64.364%)  route 6.912ns (35.636%))
  Logic Levels:           10  (CARRY4=2 DSP48E1=2 LUT2=1 LUT5=2 LUT6=3)
  Clock Path Skew:        -0.049ns (DCD - SCD + CPR)
    Destination Clock Delay (DCD):    0.924ns = ( 10.924 - 10.000 ) 
    Source Clock Delay      (SCD):    0.973ns
    Clock Pessimism Removal (CPR):    0.000ns
  Clock Uncertainty:      0.035ns  ((TSJ^2 + TIJ^2)^1/2 + DJ) / 2 + PE
    Total System Jitter     (TSJ):    0.071ns
    Total Input Jitter      (TIJ):    0.000ns
    Discrete Jitter          (DJ):    0.000ns
    Phase Error              (PE):    0.000ns

    Location             Delay type                Incr(ns)  Path(ns)    Netlist Resource(s)
  -------------------------------------------------------------------    -------------------
                         (clock ap_clk rise edge)     0.000     0.000 r  
                                                      0.000     0.000 r  ap_clk (IN)
                         net (fo=3327, unset)         0.973     0.973    bd_0_i/hls_inst/inst/fadd_32ns_32ns_32_2_full_dsp_1_U2/ap_clk
    SLICE_X34Y28         FDRE                                         r  bd_0_i/hls_inst/inst/fadd_32ns_32ns_32_2_full_dsp_1_U2/din0_buf1_reg[24]/C
  -------------------------------------------------------------------    -------------------
    SLICE_X34Y28         FDRE (Prop_fdre_C_Q)         0.518     1.491 r  bd_0_i/hls_inst/inst/fadd_32ns_32ns_32_2_full_dsp_1_U2/din0_buf1_reg[24]/Q
                         net (fo=6, routed)           0.598     2.089    bd_0_wrapper/bd_0/bd_0_hls_inst_0/bd_0_hls_inst_0_gnss_correlator/bd_0_hls_inst_0_gnss_correlator_fadd_32ns_32ns_32_2_full_dsp_1/bd_0_hls_inst_0_gnss_correlator_fadd_32ns_32ns_32_2_full_dsp_1_ip/<hidden>/<hidden>/<hidden>/<hidden>/<hidden>
    SLICE_X35Y28         LUT2 (Prop_lut2_I1_O)        0.150     2.239 r  bd_0_wrapper/bd_0/bd_0_hls_inst_0/bd_0_hls_inst_0_gnss_correlator/bd_0_hls_inst_0_gnss_correlator_fadd_32ns_32ns_32_2_full_dsp_1/bd_0_hls_inst_0_gnss_correlator_fadd_32ns_32ns_32_2_full_dsp_1_ip/<hidden>/<hidden>/<hidden>/<hidden>/<hidden>
                         net (fo=1, routed)           0.307     2.545    bd_0_wrapper/bd_0/bd_0_hls_inst_0/bd_0_hls_inst_0_gnss_correlator/bd_0_hls_inst_0_gnss_correlator_fadd_32ns_32ns_32_2_full_dsp_1/bd_0_hls_inst_0_gnss_correlator_fadd_32ns_32ns_32_2_full_dsp_1_ip/<hidden>/<hidden>/<hidden>/<hidden>/<hidden>/<hidden>
    SLICE_X34Y29         CARRY4 (Prop_carry4_S[1]_O[3])
                                                      0.975     3.520 r  bd_0_wrapper/bd_0/bd_0_hls_inst_0/bd_0_hls_inst_0_gnss_correlator/bd_0_hls_inst_0_gnss_correlator_fadd_32ns_32ns_32_2_full_dsp_1/bd_0_hls_inst_0_gnss_correlator_fadd_32ns_32ns_32_2_full_dsp_1_ip/<hidden>/<hidden>/<hidden>/<hidden>/<hidden>/<hidden>
                         net (fo=20, routed)          1.061     4.582    bd_0_wrapper/bd_0/bd_0_hls_inst_0/bd_0_hls_inst_0_gnss_correlator/bd_0_hls_inst_0_gnss_correlator_fadd_32ns_32ns_32_2_full_dsp_1/bd_0_hls_inst_0_gnss_correlator_fadd_32ns_32ns_32_2_full_dsp_1_ip/<hidden>/<hidden>/<hidden>/<hidden>/<hidden>/<hidden>
    SLICE_X37Y29         LUT6 (Prop_lut6_I1_O)        0.307     4.889 r  bd_0_wrapper/bd_0/bd_0_hls_inst_0/bd_0_hls_inst_0_gnss_correlator/bd_0_hls_inst_0_gnss_correlator_fadd_32ns_32ns_32_2_full_dsp_1/bd_0_hls_inst_0_gnss_correlator_fadd_32ns_32ns_32_2_full_dsp_1_ip/<hidden>/<hidden>/<hidden>/<hidden>/<hidden>/<hidden>
                         net (fo=2, routed)           0.723     5.612    bd_0_wrapper/bd_0/bd_0_hls_inst_0/bd_0_hls_inst_0_gnss_correlator/bd_0_hls_inst_0_gnss_correlator_fadd_32ns_32ns_32_2_full_dsp_1/bd_0_hls_inst_0_gnss_correlator_fadd_32ns_32ns_32_2_full_dsp_1_ip/<hidden>/<hidden>/<hidden>/<hidden>/<hidden>/<hidden>
    DSP48_X2Y12          DSP48E1 (Prop_dsp48e1_INMODE[2]_PATTERNDETECT)
                                                      5.849    11.461 r  bd_0_wrapper/bd_0/bd_0_hls_inst_0/bd_0_hls_inst_0_gnss_correlator/bd_0_hls_inst_0_gnss_correlator_fadd_32ns_32ns_32_2_full_dsp_1/bd_0_hls_inst_0_gnss_correlator_fadd_32ns_32ns_32_2_full_dsp_1_ip/<hidden>/<hidden>/<hidden>/<hidden>/<hidden>/<hidden>
                         net (fo=54, routed)          0.875    12.336    bd_0_wrapper/bd_0/bd_0_hls_inst_0/bd_0_hls_inst_0_gnss_correlator/bd_0_hls_inst_0_gnss_correlator_fadd_32ns_32ns_32_2_full_dsp_1/bd_0_hls_inst_0_gnss_correlator_fadd_32ns_32ns_32_2_full_dsp_1_ip/<hidden>/<hidden>/<hidden>/<hidden>/<hidden>/<hidden>
    SLICE_X36Y31         LUT5 (Prop_lut5_I3_O)        0.124    12.460 r  bd_0_wrapper/bd_0/bd_0_hls_inst_0/bd_0_hls_inst_0_gnss_correlator/bd_0_hls_inst_0_gnss_correlator_fadd_32ns_32ns_32_2_full_dsp_1/bd_0_hls_inst_0_gnss_correlator_fadd_32ns_32ns_32_2_full_dsp_1_ip/<hidden>/<hidden>/<hidden>/<hidden>/<hidden>/<hidden>
                         net (fo=1, routed)           0.000    12.460    bd_0_wrapper/bd_0/bd_0_hls_inst_0/bd_0_hls_inst_0_gnss_correlator/bd_0_hls_inst_0_gnss_correlator_fadd_32ns_32ns_32_2_full_dsp_1/bd_0_hls_inst_0_gnss_correlator_fadd_32ns_32ns_32_2_full_dsp_1_ip/<hidden>/<hidden>/<hidden>/<hidden>/<hidden>/<hidden>
    SLICE_X36Y31         CARRY4 (Prop_carry4_S[1]_CO[3])
                                                      0.533    12.993 f  bd_0_wrapper/bd_0/bd_0_hls_inst_0/bd_0_hls_inst_0_gnss_correlator/bd_0_hls_inst_0_gnss_correlator_fadd_32ns_32ns_32_2_full_dsp_1/bd_0_hls_inst_0_gnss_correlator_fadd_32ns_32ns_32_2_full_dsp_1_ip/<hidden>/<hidden>/<hidden>/<hidden>/<hidden>/<hidden>
                         net (fo=12, routed)          1.222    14.215    bd_0_wrapper/bd_0/bd_0_hls_inst_0/bd_0_hls_inst_0_gnss_correlator/bd_0_hls_inst_0_gnss_correlator_fadd_32ns_32ns_32_2_full_dsp_1/bd_0_hls_inst_0_gnss_correlator_fadd_32ns_32ns_32_2_full_dsp_1_ip/<hidden>/<hidden>/<hidden>/<hidden>/<hidden>/<hidden>
    SLICE_X35Y31         LUT5 (Prop_lut5_I0_O)        0.124    14.339 r  bd_0_wrapper/bd_0/bd_0_hls_inst_0/bd_0_hls_inst_0_gnss_correlator/bd_0_hls_inst_0_gnss_correlator_fadd_32ns_32ns_32_2_full_dsp_1/bd_0_hls_inst_0_gnss_correlator_fadd_32ns_32ns_32_2_full_dsp_1_ip/<hidden>/<hidden>/<hidden>/<hidden>/<hidden>/<hidden>
                         net (fo=1, routed)           0.567    14.905    bd_0_wrapper/bd_0/bd_0_hls_inst_0/bd_0_hls_inst_0_gnss_correlator/bd_0_hls_inst_0_gnss_correlator_fadd_32ns_32ns_32_2_full_dsp_1/bd_0_hls_inst_0_gnss_correlator_fadd_32ns_32ns_32_2_full_dsp_1_ip/<hidden>/<hidden>/<hidden>/<hidden>/<hidden>/<hidden>
    DSP48_X2Y13          DSP48E1 (Prop_dsp48e1_B[6]_P[24])
                                                      3.656    18.561 r  bd_0_wrapper/bd_0/bd_0_hls_inst_0/bd_0_hls_inst_0_gnss_correlator/bd_0_hls_inst_0_gnss_correlator_fadd_32ns_32ns_32_2_full_dsp_1/bd_0_hls_inst_0_gnss_correlator_fadd_32ns_32ns_32_2_full_dsp_1_ip/<hidden>/<hidden>/<hidden>/<hidden>/<hidden>/<hidden>
                         net (fo=2, routed)           1.030    19.591    bd_0_wrapper/bd_0/bd_0_hls_inst_0/bd_0_hls_inst_0_gnss_correlator/bd_0_hls_inst_0_gnss_correlator_fadd_32ns_32ns_32_2_full_dsp_1/bd_0_hls_inst_0_gnss_correlator_fadd_32ns_32ns_32_2_full_dsp_1_ip/<hidden>/<hidden>/<hidden>/<hidden>/<hidden>/<hidden>
    SLICE_X39Y31         LUT6 (Prop_lut6_I0_O)        0.124    19.715 r  bd_0_wrapper/bd_0/bd_0_hls_inst_0/bd_0_hls_inst_0_gnss_correlator/bd_0_hls_inst_0_gnss_correlator_fadd_32ns_32ns_32_2_full_dsp_1/bd_0_hls_inst_0_gnss_correlator_fadd_32ns_32ns_32_2_full_dsp_1_ip/<hidden>/<hidden>/<hidden>/<hidden>/<hidden>/<hidden>
                         net (fo=2, routed)           0.530    20.245    bd_0_i/hls_inst/inst/fadd_32ns_32ns_32_2_full_dsp_1_U2/r_tdata[22]
    SLICE_X38Y31         LUT6 (Prop_lut6_I0_O)        0.124    20.369 r  bd_0_i/hls_inst/inst/fadd_32ns_32ns_32_2_full_dsp_1_U2/int_corr_Q[22]_i_1/O
                         net (fo=1, routed)           0.000    20.369    bd_0_i/hls_inst/inst/control_s_axi_U/corr_Q[22]
    SLICE_X38Y31         FDRE                                         r  bd_0_i/hls_inst/inst/control_s_axi_U/int_corr_Q_reg[22]/D
  -------------------------------------------------------------------    -------------------

                         (clock ap_clk rise edge)    10.000    10.000 r  
                                                      0.000    10.000 r  ap_clk (IN)
                         net (fo=3327, unset)         0.924    10.924    bd_0_i/hls_inst/inst/control_s_axi_U/ap_clk
    SLICE_X38Y31         FDRE                                         r  bd_0_i/hls_inst/inst/control_s_axi_U/int_corr_Q_reg[22]/C
                         clock pessimism              0.000    10.924    
                         clock uncertainty           -0.035    10.889    
    SLICE_X38Y31         FDRE (Setup_fdre_C_D)        0.081    10.970    bd_0_i/hls_inst/inst/control_s_axi_U/int_corr_Q_reg[22]
  -------------------------------------------------------------------
                         required time                         10.970    
                         arrival time                         -20.369    
  -------------------------------------------------------------------
                         slack                                 -9.399    

Slack (VIOLATED) :        -9.394ns  (required time - arrival time)
  Source:                 bd_0_i/hls_inst/inst/fadd_32ns_32ns_32_2_full_dsp_1_U2/din0_buf1_reg[24]/C
                            (rising edge-triggered cell FDRE clocked by ap_clk  {rise@0.000ns fall@5.000ns period=10.000ns})
  Destination:            bd_0_i/hls_inst/inst/fadd_32ns_32ns_32_2_full_dsp_1_U2/dout_r_reg[6]/D
                            (rising edge-triggered cell FDRE clocked by ap_clk  {rise@0.000ns fall@5.000ns period=10.000ns})
  Path Group:             ap_clk
  Path Type:              Setup (Max at Slow Process Corner)
  Requirement:            10.000ns  (ap_clk rise@10.000ns - ap_clk rise@0.000ns)
  Data Path Delay:        19.252ns  (logic 12.360ns (64.201%)  route 6.892ns (35.799%))
  Logic Levels:           9  (CARRY4=2 DSP48E1=2 LUT2=1 LUT5=2 LUT6=2)
  Clock Path Skew:        -0.049ns (DCD - SCD + CPR)
    Destination Clock Delay (DCD):    0.924ns = ( 10.924 - 10.000 ) 
    Source Clock Delay      (SCD):    0.973ns
    Clock Pessimism Removal (CPR):    0.000ns
  Clock Uncertainty:      0.035ns  ((TSJ^2 + TIJ^2)^1/2 + DJ) / 2 + PE
    Total System Jitter     (TSJ):    0.071ns
    Total Input Jitter      (TIJ):    0.000ns
    Discrete Jitter          (DJ):    0.000ns
    Phase Error              (PE):    0.000ns

    Location             Delay type                Incr(ns)  Path(ns)    Netlist Resource(s)
  -------------------------------------------------------------------    -------------------
                         (clock ap_clk rise edge)     0.000     0.000 r  
                                                      0.000     0.000 r  ap_clk (IN)
                         net (fo=3327, unset)         0.973     0.973    bd_0_i/hls_inst/inst/fadd_32ns_32ns_32_2_full_dsp_1_U2/ap_clk
    SLICE_X34Y28         FDRE                                         r  bd_0_i/hls_inst/inst/fadd_32ns_32ns_32_2_full_dsp_1_U2/din0_buf1_reg[24]/C
  -------------------------------------------------------------------    -------------------
    SLICE_X34Y28         FDRE (Prop_fdre_C_Q)         0.518     1.491 r  bd_0_i/hls_inst/inst/fadd_32ns_32ns_32_2_full_dsp_1_U2/din0_buf1_reg[24]/Q
                         net (fo=6, routed)           0.598     2.089    bd_0_wrapper/bd_0/bd_0_hls_inst_0/bd_0_hls_inst_0_gnss_correlator/bd_0_hls_inst_0_gnss_correlator_fadd_32ns_32ns_32_2_full_dsp_1/bd_0_hls_inst_0_gnss_correlator_fadd_32ns_32ns_32_2_full_dsp_1_ip/<hidden>/<hidden>/<hidden>/<hidden>/<hidden>
    SLICE_X35Y28         LUT2 (Prop_lut2_I1_O)        0.150     2.239 r  bd_0_wrapper/bd_0/bd_0_hls_inst_0/bd_0_hls_inst_0_gnss_correlator/bd_0_hls_inst_0_gnss_correlator_fadd_32ns_32ns_32_2_full_dsp_1/bd_0_hls_inst_0_gnss_correlator_fadd_32ns_32ns_32_2_full_dsp_1_ip/<hidden>/<hidden>/<hidden>/<hidden>/<hidden>
                         net (fo=1, routed)           0.307     2.545    bd_0_wrapper/bd_0/bd_0_hls_inst_0/bd_0_hls_inst_0_gnss_correlator/bd_0_hls_inst_0_gnss_correlator_fadd_32ns_32ns_32_2_full_dsp_1/bd_0_hls_inst_0_gnss_correlator_fadd_32ns_32ns_32_2_full_dsp_1_ip/<hidden>/<hidden>/<hidden>/<hidden>/<hidden>/<hidden>
    SLICE_X34Y29         CARRY4 (Prop_carry4_S[1]_O[3])
                                                      0.975     3.520 r  bd_0_wrapper/bd_0/bd_0_hls_inst_0/bd_0_hls_inst_0_gnss_correlator/bd_0_hls_inst_0_gnss_correlator_fadd_32ns_32ns_32_2_full_dsp_1/bd_0_hls_inst_0_gnss_correlator_fadd_32ns_32ns_32_2_full_dsp_1_ip/<hidden>/<hidden>/<hidden>/<hidden>/<hidden>/<hidden>
                         net (fo=20, routed)          1.061     4.582    bd_0_wrapper/bd_0/bd_0_hls_inst_0/bd_0_hls_inst_0_gnss_correlator/bd_0_hls_inst_0_gnss_correlator_fadd_32ns_32ns_32_2_full_dsp_1/bd_0_hls_inst_0_gnss_correlator_fadd_32ns_32ns_32_2_full_dsp_1_ip/<hidden>/<hidden>/<hidden>/<hidden>/<hidden>/<hidden>
    SLICE_X37Y29         LUT6 (Prop_lut6_I1_O)        0.307     4.889 r  bd_0_wrapper/bd_0/bd_0_hls_inst_0/bd_0_hls_inst_0_gnss_correlator/bd_0_hls_inst_0_gnss_correlator_fadd_32ns_32ns_32_2_full_dsp_1/bd_0_hls_inst_0_gnss_correlator_fadd_32ns_32ns_32_2_full_dsp_1_ip/<hidden>/<hidden>/<hidden>/<hidden>/<hidden>/<hidden>
                         net (fo=2, routed)           0.723     5.612    bd_0_wrapper/bd_0/bd_0_hls_inst_0/bd_0_hls_inst_0_gnss_correlator/bd_0_hls_inst_0_gnss_correlator_fadd_32ns_32ns_32_2_full_dsp_1/bd_0_hls_inst_0_gnss_correlator_fadd_32ns_32ns_32_2_full_dsp_1_ip/<hidden>/<hidden>/<hidden>/<hidden>/<hidden>/<hidden>
    DSP48_X2Y12          DSP48E1 (Prop_dsp48e1_INMODE[2]_PATTERNDETECT)
                                                      5.849    11.461 r  bd_0_wrapper/bd_0/bd_0_hls_inst_0/bd_0_hls_inst_0_gnss_correlator/bd_0_hls_inst_0_gnss_correlator_fadd_32ns_32ns_32_2_full_dsp_1/bd_0_hls_inst_0_gnss_correlator_fadd_32ns_32ns_32_2_full_dsp_1_ip/<hidden>/<hidden>/<hidden>/<hidden>/<hidden>/<hidden>
                         net (fo=54, routed)          0.875    12.336    bd_0_wrapper/bd_0/bd_0_hls_inst_0/bd_0_hls_inst_0_gnss_correlator/bd_0_hls_inst_0_gnss_correlator_fadd_32ns_32ns_32_2_full_dsp_1/bd_0_hls_inst_0_gnss_correlator_fadd_32ns_32ns_32_2_full_dsp_1_ip/<hidden>/<hidden>/<hidden>/<hidden>/<hidden>/<hidden>
    SLICE_X36Y31         LUT5 (Prop_lut5_I3_O)        0.124    12.460 r  bd_0_wrapper/bd_0/bd_0_hls_inst_0/bd_0_hls_inst_0_gnss_correlator/bd_0_hls_inst_0_gnss_correlator_fadd_32ns_32ns_32_2_full_dsp_1/bd_0_hls_inst_0_gnss_correlator_fadd_32ns_32ns_32_2_full_dsp_1_ip/<hidden>/<hidden>/<hidden>/<hidden>/<hidden>/<hidden>
                         net (fo=1, routed)           0.000    12.460    bd_0_wrapper/bd_0/bd_0_hls_inst_0/bd_0_hls_inst_0_gnss_correlator/bd_0_hls_inst_0_gnss_correlator_fadd_32ns_32ns_32_2_full_dsp_1/bd_0_hls_inst_0_gnss_correlator_fadd_32ns_32ns_32_2_full_dsp_1_ip/<hidden>/<hidden>/<hidden>/<hidden>/<hidden>/<hidden>
    SLICE_X36Y31         CARRY4 (Prop_carry4_S[1]_CO[3])
                                                      0.533    12.993 f  bd_0_wrapper/bd_0/bd_0_hls_inst_0/bd_0_hls_inst_0_gnss_correlator/bd_0_hls_inst_0_gnss_correlator_fadd_32ns_32ns_32_2_full_dsp_1/bd_0_hls_inst_0_gnss_correlator_fadd_32ns_32ns_32_2_full_dsp_1_ip/<hidden>/<hidden>/<hidden>/<hidden>/<hidden>/<hidden>
                         net (fo=12, routed)          1.222    14.215    bd_0_wrapper/bd_0/bd_0_hls_inst_0/bd_0_hls_inst_0_gnss_correlator/bd_0_hls_inst_0_gnss_correlator_fadd_32ns_32ns_32_2_full_dsp_1/bd_0_hls_inst_0_gnss_correlator_fadd_32ns_32ns_32_2_full_dsp_1_ip/<hidden>/<hidden>/<hidden>/<hidden>/<hidden>/<hidden>
    SLICE_X35Y31         LUT5 (Prop_lut5_I0_O)        0.124    14.339 r  bd_0_wrapper/bd_0/bd_0_hls_inst_0/bd_0_hls_inst_0_gnss_correlator/bd_0_hls_inst_0_gnss_correlator_fadd_32ns_32ns_32_2_full_dsp_1/bd_0_hls_inst_0_gnss_correlator_fadd_32ns_32ns_32_2_full_dsp_1_ip/<hidden>/<hidden>/<hidden>/<hidden>/<hidden>/<hidden>
                         net (fo=1, routed)           0.567    14.905    bd_0_wrapper/bd_0/bd_0_hls_inst_0/bd_0_hls_inst_0_gnss_correlator/bd_0_hls_inst_0_gnss_correlator_fadd_32ns_32ns_32_2_full_dsp_1/bd_0_hls_inst_0_gnss_correlator_fadd_32ns_32ns_32_2_full_dsp_1_ip/<hidden>/<hidden>/<hidden>/<hidden>/<hidden>/<hidden>
    DSP48_X2Y13          DSP48E1 (Prop_dsp48e1_B[6]_P[8])
                                                      3.656    18.561 r  bd_0_wrapper/bd_0/bd_0_hls_inst_0/bd_0_hls_inst_0_gnss_correlator/bd_0_hls_inst_0_gnss_correlator_fadd_32ns_32ns_32_2_full_dsp_1/bd_0_hls_inst_0_gnss_correlator_fadd_32ns_32ns_32_2_full_dsp_1_ip/<hidden>/<hidden>/<hidden>/<hidden>/<hidden>/<hidden>
                         net (fo=2, routed)           0.924    19.485    bd_0_wrapper/bd_0/bd_0_hls_inst_0/bd_0_hls_inst_0_gnss_correlator/bd_0_hls_inst_0_gnss_correlator_fadd_32ns_32ns_32_2_full_dsp_1/bd_0_hls_inst_0_gnss_correlator_fadd_32ns_32ns_32_2_full_dsp_1_ip/<hidden>/<hidden>/<hidden>/<hidden>/<hidden>/<hidden>
    SLICE_X37Y31         LUT6 (Prop_lut6_I0_O)        0.124    19.609 r  bd_0_wrapper/bd_0/bd_0_hls_inst_0/bd_0_hls_inst_0_gnss_correlator/bd_0_hls_inst_0_gnss_correlator_fadd_32ns_32ns_32_2_full_dsp_1/bd_0_hls_inst_0_gnss_correlator_fadd_32ns_32ns_32_2_full_dsp_1_ip/<hidden>/<hidden>/<hidden>/<hidden>/<hidden>/<hidden>
                         net (fo=2, routed)           0.615    20.225    bd_0_i/hls_inst/inst/fadd_32ns_32ns_32_2_full_dsp_1_U2/r_tdata[6]
    SLICE_X39Y32         FDRE                                         r  bd_0_i/hls_inst/inst/fadd_32ns_32ns_32_2_full_dsp_1_U2/dout_r_reg[6]/D
  -------------------------------------------------------------------    -------------------

                         (clock ap_clk rise edge)    10.000    10.000 r  
                                                      0.000    10.000 r  ap_clk (IN)
                         net (fo=3327, unset)         0.924    10.924    bd_0_i/hls_inst/inst/fadd_32ns_32ns_32_2_full_dsp_1_U2/ap_clk
    SLICE_X39Y32         FDRE                                         r  bd_0_i/hls_inst/inst/fadd_32ns_32ns_32_2_full_dsp_1_U2/dout_r_reg[6]/C
                         clock pessimism              0.000    10.924    
                         clock uncertainty           -0.035    10.889    
    SLICE_X39Y32         FDRE (Setup_fdre_C_D)       -0.058    10.831    bd_0_i/hls_inst/inst/fadd_32ns_32ns_32_2_full_dsp_1_U2/dout_r_reg[6]
  -------------------------------------------------------------------
                         required time                         10.831    
                         arrival time                         -20.225    
  -------------------------------------------------------------------
                         slack                                 -9.394    




