# ---------------------------------------------------------------------------
# Created on Wed Sep 16 18:10:12 IST 2026 with report_failfast (2023.09.14)
# ---------------------------------------------------------------------------

 +------+
 | DONT_TOUCH (Hierarchical Cells) |
 | 0 module(s) |
 +------+
 | Cell |
 +------+
 +------+
 +---------------------------------------------------------------------------------------------+
 | DONT_TOUCH (Leaf Cells)                                                                     |
 | 2 cell(s)                                                                                   |
 +---------------------------------------------------------------------------------------------+
 | Cell                                                                                        |
 +---------------------------------------------------------------------------------------------+
 | bd_0_i/hls_inst/inst/gmem0_m_axi_U/bus_read/rreq_burst_conv/burst_sequential/first_sect_reg |
 | bd_0_i/hls_inst/inst/gmem1_m_axi_U/bus_read/rreq_burst_conv/burst_sequential/first_sect_reg |
 +---------------------------------------------------------------------------------------------+
 +------------------------------------------------------------------------------------------------------------------------------------------------------------------------------------------------------------------------------------------------------+
 | DONT_TOUCH (Nets)                                                                                                                                                                                                                                    |
 | 2 net(s)                                                                                                                                                                                                                                             |
 +-----------------------------------------------------------------------------------------+--------+---------------------+------------+----------------------------------------------------------------------------------------------------------------+
 | Net                                                                                     | Fanout | Slack               | Driver Pin | Load Pins                                                                                                      |
 +-----------------------------------------------------------------------------------------+--------+---------------------+------------+----------------------------------------------------------------------------------------------------------------+
 | bd_0_i/hls_inst/inst/gmem0_m_axi_U/bus_read/rreq_burst_conv/burst_sequential/first_sect | 105    | 5.31214450205652611 | FDRE/Q     | LUT2/I0 (10) LUT3/I0 (1) LUT3/I1 (75) LUT5/I0 (1) LUT5/I3 (1) LUT6/I1 (12) LUT6/I2 (1) LUT6/I3 (3) LUT6/I4 (1) |
 | bd_0_i/hls_inst/inst/gmem1_m_axi_U/bus_read/rreq_burst_conv/burst_sequential/first_sect | 105    | 4.98290608774709654 | FDRE/Q     | LUT2/I0 (10) LUT3/I0 (1) LUT3/I1 (75) LUT5/I0 (1) LUT5/I3 (1) LUT6/I1 (12) LUT6/I2 (1) LUT6/I3 (3) LUT6/I4 (1) |
 +-----------------------------------------------------------------------------------------+--------+---------------------+------------+----------------------------------------------------------------------------------------------------------------+
