/home/johan2/Documents/fpga/zynq-pynq-gnss-receiver/vitis_workspace/gnss_correlator_hls/gnss_correlator_hls/hls/.autopilot/db/gnss_correlator.pp.0.cpp:2277:5: remark: Added loop label VITIS_LOOP_676_1:   [xilinx-label-all-loops]
    for (unsigned i = low; i != high+1; ++i) {
    ^
    VITIS_LOOP_676_1: 
/home/johan2/Documents/fpga/zynq-pynq-gnss-receiver/vitis_workspace/gnss_correlator_hls/gnss_correlator_hls/hls/.autopilot/db/gnss_correlator.pp.0.cpp:2277:5: note: FIX-IT applied suggested code changes
/home/johan2/Documents/fpga/zynq-pynq-gnss-receiver/vitis_workspace/gnss_correlator_hls/gnss_correlator_hls/hls/.autopilot/db/gnss_correlator.pp.0.cpp:2291:5: remark: Added loop label VITIS_LOOP_690_1:   [xilinx-label-all-loops]
    for (unsigned i = low; i != high+1; ++i) {
    ^
    VITIS_LOOP_690_1: 
/home/johan2/Documents/fpga/zynq-pynq-gnss-receiver/vitis_workspace/gnss_correlator_hls/gnss_correlator_hls/hls/.autopilot/db/gnss_correlator.pp.0.cpp:2291:5: note: FIX-IT applied suggested code changes
/home/johan2/Documents/fpga/zynq-pynq-gnss-receiver/vitis_workspace/gnss_correlator_hls/gnss_correlator_hls/hls/.autopilot/db/gnss_correlator.pp.0.cpp:2305:5: remark: Added loop label VITIS_LOOP_704_1:   [xilinx-label-all-loops]
    for (unsigned i = low; i != high+1; ++i) {
    ^
    VITIS_LOOP_704_1: 
/home/johan2/Documents/fpga/zynq-pynq-gnss-receiver/vitis_workspace/gnss_correlator_hls/gnss_correlator_hls/hls/.autopilot/db/gnss_correlator.pp.0.cpp:2305:5: note: FIX-IT applied suggested code changes
/home/johan2/Documents/fpga/zynq-pynq-gnss-receiver/vitis_workspace/gnss_correlator_hls/gnss_correlator_hls/hls/.autopilot/db/gnss_correlator.pp.0.cpp:5844:7: remark: Added loop label VITIS_LOOP_1251_1:   [xilinx-label-all-loops]
      for (i = 0; i < __N - 1; ++i) {
      ^
      VITIS_LOOP_1251_1: 
/home/johan2/Documents/fpga/zynq-pynq-gnss-receiver/vitis_workspace/gnss_correlator_hls/gnss_correlator_hls/hls/.autopilot/db/gnss_correlator.pp.0.cpp:5844:7: note: FIX-IT applied suggested code changes
/home/johan2/Documents/fpga/zynq-pynq-gnss-receiver/vitis_workspace/gnss_correlator_hls/gnss_correlator_hls/hls/.autopilot/db/gnss_correlator.pp.0.cpp:54488:5: remark: Added loop label VITIS_LOOP_30_1:   [xilinx-label-all-loops]
    for (int i = 0; i < num_samples; i++) {
    ^
    VITIS_LOOP_30_1: 
/home/johan2/Documents/fpga/zynq-pynq-gnss-receiver/vitis_workspace/gnss_correlator_hls/gnss_correlator_hls/hls/.autopilot/db/gnss_correlator.pp.0.cpp:54488:5: note: FIX-IT applied suggested code changes
