

================================================================
== Vitis HLS Report for 'gnss_correlator'
================================================================
* Date:           Sat Sep 19 17:34:39 2026

* Version:        2025.2 (Build 6295257 on Nov 14 2025)
* Project:        gnss_correlator_hls
* Solution:       hls (Vivado IP Flow Target)
* Product family: zynq
* Target device:  xc7z020-clg484-1


================================================================
== Performance Estimates
================================================================
+ Timing: 
    * Summary: 
    +--------+----------+-----------+------------+
    |  Clock |  Target  | Estimated | Uncertainty|
    +--------+----------+-----------+------------+
    |ap_clk  |  10.00 ns|  24.166 ns|     2.70 ns|
    +--------+----------+-----------+------------+

+ Latency: 
    * Summary: 
    +---------+---------+----------+----------+-----+-----+-------------------------------------------------+
    |  Latency (cycles) |  Latency (absolute) |  Interval |                     Pipeline                    |
    |   min   |   max   |    min   |    max   | min | max |                       Type                      |
    +---------+---------+----------+----------+-----+-----+-------------------------------------------------+
    |        ?|        ?|         ?|         ?|   17|   17|  loop auto-rewind stp (delay=17 clock cycles(s))|
    +---------+---------+----------+----------+-----+-----+-------------------------------------------------+

    + Detail: 
        * Instance: 
        N/A

        * Loop: 
        +-------------------+---------+---------+----------+-----------+-----------+------+----------+
        |                   |  Latency (cycles) | Iteration|  Initiation Interval  | Trip |          |
        |     Loop Name     |   min   |   max   |  Latency |  achieved |   target  | Count| Pipelined|
        +-------------------+---------+---------+----------+-----------+-----------+------+----------+
        |- VITIS_LOOP_23_1  |        ?|        ?|        21|          2|          1|     ?|       yes|
        +-------------------+---------+---------+----------+-----------+-----------+------+----------+

============================================================
+ Verbose Summary: Synthesis Manager
============================================================
InlineROM: 1
ExposeGlobal: 0
============================================================
+ Verbose Summary: CDFG Model
============================================================
IsTopModel: 1
ResetActiveHigh: 1
IsCombinational: 2
IsDatapathOnly: 0
HasWiredReturn: 1
HasMFsm: 2
HasVarLatency: 1
IsPipeline: 0
IsRtlPipelined: 0
IsInstanceOverlapped: 0
IsDontTouch: 0
HasImplIP: 0
IsGatedGlobalClock: 0

+ Individual pipeline summary: 
  * Pipeline-0: initiation interval (II) = 2, depth = 21


============================================================
+ Verbose Summary: Schedule
============================================================
* Number of FSM states : 21
* Pipeline : 1
  Pipeline-0 : II = 2, D = 21, States = { 1 2 3 4 5 6 7 8 9 10 11 12 13 14 15 16 17 18 19 20 21 }
* Dataflow Pipeline: 0

* FSM state transitions: 
1 --> 2 
2 --> 3 
3 --> 4 
4 --> 5 
5 --> 6 
6 --> 7 
7 --> 8 
8 --> 9 
9 --> 10 
10 --> 11 
11 --> 12 
12 --> 13 
13 --> 14 
14 --> 15 
15 --> 16 
16 --> 17 
17 --> 18 
18 --> 19 
19 --> 20 
20 --> 21 
21 --> 

* FSM state operations: 

State 1 <SV = 0> <Delay = 5.72>
ST_1 : Operation 24 [1/1] (0.00ns)   --->   "%acc_I = alloca i32 1" [vivado/ip_repo/gnss_correlator/src/gnss_correlator.cpp:20]   --->   Operation 24 'alloca' 'acc_I' <Predicate = true> <Delay = 0.00>
ST_1 : Operation 25 [1/1] (0.00ns)   --->   "%acc_Q = alloca i32 1" [vivado/ip_repo/gnss_correlator/src/gnss_correlator.cpp:21]   --->   Operation 25 'alloca' 'acc_Q' <Predicate = true> <Delay = 0.00>
ST_1 : Operation 26 [1/1] (0.00ns)   --->   "%i = alloca i32 1" [vivado/ip_repo/gnss_correlator/src/gnss_correlator.cpp:23]   --->   Operation 26 'alloca' 'i' <Predicate = true> <Delay = 0.00>
ST_1 : Operation 27 [1/1] (0.00ns)   --->   "%spectopmodule_ln3 = spectopmodule void @_ssdm_op_SpecTopModule, void @empty_1" [vivado/ip_repo/gnss_correlator/src/gnss_correlator.cpp:3]   --->   Operation 27 'spectopmodule' 'spectopmodule_ln3' <Predicate = true> <Delay = 0.00>
ST_1 : Operation 28 [1/1] (0.00ns)   --->   "%specinterface_ln0 = specinterface void @_ssdm_op_SpecInterface, i32 %gmem0, void @empty_4, i32 0, i32 0, void @empty_5, i32 0, i32 0, void @empty_6, void @empty_7, void @empty_5, i32 16, i32 16, i32 16, i32 16, void @empty_5, void @empty_5, i32 4294967295, i32 0, i32 0, i32 4"   --->   Operation 28 'specinterface' 'specinterface_ln0' <Predicate = true> <Delay = 0.00>
ST_1 : Operation 29 [1/1] (0.00ns)   --->   "%specbitsmap_ln0 = specbitsmap void @_ssdm_op_SpecBitsMap, i32 %gmem0"   --->   Operation 29 'specbitsmap' 'specbitsmap_ln0' <Predicate = true> <Delay = 0.00>
ST_1 : Operation 30 [1/1] (0.00ns)   --->   "%specinterface_ln0 = specinterface void @_ssdm_op_SpecInterface, i32 %gmem1, void @empty_4, i32 0, i32 0, void @empty_5, i32 0, i32 0, void @empty, void @empty_7, void @empty_5, i32 16, i32 16, i32 16, i32 16, void @empty_5, void @empty_5, i32 4294967295, i32 0, i32 0, i32 4"   --->   Operation 30 'specinterface' 'specinterface_ln0' <Predicate = true> <Delay = 0.00>
ST_1 : Operation 31 [1/1] (0.00ns)   --->   "%specbitsmap_ln0 = specbitsmap void @_ssdm_op_SpecBitsMap, i32 %gmem1"   --->   Operation 31 'specbitsmap' 'specbitsmap_ln0' <Predicate = true> <Delay = 0.00>
ST_1 : Operation 32 [1/1] (0.00ns)   --->   "%specinterface_ln0 = specinterface void @_ssdm_op_SpecInterface, i64 %signal_I, void @empty_0, i32 0, i32 0, void @empty_5, i32 0, i32 0, void @empty_2, void @empty_9, void @empty_5, i32 0, i32 0, i32 0, i32 0, void @empty_5, void @empty_3, i32 4294967295, i32 0, i32 0, i32 0"   --->   Operation 32 'specinterface' 'specinterface_ln0' <Predicate = true> <Delay = 0.00>
ST_1 : Operation 33 [1/1] (0.00ns)   --->   "%specinterface_ln0 = specinterface void @_ssdm_op_SpecInterface, i64 %signal_I, void @empty_12, i32 0, i32 0, void @empty_5, i32 0, i32 0, void @empty_5, void @empty_5, void @empty_5, i32 0, i32 0, i32 0, i32 0, void @empty_5, void @empty_3, i32 4294967295, i32 0, i32 0, i32 0"   --->   Operation 33 'specinterface' 'specinterface_ln0' <Predicate = true> <Delay = 0.00>
ST_1 : Operation 34 [1/1] (0.00ns)   --->   "%specinterface_ln0 = specinterface void @_ssdm_op_SpecInterface, i64 %signal_Q, void @empty_0, i32 0, i32 0, void @empty_5, i32 0, i32 0, void @empty_2, void @empty_13, void @empty_5, i32 0, i32 0, i32 0, i32 0, void @empty_5, void @empty_3, i32 4294967295, i32 0, i32 0, i32 0"   --->   Operation 34 'specinterface' 'specinterface_ln0' <Predicate = true> <Delay = 0.00>
ST_1 : Operation 35 [1/1] (0.00ns)   --->   "%specinterface_ln0 = specinterface void @_ssdm_op_SpecInterface, i64 %signal_Q, void @empty_12, i32 0, i32 0, void @empty_5, i32 0, i32 0, void @empty_5, void @empty_5, void @empty_5, i32 0, i32 0, i32 0, i32 0, void @empty_5, void @empty_3, i32 4294967295, i32 0, i32 0, i32 0"   --->   Operation 35 'specinterface' 'specinterface_ln0' <Predicate = true> <Delay = 0.00>
ST_1 : Operation 36 [1/1] (0.00ns)   --->   "%specinterface_ln0 = specinterface void @_ssdm_op_SpecInterface, i64 %code_I, void @empty_0, i32 0, i32 0, void @empty_5, i32 0, i32 0, void @empty_2, void @empty_14, void @empty_5, i32 0, i32 0, i32 0, i32 0, void @empty_5, void @empty_3, i32 4294967295, i32 0, i32 0, i32 0"   --->   Operation 36 'specinterface' 'specinterface_ln0' <Predicate = true> <Delay = 0.00>
ST_1 : Operation 37 [1/1] (0.00ns)   --->   "%specinterface_ln0 = specinterface void @_ssdm_op_SpecInterface, i64 %code_I, void @empty_12, i32 0, i32 0, void @empty_5, i32 0, i32 0, void @empty_5, void @empty_5, void @empty_5, i32 0, i32 0, i32 0, i32 0, void @empty_5, void @empty_3, i32 4294967295, i32 0, i32 0, i32 0"   --->   Operation 37 'specinterface' 'specinterface_ln0' <Predicate = true> <Delay = 0.00>
ST_1 : Operation 38 [1/1] (0.00ns)   --->   "%specinterface_ln0 = specinterface void @_ssdm_op_SpecInterface, i64 %code_Q, void @empty_0, i32 0, i32 0, void @empty_5, i32 0, i32 0, void @empty_2, void @empty_15, void @empty_5, i32 0, i32 0, i32 0, i32 0, void @empty_5, void @empty_3, i32 4294967295, i32 0, i32 0, i32 0"   --->   Operation 38 'specinterface' 'specinterface_ln0' <Predicate = true> <Delay = 0.00>
ST_1 : Operation 39 [1/1] (0.00ns)   --->   "%specinterface_ln0 = specinterface void @_ssdm_op_SpecInterface, i64 %code_Q, void @empty_12, i32 0, i32 0, void @empty_5, i32 0, i32 0, void @empty_5, void @empty_5, void @empty_5, i32 0, i32 0, i32 0, i32 0, void @empty_5, void @empty_3, i32 4294967295, i32 0, i32 0, i32 0"   --->   Operation 39 'specinterface' 'specinterface_ln0' <Predicate = true> <Delay = 0.00>
ST_1 : Operation 40 [1/1] (0.00ns)   --->   "%specbitsmap_ln0 = specbitsmap void @_ssdm_op_SpecBitsMap, i32 %corr_I"   --->   Operation 40 'specbitsmap' 'specbitsmap_ln0' <Predicate = true> <Delay = 0.00>
ST_1 : Operation 41 [1/1] (0.00ns)   --->   "%specinterface_ln0 = specinterface void @_ssdm_op_SpecInterface, i32 %corr_I, void @empty_0, i32 4294967295, i32 4294967295, void @empty_5, i32 0, i32 0, void @empty_16, void @empty_9, void @empty_5, i32 0, i32 0, i32 0, i32 0, void @empty_5, void @empty_5, i32 4294967295, i32 0, i32 0, i32 0"   --->   Operation 41 'specinterface' 'specinterface_ln0' <Predicate = true> <Delay = 0.00>
ST_1 : Operation 42 [1/1] (0.00ns)   --->   "%specinterface_ln0 = specinterface void @_ssdm_op_SpecInterface, i32 %corr_I, void @empty_12, i32 0, i32 0, void @empty_5, i32 0, i32 0, void @empty_5, void @empty_5, void @empty_5, i32 0, i32 0, i32 0, i32 0, void @empty_5, void @empty_5, i32 4294967295, i32 0, i32 0, i32 0"   --->   Operation 42 'specinterface' 'specinterface_ln0' <Predicate = true> <Delay = 0.00>
ST_1 : Operation 43 [1/1] (0.00ns)   --->   "%specbitsmap_ln0 = specbitsmap void @_ssdm_op_SpecBitsMap, i32 %corr_Q"   --->   Operation 43 'specbitsmap' 'specbitsmap_ln0' <Predicate = true> <Delay = 0.00>
ST_1 : Operation 44 [1/1] (0.00ns)   --->   "%specinterface_ln0 = specinterface void @_ssdm_op_SpecInterface, i32 %corr_Q, void @empty_0, i32 4294967295, i32 4294967295, void @empty_5, i32 0, i32 0, void @empty_16, void @empty_8, void @empty_5, i32 0, i32 0, i32 0, i32 0, void @empty_5, void @empty_5, i32 4294967295, i32 0, i32 0, i32 0"   --->   Operation 44 'specinterface' 'specinterface_ln0' <Predicate = true> <Delay = 0.00>
ST_1 : Operation 45 [1/1] (0.00ns)   --->   "%specinterface_ln0 = specinterface void @_ssdm_op_SpecInterface, i32 %corr_Q, void @empty_12, i32 0, i32 0, void @empty_5, i32 0, i32 0, void @empty_5, void @empty_5, void @empty_5, i32 0, i32 0, i32 0, i32 0, void @empty_5, void @empty_5, i32 4294967295, i32 0, i32 0, i32 0"   --->   Operation 45 'specinterface' 'specinterface_ln0' <Predicate = true> <Delay = 0.00>
ST_1 : Operation 46 [1/1] (0.00ns)   --->   "%specbitsmap_ln0 = specbitsmap void @_ssdm_op_SpecBitsMap, i32 %num_samples"   --->   Operation 46 'specbitsmap' 'specbitsmap_ln0' <Predicate = true> <Delay = 0.00>
ST_1 : Operation 47 [1/1] (0.00ns)   --->   "%specinterface_ln0 = specinterface void @_ssdm_op_SpecInterface, i32 %num_samples, void @empty_0, i32 4294967295, i32 4294967295, void @empty_5, i32 0, i32 0, void @empty_16, void @empty_10, void @empty_5, i32 0, i32 0, i32 0, i32 0, void @empty_5, void @empty_5, i32 4294967295, i32 0, i32 0, i32 0"   --->   Operation 47 'specinterface' 'specinterface_ln0' <Predicate = true> <Delay = 0.00>
ST_1 : Operation 48 [1/1] (0.00ns)   --->   "%specinterface_ln0 = specinterface void @_ssdm_op_SpecInterface, i32 %num_samples, void @empty_12, i32 0, i32 0, void @empty_5, i32 0, i32 0, void @empty_5, void @empty_5, void @empty_5, i32 0, i32 0, i32 0, i32 0, void @empty_5, void @empty_5, i32 4294967295, i32 0, i32 0, i32 0"   --->   Operation 48 'specinterface' 'specinterface_ln0' <Predicate = true> <Delay = 0.00>
ST_1 : Operation 49 [1/1] (0.00ns)   --->   "%specinterface_ln0 = specinterface void @_ssdm_op_SpecInterface, i32 0, void @empty_0, i32 0, i32 0, void @empty_5, i32 0, i32 0, void @empty_16, void @empty_5, void @empty_5, i32 0, i32 0, i32 0, i32 0, void @empty_5, void @empty_5, i32 0, i32 0, i32 0, i32 0"   --->   Operation 49 'specinterface' 'specinterface_ln0' <Predicate = true> <Delay = 0.00>
ST_1 : Operation 50 [1/1] (1.00ns)   --->   "%num_samples_read = read i32 @_ssdm_op_Read.s_axilite.i32, i32 %num_samples" [vivado/ip_repo/gnss_correlator/src/gnss_correlator.cpp:4]   --->   Operation 50 'read' 'num_samples_read' <Predicate = true> <Delay = 1.00> <CoreInst = "s_axilite">   --->   Core 112 's_axilite' <Latency = 0> <II = 1> <Delay = 1.00> <Adapter> <Opcode : 'read' 'write'>
ST_1 : Operation 51 [1/1] (1.00ns)   --->   "%code_Q_read = read i64 @_ssdm_op_Read.s_axilite.i64, i64 %code_Q" [vivado/ip_repo/gnss_correlator/src/gnss_correlator.cpp:4]   --->   Operation 51 'read' 'code_Q_read' <Predicate = true> <Delay = 1.00> <CoreInst = "s_axilite">   --->   Core 112 's_axilite' <Latency = 0> <II = 1> <Delay = 1.00> <Adapter> <Opcode : 'read' 'write'>
ST_1 : Operation 52 [1/1] (1.00ns)   --->   "%code_I_read = read i64 @_ssdm_op_Read.s_axilite.i64, i64 %code_I" [vivado/ip_repo/gnss_correlator/src/gnss_correlator.cpp:4]   --->   Operation 52 'read' 'code_I_read' <Predicate = true> <Delay = 1.00> <CoreInst = "s_axilite">   --->   Core 112 's_axilite' <Latency = 0> <II = 1> <Delay = 1.00> <Adapter> <Opcode : 'read' 'write'>
ST_1 : Operation 53 [1/1] (1.00ns)   --->   "%signal_Q_read = read i64 @_ssdm_op_Read.s_axilite.i64, i64 %signal_Q" [vivado/ip_repo/gnss_correlator/src/gnss_correlator.cpp:4]   --->   Operation 53 'read' 'signal_Q_read' <Predicate = true> <Delay = 1.00> <CoreInst = "s_axilite">   --->   Core 112 's_axilite' <Latency = 0> <II = 1> <Delay = 1.00> <Adapter> <Opcode : 'read' 'write'>
ST_1 : Operation 54 [1/1] (1.00ns)   --->   "%signal_I_read = read i64 @_ssdm_op_Read.s_axilite.i64, i64 %signal_I" [vivado/ip_repo/gnss_correlator/src/gnss_correlator.cpp:4]   --->   Operation 54 'read' 'signal_I_read' <Predicate = true> <Delay = 1.00> <CoreInst = "s_axilite">   --->   Core 112 's_axilite' <Latency = 0> <II = 1> <Delay = 1.00> <Adapter> <Opcode : 'read' 'write'>
ST_1 : Operation 55 [1/1] (0.00ns)   --->   "%trunc_ln = partselect i62 @_ssdm_op_PartSelect.i62.i64.i32.i32, i64 %signal_I_read, i32 2, i32 63" [vivado/ip_repo/gnss_correlator/src/gnss_correlator.cpp:23]   --->   Operation 55 'partselect' 'trunc_ln' <Predicate = true> <Delay = 0.00>
ST_1 : Operation 56 [1/1] (0.00ns)   --->   "%sext_ln23 = sext i62 %trunc_ln" [vivado/ip_repo/gnss_correlator/src/gnss_correlator.cpp:23]   --->   Operation 56 'sext' 'sext_ln23' <Predicate = true> <Delay = 0.00>
ST_1 : Operation 57 [1/1] (0.00ns)   --->   "%trunc_ln23_1 = partselect i62 @_ssdm_op_PartSelect.i62.i64.i32.i32, i64 %signal_Q_read, i32 2, i32 63" [vivado/ip_repo/gnss_correlator/src/gnss_correlator.cpp:23]   --->   Operation 57 'partselect' 'trunc_ln23_1' <Predicate = true> <Delay = 0.00>
ST_1 : Operation 58 [1/1] (0.00ns)   --->   "%sext_ln23_1 = sext i62 %trunc_ln23_1" [vivado/ip_repo/gnss_correlator/src/gnss_correlator.cpp:23]   --->   Operation 58 'sext' 'sext_ln23_1' <Predicate = true> <Delay = 0.00>
ST_1 : Operation 59 [1/1] (0.00ns)   --->   "%trunc_ln23_2 = partselect i62 @_ssdm_op_PartSelect.i62.i64.i32.i32, i64 %code_I_read, i32 2, i32 63" [vivado/ip_repo/gnss_correlator/src/gnss_correlator.cpp:23]   --->   Operation 59 'partselect' 'trunc_ln23_2' <Predicate = true> <Delay = 0.00>
ST_1 : Operation 60 [1/1] (0.00ns)   --->   "%sext_ln23_2 = sext i62 %trunc_ln23_2" [vivado/ip_repo/gnss_correlator/src/gnss_correlator.cpp:23]   --->   Operation 60 'sext' 'sext_ln23_2' <Predicate = true> <Delay = 0.00>
ST_1 : Operation 61 [1/1] (0.00ns)   --->   "%trunc_ln23_3 = partselect i62 @_ssdm_op_PartSelect.i62.i64.i32.i32, i64 %code_Q_read, i32 2, i32 63" [vivado/ip_repo/gnss_correlator/src/gnss_correlator.cpp:23]   --->   Operation 61 'partselect' 'trunc_ln23_3' <Predicate = true> <Delay = 0.00>
ST_1 : Operation 62 [1/1] (0.00ns)   --->   "%sext_ln23_3 = sext i62 %trunc_ln23_3" [vivado/ip_repo/gnss_correlator/src/gnss_correlator.cpp:23]   --->   Operation 62 'sext' 'sext_ln23_3' <Predicate = true> <Delay = 0.00>
ST_1 : Operation 63 [1/1] (1.58ns)   --->   "%store_ln23 = store i31 0, i31 %i" [vivado/ip_repo/gnss_correlator/src/gnss_correlator.cpp:23]   --->   Operation 63 'store' 'store_ln23' <Predicate = true> <Delay = 1.58>
ST_1 : Operation 64 [1/1] (1.58ns)   --->   "%store_ln21 = store i32 0, i32 %acc_Q" [vivado/ip_repo/gnss_correlator/src/gnss_correlator.cpp:21]   --->   Operation 64 'store' 'store_ln21' <Predicate = true> <Delay = 1.58>
ST_1 : Operation 65 [1/1] (1.58ns)   --->   "%store_ln20 = store i32 0, i32 %acc_I" [vivado/ip_repo/gnss_correlator/src/gnss_correlator.cpp:20]   --->   Operation 65 'store' 'store_ln20' <Predicate = true> <Delay = 1.58>
ST_1 : Operation 66 [1/1] (0.00ns)   --->   "%br_ln23 = br void %for.inc" [vivado/ip_repo/gnss_correlator/src/gnss_correlator.cpp:23]   --->   Operation 66 'br' 'br_ln23' <Predicate = true> <Delay = 0.00>
ST_1 : Operation 67 [1/1] (0.00ns)   --->   "%i_1 = load i31 %i" [vivado/ip_repo/gnss_correlator/src/gnss_correlator.cpp:23]   --->   Operation 67 'load' 'i_1' <Predicate = true> <Delay = 0.00>
ST_1 : Operation 68 [1/1] (0.00ns)   --->   "%zext_ln23_1 = zext i31 %i_1" [vivado/ip_repo/gnss_correlator/src/gnss_correlator.cpp:23]   --->   Operation 68 'zext' 'zext_ln23_1' <Predicate = true> <Delay = 0.00>
ST_1 : Operation 69 [1/1] (2.55ns)   --->   "%icmp_ln23 = icmp_slt  i32 %zext_ln23_1, i32 %num_samples_read" [vivado/ip_repo/gnss_correlator/src/gnss_correlator.cpp:23]   --->   Operation 69 'icmp' 'icmp_ln23' <Predicate = true> <Delay = 2.55> <CoreInst = "Cmp">   --->   Core 9 'Cmp' <Latency = 0> <II = 1> <Delay = 2.55> <FuncUnit> <Opcode : 'seteq' 'setne' 'setle' 'setge' 'setlt' 'setgt'> <InPorts = 2> <OutPorts = 1>
ST_1 : Operation 70 [1/1] (0.00ns)   --->   "%br_ln23 = br i1 %icmp_ln23, void %for.end.loopexit, void %for.inc.split" [vivado/ip_repo/gnss_correlator/src/gnss_correlator.cpp:23]   --->   Operation 70 'br' 'br_ln23' <Predicate = true> <Delay = 0.00>
ST_1 : Operation 71 [1/1] (2.52ns)   --->   "%add_ln23 = add i31 %i_1, i31 1" [vivado/ip_repo/gnss_correlator/src/gnss_correlator.cpp:23]   --->   Operation 71 'add' 'add_ln23' <Predicate = (icmp_ln23)> <Delay = 2.52> <CoreInst = "Adder">   --->   Core 1 'Adder' <Latency = 0> <II = 1> <Delay = 2.52> <FuncUnit> <Opcode : 'add' 'sub'> <InPorts = 2> <OutPorts = 1>
ST_1 : Operation 72 [1/1] (0.00ns)   --->   "%zext_ln23 = zext i31 %i_1" [vivado/ip_repo/gnss_correlator/src/gnss_correlator.cpp:23]   --->   Operation 72 'zext' 'zext_ln23' <Predicate = (icmp_ln23)> <Delay = 0.00>
ST_1 : Operation 73 [1/1] (3.46ns)   --->   "%add_ln26 = add i63 %zext_ln23, i63 %sext_ln23" [vivado/ip_repo/gnss_correlator/src/gnss_correlator.cpp:26]   --->   Operation 73 'add' 'add_ln26' <Predicate = (icmp_ln23)> <Delay = 3.46> <CoreInst = "Adder">   --->   Core 1 'Adder' <Latency = 0> <II = 1> <Delay = 3.46> <FuncUnit> <Opcode : 'add' 'sub'> <InPorts = 2> <OutPorts = 1>
ST_1 : Operation 74 [1/1] (0.00ns)   --->   "%sext_ln26 = sext i63 %add_ln26" [vivado/ip_repo/gnss_correlator/src/gnss_correlator.cpp:26]   --->   Operation 74 'sext' 'sext_ln26' <Predicate = (icmp_ln23)> <Delay = 0.00>
ST_1 : Operation 75 [1/1] (0.00ns)   --->   "%gmem0_addr = getelementptr i32 %gmem0, i64 %sext_ln26" [vivado/ip_repo/gnss_correlator/src/gnss_correlator.cpp:26]   --->   Operation 75 'getelementptr' 'gmem0_addr' <Predicate = (icmp_ln23)> <Delay = 0.00>
ST_1 : Operation 76 [1/1] (3.46ns)   --->   "%add_ln27 = add i63 %zext_ln23, i63 %sext_ln23_1" [vivado/ip_repo/gnss_correlator/src/gnss_correlator.cpp:27]   --->   Operation 76 'add' 'add_ln27' <Predicate = (icmp_ln23)> <Delay = 3.46> <CoreInst = "Adder">   --->   Core 1 'Adder' <Latency = 0> <II = 1> <Delay = 3.46> <FuncUnit> <Opcode : 'add' 'sub'> <InPorts = 2> <OutPorts = 1>
ST_1 : Operation 77 [1/1] (0.00ns)   --->   "%sext_ln27 = sext i63 %add_ln27" [vivado/ip_repo/gnss_correlator/src/gnss_correlator.cpp:27]   --->   Operation 77 'sext' 'sext_ln27' <Predicate = (icmp_ln23)> <Delay = 0.00>
ST_1 : Operation 78 [1/1] (0.00ns)   --->   "%gmem0_addr_1 = getelementptr i32 %gmem0, i64 %sext_ln27" [vivado/ip_repo/gnss_correlator/src/gnss_correlator.cpp:27]   --->   Operation 78 'getelementptr' 'gmem0_addr_1' <Predicate = (icmp_ln23)> <Delay = 0.00>
ST_1 : Operation 79 [1/1] (3.46ns)   --->   "%add_ln28 = add i63 %zext_ln23, i63 %sext_ln23_2" [vivado/ip_repo/gnss_correlator/src/gnss_correlator.cpp:28]   --->   Operation 79 'add' 'add_ln28' <Predicate = (icmp_ln23)> <Delay = 3.46> <CoreInst = "Adder">   --->   Core 1 'Adder' <Latency = 0> <II = 1> <Delay = 3.46> <FuncUnit> <Opcode : 'add' 'sub'> <InPorts = 2> <OutPorts = 1>
ST_1 : Operation 80 [1/1] (0.00ns)   --->   "%sext_ln28 = sext i63 %add_ln28" [vivado/ip_repo/gnss_correlator/src/gnss_correlator.cpp:28]   --->   Operation 80 'sext' 'sext_ln28' <Predicate = (icmp_ln23)> <Delay = 0.00>
ST_1 : Operation 81 [1/1] (0.00ns)   --->   "%gmem1_addr = getelementptr i32 %gmem1, i64 %sext_ln28" [vivado/ip_repo/gnss_correlator/src/gnss_correlator.cpp:28]   --->   Operation 81 'getelementptr' 'gmem1_addr' <Predicate = (icmp_ln23)> <Delay = 0.00>
ST_1 : Operation 82 [1/1] (3.46ns)   --->   "%add_ln29 = add i63 %zext_ln23, i63 %sext_ln23_3" [vivado/ip_repo/gnss_correlator/src/gnss_correlator.cpp:29]   --->   Operation 82 'add' 'add_ln29' <Predicate = (icmp_ln23)> <Delay = 3.46> <CoreInst = "Adder">   --->   Core 1 'Adder' <Latency = 0> <II = 1> <Delay = 3.46> <FuncUnit> <Opcode : 'add' 'sub'> <InPorts = 2> <OutPorts = 1>
ST_1 : Operation 83 [1/1] (0.00ns)   --->   "%sext_ln29 = sext i63 %add_ln29" [vivado/ip_repo/gnss_correlator/src/gnss_correlator.cpp:29]   --->   Operation 83 'sext' 'sext_ln29' <Predicate = (icmp_ln23)> <Delay = 0.00>
ST_1 : Operation 84 [1/1] (0.00ns)   --->   "%gmem1_addr_1 = getelementptr i32 %gmem1, i64 %sext_ln29" [vivado/ip_repo/gnss_correlator/src/gnss_correlator.cpp:29]   --->   Operation 84 'getelementptr' 'gmem1_addr_1' <Predicate = (icmp_ln23)> <Delay = 0.00>
ST_1 : Operation 85 [1/1] (1.58ns)   --->   "%store_ln23 = store i31 %add_ln23, i31 %i" [vivado/ip_repo/gnss_correlator/src/gnss_correlator.cpp:23]   --->   Operation 85 'store' 'store_ln23' <Predicate = (icmp_ln23)> <Delay = 1.58>

State 2 <SV = 1> <Delay = 0.00>
ST_2 : Operation 86 [8/8] (7.30ns)   --->   "%gmem0_load_req = readreq i1 @_ssdm_op_ReadReq.m_axi.i32P1A, i32 %gmem0_addr, i64 1" [vivado/ip_repo/gnss_correlator/src/gnss_correlator.cpp:26]   --->   Operation 86 'readreq' 'gmem0_load_req' <Predicate = (icmp_ln23)> <Delay = 7.30> <CoreInst = "m_axi">   --->   Core 111 'm_axi' <Latency = 6> <II = 1> <Delay = 1.00> <Adapter> <Opcode : 'readrequnaligned' 'writerequnaligned' 'read' 'write' 'readreq' 'writereq' 'writeresp'>
ST_2 : Operation 87 [8/8] (7.30ns)   --->   "%gmem1_load_req = readreq i1 @_ssdm_op_ReadReq.m_axi.i32P1A, i32 %gmem1_addr, i64 1" [vivado/ip_repo/gnss_correlator/src/gnss_correlator.cpp:28]   --->   Operation 87 'readreq' 'gmem1_load_req' <Predicate = (icmp_ln23)> <Delay = 7.30> <CoreInst = "m_axi">   --->   Core 111 'm_axi' <Latency = 6> <II = 1> <Delay = 1.00> <Adapter> <Opcode : 'readrequnaligned' 'writerequnaligned' 'read' 'write' 'readreq' 'writereq' 'writeresp'>

State 3 <SV = 2> <Delay = 0.00>
ST_3 : Operation 88 [7/8] (7.30ns)   --->   "%gmem0_load_req = readreq i1 @_ssdm_op_ReadReq.m_axi.i32P1A, i32 %gmem0_addr, i64 1" [vivado/ip_repo/gnss_correlator/src/gnss_correlator.cpp:26]   --->   Operation 88 'readreq' 'gmem0_load_req' <Predicate = true> <Delay = 7.30> <CoreInst = "m_axi">   --->   Core 111 'm_axi' <Latency = 6> <II = 1> <Delay = 1.00> <Adapter> <Opcode : 'readrequnaligned' 'writerequnaligned' 'read' 'write' 'readreq' 'writereq' 'writeresp'>
ST_3 : Operation 89 [8/8] (7.30ns)   --->   "%gmem0_load_1_req = readreq i1 @_ssdm_op_ReadReq.m_axi.i32P1A, i32 %gmem0_addr_1, i64 1" [vivado/ip_repo/gnss_correlator/src/gnss_correlator.cpp:27]   --->   Operation 89 'readreq' 'gmem0_load_1_req' <Predicate = true> <Delay = 7.30> <CoreInst = "m_axi">   --->   Core 111 'm_axi' <Latency = 6> <II = 1> <Delay = 1.00> <Adapter> <Opcode : 'readrequnaligned' 'writerequnaligned' 'read' 'write' 'readreq' 'writereq' 'writeresp'>
ST_3 : Operation 90 [7/8] (7.30ns)   --->   "%gmem1_load_req = readreq i1 @_ssdm_op_ReadReq.m_axi.i32P1A, i32 %gmem1_addr, i64 1" [vivado/ip_repo/gnss_correlator/src/gnss_correlator.cpp:28]   --->   Operation 90 'readreq' 'gmem1_load_req' <Predicate = true> <Delay = 7.30> <CoreInst = "m_axi">   --->   Core 111 'm_axi' <Latency = 6> <II = 1> <Delay = 1.00> <Adapter> <Opcode : 'readrequnaligned' 'writerequnaligned' 'read' 'write' 'readreq' 'writereq' 'writeresp'>
ST_3 : Operation 91 [8/8] (7.30ns)   --->   "%gmem1_load_1_req = readreq i1 @_ssdm_op_ReadReq.m_axi.i32P1A, i32 %gmem1_addr_1, i64 1" [vivado/ip_repo/gnss_correlator/src/gnss_correlator.cpp:29]   --->   Operation 91 'readreq' 'gmem1_load_1_req' <Predicate = true> <Delay = 7.30> <CoreInst = "m_axi">   --->   Core 111 'm_axi' <Latency = 6> <II = 1> <Delay = 1.00> <Adapter> <Opcode : 'readrequnaligned' 'writerequnaligned' 'read' 'write' 'readreq' 'writereq' 'writeresp'>

State 4 <SV = 3> <Delay = 0.00>
ST_4 : Operation 92 [6/8] (7.30ns)   --->   "%gmem0_load_req = readreq i1 @_ssdm_op_ReadReq.m_axi.i32P1A, i32 %gmem0_addr, i64 1" [vivado/ip_repo/gnss_correlator/src/gnss_correlator.cpp:26]   --->   Operation 92 'readreq' 'gmem0_load_req' <Predicate = true> <Delay = 7.30> <CoreInst = "m_axi">   --->   Core 111 'm_axi' <Latency = 6> <II = 1> <Delay = 1.00> <Adapter> <Opcode : 'readrequnaligned' 'writerequnaligned' 'read' 'write' 'readreq' 'writereq' 'writeresp'>
ST_4 : Operation 93 [7/8] (7.30ns)   --->   "%gmem0_load_1_req = readreq i1 @_ssdm_op_ReadReq.m_axi.i32P1A, i32 %gmem0_addr_1, i64 1" [vivado/ip_repo/gnss_correlator/src/gnss_correlator.cpp:27]   --->   Operation 93 'readreq' 'gmem0_load_1_req' <Predicate = true> <Delay = 7.30> <CoreInst = "m_axi">   --->   Core 111 'm_axi' <Latency = 6> <II = 1> <Delay = 1.00> <Adapter> <Opcode : 'readrequnaligned' 'writerequnaligned' 'read' 'write' 'readreq' 'writereq' 'writeresp'>
ST_4 : Operation 94 [6/8] (7.30ns)   --->   "%gmem1_load_req = readreq i1 @_ssdm_op_ReadReq.m_axi.i32P1A, i32 %gmem1_addr, i64 1" [vivado/ip_repo/gnss_correlator/src/gnss_correlator.cpp:28]   --->   Operation 94 'readreq' 'gmem1_load_req' <Predicate = true> <Delay = 7.30> <CoreInst = "m_axi">   --->   Core 111 'm_axi' <Latency = 6> <II = 1> <Delay = 1.00> <Adapter> <Opcode : 'readrequnaligned' 'writerequnaligned' 'read' 'write' 'readreq' 'writereq' 'writeresp'>
ST_4 : Operation 95 [7/8] (7.30ns)   --->   "%gmem1_load_1_req = readreq i1 @_ssdm_op_ReadReq.m_axi.i32P1A, i32 %gmem1_addr_1, i64 1" [vivado/ip_repo/gnss_correlator/src/gnss_correlator.cpp:29]   --->   Operation 95 'readreq' 'gmem1_load_1_req' <Predicate = true> <Delay = 7.30> <CoreInst = "m_axi">   --->   Core 111 'm_axi' <Latency = 6> <II = 1> <Delay = 1.00> <Adapter> <Opcode : 'readrequnaligned' 'writerequnaligned' 'read' 'write' 'readreq' 'writereq' 'writeresp'>

State 5 <SV = 4> <Delay = 0.00>
ST_5 : Operation 96 [5/8] (7.30ns)   --->   "%gmem0_load_req = readreq i1 @_ssdm_op_ReadReq.m_axi.i32P1A, i32 %gmem0_addr, i64 1" [vivado/ip_repo/gnss_correlator/src/gnss_correlator.cpp:26]   --->   Operation 96 'readreq' 'gmem0_load_req' <Predicate = true> <Delay = 7.30> <CoreInst = "m_axi">   --->   Core 111 'm_axi' <Latency = 6> <II = 1> <Delay = 1.00> <Adapter> <Opcode : 'readrequnaligned' 'writerequnaligned' 'read' 'write' 'readreq' 'writereq' 'writeresp'>
ST_5 : Operation 97 [6/8] (7.30ns)   --->   "%gmem0_load_1_req = readreq i1 @_ssdm_op_ReadReq.m_axi.i32P1A, i32 %gmem0_addr_1, i64 1" [vivado/ip_repo/gnss_correlator/src/gnss_correlator.cpp:27]   --->   Operation 97 'readreq' 'gmem0_load_1_req' <Predicate = true> <Delay = 7.30> <CoreInst = "m_axi">   --->   Core 111 'm_axi' <Latency = 6> <II = 1> <Delay = 1.00> <Adapter> <Opcode : 'readrequnaligned' 'writerequnaligned' 'read' 'write' 'readreq' 'writereq' 'writeresp'>
ST_5 : Operation 98 [5/8] (7.30ns)   --->   "%gmem1_load_req = readreq i1 @_ssdm_op_ReadReq.m_axi.i32P1A, i32 %gmem1_addr, i64 1" [vivado/ip_repo/gnss_correlator/src/gnss_correlator.cpp:28]   --->   Operation 98 'readreq' 'gmem1_load_req' <Predicate = true> <Delay = 7.30> <CoreInst = "m_axi">   --->   Core 111 'm_axi' <Latency = 6> <II = 1> <Delay = 1.00> <Adapter> <Opcode : 'readrequnaligned' 'writerequnaligned' 'read' 'write' 'readreq' 'writereq' 'writeresp'>
ST_5 : Operation 99 [6/8] (7.30ns)   --->   "%gmem1_load_1_req = readreq i1 @_ssdm_op_ReadReq.m_axi.i32P1A, i32 %gmem1_addr_1, i64 1" [vivado/ip_repo/gnss_correlator/src/gnss_correlator.cpp:29]   --->   Operation 99 'readreq' 'gmem1_load_1_req' <Predicate = true> <Delay = 7.30> <CoreInst = "m_axi">   --->   Core 111 'm_axi' <Latency = 6> <II = 1> <Delay = 1.00> <Adapter> <Opcode : 'readrequnaligned' 'writerequnaligned' 'read' 'write' 'readreq' 'writereq' 'writeresp'>

State 6 <SV = 5> <Delay = 0.00>
ST_6 : Operation 100 [4/8] (7.30ns)   --->   "%gmem0_load_req = readreq i1 @_ssdm_op_ReadReq.m_axi.i32P1A, i32 %gmem0_addr, i64 1" [vivado/ip_repo/gnss_correlator/src/gnss_correlator.cpp:26]   --->   Operation 100 'readreq' 'gmem0_load_req' <Predicate = true> <Delay = 7.30> <CoreInst = "m_axi">   --->   Core 111 'm_axi' <Latency = 6> <II = 1> <Delay = 1.00> <Adapter> <Opcode : 'readrequnaligned' 'writerequnaligned' 'read' 'write' 'readreq' 'writereq' 'writeresp'>
ST_6 : Operation 101 [5/8] (7.30ns)   --->   "%gmem0_load_1_req = readreq i1 @_ssdm_op_ReadReq.m_axi.i32P1A, i32 %gmem0_addr_1, i64 1" [vivado/ip_repo/gnss_correlator/src/gnss_correlator.cpp:27]   --->   Operation 101 'readreq' 'gmem0_load_1_req' <Predicate = true> <Delay = 7.30> <CoreInst = "m_axi">   --->   Core 111 'm_axi' <Latency = 6> <II = 1> <Delay = 1.00> <Adapter> <Opcode : 'readrequnaligned' 'writerequnaligned' 'read' 'write' 'readreq' 'writereq' 'writeresp'>
ST_6 : Operation 102 [4/8] (7.30ns)   --->   "%gmem1_load_req = readreq i1 @_ssdm_op_ReadReq.m_axi.i32P1A, i32 %gmem1_addr, i64 1" [vivado/ip_repo/gnss_correlator/src/gnss_correlator.cpp:28]   --->   Operation 102 'readreq' 'gmem1_load_req' <Predicate = true> <Delay = 7.30> <CoreInst = "m_axi">   --->   Core 111 'm_axi' <Latency = 6> <II = 1> <Delay = 1.00> <Adapter> <Opcode : 'readrequnaligned' 'writerequnaligned' 'read' 'write' 'readreq' 'writereq' 'writeresp'>
ST_6 : Operation 103 [5/8] (7.30ns)   --->   "%gmem1_load_1_req = readreq i1 @_ssdm_op_ReadReq.m_axi.i32P1A, i32 %gmem1_addr_1, i64 1" [vivado/ip_repo/gnss_correlator/src/gnss_correlator.cpp:29]   --->   Operation 103 'readreq' 'gmem1_load_1_req' <Predicate = true> <Delay = 7.30> <CoreInst = "m_axi">   --->   Core 111 'm_axi' <Latency = 6> <II = 1> <Delay = 1.00> <Adapter> <Opcode : 'readrequnaligned' 'writerequnaligned' 'read' 'write' 'readreq' 'writereq' 'writeresp'>

State 7 <SV = 6> <Delay = 0.00>
ST_7 : Operation 104 [3/8] (7.30ns)   --->   "%gmem0_load_req = readreq i1 @_ssdm_op_ReadReq.m_axi.i32P1A, i32 %gmem0_addr, i64 1" [vivado/ip_repo/gnss_correlator/src/gnss_correlator.cpp:26]   --->   Operation 104 'readreq' 'gmem0_load_req' <Predicate = true> <Delay = 7.30> <CoreInst = "m_axi">   --->   Core 111 'm_axi' <Latency = 6> <II = 1> <Delay = 1.00> <Adapter> <Opcode : 'readrequnaligned' 'writerequnaligned' 'read' 'write' 'readreq' 'writereq' 'writeresp'>
ST_7 : Operation 105 [4/8] (7.30ns)   --->   "%gmem0_load_1_req = readreq i1 @_ssdm_op_ReadReq.m_axi.i32P1A, i32 %gmem0_addr_1, i64 1" [vivado/ip_repo/gnss_correlator/src/gnss_correlator.cpp:27]   --->   Operation 105 'readreq' 'gmem0_load_1_req' <Predicate = true> <Delay = 7.30> <CoreInst = "m_axi">   --->   Core 111 'm_axi' <Latency = 6> <II = 1> <Delay = 1.00> <Adapter> <Opcode : 'readrequnaligned' 'writerequnaligned' 'read' 'write' 'readreq' 'writereq' 'writeresp'>
ST_7 : Operation 106 [3/8] (7.30ns)   --->   "%gmem1_load_req = readreq i1 @_ssdm_op_ReadReq.m_axi.i32P1A, i32 %gmem1_addr, i64 1" [vivado/ip_repo/gnss_correlator/src/gnss_correlator.cpp:28]   --->   Operation 106 'readreq' 'gmem1_load_req' <Predicate = true> <Delay = 7.30> <CoreInst = "m_axi">   --->   Core 111 'm_axi' <Latency = 6> <II = 1> <Delay = 1.00> <Adapter> <Opcode : 'readrequnaligned' 'writerequnaligned' 'read' 'write' 'readreq' 'writereq' 'writeresp'>
ST_7 : Operation 107 [4/8] (7.30ns)   --->   "%gmem1_load_1_req = readreq i1 @_ssdm_op_ReadReq.m_axi.i32P1A, i32 %gmem1_addr_1, i64 1" [vivado/ip_repo/gnss_correlator/src/gnss_correlator.cpp:29]   --->   Operation 107 'readreq' 'gmem1_load_1_req' <Predicate = true> <Delay = 7.30> <CoreInst = "m_axi">   --->   Core 111 'm_axi' <Latency = 6> <II = 1> <Delay = 1.00> <Adapter> <Opcode : 'readrequnaligned' 'writerequnaligned' 'read' 'write' 'readreq' 'writereq' 'writeresp'>

State 8 <SV = 7> <Delay = 0.00>
ST_8 : Operation 108 [2/8] (7.30ns)   --->   "%gmem0_load_req = readreq i1 @_ssdm_op_ReadReq.m_axi.i32P1A, i32 %gmem0_addr, i64 1" [vivado/ip_repo/gnss_correlator/src/gnss_correlator.cpp:26]   --->   Operation 108 'readreq' 'gmem0_load_req' <Predicate = true> <Delay = 7.30> <CoreInst = "m_axi">   --->   Core 111 'm_axi' <Latency = 6> <II = 1> <Delay = 1.00> <Adapter> <Opcode : 'readrequnaligned' 'writerequnaligned' 'read' 'write' 'readreq' 'writereq' 'writeresp'>
ST_8 : Operation 109 [3/8] (7.30ns)   --->   "%gmem0_load_1_req = readreq i1 @_ssdm_op_ReadReq.m_axi.i32P1A, i32 %gmem0_addr_1, i64 1" [vivado/ip_repo/gnss_correlator/src/gnss_correlator.cpp:27]   --->   Operation 109 'readreq' 'gmem0_load_1_req' <Predicate = true> <Delay = 7.30> <CoreInst = "m_axi">   --->   Core 111 'm_axi' <Latency = 6> <II = 1> <Delay = 1.00> <Adapter> <Opcode : 'readrequnaligned' 'writerequnaligned' 'read' 'write' 'readreq' 'writereq' 'writeresp'>
ST_8 : Operation 110 [2/8] (7.30ns)   --->   "%gmem1_load_req = readreq i1 @_ssdm_op_ReadReq.m_axi.i32P1A, i32 %gmem1_addr, i64 1" [vivado/ip_repo/gnss_correlator/src/gnss_correlator.cpp:28]   --->   Operation 110 'readreq' 'gmem1_load_req' <Predicate = true> <Delay = 7.30> <CoreInst = "m_axi">   --->   Core 111 'm_axi' <Latency = 6> <II = 1> <Delay = 1.00> <Adapter> <Opcode : 'readrequnaligned' 'writerequnaligned' 'read' 'write' 'readreq' 'writereq' 'writeresp'>
ST_8 : Operation 111 [3/8] (7.30ns)   --->   "%gmem1_load_1_req = readreq i1 @_ssdm_op_ReadReq.m_axi.i32P1A, i32 %gmem1_addr_1, i64 1" [vivado/ip_repo/gnss_correlator/src/gnss_correlator.cpp:29]   --->   Operation 111 'readreq' 'gmem1_load_1_req' <Predicate = true> <Delay = 7.30> <CoreInst = "m_axi">   --->   Core 111 'm_axi' <Latency = 6> <II = 1> <Delay = 1.00> <Adapter> <Opcode : 'readrequnaligned' 'writerequnaligned' 'read' 'write' 'readreq' 'writereq' 'writeresp'>

State 9 <SV = 8> <Delay = 7.30>
ST_9 : Operation 112 [1/8] ( I:7.30ns O:7.30ns )   --->   "%gmem0_load_req = readreq i1 @_ssdm_op_ReadReq.m_axi.i32P1A, i32 %gmem0_addr, i64 1" [vivado/ip_repo/gnss_correlator/src/gnss_correlator.cpp:26]   --->   Operation 112 'readreq' 'gmem0_load_req' <Predicate = true> <Delay = 7.30> <CoreInst = "m_axi">   --->   Core 111 'm_axi' <Latency = 6> <II = 1> <Delay = 1.00> <Adapter> <Opcode : 'readrequnaligned' 'writerequnaligned' 'read' 'write' 'readreq' 'writereq' 'writeresp'>
ST_9 : Operation 113 [2/8] (7.30ns)   --->   "%gmem0_load_1_req = readreq i1 @_ssdm_op_ReadReq.m_axi.i32P1A, i32 %gmem0_addr_1, i64 1" [vivado/ip_repo/gnss_correlator/src/gnss_correlator.cpp:27]   --->   Operation 113 'readreq' 'gmem0_load_1_req' <Predicate = true> <Delay = 7.30> <CoreInst = "m_axi">   --->   Core 111 'm_axi' <Latency = 6> <II = 1> <Delay = 1.00> <Adapter> <Opcode : 'readrequnaligned' 'writerequnaligned' 'read' 'write' 'readreq' 'writereq' 'writeresp'>
ST_9 : Operation 114 [1/8] ( I:7.30ns O:7.30ns )   --->   "%gmem1_load_req = readreq i1 @_ssdm_op_ReadReq.m_axi.i32P1A, i32 %gmem1_addr, i64 1" [vivado/ip_repo/gnss_correlator/src/gnss_correlator.cpp:28]   --->   Operation 114 'readreq' 'gmem1_load_req' <Predicate = true> <Delay = 7.30> <CoreInst = "m_axi">   --->   Core 111 'm_axi' <Latency = 6> <II = 1> <Delay = 1.00> <Adapter> <Opcode : 'readrequnaligned' 'writerequnaligned' 'read' 'write' 'readreq' 'writereq' 'writeresp'>
ST_9 : Operation 115 [2/8] (7.30ns)   --->   "%gmem1_load_1_req = readreq i1 @_ssdm_op_ReadReq.m_axi.i32P1A, i32 %gmem1_addr_1, i64 1" [vivado/ip_repo/gnss_correlator/src/gnss_correlator.cpp:29]   --->   Operation 115 'readreq' 'gmem1_load_1_req' <Predicate = true> <Delay = 7.30> <CoreInst = "m_axi">   --->   Core 111 'm_axi' <Latency = 6> <II = 1> <Delay = 1.00> <Adapter> <Opcode : 'readrequnaligned' 'writerequnaligned' 'read' 'write' 'readreq' 'writereq' 'writeresp'>

State 10 <SV = 9> <Delay = 13.0>
ST_10 : Operation 116 [1/1] ( I:7.30ns O:7.30ns )   --->   "%gmem0_addr_read = read i32 @_ssdm_op_Read.m_axi.i32P1A, i32 %gmem0_addr" [vivado/ip_repo/gnss_correlator/src/gnss_correlator.cpp:26]   --->   Operation 116 'read' 'gmem0_addr_read' <Predicate = true> <Delay = 7.30> <CoreInst = "m_axi">   --->   Core 111 'm_axi' <Latency = 3> <II = 1> <Delay = 1.00> <Adapter> <Opcode : 'readrequnaligned' 'writerequnaligned' 'read' 'write' 'readreq' 'writereq' 'writeresp'>
ST_10 : Operation 117 [1/1] (0.00ns)   --->   "%a = bitcast i32 %gmem0_addr_read" [vivado/ip_repo/gnss_correlator/src/gnss_correlator.cpp:26]   --->   Operation 117 'bitcast' 'a' <Predicate = true> <Delay = 0.00>
ST_10 : Operation 118 [1/8] ( I:7.30ns O:7.30ns )   --->   "%gmem0_load_1_req = readreq i1 @_ssdm_op_ReadReq.m_axi.i32P1A, i32 %gmem0_addr_1, i64 1" [vivado/ip_repo/gnss_correlator/src/gnss_correlator.cpp:27]   --->   Operation 118 'readreq' 'gmem0_load_1_req' <Predicate = true> <Delay = 7.30> <CoreInst = "m_axi">   --->   Core 111 'm_axi' <Latency = 6> <II = 1> <Delay = 1.00> <Adapter> <Opcode : 'readrequnaligned' 'writerequnaligned' 'read' 'write' 'readreq' 'writereq' 'writeresp'>
ST_10 : Operation 119 [1/1] ( I:7.30ns O:7.30ns )   --->   "%gmem1_addr_read = read i32 @_ssdm_op_Read.m_axi.i32P1A, i32 %gmem1_addr" [vivado/ip_repo/gnss_correlator/src/gnss_correlator.cpp:28]   --->   Operation 119 'read' 'gmem1_addr_read' <Predicate = true> <Delay = 7.30> <CoreInst = "m_axi">   --->   Core 111 'm_axi' <Latency = 3> <II = 1> <Delay = 1.00> <Adapter> <Opcode : 'readrequnaligned' 'writerequnaligned' 'read' 'write' 'readreq' 'writereq' 'writeresp'>
ST_10 : Operation 120 [1/1] (0.00ns)   --->   "%c = bitcast i32 %gmem1_addr_read" [vivado/ip_repo/gnss_correlator/src/gnss_correlator.cpp:28]   --->   Operation 120 'bitcast' 'c' <Predicate = true> <Delay = 0.00>
ST_10 : Operation 121 [1/8] ( I:7.30ns O:7.30ns )   --->   "%gmem1_load_1_req = readreq i1 @_ssdm_op_ReadReq.m_axi.i32P1A, i32 %gmem1_addr_1, i64 1" [vivado/ip_repo/gnss_correlator/src/gnss_correlator.cpp:29]   --->   Operation 121 'readreq' 'gmem1_load_1_req' <Predicate = true> <Delay = 7.30> <CoreInst = "m_axi">   --->   Core 111 'm_axi' <Latency = 6> <II = 1> <Delay = 1.00> <Adapter> <Opcode : 'readrequnaligned' 'writerequnaligned' 'read' 'write' 'readreq' 'writereq' 'writeresp'>
ST_10 : Operation 122 [4/4] (5.70ns)   --->   "%mul = fmul i32 %a, i32 %c" [vivado/ip_repo/gnss_correlator/src/gnss_correlator.cpp:31]   --->   Operation 122 'fmul' 'mul' <Predicate = true> <Delay = 5.70> <CoreInst = "FMul_maxdsp">   --->   Core 30 'FMul_maxdsp' <Latency = 3> <II = 1> <Delay = 5.70> <FuncUnit> <Opcode : 'fmul'> <InPorts = 2> <OutPorts = 1>

State 11 <SV = 10> <Delay = 13.0>
ST_11 : Operation 123 [1/1] ( I:7.30ns O:7.30ns )   --->   "%gmem0_addr_1_read = read i32 @_ssdm_op_Read.m_axi.i32P1A, i32 %gmem0_addr_1" [vivado/ip_repo/gnss_correlator/src/gnss_correlator.cpp:27]   --->   Operation 123 'read' 'gmem0_addr_1_read' <Predicate = true> <Delay = 7.30> <CoreInst = "m_axi">   --->   Core 111 'm_axi' <Latency = 3> <II = 1> <Delay = 1.00> <Adapter> <Opcode : 'readrequnaligned' 'writerequnaligned' 'read' 'write' 'readreq' 'writereq' 'writeresp'>
ST_11 : Operation 124 [1/1] (0.00ns)   --->   "%b = bitcast i32 %gmem0_addr_1_read" [vivado/ip_repo/gnss_correlator/src/gnss_correlator.cpp:27]   --->   Operation 124 'bitcast' 'b' <Predicate = true> <Delay = 0.00>
ST_11 : Operation 125 [1/1] ( I:7.30ns O:7.30ns )   --->   "%gmem1_addr_1_read = read i32 @_ssdm_op_Read.m_axi.i32P1A, i32 %gmem1_addr_1" [vivado/ip_repo/gnss_correlator/src/gnss_correlator.cpp:29]   --->   Operation 125 'read' 'gmem1_addr_1_read' <Predicate = true> <Delay = 7.30> <CoreInst = "m_axi">   --->   Core 111 'm_axi' <Latency = 3> <II = 1> <Delay = 1.00> <Adapter> <Opcode : 'readrequnaligned' 'writerequnaligned' 'read' 'write' 'readreq' 'writereq' 'writeresp'>
ST_11 : Operation 126 [1/1] (0.00ns)   --->   "%d = bitcast i32 %gmem1_addr_1_read" [vivado/ip_repo/gnss_correlator/src/gnss_correlator.cpp:29]   --->   Operation 126 'bitcast' 'd' <Predicate = true> <Delay = 0.00>
ST_11 : Operation 127 [3/4] (5.70ns)   --->   "%mul = fmul i32 %a, i32 %c" [vivado/ip_repo/gnss_correlator/src/gnss_correlator.cpp:31]   --->   Operation 127 'fmul' 'mul' <Predicate = true> <Delay = 5.70> <CoreInst = "FMul_maxdsp">   --->   Core 30 'FMul_maxdsp' <Latency = 3> <II = 1> <Delay = 5.70> <FuncUnit> <Opcode : 'fmul'> <InPorts = 2> <OutPorts = 1>
ST_11 : Operation 128 [4/4] (5.70ns)   --->   "%mul7 = fmul i32 %b, i32 %d" [vivado/ip_repo/gnss_correlator/src/gnss_correlator.cpp:31]   --->   Operation 128 'fmul' 'mul7' <Predicate = true> <Delay = 5.70> <CoreInst = "FMul_maxdsp">   --->   Core 30 'FMul_maxdsp' <Latency = 3> <II = 1> <Delay = 5.70> <FuncUnit> <Opcode : 'fmul'> <InPorts = 2> <OutPorts = 1>
ST_11 : Operation 129 [4/4] (5.70ns)   --->   "%mul8 = fmul i32 %a, i32 %d" [vivado/ip_repo/gnss_correlator/src/gnss_correlator.cpp:32]   --->   Operation 129 'fmul' 'mul8' <Predicate = true> <Delay = 5.70> <CoreInst = "FMul_maxdsp">   --->   Core 30 'FMul_maxdsp' <Latency = 3> <II = 1> <Delay = 5.70> <FuncUnit> <Opcode : 'fmul'> <InPorts = 2> <OutPorts = 1>

State 12 <SV = 11> <Delay = 5.70>
ST_12 : Operation 130 [2/4] (5.70ns)   --->   "%mul = fmul i32 %a, i32 %c" [vivado/ip_repo/gnss_correlator/src/gnss_correlator.cpp:31]   --->   Operation 130 'fmul' 'mul' <Predicate = true> <Delay = 5.70> <CoreInst = "FMul_maxdsp">   --->   Core 30 'FMul_maxdsp' <Latency = 3> <II = 1> <Delay = 5.70> <FuncUnit> <Opcode : 'fmul'> <InPorts = 2> <OutPorts = 1>
ST_12 : Operation 131 [3/4] (5.70ns)   --->   "%mul7 = fmul i32 %b, i32 %d" [vivado/ip_repo/gnss_correlator/src/gnss_correlator.cpp:31]   --->   Operation 131 'fmul' 'mul7' <Predicate = true> <Delay = 5.70> <CoreInst = "FMul_maxdsp">   --->   Core 30 'FMul_maxdsp' <Latency = 3> <II = 1> <Delay = 5.70> <FuncUnit> <Opcode : 'fmul'> <InPorts = 2> <OutPorts = 1>
ST_12 : Operation 132 [3/4] (5.70ns)   --->   "%mul8 = fmul i32 %a, i32 %d" [vivado/ip_repo/gnss_correlator/src/gnss_correlator.cpp:32]   --->   Operation 132 'fmul' 'mul8' <Predicate = true> <Delay = 5.70> <CoreInst = "FMul_maxdsp">   --->   Core 30 'FMul_maxdsp' <Latency = 3> <II = 1> <Delay = 5.70> <FuncUnit> <Opcode : 'fmul'> <InPorts = 2> <OutPorts = 1>
ST_12 : Operation 133 [4/4] (5.70ns)   --->   "%mul9 = fmul i32 %b, i32 %c" [vivado/ip_repo/gnss_correlator/src/gnss_correlator.cpp:32]   --->   Operation 133 'fmul' 'mul9' <Predicate = true> <Delay = 5.70> <CoreInst = "FMul_maxdsp">   --->   Core 30 'FMul_maxdsp' <Latency = 3> <II = 1> <Delay = 5.70> <FuncUnit> <Opcode : 'fmul'> <InPorts = 2> <OutPorts = 1>

State 13 <SV = 12> <Delay = 5.70>
ST_13 : Operation 134 [1/4] (5.70ns)   --->   "%mul = fmul i32 %a, i32 %c" [vivado/ip_repo/gnss_correlator/src/gnss_correlator.cpp:31]   --->   Operation 134 'fmul' 'mul' <Predicate = true> <Delay = 5.70> <CoreInst = "FMul_maxdsp">   --->   Core 30 'FMul_maxdsp' <Latency = 3> <II = 1> <Delay = 5.70> <FuncUnit> <Opcode : 'fmul'> <InPorts = 2> <OutPorts = 1>
ST_13 : Operation 135 [2/4] (5.70ns)   --->   "%mul7 = fmul i32 %b, i32 %d" [vivado/ip_repo/gnss_correlator/src/gnss_correlator.cpp:31]   --->   Operation 135 'fmul' 'mul7' <Predicate = true> <Delay = 5.70> <CoreInst = "FMul_maxdsp">   --->   Core 30 'FMul_maxdsp' <Latency = 3> <II = 1> <Delay = 5.70> <FuncUnit> <Opcode : 'fmul'> <InPorts = 2> <OutPorts = 1>
ST_13 : Operation 136 [2/4] (5.70ns)   --->   "%mul8 = fmul i32 %a, i32 %d" [vivado/ip_repo/gnss_correlator/src/gnss_correlator.cpp:32]   --->   Operation 136 'fmul' 'mul8' <Predicate = true> <Delay = 5.70> <CoreInst = "FMul_maxdsp">   --->   Core 30 'FMul_maxdsp' <Latency = 3> <II = 1> <Delay = 5.70> <FuncUnit> <Opcode : 'fmul'> <InPorts = 2> <OutPorts = 1>
ST_13 : Operation 137 [3/4] (5.70ns)   --->   "%mul9 = fmul i32 %b, i32 %c" [vivado/ip_repo/gnss_correlator/src/gnss_correlator.cpp:32]   --->   Operation 137 'fmul' 'mul9' <Predicate = true> <Delay = 5.70> <CoreInst = "FMul_maxdsp">   --->   Core 30 'FMul_maxdsp' <Latency = 3> <II = 1> <Delay = 5.70> <FuncUnit> <Opcode : 'fmul'> <InPorts = 2> <OutPorts = 1>

State 14 <SV = 13> <Delay = 12.9>
ST_14 : Operation 138 [1/4] (5.70ns)   --->   "%mul7 = fmul i32 %b, i32 %d" [vivado/ip_repo/gnss_correlator/src/gnss_correlator.cpp:31]   --->   Operation 138 'fmul' 'mul7' <Predicate = true> <Delay = 5.70> <CoreInst = "FMul_maxdsp">   --->   Core 30 'FMul_maxdsp' <Latency = 3> <II = 1> <Delay = 5.70> <FuncUnit> <Opcode : 'fmul'> <InPorts = 2> <OutPorts = 1>
ST_14 : Operation 139 [5/5] (7.25ns)   --->   "%sub = fsub i32 %mul, i32 %mul7" [vivado/ip_repo/gnss_correlator/src/gnss_correlator.cpp:31]   --->   Operation 139 'fsub' 'sub' <Predicate = true> <Delay = 7.25> <CoreInst = "FAddSub_fulldsp">   --->   Core 18 'FAddSub_fulldsp' <Latency = 4> <II = 1> <Delay = 7.25> <FuncUnit> <Opcode : 'fadd' 'fsub'> <InPorts = 2> <OutPorts = 1>
ST_14 : Operation 140 [1/4] (5.70ns)   --->   "%mul8 = fmul i32 %a, i32 %d" [vivado/ip_repo/gnss_correlator/src/gnss_correlator.cpp:32]   --->   Operation 140 'fmul' 'mul8' <Predicate = true> <Delay = 5.70> <CoreInst = "FMul_maxdsp">   --->   Core 30 'FMul_maxdsp' <Latency = 3> <II = 1> <Delay = 5.70> <FuncUnit> <Opcode : 'fmul'> <InPorts = 2> <OutPorts = 1>
ST_14 : Operation 141 [2/4] (5.70ns)   --->   "%mul9 = fmul i32 %b, i32 %c" [vivado/ip_repo/gnss_correlator/src/gnss_correlator.cpp:32]   --->   Operation 141 'fmul' 'mul9' <Predicate = true> <Delay = 5.70> <CoreInst = "FMul_maxdsp">   --->   Core 30 'FMul_maxdsp' <Latency = 3> <II = 1> <Delay = 5.70> <FuncUnit> <Opcode : 'fmul'> <InPorts = 2> <OutPorts = 1>

State 15 <SV = 14> <Delay = 12.9>
ST_15 : Operation 142 [4/5] (7.25ns)   --->   "%sub = fsub i32 %mul, i32 %mul7" [vivado/ip_repo/gnss_correlator/src/gnss_correlator.cpp:31]   --->   Operation 142 'fsub' 'sub' <Predicate = true> <Delay = 7.25> <CoreInst = "FAddSub_fulldsp">   --->   Core 18 'FAddSub_fulldsp' <Latency = 4> <II = 1> <Delay = 7.25> <FuncUnit> <Opcode : 'fadd' 'fsub'> <InPorts = 2> <OutPorts = 1>
ST_15 : Operation 143 [1/4] (5.70ns)   --->   "%mul9 = fmul i32 %b, i32 %c" [vivado/ip_repo/gnss_correlator/src/gnss_correlator.cpp:32]   --->   Operation 143 'fmul' 'mul9' <Predicate = true> <Delay = 5.70> <CoreInst = "FMul_maxdsp">   --->   Core 30 'FMul_maxdsp' <Latency = 3> <II = 1> <Delay = 5.70> <FuncUnit> <Opcode : 'fmul'> <InPorts = 2> <OutPorts = 1>
ST_15 : Operation 144 [5/5] (7.25ns)   --->   "%add1 = fadd i32 %mul8, i32 %mul9" [vivado/ip_repo/gnss_correlator/src/gnss_correlator.cpp:32]   --->   Operation 144 'fadd' 'add1' <Predicate = true> <Delay = 7.25> <CoreInst = "FAddSub_fulldsp">   --->   Core 18 'FAddSub_fulldsp' <Latency = 4> <II = 1> <Delay = 7.25> <FuncUnit> <Opcode : 'fadd' 'fsub'> <InPorts = 2> <OutPorts = 1>

State 16 <SV = 15> <Delay = 7.25>
ST_16 : Operation 145 [3/5] (7.25ns)   --->   "%sub = fsub i32 %mul, i32 %mul7" [vivado/ip_repo/gnss_correlator/src/gnss_correlator.cpp:31]   --->   Operation 145 'fsub' 'sub' <Predicate = true> <Delay = 7.25> <CoreInst = "FAddSub_fulldsp">   --->   Core 18 'FAddSub_fulldsp' <Latency = 4> <II = 1> <Delay = 7.25> <FuncUnit> <Opcode : 'fadd' 'fsub'> <InPorts = 2> <OutPorts = 1>
ST_16 : Operation 146 [4/5] (7.25ns)   --->   "%add1 = fadd i32 %mul8, i32 %mul9" [vivado/ip_repo/gnss_correlator/src/gnss_correlator.cpp:32]   --->   Operation 146 'fadd' 'add1' <Predicate = true> <Delay = 7.25> <CoreInst = "FAddSub_fulldsp">   --->   Core 18 'FAddSub_fulldsp' <Latency = 4> <II = 1> <Delay = 7.25> <FuncUnit> <Opcode : 'fadd' 'fsub'> <InPorts = 2> <OutPorts = 1>

State 17 <SV = 16> <Delay = 7.25>
ST_17 : Operation 147 [2/5] (7.25ns)   --->   "%sub = fsub i32 %mul, i32 %mul7" [vivado/ip_repo/gnss_correlator/src/gnss_correlator.cpp:31]   --->   Operation 147 'fsub' 'sub' <Predicate = true> <Delay = 7.25> <CoreInst = "FAddSub_fulldsp">   --->   Core 18 'FAddSub_fulldsp' <Latency = 4> <II = 1> <Delay = 7.25> <FuncUnit> <Opcode : 'fadd' 'fsub'> <InPorts = 2> <OutPorts = 1>
ST_17 : Operation 148 [3/5] (7.25ns)   --->   "%add1 = fadd i32 %mul8, i32 %mul9" [vivado/ip_repo/gnss_correlator/src/gnss_correlator.cpp:32]   --->   Operation 148 'fadd' 'add1' <Predicate = true> <Delay = 7.25> <CoreInst = "FAddSub_fulldsp">   --->   Core 18 'FAddSub_fulldsp' <Latency = 4> <II = 1> <Delay = 7.25> <FuncUnit> <Opcode : 'fadd' 'fsub'> <InPorts = 2> <OutPorts = 1>

State 18 <SV = 17> <Delay = 7.25>
ST_18 : Operation 149 [1/5] (7.25ns)   --->   "%sub = fsub i32 %mul, i32 %mul7" [vivado/ip_repo/gnss_correlator/src/gnss_correlator.cpp:31]   --->   Operation 149 'fsub' 'sub' <Predicate = true> <Delay = 7.25> <CoreInst = "FAddSub_fulldsp">   --->   Core 18 'FAddSub_fulldsp' <Latency = 4> <II = 1> <Delay = 7.25> <FuncUnit> <Opcode : 'fadd' 'fsub'> <InPorts = 2> <OutPorts = 1>
ST_18 : Operation 150 [2/5] (7.25ns)   --->   "%add1 = fadd i32 %mul8, i32 %mul9" [vivado/ip_repo/gnss_correlator/src/gnss_correlator.cpp:32]   --->   Operation 150 'fadd' 'add1' <Predicate = true> <Delay = 7.25> <CoreInst = "FAddSub_fulldsp">   --->   Core 18 'FAddSub_fulldsp' <Latency = 4> <II = 1> <Delay = 7.25> <FuncUnit> <Opcode : 'fadd' 'fsub'> <InPorts = 2> <OutPorts = 1>

State 19 <SV = 18> <Delay = 22.5>
ST_19 : Operation 151 [1/1] (0.00ns)   --->   "%acc_I_load = load i32 %acc_I" [vivado/ip_repo/gnss_correlator/src/gnss_correlator.cpp:31]   --->   Operation 151 'load' 'acc_I_load' <Predicate = true> <Delay = 0.00>
ST_19 : Operation 152 [2/2] (22.5ns)   --->   "%acc_I_1 = fadd i32 %acc_I_load, i32 %sub" [vivado/ip_repo/gnss_correlator/src/gnss_correlator.cpp:31]   --->   Operation 152 'fadd' 'acc_I_1' <Predicate = true> <Delay = 22.5> <CoreInst = "FAddSub_fulldsp">   --->   Core 18 'FAddSub_fulldsp' <Latency = 1> <II = 1> <Delay = 22.5> <FuncUnit> <Opcode : 'fadd' 'fsub'> <InPorts = 2> <OutPorts = 1>
ST_19 : Operation 153 [1/5] (7.25ns)   --->   "%add1 = fadd i32 %mul8, i32 %mul9" [vivado/ip_repo/gnss_correlator/src/gnss_correlator.cpp:32]   --->   Operation 153 'fadd' 'add1' <Predicate = true> <Delay = 7.25> <CoreInst = "FAddSub_fulldsp">   --->   Core 18 'FAddSub_fulldsp' <Latency = 4> <II = 1> <Delay = 7.25> <FuncUnit> <Opcode : 'fadd' 'fsub'> <InPorts = 2> <OutPorts = 1>
ST_19 : Operation 163 [1/1] (0.00ns)   --->   "%acc_I_load_1 = load i32 %acc_I" [vivado/ip_repo/gnss_correlator/src/gnss_correlator.cpp:35]   --->   Operation 163 'load' 'acc_I_load_1' <Predicate = (!icmp_ln23)> <Delay = 0.00>
ST_19 : Operation 164 [1/1] (0.00ns)   --->   "%acc_Q_load_1 = load i32 %acc_Q" [vivado/ip_repo/gnss_correlator/src/gnss_correlator.cpp:35]   --->   Operation 164 'load' 'acc_Q_load_1' <Predicate = (!icmp_ln23)> <Delay = 0.00>
ST_19 : Operation 165 [1/1] (2.55ns)   --->   "%icmp_ln23_1 = icmp_sgt  i32 %num_samples_read, i32 0" [vivado/ip_repo/gnss_correlator/src/gnss_correlator.cpp:23]   --->   Operation 165 'icmp' 'icmp_ln23_1' <Predicate = (!icmp_ln23)> <Delay = 2.55> <CoreInst = "Cmp">   --->   Core 9 'Cmp' <Latency = 0> <II = 1> <Delay = 2.55> <FuncUnit> <Opcode : 'seteq' 'setne' 'setle' 'setge' 'setlt' 'setgt'> <InPorts = 2> <OutPorts = 1>
ST_19 : Operation 166 [1/1] (0.00ns)   --->   "%bitcast_ln35 = bitcast i32 %acc_I_load_1" [vivado/ip_repo/gnss_correlator/src/gnss_correlator.cpp:35]   --->   Operation 166 'bitcast' 'bitcast_ln35' <Predicate = (!icmp_ln23)> <Delay = 0.00>
ST_19 : Operation 167 [1/1] (0.00ns)   --->   "%bitcast_ln35_1 = bitcast i32 %acc_Q_load_1" [vivado/ip_repo/gnss_correlator/src/gnss_correlator.cpp:35]   --->   Operation 167 'bitcast' 'bitcast_ln35_1' <Predicate = (!icmp_ln23)> <Delay = 0.00>
ST_19 : Operation 168 [1/1] (0.69ns)   --->   "%select_ln35 = select i1 %icmp_ln23_1, i32 %bitcast_ln35, i32 0" [vivado/ip_repo/gnss_correlator/src/gnss_correlator.cpp:35]   --->   Operation 168 'select' 'select_ln35' <Predicate = (!icmp_ln23)> <Delay = 0.69> <CoreInst = "Sel">   --->   Core 73 'Sel' <Latency = 0> <II = 1> <Delay = 0.69> <FuncUnit> <Opcode : 'select'> <InPorts = 3> <OutPorts = 1>
ST_19 : Operation 169 [1/1] (0.69ns)   --->   "%select_ln35_1 = select i1 %icmp_ln23_1, i32 %bitcast_ln35_1, i32 0" [vivado/ip_repo/gnss_correlator/src/gnss_correlator.cpp:35]   --->   Operation 169 'select' 'select_ln35_1' <Predicate = (!icmp_ln23)> <Delay = 0.69> <CoreInst = "Sel">   --->   Core 73 'Sel' <Latency = 0> <II = 1> <Delay = 0.69> <FuncUnit> <Opcode : 'select'> <InPorts = 3> <OutPorts = 1>
ST_19 : Operation 170 [1/1] (1.00ns)   --->   "%write_ln35 = write void @_ssdm_op_Write.s_axilite.i32P0A, i32 %corr_I, i32 %select_ln35" [vivado/ip_repo/gnss_correlator/src/gnss_correlator.cpp:35]   --->   Operation 170 'write' 'write_ln35' <Predicate = (!icmp_ln23)> <Delay = 1.00> <CoreInst = "s_axilite">   --->   Core 112 's_axilite' <Latency = 0> <II = 1> <Delay = 1.00> <Adapter> <Opcode : 'read' 'write'>
ST_19 : Operation 171 [1/1] (1.00ns)   --->   "%write_ln36 = write void @_ssdm_op_Write.s_axilite.i32P0A, i32 %corr_Q, i32 %select_ln35_1" [vivado/ip_repo/gnss_correlator/src/gnss_correlator.cpp:36]   --->   Operation 171 'write' 'write_ln36' <Predicate = (!icmp_ln23)> <Delay = 1.00> <CoreInst = "s_axilite">   --->   Core 112 's_axilite' <Latency = 0> <II = 1> <Delay = 1.00> <Adapter> <Opcode : 'read' 'write'>
ST_19 : Operation 172 [1/1] (1.58ns)   --->   "%ret_ln37 = ret" [vivado/ip_repo/gnss_correlator/src/gnss_correlator.cpp:37]   --->   Operation 172 'ret' 'ret_ln37' <Predicate = (!icmp_ln23)> <Delay = 1.58>

State 20 <SV = 19> <Delay = 24.1>
ST_20 : Operation 154 [1/1] (0.00ns)   --->   "%acc_Q_load = load i32 %acc_Q" [vivado/ip_repo/gnss_correlator/src/gnss_correlator.cpp:32]   --->   Operation 154 'load' 'acc_Q_load' <Predicate = true> <Delay = 0.00>
ST_20 : Operation 155 [1/2] (22.5ns)   --->   "%acc_I_1 = fadd i32 %acc_I_load, i32 %sub" [vivado/ip_repo/gnss_correlator/src/gnss_correlator.cpp:31]   --->   Operation 155 'fadd' 'acc_I_1' <Predicate = true> <Delay = 22.5> <CoreInst = "FAddSub_fulldsp">   --->   Core 18 'FAddSub_fulldsp' <Latency = 1> <II = 1> <Delay = 22.5> <FuncUnit> <Opcode : 'fadd' 'fsub'> <InPorts = 2> <OutPorts = 1>
ST_20 : Operation 156 [2/2] (22.5ns)   --->   "%acc_Q_1 = fadd i32 %acc_Q_load, i32 %add1" [vivado/ip_repo/gnss_correlator/src/gnss_correlator.cpp:32]   --->   Operation 156 'fadd' 'acc_Q_1' <Predicate = true> <Delay = 22.5> <CoreInst = "FAddSub_fulldsp">   --->   Core 18 'FAddSub_fulldsp' <Latency = 1> <II = 1> <Delay = 22.5> <FuncUnit> <Opcode : 'fadd' 'fsub'> <InPorts = 2> <OutPorts = 1>
ST_20 : Operation 157 [1/1] (1.58ns)   --->   "%store_ln20 = store i32 %acc_I_1, i32 %acc_I" [vivado/ip_repo/gnss_correlator/src/gnss_correlator.cpp:20]   --->   Operation 157 'store' 'store_ln20' <Predicate = true> <Delay = 1.58>

State 21 <SV = 20> <Delay = 24.1>
ST_21 : Operation 158 [1/1] (0.00ns)   --->   "%specpipeline_ln24 = specpipeline void @_ssdm_op_SpecPipeline, i32 1, i32 0, i32 0, i32 0, i32 4294967295, void @empty_5" [vivado/ip_repo/gnss_correlator/src/gnss_correlator.cpp:24]   --->   Operation 158 'specpipeline' 'specpipeline_ln24' <Predicate = true> <Delay = 0.00>
ST_21 : Operation 159 [1/1] (0.00ns)   --->   "%specloopname_ln23 = specloopname void @_ssdm_op_SpecLoopName, void @empty_11" [vivado/ip_repo/gnss_correlator/src/gnss_correlator.cpp:23]   --->   Operation 159 'specloopname' 'specloopname_ln23' <Predicate = true> <Delay = 0.00>
ST_21 : Operation 160 [1/2] (22.5ns)   --->   "%acc_Q_1 = fadd i32 %acc_Q_load, i32 %add1" [vivado/ip_repo/gnss_correlator/src/gnss_correlator.cpp:32]   --->   Operation 160 'fadd' 'acc_Q_1' <Predicate = true> <Delay = 22.5> <CoreInst = "FAddSub_fulldsp">   --->   Core 18 'FAddSub_fulldsp' <Latency = 1> <II = 1> <Delay = 22.5> <FuncUnit> <Opcode : 'fadd' 'fsub'> <InPorts = 2> <OutPorts = 1>
ST_21 : Operation 161 [1/1] (1.58ns)   --->   "%store_ln21 = store i32 %acc_Q_1, i32 %acc_Q" [vivado/ip_repo/gnss_correlator/src/gnss_correlator.cpp:21]   --->   Operation 161 'store' 'store_ln21' <Predicate = true> <Delay = 1.58>
ST_21 : Operation 162 [1/1] (0.00ns)   --->   "%br_ln23 = br void %for.inc" [vivado/ip_repo/gnss_correlator/src/gnss_correlator.cpp:23]   --->   Operation 162 'br' 'br_ln23' <Predicate = true> <Delay = 0.00>


============================================================
+ Verbose Summary: Timing violations
============================================================
Target clock period: 10.000ns, clock uncertainty: 2.700ns.

 <State 1>: 5.728ns
The critical path consists of the following:
	'store' operation ('store_ln23', vivado/ip_repo/gnss_correlator/src/gnss_correlator.cpp:23) of constant 0 31 bit on local variable 'i', vivado/ip_repo/gnss_correlator/src/gnss_correlator.cpp:23 [49]  (1.588 ns)
	'load' operation 31 bit ('i', vivado/ip_repo/gnss_correlator/src/gnss_correlator.cpp:23) on local variable 'i', vivado/ip_repo/gnss_correlator/src/gnss_correlator.cpp:23 [54]  (0.000 ns)
	'icmp' operation 1 bit ('icmp_ln23', vivado/ip_repo/gnss_correlator/src/gnss_correlator.cpp:23) [56]  (2.552 ns)
	'store' operation ('store_ln23', vivado/ip_repo/gnss_correlator/src/gnss_correlator.cpp:23) of variable 'add_ln23', vivado/ip_repo/gnss_correlator/src/gnss_correlator.cpp:23 31 bit on local variable 'i', vivado/ip_repo/gnss_correlator/src/gnss_correlator.cpp:23 [97]  (1.588 ns)

 <State 2>: 0.000ns
The critical path consists of the following:

 <State 3>: 0.000ns
The critical path consists of the following:

 <State 4>: 0.000ns
The critical path consists of the following:

 <State 5>: 0.000ns
The critical path consists of the following:

 <State 6>: 0.000ns
The critical path consists of the following:

 <State 7>: 0.000ns
The critical path consists of the following:

 <State 8>: 0.000ns
The critical path consists of the following:

 <State 9>: 7.300ns
The critical path consists of the following:
	bus request operation ('gmem0_load_req', vivado/ip_repo/gnss_correlator/src/gnss_correlator.cpp:26) on port 'gmem0' (vivado/ip_repo/gnss_correlator/src/gnss_correlator.cpp:26) [68]  (7.300 ns)

 <State 10>: 13.002ns
The critical path consists of the following:
	bus read operation ('gmem0_addr_read', vivado/ip_repo/gnss_correlator/src/gnss_correlator.cpp:26) on port 'gmem0' (vivado/ip_repo/gnss_correlator/src/gnss_correlator.cpp:26) [69]  (7.300 ns)
	'fmul' operation 32 bit ('mul', vivado/ip_repo/gnss_correlator/src/gnss_correlator.cpp:31) [89]  (5.702 ns)

 <State 11>: 13.002ns
The critical path consists of the following:
	bus read operation ('gmem0_addr_1_read', vivado/ip_repo/gnss_correlator/src/gnss_correlator.cpp:27) on port 'gmem0' (vivado/ip_repo/gnss_correlator/src/gnss_correlator.cpp:27) [75]  (7.300 ns)
	'fmul' operation 32 bit ('mul7', vivado/ip_repo/gnss_correlator/src/gnss_correlator.cpp:31) [90]  (5.702 ns)

 <State 12>: 5.702ns
The critical path consists of the following:
	'fmul' operation 32 bit ('mul', vivado/ip_repo/gnss_correlator/src/gnss_correlator.cpp:31) [89]  (5.702 ns)

 <State 13>: 5.702ns
The critical path consists of the following:
	'fmul' operation 32 bit ('mul', vivado/ip_repo/gnss_correlator/src/gnss_correlator.cpp:31) [89]  (5.702 ns)

 <State 14>: 12.958ns
The critical path consists of the following:
	'fmul' operation 32 bit ('mul7', vivado/ip_repo/gnss_correlator/src/gnss_correlator.cpp:31) [90]  (5.702 ns)
	'fsub' operation 32 bit ('sub', vivado/ip_repo/gnss_correlator/src/gnss_correlator.cpp:31) [91]  (7.256 ns)

 <State 15>: 12.958ns
The critical path consists of the following:
	'fmul' operation 32 bit ('mul9', vivado/ip_repo/gnss_correlator/src/gnss_correlator.cpp:32) [94]  (5.702 ns)
	'fadd' operation 32 bit ('add1', vivado/ip_repo/gnss_correlator/src/gnss_correlator.cpp:32) [95]  (7.256 ns)

 <State 16>: 7.256ns
The critical path consists of the following:
	'fsub' operation 32 bit ('sub', vivado/ip_repo/gnss_correlator/src/gnss_correlator.cpp:31) [91]  (7.256 ns)

 <State 17>: 7.256ns
The critical path consists of the following:
	'fsub' operation 32 bit ('sub', vivado/ip_repo/gnss_correlator/src/gnss_correlator.cpp:31) [91]  (7.256 ns)

 <State 18>: 7.256ns
The critical path consists of the following:
	'fsub' operation 32 bit ('sub', vivado/ip_repo/gnss_correlator/src/gnss_correlator.cpp:31) [91]  (7.256 ns)

 <State 19>: 22.578ns
The critical path consists of the following:
	'load' operation 32 bit ('acc_I_load', vivado/ip_repo/gnss_correlator/src/gnss_correlator.cpp:31) on local variable 'acc_I', vivado/ip_repo/gnss_correlator/src/gnss_correlator.cpp:20 [59]  (0.000 ns)
	'fadd' operation 32 bit ('acc_I', vivado/ip_repo/gnss_correlator/src/gnss_correlator.cpp:31) [92]  (22.578 ns)

 <State 20>: 24.166ns
The critical path consists of the following:
	'fadd' operation 32 bit ('acc_I', vivado/ip_repo/gnss_correlator/src/gnss_correlator.cpp:31) [92]  (22.578 ns)
	'store' operation ('store_ln20', vivado/ip_repo/gnss_correlator/src/gnss_correlator.cpp:20) of variable 'acc_I', vivado/ip_repo/gnss_correlator/src/gnss_correlator.cpp:31 32 bit on local variable 'acc_I', vivado/ip_repo/gnss_correlator/src/gnss_correlator.cpp:20 [99]  (1.588 ns)

 <State 21>: 24.166ns
The critical path consists of the following:
	'fadd' operation 32 bit ('acc_Q', vivado/ip_repo/gnss_correlator/src/gnss_correlator.cpp:32) [96]  (22.578 ns)
	'store' operation ('store_ln21', vivado/ip_repo/gnss_correlator/src/gnss_correlator.cpp:21) of variable 'acc_Q', vivado/ip_repo/gnss_correlator/src/gnss_correlator.cpp:32 32 bit on local variable 'acc_Q', vivado/ip_repo/gnss_correlator/src/gnss_correlator.cpp:21 [98]  (1.588 ns)


============================================================
+ Verbose Summary: Binding
============================================================
N/A
* FSMD analyzer results:
  - Output states:
 - Input state : 
  - Chain level:
	State 1
	State 2
	State 3
	State 4
	State 5
	State 6
	State 7
	State 8
	State 9
	State 10
	State 11
	State 12
	State 13
	State 14
	State 15
	State 16
	State 17
	State 18
	State 19
	State 20
	State 21


============================================================
+ Verbose Summary: Datapath Resource usage 
============================================================
N/A
