================================================================
== Vivado RTL Synthesis Results
================================================================
+ General Information:
    * Date:            Sat Sep 19 17:47:34 IST 2026
    * Version:         2025.2 (Build 6295257 on Nov 14 2025)
    * Project:         gnss_correlator_hls
    * Solution:        hls (Vivado IP Flow Target)
    * Product family:  zynq
    * Target device:   xc7z020-clg484-1


================================================================
== Run Constraints & Options
================================================================
+ Design Constraints & Options:
    * RTL Synthesis target clock:  10 ns
    * C-Synthesis target clock:    10 ns
    * C-Synthesis uncertainty:     27%

+ RTL Synthesis Options:
    * config_export -vivado_synth_strategy:     default
    * config_export -vivado_synth_design_args:  -directive sdx_optimization_effort_high

+ Reporting Options:
    * config_export -vivado_report_level:      2
    * config_export -vivado_max_timing_paths:  10


================================================================
== RTL Synthesis Resource Summary
================================================================
LUT:              2513
FF:               3160
DSP:              10
BRAM:             2
URAM:             0
SRL:              161


================================================================
== RTL Synthesis Timing Summary
================================================================
* Timing was NOT met
+----------------+-------------+
| Timing         | Period (ns) |
+----------------+-------------+
| Target         | 10.000      |
| Post-Synthesis | 20.158      |
+----------------+-------------+


================================================================
== RTL Synthesis Resources
================================================================
+---------------------------------------------+-----+----+-----+------+------+-----+--------+------+---------+----------+--------+
| Name                                        | LUT | FF | DSP | BRAM | URAM | SRL | Pragma | Impl | Latency | Variable | Source |
+---------------------------------------------+-----+----+-----+------+------+-----+--------+------+---------+----------+--------+
| inst                                        |     |    |     |      |      | 161 |        |      |         |          |        |
|   (inst)                                    |     |    |     |      |      | 35  |        |      |         |          |        |
|   control_r_s_axi_U                         |     |    |     |      |      |     |        |      |         |          |        |
|   control_s_axi_U                           |     |    |     |      |      |     |        |      |         |          |        |
|   fadd_32ns_32ns_32_2_full_dsp_1_U2         |     |    |     |      |      |     |        |      |         |          |        |
|     (fadd_32ns_32ns_32_2_full_dsp_1_U2)     |     |    |     |      |      |     |        |      |         |          |        |
|   faddfsub_32ns_32ns_32_5_full_dsp_1_U1     |     |    |     |      |      |     |        |      |         |          |        |
|     (faddfsub_32ns_32ns_32_5_full_dsp_1_U1) |     |    |     |      |      |     |        |      |         |          |        |
|   flow_control_loop_delay_pipe_U            |     |    |     |      |      |     |        |      |         |          |        |
|   fmul_32ns_32ns_32_4_max_dsp_1_U3          |     |    |     |      |      |     |        |      |         |          |        |
|     (fmul_32ns_32ns_32_4_max_dsp_1_U3)      |     |    |     |      |      |     |        |      |         |          |        |
|   fmul_32ns_32ns_32_4_max_dsp_1_U4          |     |    |     |      |      |     |        |      |         |          |        |
|     (fmul_32ns_32ns_32_4_max_dsp_1_U4)      |     |    |     |      |      |     |        |      |         |          |        |
|   gmem0_m_axi_U                             |     |    |     |      |      | 63  |        |      |         |          |        |
|   gmem1_m_axi_U                             |     |    |     |      |      | 63  |        |      |         |          |        |
+---------------------------------------------+-----+----+-----+------+------+-----+--------+------+---------+----------+--------+


================================================================
== RTL Synthesis Fail Fast
================================================================
+-----------------------------------------------------------+-----------+--------+--------+
| Criteria                                                  | Guideline | Actual | Status |
+-----------------------------------------------------------+-----------+--------+--------+
| LUT                                                       | 70%       | 4.72%  | OK     |
| FD                                                        | 50%       | 2.97%  | OK     |
| LUTRAM+SRL                                                | 25%       | 0.93%  | OK     |
| MUXF7                                                     | 15%       | 0.13%  | OK     |
| DSP                                                       | 80%       | 4.55%  | OK     |
| RAMB/FIFO                                                 | 80%       | 0.71%  | OK     |
| DSP+RAMB+URAM (Avg)                                       | 70%       | 2.63%  | OK     |
| BUFGCE* + BUFGCTRL                                        | 24        | 0      | OK     |
| DONT_TOUCH (cells/nets)                                   | 0         | 4      | REVIEW |
| MARK_DEBUG (nets)                                         | 0         | 0      | OK     |
| Control Sets                                              | 998       | 94     | OK     |
| Average Fanout for modules > 100k cells                   | 4         | 2.80   | OK     |
| Max Average Fanout for modules > 100k cells               | 4         | 0      | OK     |
| Non-FD high fanout nets > 10k loads                       | 0         | 0      | OK     |
+-----------------------------------------------------------+-----------+--------+--------+
| TIMING-6 (No common primary clock between related clocks) | 0         | 0      | OK     |
| TIMING-7 (No common node between related clocks)          | 0         | 0      | OK     |
| TIMING-8 (No common period between related clocks)        | 0         | 0      | OK     |
| TIMING-14 (LUT on the clock tree)                         | 0         | 0      | OK     |
| TIMING-35 (No common node in paths with the same clock)   | 0         | 0      | OK     |
+-----------------------------------------------------------+-----------+--------+--------+
| Number of paths above max LUT budgeting (0.575ns)         | 0         | 0      | OK     |
| Number of paths above max Net budgeting (0.403ns)         | 0         | 100    | REVIEW |
+-----------------------------------------------------------+-----------+--------+--------+


================================================================
== RTL Synthesis Timing Paths
================================================================
* Timing was NOT met
+--------+-----------------------+-------------------------------------------------------+-----------------------+--------------+------------+----------------------+----------------------+---------------------+
| Path   |                 SLACK | STARTPOINT PIN                                        | ENDPOINT PIN          | LOGIC LEVELS | MAX FANOUT |       DATAPATH DELAY |       DATAPATH LOGIC |        DATAPATH NET |
|        |                       |                                                       |                       |              |            |                      |                DELAY |               DELAY |
+--------+-----------------------+-------------------------------------------------------+-----------------------+--------------+------------+----------------------+----------------------+---------------------+
| Path1  | -10.15786361694335938 | fadd_32ns_32ns_32_2_full_dsp_1_U2/din1_buf1_reg[24]/C | acc_I_fu_98_reg[0]/D  |           13 |         54 | 20.15085792541503906 | 11.30600261688232422 | 8.84485626220703125 |
| Path2  | -10.15786361694335938 | fadd_32ns_32ns_32_2_full_dsp_1_U2/din1_buf1_reg[24]/C | acc_I_fu_98_reg[10]/D |           13 |         54 | 20.15085792541503906 | 11.30600261688232422 | 8.84485626220703125 |
| Path3  | -10.15786361694335938 | fadd_32ns_32ns_32_2_full_dsp_1_U2/din1_buf1_reg[24]/C | acc_I_fu_98_reg[11]/D |           13 |         54 | 20.15085792541503906 | 11.30600261688232422 | 8.84485626220703125 |
| Path4  | -10.15786361694335938 | fadd_32ns_32ns_32_2_full_dsp_1_U2/din1_buf1_reg[24]/C | acc_I_fu_98_reg[12]/D |           13 |         54 | 20.15085792541503906 | 11.30600261688232422 | 8.84485626220703125 |
| Path5  | -10.15786361694335938 | fadd_32ns_32ns_32_2_full_dsp_1_U2/din1_buf1_reg[24]/C | acc_I_fu_98_reg[13]/D |           13 |         54 | 20.15085792541503906 | 11.30600261688232422 | 8.84485626220703125 |
| Path6  | -10.15786361694335938 | fadd_32ns_32ns_32_2_full_dsp_1_U2/din1_buf1_reg[24]/C | acc_I_fu_98_reg[14]/D |           13 |         54 | 20.15085792541503906 | 11.30600261688232422 | 8.84485626220703125 |
| Path7  | -10.15786361694335938 | fadd_32ns_32ns_32_2_full_dsp_1_U2/din1_buf1_reg[24]/C | acc_I_fu_98_reg[15]/D |           13 |         54 | 20.15085792541503906 | 11.30600261688232422 | 8.84485626220703125 |
| Path8  | -10.15786361694335938 | fadd_32ns_32ns_32_2_full_dsp_1_U2/din1_buf1_reg[24]/C | acc_I_fu_98_reg[16]/D |           13 |         54 | 20.15085792541503906 | 11.30600261688232422 | 8.84485626220703125 |
| Path9  | -10.15786361694335938 | fadd_32ns_32ns_32_2_full_dsp_1_U2/din1_buf1_reg[24]/C | acc_I_fu_98_reg[17]/D |           13 |         54 | 20.15085792541503906 | 11.30600261688232422 | 8.84485626220703125 |
| Path10 | -10.15786361694335938 | fadd_32ns_32ns_32_2_full_dsp_1_U2/din1_buf1_reg[24]/C | acc_I_fu_98_reg[18]/D |           13 |         54 | 20.15085792541503906 | 11.30600261688232422 | 8.84485626220703125 |
+--------+-----------------------+-------------------------------------------------------+-----------------------+--------------+------------+----------------------+----------------------+---------------------+

    +---------------------------------------------------------------------------------------------------------------------------------------------------------------------------------------------------------+----------------------+
    | Path1 Cells                                                                                                                                                                                             | Primitive Type       |
    +---------------------------------------------------------------------------------------------------------------------------------------------------------------------------------------------------------+----------------------+
    | fadd_32ns_32ns_32_2_full_dsp_1_U2/din1_buf1_reg[24]                                                                                                                                                     | FLOP_LATCH.flop.FDRE |
    | fadd_32ns_32ns_32_2_full_dsp_1_U2/gnss_correlator_fadd_32ns_32ns_32_2_full_dsp_1_ip_u/U0/i_synth/ADDSUB_OP.ADDSUB/DSP.OP/DSP48E1_BODY.EXP/merged_sub_mux.gen_luts[1].sub_lut                            | LUT.others.LUT5      |
    | fadd_32ns_32ns_32_2_full_dsp_1_U2/gnss_correlator_fadd_32ns_32ns_32_2_full_dsp_1_ip_u/U0/i_synth/ADDSUB_OP.ADDSUB/DSP.OP/DSP48E1_BODY.EXP/merged_sub_mux.STRUCT_ADD/CHAIN_GEN[0].C_MUX.CARRY_MUX_CARRY4 | CARRY.others.CARRY4  |
    | fadd_32ns_32ns_32_2_full_dsp_1_U2/gnss_correlator_fadd_32ns_32ns_32_2_full_dsp_1_ip_u/U0/i_synth/ADDSUB_OP.ADDSUB/DSP.OP/DSP48E1_BODY.EXP/merged_sub_mux.STRUCT_ADD/i_no_versal_es1_workaround.DSP_i_65 | LUT.others.LUT6      |
    | fadd_32ns_32ns_32_2_full_dsp_1_U2/gnss_correlator_fadd_32ns_32ns_32_2_full_dsp_1_ip_u/U0/i_synth/ADDSUB_OP.ADDSUB/DSP.OP/DSP48E1_BODY.ALIGN_ADD/DSP2/i_no_versal_es1_workaround.DSP                     | MULT.dsp.DSP48E1     |
    | fadd_32ns_32ns_32_2_full_dsp_1_U2/gnss_correlator_fadd_32ns_32ns_32_2_full_dsp_1_ip_u/U0/i_synth/ADDSUB_OP.ADDSUB/DSP.OP/DSP48E1_BODY.ALIGN_ADD/DSP2/DIST_ENC[2].LSB_i_2                                | LUT.others.LUT3      |
    | fadd_32ns_32ns_32_2_full_dsp_1_U2/gnss_correlator_fadd_32ns_32ns_32_2_full_dsp_1_ip_u/U0/i_synth/ADDSUB_OP.ADDSUB/DSP.OP/DSP48E1_BODY.NORM_RND/FULL_USAGE_DSP.LOD/DIST_ENC[2].MSB                       | LUT.others.LUT5      |
    | fadd_32ns_32ns_32_2_full_dsp_1_U2/gnss_correlator_fadd_32ns_32ns_32_2_full_dsp_1_ip_u/U0/i_synth/ADDSUB_OP.ADDSUB/DSP.OP/DSP48E1_BODY.NORM_RND/FULL_USAGE_DSP.LOD/minusOp_carry_i_5                     | LUT.others.LUT4      |
    | fadd_32ns_32ns_32_2_full_dsp_1_U2/gnss_correlator_fadd_32ns_32ns_32_2_full_dsp_1_ip_u/U0/i_synth/ADDSUB_OP.ADDSUB/DSP.OP/DSP48E1_BODY.NORM_RND/FULL_USAGE_DSP.LOD/minusOp_carry_i_3                     | LUT.others.LUT6      |
    | fadd_32ns_32ns_32_2_full_dsp_1_U2/gnss_correlator_fadd_32ns_32ns_32_2_full_dsp_1_ip_u/U0/i_synth/ADDSUB_OP.ADDSUB/DSP.OP/DSP48E1_BODY.EXP/minusOp_carry                                                 | CARRY.others.CARRY4  |
    | fadd_32ns_32ns_32_2_full_dsp_1_U2/gnss_correlator_fadd_32ns_32ns_32_2_full_dsp_1_ip_u/U0/i_synth/ADDSUB_OP.ADDSUB/DSP.OP/DSP48E1_BODY.EXP/minusOp_carry__0                                              | CARRY.others.CARRY4  |
    | fadd_32ns_32ns_32_2_full_dsp_1_U2/gnss_correlator_fadd_32ns_32ns_32_2_full_dsp_1_ip_u/U0/i_synth/ADDSUB_OP.ADDSUB/DSP.OP/DSP48E1_BODY.NORM_RND/FULL_USAGE_DSP.SHIFT_RND/i_no_versal_es1_workaround.DSP  | MULT.dsp.DSP48E1     |
    | fadd_32ns_32ns_32_2_full_dsp_1_U2/gnss_correlator_fadd_32ns_32ns_32_2_full_dsp_1_ip_u/U0/i_synth/ADDSUB_OP.ADDSUB/DSP.OP/DSP48E1_BODY.EXP/EXP_OFF.STRUCT_ADD/mant_op_inferred_i_23                      | LUT.others.LUT6      |
    | fadd_32ns_32ns_32_2_full_dsp_1_U2/acc_I_fu_98[0]_i_1                                                                                                                                                    | LUT.others.LUT3      |
    | acc_I_fu_98_reg[0]                                                                                                                                                                                      | FLOP_LATCH.flop.FDRE |
    +---------------------------------------------------------------------------------------------------------------------------------------------------------------------------------------------------------+----------------------+

    +---------------------------------------------------------------------------------------------------------------------------------------------------------------------------------------------------------+----------------------+
    | Path2 Cells                                                                                                                                                                                             | Primitive Type       |
    +---------------------------------------------------------------------------------------------------------------------------------------------------------------------------------------------------------+----------------------+
    | fadd_32ns_32ns_32_2_full_dsp_1_U2/din1_buf1_reg[24]                                                                                                                                                     | FLOP_LATCH.flop.FDRE |
    | fadd_32ns_32ns_32_2_full_dsp_1_U2/gnss_correlator_fadd_32ns_32ns_32_2_full_dsp_1_ip_u/U0/i_synth/ADDSUB_OP.ADDSUB/DSP.OP/DSP48E1_BODY.EXP/merged_sub_mux.gen_luts[1].sub_lut                            | LUT.others.LUT5      |
    | fadd_32ns_32ns_32_2_full_dsp_1_U2/gnss_correlator_fadd_32ns_32ns_32_2_full_dsp_1_ip_u/U0/i_synth/ADDSUB_OP.ADDSUB/DSP.OP/DSP48E1_BODY.EXP/merged_sub_mux.STRUCT_ADD/CHAIN_GEN[0].C_MUX.CARRY_MUX_CARRY4 | CARRY.others.CARRY4  |
    | fadd_32ns_32ns_32_2_full_dsp_1_U2/gnss_correlator_fadd_32ns_32ns_32_2_full_dsp_1_ip_u/U0/i_synth/ADDSUB_OP.ADDSUB/DSP.OP/DSP48E1_BODY.EXP/merged_sub_mux.STRUCT_ADD/i_no_versal_es1_workaround.DSP_i_65 | LUT.others.LUT6      |
    | fadd_32ns_32ns_32_2_full_dsp_1_U2/gnss_correlator_fadd_32ns_32ns_32_2_full_dsp_1_ip_u/U0/i_synth/ADDSUB_OP.ADDSUB/DSP.OP/DSP48E1_BODY.ALIGN_ADD/DSP2/i_no_versal_es1_workaround.DSP                     | MULT.dsp.DSP48E1     |
    | fadd_32ns_32ns_32_2_full_dsp_1_U2/gnss_correlator_fadd_32ns_32ns_32_2_full_dsp_1_ip_u/U0/i_synth/ADDSUB_OP.ADDSUB/DSP.OP/DSP48E1_BODY.ALIGN_ADD/DSP2/DIST_ENC[2].LSB_i_2                                | LUT.others.LUT3      |
    | fadd_32ns_32ns_32_2_full_dsp_1_U2/gnss_correlator_fadd_32ns_32ns_32_2_full_dsp_1_ip_u/U0/i_synth/ADDSUB_OP.ADDSUB/DSP.OP/DSP48E1_BODY.NORM_RND/FULL_USAGE_DSP.LOD/DIST_ENC[2].MSB                       | LUT.others.LUT5      |
    | fadd_32ns_32ns_32_2_full_dsp_1_U2/gnss_correlator_fadd_32ns_32ns_32_2_full_dsp_1_ip_u/U0/i_synth/ADDSUB_OP.ADDSUB/DSP.OP/DSP48E1_BODY.NORM_RND/FULL_USAGE_DSP.LOD/minusOp_carry_i_5                     | LUT.others.LUT4      |
    | fadd_32ns_32ns_32_2_full_dsp_1_U2/gnss_correlator_fadd_32ns_32ns_32_2_full_dsp_1_ip_u/U0/i_synth/ADDSUB_OP.ADDSUB/DSP.OP/DSP48E1_BODY.NORM_RND/FULL_USAGE_DSP.LOD/minusOp_carry_i_3                     | LUT.others.LUT6      |
    | fadd_32ns_32ns_32_2_full_dsp_1_U2/gnss_correlator_fadd_32ns_32ns_32_2_full_dsp_1_ip_u/U0/i_synth/ADDSUB_OP.ADDSUB/DSP.OP/DSP48E1_BODY.EXP/minusOp_carry                                                 | CARRY.others.CARRY4  |
    | fadd_32ns_32ns_32_2_full_dsp_1_U2/gnss_correlator_fadd_32ns_32ns_32_2_full_dsp_1_ip_u/U0/i_synth/ADDSUB_OP.ADDSUB/DSP.OP/DSP48E1_BODY.EXP/minusOp_carry__0                                              | CARRY.others.CARRY4  |
    | fadd_32ns_32ns_32_2_full_dsp_1_U2/gnss_correlator_fadd_32ns_32ns_32_2_full_dsp_1_ip_u/U0/i_synth/ADDSUB_OP.ADDSUB/DSP.OP/DSP48E1_BODY.NORM_RND/FULL_USAGE_DSP.SHIFT_RND/i_no_versal_es1_workaround.DSP  | MULT.dsp.DSP48E1     |
    | fadd_32ns_32ns_32_2_full_dsp_1_U2/gnss_correlator_fadd_32ns_32ns_32_2_full_dsp_1_ip_u/U0/i_synth/ADDSUB_OP.ADDSUB/DSP.OP/DSP48E1_BODY.EXP/EXP_OFF.STRUCT_ADD/mant_op_inferred_i_13                      | LUT.others.LUT6      |
    | fadd_32ns_32ns_32_2_full_dsp_1_U2/acc_I_fu_98[10]_i_1                                                                                                                                                   | LUT.others.LUT3      |
    | acc_I_fu_98_reg[10]                                                                                                                                                                                     | FLOP_LATCH.flop.FDRE |
    +---------------------------------------------------------------------------------------------------------------------------------------------------------------------------------------------------------+----------------------+

    +---------------------------------------------------------------------------------------------------------------------------------------------------------------------------------------------------------+----------------------+
    | Path3 Cells                                                                                                                                                                                             | Primitive Type       |
    +---------------------------------------------------------------------------------------------------------------------------------------------------------------------------------------------------------+----------------------+
    | fadd_32ns_32ns_32_2_full_dsp_1_U2/din1_buf1_reg[24]                                                                                                                                                     | FLOP_LATCH.flop.FDRE |
    | fadd_32ns_32ns_32_2_full_dsp_1_U2/gnss_correlator_fadd_32ns_32ns_32_2_full_dsp_1_ip_u/U0/i_synth/ADDSUB_OP.ADDSUB/DSP.OP/DSP48E1_BODY.EXP/merged_sub_mux.gen_luts[1].sub_lut                            | LUT.others.LUT5      |
    | fadd_32ns_32ns_32_2_full_dsp_1_U2/gnss_correlator_fadd_32ns_32ns_32_2_full_dsp_1_ip_u/U0/i_synth/ADDSUB_OP.ADDSUB/DSP.OP/DSP48E1_BODY.EXP/merged_sub_mux.STRUCT_ADD/CHAIN_GEN[0].C_MUX.CARRY_MUX_CARRY4 | CARRY.others.CARRY4  |
    | fadd_32ns_32ns_32_2_full_dsp_1_U2/gnss_correlator_fadd_32ns_32ns_32_2_full_dsp_1_ip_u/U0/i_synth/ADDSUB_OP.ADDSUB/DSP.OP/DSP48E1_BODY.EXP/merged_sub_mux.STRUCT_ADD/i_no_versal_es1_workaround.DSP_i_65 | LUT.others.LUT6      |
    | fadd_32ns_32ns_32_2_full_dsp_1_U2/gnss_correlator_fadd_32ns_32ns_32_2_full_dsp_1_ip_u/U0/i_synth/ADDSUB_OP.ADDSUB/DSP.OP/DSP48E1_BODY.ALIGN_ADD/DSP2/i_no_versal_es1_workaround.DSP                     | MULT.dsp.DSP48E1     |
    | fadd_32ns_32ns_32_2_full_dsp_1_U2/gnss_correlator_fadd_32ns_32ns_32_2_full_dsp_1_ip_u/U0/i_synth/ADDSUB_OP.ADDSUB/DSP.OP/DSP48E1_BODY.ALIGN_ADD/DSP2/DIST_ENC[2].LSB_i_2                                | LUT.others.LUT3      |
    | fadd_32ns_32ns_32_2_full_dsp_1_U2/gnss_correlator_fadd_32ns_32ns_32_2_full_dsp_1_ip_u/U0/i_synth/ADDSUB_OP.ADDSUB/DSP.OP/DSP48E1_BODY.NORM_RND/FULL_USAGE_DSP.LOD/DIST_ENC[2].MSB                       | LUT.others.LUT5      |
    | fadd_32ns_32ns_32_2_full_dsp_1_U2/gnss_correlator_fadd_32ns_32ns_32_2_full_dsp_1_ip_u/U0/i_synth/ADDSUB_OP.ADDSUB/DSP.OP/DSP48E1_BODY.NORM_RND/FULL_USAGE_DSP.LOD/minusOp_carry_i_5                     | LUT.others.LUT4      |
    | fadd_32ns_32ns_32_2_full_dsp_1_U2/gnss_correlator_fadd_32ns_32ns_32_2_full_dsp_1_ip_u/U0/i_synth/ADDSUB_OP.ADDSUB/DSP.OP/DSP48E1_BODY.NORM_RND/FULL_USAGE_DSP.LOD/minusOp_carry_i_3                     | LUT.others.LUT6      |
    | fadd_32ns_32ns_32_2_full_dsp_1_U2/gnss_correlator_fadd_32ns_32ns_32_2_full_dsp_1_ip_u/U0/i_synth/ADDSUB_OP.ADDSUB/DSP.OP/DSP48E1_BODY.EXP/minusOp_carry                                                 | CARRY.others.CARRY4  |
    | fadd_32ns_32ns_32_2_full_dsp_1_U2/gnss_correlator_fadd_32ns_32ns_32_2_full_dsp_1_ip_u/U0/i_synth/ADDSUB_OP.ADDSUB/DSP.OP/DSP48E1_BODY.EXP/minusOp_carry__0                                              | CARRY.others.CARRY4  |
    | fadd_32ns_32ns_32_2_full_dsp_1_U2/gnss_correlator_fadd_32ns_32ns_32_2_full_dsp_1_ip_u/U0/i_synth/ADDSUB_OP.ADDSUB/DSP.OP/DSP48E1_BODY.NORM_RND/FULL_USAGE_DSP.SHIFT_RND/i_no_versal_es1_workaround.DSP  | MULT.dsp.DSP48E1     |
    | fadd_32ns_32ns_32_2_full_dsp_1_U2/gnss_correlator_fadd_32ns_32ns_32_2_full_dsp_1_ip_u/U0/i_synth/ADDSUB_OP.ADDSUB/DSP.OP/DSP48E1_BODY.EXP/EXP_OFF.STRUCT_ADD/mant_op_inferred_i_12                      | LUT.others.LUT6      |
    | fadd_32ns_32ns_32_2_full_dsp_1_U2/acc_I_fu_98[11]_i_1                                                                                                                                                   | LUT.others.LUT3      |
    | acc_I_fu_98_reg[11]                                                                                                                                                                                     | FLOP_LATCH.flop.FDRE |
    +---------------------------------------------------------------------------------------------------------------------------------------------------------------------------------------------------------+----------------------+

    +---------------------------------------------------------------------------------------------------------------------------------------------------------------------------------------------------------+----------------------+
    | Path4 Cells                                                                                                                                                                                             | Primitive Type       |
    +---------------------------------------------------------------------------------------------------------------------------------------------------------------------------------------------------------+----------------------+
    | fadd_32ns_32ns_32_2_full_dsp_1_U2/din1_buf1_reg[24]                                                                                                                                                     | FLOP_LATCH.flop.FDRE |
    | fadd_32ns_32ns_32_2_full_dsp_1_U2/gnss_correlator_fadd_32ns_32ns_32_2_full_dsp_1_ip_u/U0/i_synth/ADDSUB_OP.ADDSUB/DSP.OP/DSP48E1_BODY.EXP/merged_sub_mux.gen_luts[1].sub_lut                            | LUT.others.LUT5      |
    | fadd_32ns_32ns_32_2_full_dsp_1_U2/gnss_correlator_fadd_32ns_32ns_32_2_full_dsp_1_ip_u/U0/i_synth/ADDSUB_OP.ADDSUB/DSP.OP/DSP48E1_BODY.EXP/merged_sub_mux.STRUCT_ADD/CHAIN_GEN[0].C_MUX.CARRY_MUX_CARRY4 | CARRY.others.CARRY4  |
    | fadd_32ns_32ns_32_2_full_dsp_1_U2/gnss_correlator_fadd_32ns_32ns_32_2_full_dsp_1_ip_u/U0/i_synth/ADDSUB_OP.ADDSUB/DSP.OP/DSP48E1_BODY.EXP/merged_sub_mux.STRUCT_ADD/i_no_versal_es1_workaround.DSP_i_65 | LUT.others.LUT6      |
    | fadd_32ns_32ns_32_2_full_dsp_1_U2/gnss_correlator_fadd_32ns_32ns_32_2_full_dsp_1_ip_u/U0/i_synth/ADDSUB_OP.ADDSUB/DSP.OP/DSP48E1_BODY.ALIGN_ADD/DSP2/i_no_versal_es1_workaround.DSP                     | MULT.dsp.DSP48E1     |
    | fadd_32ns_32ns_32_2_full_dsp_1_U2/gnss_correlator_fadd_32ns_32ns_32_2_full_dsp_1_ip_u/U0/i_synth/ADDSUB_OP.ADDSUB/DSP.OP/DSP48E1_BODY.ALIGN_ADD/DSP2/DIST_ENC[2].LSB_i_2                                | LUT.others.LUT3      |
    | fadd_32ns_32ns_32_2_full_dsp_1_U2/gnss_correlator_fadd_32ns_32ns_32_2_full_dsp_1_ip_u/U0/i_synth/ADDSUB_OP.ADDSUB/DSP.OP/DSP48E1_BODY.NORM_RND/FULL_USAGE_DSP.LOD/DIST_ENC[2].MSB                       | LUT.others.LUT5      |
    | fadd_32ns_32ns_32_2_full_dsp_1_U2/gnss_correlator_fadd_32ns_32ns_32_2_full_dsp_1_ip_u/U0/i_synth/ADDSUB_OP.ADDSUB/DSP.OP/DSP48E1_BODY.NORM_RND/FULL_USAGE_DSP.LOD/minusOp_carry_i_5                     | LUT.others.LUT4      |
    | fadd_32ns_32ns_32_2_full_dsp_1_U2/gnss_correlator_fadd_32ns_32ns_32_2_full_dsp_1_ip_u/U0/i_synth/ADDSUB_OP.ADDSUB/DSP.OP/DSP48E1_BODY.NORM_RND/FULL_USAGE_DSP.LOD/minusOp_carry_i_3                     | LUT.others.LUT6      |
    | fadd_32ns_32ns_32_2_full_dsp_1_U2/gnss_correlator_fadd_32ns_32ns_32_2_full_dsp_1_ip_u/U0/i_synth/ADDSUB_OP.ADDSUB/DSP.OP/DSP48E1_BODY.EXP/minusOp_carry                                                 | CARRY.others.CARRY4  |
    | fadd_32ns_32ns_32_2_full_dsp_1_U2/gnss_correlator_fadd_32ns_32ns_32_2_full_dsp_1_ip_u/U0/i_synth/ADDSUB_OP.ADDSUB/DSP.OP/DSP48E1_BODY.EXP/minusOp_carry__0                                              | CARRY.others.CARRY4  |
    | fadd_32ns_32ns_32_2_full_dsp_1_U2/gnss_correlator_fadd_32ns_32ns_32_2_full_dsp_1_ip_u/U0/i_synth/ADDSUB_OP.ADDSUB/DSP.OP/DSP48E1_BODY.NORM_RND/FULL_USAGE_DSP.SHIFT_RND/i_no_versal_es1_workaround.DSP  | MULT.dsp.DSP48E1     |
    | fadd_32ns_32ns_32_2_full_dsp_1_U2/gnss_correlator_fadd_32ns_32ns_32_2_full_dsp_1_ip_u/U0/i_synth/ADDSUB_OP.ADDSUB/DSP.OP/DSP48E1_BODY.EXP/EXP_OFF.STRUCT_ADD/mant_op_inferred_i_11                      | LUT.others.LUT6      |
    | fadd_32ns_32ns_32_2_full_dsp_1_U2/acc_I_fu_98[12]_i_1                                                                                                                                                   | LUT.others.LUT3      |
    | acc_I_fu_98_reg[12]                                                                                                                                                                                     | FLOP_LATCH.flop.FDRE |
    +---------------------------------------------------------------------------------------------------------------------------------------------------------------------------------------------------------+----------------------+

    +---------------------------------------------------------------------------------------------------------------------------------------------------------------------------------------------------------+----------------------+
    | Path5 Cells                                                                                                                                                                                             | Primitive Type       |
    +---------------------------------------------------------------------------------------------------------------------------------------------------------------------------------------------------------+----------------------+
    | fadd_32ns_32ns_32_2_full_dsp_1_U2/din1_buf1_reg[24]                                                                                                                                                     | FLOP_LATCH.flop.FDRE |
    | fadd_32ns_32ns_32_2_full_dsp_1_U2/gnss_correlator_fadd_32ns_32ns_32_2_full_dsp_1_ip_u/U0/i_synth/ADDSUB_OP.ADDSUB/DSP.OP/DSP48E1_BODY.EXP/merged_sub_mux.gen_luts[1].sub_lut                            | LUT.others.LUT5      |
    | fadd_32ns_32ns_32_2_full_dsp_1_U2/gnss_correlator_fadd_32ns_32ns_32_2_full_dsp_1_ip_u/U0/i_synth/ADDSUB_OP.ADDSUB/DSP.OP/DSP48E1_BODY.EXP/merged_sub_mux.STRUCT_ADD/CHAIN_GEN[0].C_MUX.CARRY_MUX_CARRY4 | CARRY.others.CARRY4  |
    | fadd_32ns_32ns_32_2_full_dsp_1_U2/gnss_correlator_fadd_32ns_32ns_32_2_full_dsp_1_ip_u/U0/i_synth/ADDSUB_OP.ADDSUB/DSP.OP/DSP48E1_BODY.EXP/merged_sub_mux.STRUCT_ADD/i_no_versal_es1_workaround.DSP_i_65 | LUT.others.LUT6      |
    | fadd_32ns_32ns_32_2_full_dsp_1_U2/gnss_correlator_fadd_32ns_32ns_32_2_full_dsp_1_ip_u/U0/i_synth/ADDSUB_OP.ADDSUB/DSP.OP/DSP48E1_BODY.ALIGN_ADD/DSP2/i_no_versal_es1_workaround.DSP                     | MULT.dsp.DSP48E1     |
    | fadd_32ns_32ns_32_2_full_dsp_1_U2/gnss_correlator_fadd_32ns_32ns_32_2_full_dsp_1_ip_u/U0/i_synth/ADDSUB_OP.ADDSUB/DSP.OP/DSP48E1_BODY.ALIGN_ADD/DSP2/DIST_ENC[2].LSB_i_2                                | LUT.others.LUT3      |
    | fadd_32ns_32ns_32_2_full_dsp_1_U2/gnss_correlator_fadd_32ns_32ns_32_2_full_dsp_1_ip_u/U0/i_synth/ADDSUB_OP.ADDSUB/DSP.OP/DSP48E1_BODY.NORM_RND/FULL_USAGE_DSP.LOD/DIST_ENC[2].MSB                       | LUT.others.LUT5      |
    | fadd_32ns_32ns_32_2_full_dsp_1_U2/gnss_correlator_fadd_32ns_32ns_32_2_full_dsp_1_ip_u/U0/i_synth/ADDSUB_OP.ADDSUB/DSP.OP/DSP48E1_BODY.NORM_RND/FULL_USAGE_DSP.LOD/minusOp_carry_i_5                     | LUT.others.LUT4      |
    | fadd_32ns_32ns_32_2_full_dsp_1_U2/gnss_correlator_fadd_32ns_32ns_32_2_full_dsp_1_ip_u/U0/i_synth/ADDSUB_OP.ADDSUB/DSP.OP/DSP48E1_BODY.NORM_RND/FULL_USAGE_DSP.LOD/minusOp_carry_i_3                     | LUT.others.LUT6      |
    | fadd_32ns_32ns_32_2_full_dsp_1_U2/gnss_correlator_fadd_32ns_32ns_32_2_full_dsp_1_ip_u/U0/i_synth/ADDSUB_OP.ADDSUB/DSP.OP/DSP48E1_BODY.EXP/minusOp_carry                                                 | CARRY.others.CARRY4  |
    | fadd_32ns_32ns_32_2_full_dsp_1_U2/gnss_correlator_fadd_32ns_32ns_32_2_full_dsp_1_ip_u/U0/i_synth/ADDSUB_OP.ADDSUB/DSP.OP/DSP48E1_BODY.EXP/minusOp_carry__0                                              | CARRY.others.CARRY4  |
    | fadd_32ns_32ns_32_2_full_dsp_1_U2/gnss_correlator_fadd_32ns_32ns_32_2_full_dsp_1_ip_u/U0/i_synth/ADDSUB_OP.ADDSUB/DSP.OP/DSP48E1_BODY.NORM_RND/FULL_USAGE_DSP.SHIFT_RND/i_no_versal_es1_workaround.DSP  | MULT.dsp.DSP48E1     |
    | fadd_32ns_32ns_32_2_full_dsp_1_U2/gnss_correlator_fadd_32ns_32ns_32_2_full_dsp_1_ip_u/U0/i_synth/ADDSUB_OP.ADDSUB/DSP.OP/DSP48E1_BODY.EXP/EXP_OFF.STRUCT_ADD/mant_op_inferred_i_10                      | LUT.others.LUT6      |
    | fadd_32ns_32ns_32_2_full_dsp_1_U2/acc_I_fu_98[13]_i_1                                                                                                                                                   | LUT.others.LUT3      |
    | acc_I_fu_98_reg[13]                                                                                                                                                                                     | FLOP_LATCH.flop.FDRE |
    +---------------------------------------------------------------------------------------------------------------------------------------------------------------------------------------------------------+----------------------+

    +---------------------------------------------------------------------------------------------------------------------------------------------------------------------------------------------------------+----------------------+
    | Path6 Cells                                                                                                                                                                                             | Primitive Type       |
    +---------------------------------------------------------------------------------------------------------------------------------------------------------------------------------------------------------+----------------------+
    | fadd_32ns_32ns_32_2_full_dsp_1_U2/din1_buf1_reg[24]                                                                                                                                                     | FLOP_LATCH.flop.FDRE |
    | fadd_32ns_32ns_32_2_full_dsp_1_U2/gnss_correlator_fadd_32ns_32ns_32_2_full_dsp_1_ip_u/U0/i_synth/ADDSUB_OP.ADDSUB/DSP.OP/DSP48E1_BODY.EXP/merged_sub_mux.gen_luts[1].sub_lut                            | LUT.others.LUT5      |
    | fadd_32ns_32ns_32_2_full_dsp_1_U2/gnss_correlator_fadd_32ns_32ns_32_2_full_dsp_1_ip_u/U0/i_synth/ADDSUB_OP.ADDSUB/DSP.OP/DSP48E1_BODY.EXP/merged_sub_mux.STRUCT_ADD/CHAIN_GEN[0].C_MUX.CARRY_MUX_CARRY4 | CARRY.others.CARRY4  |
    | fadd_32ns_32ns_32_2_full_dsp_1_U2/gnss_correlator_fadd_32ns_32ns_32_2_full_dsp_1_ip_u/U0/i_synth/ADDSUB_OP.ADDSUB/DSP.OP/DSP48E1_BODY.EXP/merged_sub_mux.STRUCT_ADD/i_no_versal_es1_workaround.DSP_i_65 | LUT.others.LUT6      |
    | fadd_32ns_32ns_32_2_full_dsp_1_U2/gnss_correlator_fadd_32ns_32ns_32_2_full_dsp_1_ip_u/U0/i_synth/ADDSUB_OP.ADDSUB/DSP.OP/DSP48E1_BODY.ALIGN_ADD/DSP2/i_no_versal_es1_workaround.DSP                     | MULT.dsp.DSP48E1     |
    | fadd_32ns_32ns_32_2_full_dsp_1_U2/gnss_correlator_fadd_32ns_32ns_32_2_full_dsp_1_ip_u/U0/i_synth/ADDSUB_OP.ADDSUB/DSP.OP/DSP48E1_BODY.ALIGN_ADD/DSP2/DIST_ENC[2].LSB_i_2                                | LUT.others.LUT3      |
    | fadd_32ns_32ns_32_2_full_dsp_1_U2/gnss_correlator_fadd_32ns_32ns_32_2_full_dsp_1_ip_u/U0/i_synth/ADDSUB_OP.ADDSUB/DSP.OP/DSP48E1_BODY.NORM_RND/FULL_USAGE_DSP.LOD/DIST_ENC[2].MSB                       | LUT.others.LUT5      |
    | fadd_32ns_32ns_32_2_full_dsp_1_U2/gnss_correlator_fadd_32ns_32ns_32_2_full_dsp_1_ip_u/U0/i_synth/ADDSUB_OP.ADDSUB/DSP.OP/DSP48E1_BODY.NORM_RND/FULL_USAGE_DSP.LOD/minusOp_carry_i_5                     | LUT.others.LUT4      |
    | fadd_32ns_32ns_32_2_full_dsp_1_U2/gnss_correlator_fadd_32ns_32ns_32_2_full_dsp_1_ip_u/U0/i_synth/ADDSUB_OP.ADDSUB/DSP.OP/DSP48E1_BODY.NORM_RND/FULL_USAGE_DSP.LOD/minusOp_carry_i_3                     | LUT.others.LUT6      |
    | fadd_32ns_32ns_32_2_full_dsp_1_U2/gnss_correlator_fadd_32ns_32ns_32_2_full_dsp_1_ip_u/U0/i_synth/ADDSUB_OP.ADDSUB/DSP.OP/DSP48E1_BODY.EXP/minusOp_carry                                                 | CARRY.others.CARRY4  |
    | fadd_32ns_32ns_32_2_full_dsp_1_U2/gnss_correlator_fadd_32ns_32ns_32_2_full_dsp_1_ip_u/U0/i_synth/ADDSUB_OP.ADDSUB/DSP.OP/DSP48E1_BODY.EXP/minusOp_carry__0                                              | CARRY.others.CARRY4  |
    | fadd_32ns_32ns_32_2_full_dsp_1_U2/gnss_correlator_fadd_32ns_32ns_32_2_full_dsp_1_ip_u/U0/i_synth/ADDSUB_OP.ADDSUB/DSP.OP/DSP48E1_BODY.NORM_RND/FULL_USAGE_DSP.SHIFT_RND/i_no_versal_es1_workaround.DSP  | MULT.dsp.DSP48E1     |
    | fadd_32ns_32ns_32_2_full_dsp_1_U2/gnss_correlator_fadd_32ns_32ns_32_2_full_dsp_1_ip_u/U0/i_synth/ADDSUB_OP.ADDSUB/DSP.OP/DSP48E1_BODY.EXP/EXP_OFF.STRUCT_ADD/mant_op_inferred_i_9                       | LUT.others.LUT6      |
    | fadd_32ns_32ns_32_2_full_dsp_1_U2/acc_I_fu_98[14]_i_1                                                                                                                                                   | LUT.others.LUT3      |
    | acc_I_fu_98_reg[14]                                                                                                                                                                                     | FLOP_LATCH.flop.FDRE |
    +---------------------------------------------------------------------------------------------------------------------------------------------------------------------------------------------------------+----------------------+

    +---------------------------------------------------------------------------------------------------------------------------------------------------------------------------------------------------------+----------------------+
    | Path7 Cells                                                                                                                                                                                             | Primitive Type       |
    +---------------------------------------------------------------------------------------------------------------------------------------------------------------------------------------------------------+----------------------+
    | fadd_32ns_32ns_32_2_full_dsp_1_U2/din1_buf1_reg[24]                                                                                                                                                     | FLOP_LATCH.flop.FDRE |
    | fadd_32ns_32ns_32_2_full_dsp_1_U2/gnss_correlator_fadd_32ns_32ns_32_2_full_dsp_1_ip_u/U0/i_synth/ADDSUB_OP.ADDSUB/DSP.OP/DSP48E1_BODY.EXP/merged_sub_mux.gen_luts[1].sub_lut                            | LUT.others.LUT5      |
    | fadd_32ns_32ns_32_2_full_dsp_1_U2/gnss_correlator_fadd_32ns_32ns_32_2_full_dsp_1_ip_u/U0/i_synth/ADDSUB_OP.ADDSUB/DSP.OP/DSP48E1_BODY.EXP/merged_sub_mux.STRUCT_ADD/CHAIN_GEN[0].C_MUX.CARRY_MUX_CARRY4 | CARRY.others.CARRY4  |
    | fadd_32ns_32ns_32_2_full_dsp_1_U2/gnss_correlator_fadd_32ns_32ns_32_2_full_dsp_1_ip_u/U0/i_synth/ADDSUB_OP.ADDSUB/DSP.OP/DSP48E1_BODY.EXP/merged_sub_mux.STRUCT_ADD/i_no_versal_es1_workaround.DSP_i_65 | LUT.others.LUT6      |
    | fadd_32ns_32ns_32_2_full_dsp_1_U2/gnss_correlator_fadd_32ns_32ns_32_2_full_dsp_1_ip_u/U0/i_synth/ADDSUB_OP.ADDSUB/DSP.OP/DSP48E1_BODY.ALIGN_ADD/DSP2/i_no_versal_es1_workaround.DSP                     | MULT.dsp.DSP48E1     |
    | fadd_32ns_32ns_32_2_full_dsp_1_U2/gnss_correlator_fadd_32ns_32ns_32_2_full_dsp_1_ip_u/U0/i_synth/ADDSUB_OP.ADDSUB/DSP.OP/DSP48E1_BODY.ALIGN_ADD/DSP2/DIST_ENC[2].LSB_i_2                                | LUT.others.LUT3      |
    | fadd_32ns_32ns_32_2_full_dsp_1_U2/gnss_correlator_fadd_32ns_32ns_32_2_full_dsp_1_ip_u/U0/i_synth/ADDSUB_OP.ADDSUB/DSP.OP/DSP48E1_BODY.NORM_RND/FULL_USAGE_DSP.LOD/DIST_ENC[2].MSB                       | LUT.others.LUT5      |
    | fadd_32ns_32ns_32_2_full_dsp_1_U2/gnss_correlator_fadd_32ns_32ns_32_2_full_dsp_1_ip_u/U0/i_synth/ADDSUB_OP.ADDSUB/DSP.OP/DSP48E1_BODY.NORM_RND/FULL_USAGE_DSP.LOD/minusOp_carry_i_5                     | LUT.others.LUT4      |
    | fadd_32ns_32ns_32_2_full_dsp_1_U2/gnss_correlator_fadd_32ns_32ns_32_2_full_dsp_1_ip_u/U0/i_synth/ADDSUB_OP.ADDSUB/DSP.OP/DSP48E1_BODY.NORM_RND/FULL_USAGE_DSP.LOD/minusOp_carry_i_3                     | LUT.others.LUT6      |
    | fadd_32ns_32ns_32_2_full_dsp_1_U2/gnss_correlator_fadd_32ns_32ns_32_2_full_dsp_1_ip_u/U0/i_synth/ADDSUB_OP.ADDSUB/DSP.OP/DSP48E1_BODY.EXP/minusOp_carry                                                 | CARRY.others.CARRY4  |
    | fadd_32ns_32ns_32_2_full_dsp_1_U2/gnss_correlator_fadd_32ns_32ns_32_2_full_dsp_1_ip_u/U0/i_synth/ADDSUB_OP.ADDSUB/DSP.OP/DSP48E1_BODY.EXP/minusOp_carry__0                                              | CARRY.others.CARRY4  |
    | fadd_32ns_32ns_32_2_full_dsp_1_U2/gnss_correlator_fadd_32ns_32ns_32_2_full_dsp_1_ip_u/U0/i_synth/ADDSUB_OP.ADDSUB/DSP.OP/DSP48E1_BODY.NORM_RND/FULL_USAGE_DSP.SHIFT_RND/i_no_versal_es1_workaround.DSP  | MULT.dsp.DSP48E1     |
    | fadd_32ns_32ns_32_2_full_dsp_1_U2/gnss_correlator_fadd_32ns_32ns_32_2_full_dsp_1_ip_u/U0/i_synth/ADDSUB_OP.ADDSUB/DSP.OP/DSP48E1_BODY.EXP/EXP_OFF.STRUCT_ADD/mant_op_inferred_i_8                       | LUT.others.LUT6      |
    | fadd_32ns_32ns_32_2_full_dsp_1_U2/acc_I_fu_98[15]_i_1                                                                                                                                                   | LUT.others.LUT3      |
    | acc_I_fu_98_reg[15]                                                                                                                                                                                     | FLOP_LATCH.flop.FDRE |
    +---------------------------------------------------------------------------------------------------------------------------------------------------------------------------------------------------------+----------------------+

    +---------------------------------------------------------------------------------------------------------------------------------------------------------------------------------------------------------+----------------------+
    | Path8 Cells                                                                                                                                                                                             | Primitive Type       |
    +---------------------------------------------------------------------------------------------------------------------------------------------------------------------------------------------------------+----------------------+
    | fadd_32ns_32ns_32_2_full_dsp_1_U2/din1_buf1_reg[24]                                                                                                                                                     | FLOP_LATCH.flop.FDRE |
    | fadd_32ns_32ns_32_2_full_dsp_1_U2/gnss_correlator_fadd_32ns_32ns_32_2_full_dsp_1_ip_u/U0/i_synth/ADDSUB_OP.ADDSUB/DSP.OP/DSP48E1_BODY.EXP/merged_sub_mux.gen_luts[1].sub_lut                            | LUT.others.LUT5      |
    | fadd_32ns_32ns_32_2_full_dsp_1_U2/gnss_correlator_fadd_32ns_32ns_32_2_full_dsp_1_ip_u/U0/i_synth/ADDSUB_OP.ADDSUB/DSP.OP/DSP48E1_BODY.EXP/merged_sub_mux.STRUCT_ADD/CHAIN_GEN[0].C_MUX.CARRY_MUX_CARRY4 | CARRY.others.CARRY4  |
    | fadd_32ns_32ns_32_2_full_dsp_1_U2/gnss_correlator_fadd_32ns_32ns_32_2_full_dsp_1_ip_u/U0/i_synth/ADDSUB_OP.ADDSUB/DSP.OP/DSP48E1_BODY.EXP/merged_sub_mux.STRUCT_ADD/i_no_versal_es1_workaround.DSP_i_65 | LUT.others.LUT6      |
    | fadd_32ns_32ns_32_2_full_dsp_1_U2/gnss_correlator_fadd_32ns_32ns_32_2_full_dsp_1_ip_u/U0/i_synth/ADDSUB_OP.ADDSUB/DSP.OP/DSP48E1_BODY.ALIGN_ADD/DSP2/i_no_versal_es1_workaround.DSP                     | MULT.dsp.DSP48E1     |
    | fadd_32ns_32ns_32_2_full_dsp_1_U2/gnss_correlator_fadd_32ns_32ns_32_2_full_dsp_1_ip_u/U0/i_synth/ADDSUB_OP.ADDSUB/DSP.OP/DSP48E1_BODY.ALIGN_ADD/DSP2/DIST_ENC[2].LSB_i_2                                | LUT.others.LUT3      |
    | fadd_32ns_32ns_32_2_full_dsp_1_U2/gnss_correlator_fadd_32ns_32ns_32_2_full_dsp_1_ip_u/U0/i_synth/ADDSUB_OP.ADDSUB/DSP.OP/DSP48E1_BODY.NORM_RND/FULL_USAGE_DSP.LOD/DIST_ENC[2].MSB                       | LUT.others.LUT5      |
    | fadd_32ns_32ns_32_2_full_dsp_1_U2/gnss_correlator_fadd_32ns_32ns_32_2_full_dsp_1_ip_u/U0/i_synth/ADDSUB_OP.ADDSUB/DSP.OP/DSP48E1_BODY.NORM_RND/FULL_USAGE_DSP.LOD/minusOp_carry_i_5                     | LUT.others.LUT4      |
    | fadd_32ns_32ns_32_2_full_dsp_1_U2/gnss_correlator_fadd_32ns_32ns_32_2_full_dsp_1_ip_u/U0/i_synth/ADDSUB_OP.ADDSUB/DSP.OP/DSP48E1_BODY.NORM_RND/FULL_USAGE_DSP.LOD/minusOp_carry_i_3                     | LUT.others.LUT6      |
    | fadd_32ns_32ns_32_2_full_dsp_1_U2/gnss_correlator_fadd_32ns_32ns_32_2_full_dsp_1_ip_u/U0/i_synth/ADDSUB_OP.ADDSUB/DSP.OP/DSP48E1_BODY.EXP/minusOp_carry                                                 | CARRY.others.CARRY4  |
    | fadd_32ns_32ns_32_2_full_dsp_1_U2/gnss_correlator_fadd_32ns_32ns_32_2_full_dsp_1_ip_u/U0/i_synth/ADDSUB_OP.ADDSUB/DSP.OP/DSP48E1_BODY.EXP/minusOp_carry__0                                              | CARRY.others.CARRY4  |
    | fadd_32ns_32ns_32_2_full_dsp_1_U2/gnss_correlator_fadd_32ns_32ns_32_2_full_dsp_1_ip_u/U0/i_synth/ADDSUB_OP.ADDSUB/DSP.OP/DSP48E1_BODY.NORM_RND/FULL_USAGE_DSP.SHIFT_RND/i_no_versal_es1_workaround.DSP  | MULT.dsp.DSP48E1     |
    | fadd_32ns_32ns_32_2_full_dsp_1_U2/gnss_correlator_fadd_32ns_32ns_32_2_full_dsp_1_ip_u/U0/i_synth/ADDSUB_OP.ADDSUB/DSP.OP/DSP48E1_BODY.EXP/EXP_OFF.STRUCT_ADD/mant_op_inferred_i_7                       | LUT.others.LUT6      |
    | fadd_32ns_32ns_32_2_full_dsp_1_U2/acc_I_fu_98[16]_i_1                                                                                                                                                   | LUT.others.LUT3      |
    | acc_I_fu_98_reg[16]                                                                                                                                                                                     | FLOP_LATCH.flop.FDRE |
    +---------------------------------------------------------------------------------------------------------------------------------------------------------------------------------------------------------+----------------------+

    +---------------------------------------------------------------------------------------------------------------------------------------------------------------------------------------------------------+----------------------+
    | Path9 Cells                                                                                                                                                                                             | Primitive Type       |
    +---------------------------------------------------------------------------------------------------------------------------------------------------------------------------------------------------------+----------------------+
    | fadd_32ns_32ns_32_2_full_dsp_1_U2/din1_buf1_reg[24]                                                                                                                                                     | FLOP_LATCH.flop.FDRE |
    | fadd_32ns_32ns_32_2_full_dsp_1_U2/gnss_correlator_fadd_32ns_32ns_32_2_full_dsp_1_ip_u/U0/i_synth/ADDSUB_OP.ADDSUB/DSP.OP/DSP48E1_BODY.EXP/merged_sub_mux.gen_luts[1].sub_lut                            | LUT.others.LUT5      |
    | fadd_32ns_32ns_32_2_full_dsp_1_U2/gnss_correlator_fadd_32ns_32ns_32_2_full_dsp_1_ip_u/U0/i_synth/ADDSUB_OP.ADDSUB/DSP.OP/DSP48E1_BODY.EXP/merged_sub_mux.STRUCT_ADD/CHAIN_GEN[0].C_MUX.CARRY_MUX_CARRY4 | CARRY.others.CARRY4  |
    | fadd_32ns_32ns_32_2_full_dsp_1_U2/gnss_correlator_fadd_32ns_32ns_32_2_full_dsp_1_ip_u/U0/i_synth/ADDSUB_OP.ADDSUB/DSP.OP/DSP48E1_BODY.EXP/merged_sub_mux.STRUCT_ADD/i_no_versal_es1_workaround.DSP_i_65 | LUT.others.LUT6      |
    | fadd_32ns_32ns_32_2_full_dsp_1_U2/gnss_correlator_fadd_32ns_32ns_32_2_full_dsp_1_ip_u/U0/i_synth/ADDSUB_OP.ADDSUB/DSP.OP/DSP48E1_BODY.ALIGN_ADD/DSP2/i_no_versal_es1_workaround.DSP                     | MULT.dsp.DSP48E1     |
    | fadd_32ns_32ns_32_2_full_dsp_1_U2/gnss_correlator_fadd_32ns_32ns_32_2_full_dsp_1_ip_u/U0/i_synth/ADDSUB_OP.ADDSUB/DSP.OP/DSP48E1_BODY.ALIGN_ADD/DSP2/DIST_ENC[2].LSB_i_2                                | LUT.others.LUT3      |
    | fadd_32ns_32ns_32_2_full_dsp_1_U2/gnss_correlator_fadd_32ns_32ns_32_2_full_dsp_1_ip_u/U0/i_synth/ADDSUB_OP.ADDSUB/DSP.OP/DSP48E1_BODY.NORM_RND/FULL_USAGE_DSP.LOD/DIST_ENC[2].MSB                       | LUT.others.LUT5      |
    | fadd_32ns_32ns_32_2_full_dsp_1_U2/gnss_correlator_fadd_32ns_32ns_32_2_full_dsp_1_ip_u/U0/i_synth/ADDSUB_OP.ADDSUB/DSP.OP/DSP48E1_BODY.NORM_RND/FULL_USAGE_DSP.LOD/minusOp_carry_i_5                     | LUT.others.LUT4      |
    | fadd_32ns_32ns_32_2_full_dsp_1_U2/gnss_correlator_fadd_32ns_32ns_32_2_full_dsp_1_ip_u/U0/i_synth/ADDSUB_OP.ADDSUB/DSP.OP/DSP48E1_BODY.NORM_RND/FULL_USAGE_DSP.LOD/minusOp_carry_i_3                     | LUT.others.LUT6      |
    | fadd_32ns_32ns_32_2_full_dsp_1_U2/gnss_correlator_fadd_32ns_32ns_32_2_full_dsp_1_ip_u/U0/i_synth/ADDSUB_OP.ADDSUB/DSP.OP/DSP48E1_BODY.EXP/minusOp_carry                                                 | CARRY.others.CARRY4  |
    | fadd_32ns_32ns_32_2_full_dsp_1_U2/gnss_correlator_fadd_32ns_32ns_32_2_full_dsp_1_ip_u/U0/i_synth/ADDSUB_OP.ADDSUB/DSP.OP/DSP48E1_BODY.EXP/minusOp_carry__0                                              | CARRY.others.CARRY4  |
    | fadd_32ns_32ns_32_2_full_dsp_1_U2/gnss_correlator_fadd_32ns_32ns_32_2_full_dsp_1_ip_u/U0/i_synth/ADDSUB_OP.ADDSUB/DSP.OP/DSP48E1_BODY.NORM_RND/FULL_USAGE_DSP.SHIFT_RND/i_no_versal_es1_workaround.DSP  | MULT.dsp.DSP48E1     |
    | fadd_32ns_32ns_32_2_full_dsp_1_U2/gnss_correlator_fadd_32ns_32ns_32_2_full_dsp_1_ip_u/U0/i_synth/ADDSUB_OP.ADDSUB/DSP.OP/DSP48E1_BODY.EXP/EXP_OFF.STRUCT_ADD/mant_op_inferred_i_6                       | LUT.others.LUT6      |
    | fadd_32ns_32ns_32_2_full_dsp_1_U2/acc_I_fu_98[17]_i_1                                                                                                                                                   | LUT.others.LUT3      |
    | acc_I_fu_98_reg[17]                                                                                                                                                                                     | FLOP_LATCH.flop.FDRE |
    +---------------------------------------------------------------------------------------------------------------------------------------------------------------------------------------------------------+----------------------+

    +---------------------------------------------------------------------------------------------------------------------------------------------------------------------------------------------------------+----------------------+
    | Path10 Cells                                                                                                                                                                                            | Primitive Type       |
    +---------------------------------------------------------------------------------------------------------------------------------------------------------------------------------------------------------+----------------------+
    | fadd_32ns_32ns_32_2_full_dsp_1_U2/din1_buf1_reg[24]                                                                                                                                                     | FLOP_LATCH.flop.FDRE |
    | fadd_32ns_32ns_32_2_full_dsp_1_U2/gnss_correlator_fadd_32ns_32ns_32_2_full_dsp_1_ip_u/U0/i_synth/ADDSUB_OP.ADDSUB/DSP.OP/DSP48E1_BODY.EXP/merged_sub_mux.gen_luts[1].sub_lut                            | LUT.others.LUT5      |
    | fadd_32ns_32ns_32_2_full_dsp_1_U2/gnss_correlator_fadd_32ns_32ns_32_2_full_dsp_1_ip_u/U0/i_synth/ADDSUB_OP.ADDSUB/DSP.OP/DSP48E1_BODY.EXP/merged_sub_mux.STRUCT_ADD/CHAIN_GEN[0].C_MUX.CARRY_MUX_CARRY4 | CARRY.others.CARRY4  |
    | fadd_32ns_32ns_32_2_full_dsp_1_U2/gnss_correlator_fadd_32ns_32ns_32_2_full_dsp_1_ip_u/U0/i_synth/ADDSUB_OP.ADDSUB/DSP.OP/DSP48E1_BODY.EXP/merged_sub_mux.STRUCT_ADD/i_no_versal_es1_workaround.DSP_i_65 | LUT.others.LUT6      |
    | fadd_32ns_32ns_32_2_full_dsp_1_U2/gnss_correlator_fadd_32ns_32ns_32_2_full_dsp_1_ip_u/U0/i_synth/ADDSUB_OP.ADDSUB/DSP.OP/DSP48E1_BODY.ALIGN_ADD/DSP2/i_no_versal_es1_workaround.DSP                     | MULT.dsp.DSP48E1     |
    | fadd_32ns_32ns_32_2_full_dsp_1_U2/gnss_correlator_fadd_32ns_32ns_32_2_full_dsp_1_ip_u/U0/i_synth/ADDSUB_OP.ADDSUB/DSP.OP/DSP48E1_BODY.ALIGN_ADD/DSP2/DIST_ENC[2].LSB_i_2                                | LUT.others.LUT3      |
    | fadd_32ns_32ns_32_2_full_dsp_1_U2/gnss_correlator_fadd_32ns_32ns_32_2_full_dsp_1_ip_u/U0/i_synth/ADDSUB_OP.ADDSUB/DSP.OP/DSP48E1_BODY.NORM_RND/FULL_USAGE_DSP.LOD/DIST_ENC[2].MSB                       | LUT.others.LUT5      |
    | fadd_32ns_32ns_32_2_full_dsp_1_U2/gnss_correlator_fadd_32ns_32ns_32_2_full_dsp_1_ip_u/U0/i_synth/ADDSUB_OP.ADDSUB/DSP.OP/DSP48E1_BODY.NORM_RND/FULL_USAGE_DSP.LOD/minusOp_carry_i_5                     | LUT.others.LUT4      |
    | fadd_32ns_32ns_32_2_full_dsp_1_U2/gnss_correlator_fadd_32ns_32ns_32_2_full_dsp_1_ip_u/U0/i_synth/ADDSUB_OP.ADDSUB/DSP.OP/DSP48E1_BODY.NORM_RND/FULL_USAGE_DSP.LOD/minusOp_carry_i_3                     | LUT.others.LUT6      |
    | fadd_32ns_32ns_32_2_full_dsp_1_U2/gnss_correlator_fadd_32ns_32ns_32_2_full_dsp_1_ip_u/U0/i_synth/ADDSUB_OP.ADDSUB/DSP.OP/DSP48E1_BODY.EXP/minusOp_carry                                                 | CARRY.others.CARRY4  |
    | fadd_32ns_32ns_32_2_full_dsp_1_U2/gnss_correlator_fadd_32ns_32ns_32_2_full_dsp_1_ip_u/U0/i_synth/ADDSUB_OP.ADDSUB/DSP.OP/DSP48E1_BODY.EXP/minusOp_carry__0                                              | CARRY.others.CARRY4  |
    | fadd_32ns_32ns_32_2_full_dsp_1_U2/gnss_correlator_fadd_32ns_32ns_32_2_full_dsp_1_ip_u/U0/i_synth/ADDSUB_OP.ADDSUB/DSP.OP/DSP48E1_BODY.NORM_RND/FULL_USAGE_DSP.SHIFT_RND/i_no_versal_es1_workaround.DSP  | MULT.dsp.DSP48E1     |
    | fadd_32ns_32ns_32_2_full_dsp_1_U2/gnss_correlator_fadd_32ns_32ns_32_2_full_dsp_1_ip_u/U0/i_synth/ADDSUB_OP.ADDSUB/DSP.OP/DSP48E1_BODY.EXP/EXP_OFF.STRUCT_ADD/mant_op_inferred_i_5                       | LUT.others.LUT6      |
    | fadd_32ns_32ns_32_2_full_dsp_1_U2/acc_I_fu_98[18]_i_1                                                                                                                                                   | LUT.others.LUT3      |
    | acc_I_fu_98_reg[18]                                                                                                                                                                                     | FLOP_LATCH.flop.FDRE |
    +---------------------------------------------------------------------------------------------------------------------------------------------------------------------------------------------------------+----------------------+


================================================================
== RTL Synthesis Vivado Reports
================================================================
+--------------------------+------------------------------------------------------------------------+
| Report Type              | Report Location                                                        |
+--------------------------+------------------------------------------------------------------------+
| design_analysis          | impl/verilog/report/gnss_correlator_design_analysis_synth.rpt          |
| failfast                 | impl/verilog/report/gnss_correlator_failfast_synth.rpt                 |
| power                    | impl/verilog/report/gnss_correlator_power_synth.rpt                    |
| timing                   | impl/verilog/report/gnss_correlator_timing_synth.rpt                   |
| timing_paths             | impl/verilog/report/gnss_correlator_timing_paths_synth.rpt             |
| utilization              | impl/verilog/report/gnss_correlator_utilization_synth.rpt              |
| utilization_hierarchical | impl/verilog/report/gnss_correlator_utilization_hierarchical_synth.rpt |
+--------------------------+------------------------------------------------------------------------+


