================================================================
== Vivado Place & Route Results
================================================================
+ General Information:
    * Date:            Wed Sep 16 18:10:18 IST 2026
    * Version:         2025.2 (Build 6295257 on Nov 14 2025)
    * Project:         gnss_correlator_hls
    * Solution:        hls (Vivado IP Flow Target)
    * Product family:  zynq
    * Target device:   xc7z020-clg484-1


================================================================
== Run Constraints & Options
================================================================
+ Design Constraints & Options:
    * Place & Route target clock:  10 ns
    * C-Synthesis target clock:    10 ns
    * C-Synthesis uncertainty:     27%

+ RTL Synthesis Options:
    * config_export -vivado_synth_strategy:     default
    * config_export -vivado_synth_design_args:  -directive sdx_optimization_effort_high

+ Place & Route Options:
    * config_export -vivado_impl_strategy:  default
    * config_export -vivado_phys_opt:       auto

+ Reporting Options:
    * config_export -vivado_report_level:      2
    * config_export -vivado_max_timing_paths:  10


================================================================
== Place & Route Resource Summary
================================================================
LUT:              2501
FF:               3273
DSP:              4
BRAM:             2
URAM:             0
SRL:              68


================================================================
== Place & Route Timing Summary
================================================================
* Timing was met
+----------------+-------------+
| Timing         | Period (ns) |
+----------------+-------------+
| Target         | 10.000      |
| Post-Synthesis | 6.454       |
| Post-Route     | 6.880       |
+----------------+-------------+


================================================================
== Place & Route Resources
================================================================
+-----------------------------------------------------------+-----+----+-----+------+------+-----+--------+------+---------+----------+--------+
| Name                                                      | LUT | FF | DSP | BRAM | URAM | SRL | Pragma | Impl | Latency | Variable | Source |
+-----------------------------------------------------------+-----+----+-----+------+------+-----+--------+------+---------+----------+--------+
| inst                                                      |     |    |     |      |      | 68  |        |      |         |          |        |
|   (inst)                                                  |     |    |     |      |      | 2   |        |      |         |          |        |
|   control_r_s_axi_U                                       |     |    |     |      |      |     |        |      |         |          |        |
|   control_s_axi_U                                         |     |    |     |      |      |     |        |      |         |          |        |
|   gmem0_m_axi_U                                           |     |    |     |      |      | 33  |        |      |         |          |        |
|   gmem1_m_axi_U                                           |     |    |     |      |      | 33  |        |      |         |          |        |
|   grp_gnss_correlator_Pipeline_VITIS_LOOP_30_1_fu_170     |     |    |     |      |      |     |        |      |         |          |        |
|     (grp_gnss_correlator_Pipeline_VITIS_LOOP_30_1_fu_170) |     |    |     |      |      |     |        |      |         |          |        |
|     flow_control_loop_pipe_sequential_init_U              |     |    |     |      |      |     |        |      |         |          |        |
|     fpext_32ns_64_2_no_dsp_1_U1                           |     |    |     |      |      |     |        |      |         |          |        |
|       (fpext_32ns_64_2_no_dsp_1_U1)                       |     |    |     |      |      |     |        |      |         |          |        |
|     fpext_32ns_64_2_no_dsp_1_U2                           |     |    |     |      |      |     |        |      |         |          |        |
|       (fpext_32ns_64_2_no_dsp_1_U2)                       |     |    |     |      |      |     |        |      |         |          |        |
|     mac_muladd_18s_18s_34s_34_4_1_U10                     |     |    |     |      |      |     |        |      |         |          |        |
|     mac_mulsub_18s_18s_34s_34_4_1_U9                      |     |    |     |      |      |     |        |      |         |          |        |
+-----------------------------------------------------------+-----+----+-----+------+------+-----+--------+------+---------+----------+--------+


================================================================
== Place & Route Fail Fast
================================================================
+-----------------------------------------------------------+-----------+--------+--------+
| Criteria                                                  | Guideline | Actual | Status |
+-----------------------------------------------------------+-----------+--------+--------+
| LUT                                                       | 70%       | 4.70%  | OK     |
| FD                                                        | 50%       | 3.08%  | OK     |
| LUTRAM+SRL                                                | 25%       | 0.39%  | OK     |
| MUXF7                                                     | 15%       | 0.12%  | OK     |
| DSP                                                       | 80%       | 1.82%  | OK     |
| RAMB/FIFO                                                 | 80%       | 0.71%  | OK     |
| DSP+RAMB+URAM (Avg)                                       | 70%       | 1.27%  | OK     |
| BUFGCE* + BUFGCTRL                                        | 24        | 0      | OK     |
| DONT_TOUCH (cells/nets)                                   | 0         | 4      | REVIEW |
| MARK_DEBUG (nets)                                         | 0         | 0      | OK     |
| Control Sets                                              | 998       | 96     | OK     |
| Average Fanout for modules > 100k cells                   | 4         | 2.90   | OK     |
| Max Average Fanout for modules > 100k cells               | 4         | 0      | OK     |
| Non-FD high fanout nets > 10k loads                       | 0         | 0      | OK     |
+-----------------------------------------------------------+-----------+--------+--------+
| TIMING-6 (No common primary clock between related clocks) | 0         | 0      | OK     |
| TIMING-7 (No common node between related clocks)          | 0         | 0      | OK     |
| TIMING-8 (No common period between related clocks)        | 0         | 0      | OK     |
| TIMING-14 (LUT on the clock tree)                         | 0         | 0      | OK     |
| TIMING-35 (No common node in paths with the same clock)   | 0         | 0      | OK     |
+-----------------------------------------------------------+-----------+--------+--------+
| Number of paths above max LUT budgeting (0.575ns)         | 0         | 0      | OK     |
| Number of paths above max Net budgeting (0.403ns)         | 0         | 0      | OK     |
+-----------------------------------------------------------+-----------+--------+--------+


================================================================
== Place & Route Timing Paths
================================================================
* Timing was met
+-------+---------------------+---------------------------------------------------------------------------+-----------------------------+--------------+------------+---------------------+---------------------+---------------------+
| Path  |               SLACK | STARTPOINT PIN                                                            | ENDPOINT PIN                | LOGIC LEVELS | MAX FANOUT |      DATAPATH DELAY |      DATAPATH LOGIC |        DATAPATH NET |
|       |                     |                                                                           |                             |              |            |                     |               DELAY |               DELAY |
+-------+---------------------+---------------------------------------------------------------------------+-----------------------------+--------------+------------+---------------------+---------------------+---------------------+
| Path1 | 3.11966013908386230 | grp_gnss_correlator_Pipeline_VITIS_LOOP_30_1_fu_170/acc_I_fu_118_reg[0]/C | add_ln45_reg_559_reg[3]/D   |            9 |          7 | 6.82533454895019531 | 2.86999988555908203 | 3.95533347129821777 |
| Path2 | 3.15257859230041504 | grp_gnss_correlator_Pipeline_VITIS_LOOP_30_1_fu_170/acc_I_fu_118_reg[0]/C | add_ln45_reg_559_reg[2]/D   |            9 |          7 | 6.83841562271118164 | 2.89599990844726562 | 3.94241523742675781 |
| Path3 | 3.37722110748291016 | grp_gnss_correlator_Pipeline_VITIS_LOOP_30_1_fu_170/acc_I_fu_118_reg[0]/C | trunc_ln45_reg_554_reg[0]/D |            7 |          7 | 6.47777366638183594 | 2.51999998092651367 | 3.95777320861816406 |
| Path4 | 3.43303251266479492 | grp_gnss_correlator_Pipeline_VITIS_LOOP_30_1_fu_170/acc_I_fu_118_reg[0]/C | add_ln45_reg_559_reg[4]/D   |            8 |          7 | 6.51396226882934570 | 2.64399981498718262 | 3.86996173858642578 |
| Path5 | 3.47875857353210449 | grp_gnss_correlator_Pipeline_VITIS_LOOP_30_1_fu_170/acc_I_fu_118_reg[0]/C | add_ln45_reg_559_reg[1]/D   |            8 |          7 | 6.46623611450195312 | 2.64399981498718262 | 3.82223582267761230 |
+-------+---------------------+---------------------------------------------------------------------------+-----------------------------+--------------+------------+---------------------+---------------------+---------------------+

    +-------------------------------------------------------------------------------------+----------------------+
    | Path1 Cells                                                                         | Primitive Type       |
    +-------------------------------------------------------------------------------------+----------------------+
    | grp_gnss_correlator_Pipeline_VITIS_LOOP_30_1_fu_170/acc_I_fu_118_reg[0]             | FLOP_LATCH.flop.FDRE |
    | grp_gnss_correlator_Pipeline_VITIS_LOOP_30_1_fu_170/select_ln45_reg_549[4]_i_3      | LUT.others.LUT1      |
    | grp_gnss_correlator_Pipeline_VITIS_LOOP_30_1_fu_170/select_ln45_reg_549_reg[4]_i_2  | CARRY.others.CARRY4  |
    | grp_gnss_correlator_Pipeline_VITIS_LOOP_30_1_fu_170/select_ln45_reg_549_reg[8]_i_2  | CARRY.others.CARRY4  |
    | grp_gnss_correlator_Pipeline_VITIS_LOOP_30_1_fu_170/select_ln45_reg_549_reg[12]_i_2 | CARRY.others.CARRY4  |
    | grp_gnss_correlator_Pipeline_VITIS_LOOP_30_1_fu_170/select_ln45_reg_549_reg[16]_i_2 | CARRY.others.CARRY4  |
    | grp_gnss_correlator_Pipeline_VITIS_LOOP_30_1_fu_170/add_ln45_reg_559[4]_i_7         | LUT.others.LUT5      |
    | grp_gnss_correlator_Pipeline_VITIS_LOOP_30_1_fu_170/trunc_ln45_reg_554[2]_i_2       | LUT.others.LUT5      |
    | grp_gnss_correlator_Pipeline_VITIS_LOOP_30_1_fu_170/trunc_ln45_reg_554[2]_i_1       | LUT.others.LUT5      |
    | grp_gnss_correlator_Pipeline_VITIS_LOOP_30_1_fu_170/add_ln45_reg_559[3]_i_1         | LUT.others.LUT6      |
    | add_ln45_reg_559_reg[3]                                                             | FLOP_LATCH.flop.FDRE |
    +-------------------------------------------------------------------------------------+----------------------+

    +-------------------------------------------------------------------------------------+----------------------+
    | Path2 Cells                                                                         | Primitive Type       |
    +-------------------------------------------------------------------------------------+----------------------+
    | grp_gnss_correlator_Pipeline_VITIS_LOOP_30_1_fu_170/acc_I_fu_118_reg[0]             | FLOP_LATCH.flop.FDRE |
    | grp_gnss_correlator_Pipeline_VITIS_LOOP_30_1_fu_170/select_ln45_reg_549[4]_i_3      | LUT.others.LUT1      |
    | grp_gnss_correlator_Pipeline_VITIS_LOOP_30_1_fu_170/select_ln45_reg_549_reg[4]_i_2  | CARRY.others.CARRY4  |
    | grp_gnss_correlator_Pipeline_VITIS_LOOP_30_1_fu_170/select_ln45_reg_549_reg[8]_i_2  | CARRY.others.CARRY4  |
    | grp_gnss_correlator_Pipeline_VITIS_LOOP_30_1_fu_170/select_ln45_reg_549_reg[12]_i_2 | CARRY.others.CARRY4  |
    | grp_gnss_correlator_Pipeline_VITIS_LOOP_30_1_fu_170/select_ln45_reg_549_reg[16]_i_2 | CARRY.others.CARRY4  |
    | grp_gnss_correlator_Pipeline_VITIS_LOOP_30_1_fu_170/add_ln45_reg_559[4]_i_7         | LUT.others.LUT5      |
    | grp_gnss_correlator_Pipeline_VITIS_LOOP_30_1_fu_170/trunc_ln45_reg_554[2]_i_2       | LUT.others.LUT5      |
    | grp_gnss_correlator_Pipeline_VITIS_LOOP_30_1_fu_170/trunc_ln45_reg_554[2]_i_1       | LUT.others.LUT5      |
    | grp_gnss_correlator_Pipeline_VITIS_LOOP_30_1_fu_170/add_ln45_reg_559[2]_i_1         | LUT.others.LUT3      |
    | add_ln45_reg_559_reg[2]                                                             | FLOP_LATCH.flop.FDRE |
    +-------------------------------------------------------------------------------------+----------------------+

    +-------------------------------------------------------------------------------------+----------------------+
    | Path3 Cells                                                                         | Primitive Type       |
    +-------------------------------------------------------------------------------------+----------------------+
    | grp_gnss_correlator_Pipeline_VITIS_LOOP_30_1_fu_170/acc_I_fu_118_reg[0]             | FLOP_LATCH.flop.FDRE |
    | grp_gnss_correlator_Pipeline_VITIS_LOOP_30_1_fu_170/select_ln45_reg_549[4]_i_3      | LUT.others.LUT1      |
    | grp_gnss_correlator_Pipeline_VITIS_LOOP_30_1_fu_170/select_ln45_reg_549_reg[4]_i_2  | CARRY.others.CARRY4  |
    | grp_gnss_correlator_Pipeline_VITIS_LOOP_30_1_fu_170/select_ln45_reg_549_reg[8]_i_2  | CARRY.others.CARRY4  |
    | grp_gnss_correlator_Pipeline_VITIS_LOOP_30_1_fu_170/select_ln45_reg_549_reg[12]_i_2 | CARRY.others.CARRY4  |
    | grp_gnss_correlator_Pipeline_VITIS_LOOP_30_1_fu_170/select_ln45_reg_549[9]_i_1      | LUT.others.LUT3      |
    | grp_gnss_correlator_Pipeline_VITIS_LOOP_30_1_fu_170/trunc_ln45_reg_554[0]_i_4       | LUT.others.LUT5      |
    | grp_gnss_correlator_Pipeline_VITIS_LOOP_30_1_fu_170/trunc_ln45_reg_554[0]_i_1       | LUT.others.LUT6      |
    | trunc_ln45_reg_554_reg[0]                                                           | FLOP_LATCH.flop.FDRE |
    +-------------------------------------------------------------------------------------+----------------------+

    +-------------------------------------------------------------------------------------+----------------------+
    | Path4 Cells                                                                         | Primitive Type       |
    +-------------------------------------------------------------------------------------+----------------------+
    | grp_gnss_correlator_Pipeline_VITIS_LOOP_30_1_fu_170/acc_I_fu_118_reg[0]             | FLOP_LATCH.flop.FDRE |
    | grp_gnss_correlator_Pipeline_VITIS_LOOP_30_1_fu_170/select_ln45_reg_549[4]_i_3      | LUT.others.LUT1      |
    | grp_gnss_correlator_Pipeline_VITIS_LOOP_30_1_fu_170/select_ln45_reg_549_reg[4]_i_2  | CARRY.others.CARRY4  |
    | grp_gnss_correlator_Pipeline_VITIS_LOOP_30_1_fu_170/select_ln45_reg_549_reg[8]_i_2  | CARRY.others.CARRY4  |
    | grp_gnss_correlator_Pipeline_VITIS_LOOP_30_1_fu_170/select_ln45_reg_549_reg[12]_i_2 | CARRY.others.CARRY4  |
    | grp_gnss_correlator_Pipeline_VITIS_LOOP_30_1_fu_170/select_ln45_reg_549[9]_i_1      | LUT.others.LUT3      |
    | grp_gnss_correlator_Pipeline_VITIS_LOOP_30_1_fu_170/trunc_ln45_reg_554[0]_i_4       | LUT.others.LUT5      |
    | grp_gnss_correlator_Pipeline_VITIS_LOOP_30_1_fu_170/trunc_ln45_reg_554[0]_i_1       | LUT.others.LUT6      |
    | grp_gnss_correlator_Pipeline_VITIS_LOOP_30_1_fu_170/add_ln45_reg_559[4]_i_1         | LUT.others.LUT6      |
    | add_ln45_reg_559_reg[4]                                                             | FLOP_LATCH.flop.FDRE |
    +-------------------------------------------------------------------------------------+----------------------+

    +-------------------------------------------------------------------------------------+----------------------+
    | Path5 Cells                                                                         | Primitive Type       |
    +-------------------------------------------------------------------------------------+----------------------+
    | grp_gnss_correlator_Pipeline_VITIS_LOOP_30_1_fu_170/acc_I_fu_118_reg[0]             | FLOP_LATCH.flop.FDRE |
    | grp_gnss_correlator_Pipeline_VITIS_LOOP_30_1_fu_170/select_ln45_reg_549[4]_i_3      | LUT.others.LUT1      |
    | grp_gnss_correlator_Pipeline_VITIS_LOOP_30_1_fu_170/select_ln45_reg_549_reg[4]_i_2  | CARRY.others.CARRY4  |
    | grp_gnss_correlator_Pipeline_VITIS_LOOP_30_1_fu_170/select_ln45_reg_549_reg[8]_i_2  | CARRY.others.CARRY4  |
    | grp_gnss_correlator_Pipeline_VITIS_LOOP_30_1_fu_170/select_ln45_reg_549_reg[12]_i_2 | CARRY.others.CARRY4  |
    | grp_gnss_correlator_Pipeline_VITIS_LOOP_30_1_fu_170/select_ln45_reg_549[9]_i_1      | LUT.others.LUT3      |
    | grp_gnss_correlator_Pipeline_VITIS_LOOP_30_1_fu_170/trunc_ln45_reg_554[0]_i_4       | LUT.others.LUT5      |
    | grp_gnss_correlator_Pipeline_VITIS_LOOP_30_1_fu_170/trunc_ln45_reg_554[0]_i_1       | LUT.others.LUT6      |
    | grp_gnss_correlator_Pipeline_VITIS_LOOP_30_1_fu_170/add_ln45_reg_559[1]_i_1         | LUT.others.LUT2      |
    | add_ln45_reg_559_reg[1]                                                             | FLOP_LATCH.flop.FDRE |
    +-------------------------------------------------------------------------------------+----------------------+


================================================================
== Place & Route Vivado Reports
================================================================
+--------------------------+-------------------------------------------------------------------------+
| Report Type              | Report Location                                                         |
+--------------------------+-------------------------------------------------------------------------+
| design_analysis          | impl/verilog/report/gnss_correlator_design_analysis_routed.rpt          |
| failfast                 | impl/verilog/report/gnss_correlator_failfast_routed.rpt                 |
| power                    | impl/verilog/report/gnss_correlator_power_routed.rpt                    |
| status                   | impl/verilog/report/gnss_correlator_status_routed.rpt                   |
| timing                   | impl/verilog/report/gnss_correlator_timing_routed.rpt                   |
| timing_paths             | impl/verilog/report/gnss_correlator_timing_paths_routed.rpt             |
| utilization              | impl/verilog/report/gnss_correlator_utilization_routed.rpt              |
| utilization_hierarchical | impl/verilog/report/gnss_correlator_utilization_hierarchical_routed.rpt |
+--------------------------+-------------------------------------------------------------------------+


