

Implementation tool: Xilinx Vivado v.2025.2
Project:             gnss_correlator_hls
Solution:            hls
Device target:       xc7z020-clg484-1
Report date:         Wed Sep 16 18:10:17 IST 2026

#=== Post-Implementation Resource usage ===
SLICE:         1014
LUT:           2501
FF:            3273
DSP:              4
BRAM:             2
URAM:             0
LATCH:            0
SRL:             68
CLB:              0

#=== Final timing ===
CP required:                     10.000
CP achieved post-synthesis:      6.454
CP achieved post-implementation: 6.880
Timing met
