/home/johan2/Documents/fpga/zynq-pynq-gnss-receiver/enhanced_correlator/enhanced_correlator/enhanced_correlator/hls/.autopilot/db/enhanced_correlator.pp.0.cpp:18359:5: remark: Added loop label VITIS_LOOP_61_1:   [xilinx-label-all-loops]
    for (int i = 0; i < num_samples; i++) {
    ^
    VITIS_LOOP_61_1: 
/home/johan2/Documents/fpga/zynq-pynq-gnss-receiver/enhanced_correlator/enhanced_correlator/enhanced_correlator/hls/.autopilot/db/enhanced_correlator.pp.0.cpp:18359:5: note: FIX-IT applied suggested code changes
/home/johan2/Documents/fpga/zynq-pynq-gnss-receiver/enhanced_correlator/enhanced_correlator/enhanced_correlator/hls/.autopilot/db/enhanced_correlator.pp.0.cpp:18368:9: remark: Added loop label VITIS_LOOP_70_2:   [xilinx-label-all-loops]
        while (phase >= 6.28318530717958647692f) phase -= 6.28318530717958647692f;
        ^
        VITIS_LOOP_70_2: 
/home/johan2/Documents/fpga/zynq-pynq-gnss-receiver/enhanced_correlator/enhanced_correlator/enhanced_correlator/hls/.autopilot/db/enhanced_correlator.pp.0.cpp:18368:9: note: FIX-IT applied suggested code changes
/home/johan2/Documents/fpga/zynq-pynq-gnss-receiver/enhanced_correlator/enhanced_correlator/enhanced_correlator/hls/.autopilot/db/enhanced_correlator.pp.0.cpp:18369:9: remark: Added loop label VITIS_LOOP_71_3:   [xilinx-label-all-loops]
        while (phase < 0) phase += 6.28318530717958647692f;
        ^
        VITIS_LOOP_71_3: 
/home/johan2/Documents/fpga/zynq-pynq-gnss-receiver/enhanced_correlator/enhanced_correlator/enhanced_correlator/hls/.autopilot/db/enhanced_correlator.pp.0.cpp:18369:9: note: FIX-IT applied suggested code changes
/home/johan2/Documents/fpga/zynq-pynq-gnss-receiver/enhanced_correlator/enhanced_correlator/enhanced_correlator/hls/.autopilot/db/enhanced_correlator.pp.0.cpp:18384:9: remark: Added loop label VITIS_LOOP_86_4:   [xilinx-label-all-loops]
        while (early_phase < 0) early_phase += code_length;
        ^
        VITIS_LOOP_86_4: 
/home/johan2/Documents/fpga/zynq-pynq-gnss-receiver/enhanced_correlator/enhanced_correlator/enhanced_correlator/hls/.autopilot/db/enhanced_correlator.pp.0.cpp:18384:9: note: FIX-IT applied suggested code changes
/home/johan2/Documents/fpga/zynq-pynq-gnss-receiver/enhanced_correlator/enhanced_correlator/enhanced_correlator/hls/.autopilot/db/enhanced_correlator.pp.0.cpp:18385:9: remark: Added loop label VITIS_LOOP_87_5:   [xilinx-label-all-loops]
        while (late_phase >= code_length) late_phase -= code_length;
        ^
        VITIS_LOOP_87_5: 
/home/johan2/Documents/fpga/zynq-pynq-gnss-receiver/enhanced_correlator/enhanced_correlator/enhanced_correlator/hls/.autopilot/db/enhanced_correlator.pp.0.cpp:18385:9: note: FIX-IT applied suggested code changes
/home/johan2/Documents/fpga/zynq-pynq-gnss-receiver/enhanced_correlator/enhanced_correlator/enhanced_correlator/hls/.autopilot/db/enhanced_correlator.pp.0.cpp:18386:9: remark: Added loop label VITIS_LOOP_88_6:   [xilinx-label-all-loops]
        while (prompt_phase >= code_length) prompt_phase -= code_length;
        ^
        VITIS_LOOP_88_6: 
/home/johan2/Documents/fpga/zynq-pynq-gnss-receiver/enhanced_correlator/enhanced_correlator/enhanced_correlator/hls/.autopilot/db/enhanced_correlator.pp.0.cpp:18386:9: note: FIX-IT applied suggested code changes
