

================================================================
== Vitis HLS Report for 'sin_or_cos_float_s'
================================================================
* Date:           Sun Sep 20 21:47:29 2026

* Version:        2025.2 (Build 6295257 on Nov 14 2025)
* Project:        enhanced_correlator
* Solution:       hls (Vivado IP Flow Target)
* Product family: zynq
* Target device:  xc7z020-clg484-1


================================================================
== Performance Estimates
================================================================
+ Timing: 
    * Summary: 
    +--------+----------+----------+------------+
    |  Clock |  Target  | Estimated| Uncertainty|
    +--------+----------+----------+------------+
    |ap_clk  |  10.00 ns|  7.139 ns|     2.70 ns|
    +--------+----------+----------+------------+

+ Latency: 
    * Summary: 
    +---------+---------+----------+----------+-----+-----+---------+
    |  Latency (cycles) |  Latency (absolute) |  Interval | Pipeline|
    |   min   |   max   |    min   |    max   | min | max |   Type  |
    +---------+---------+----------+----------+-----+-----+---------+
    |       17|       17|  0.170 us|  0.170 us|    1|    1|      yes|
    +---------+---------+----------+----------+-----+-----+---------+

    + Detail: 
        * Instance: 
        N/A

        * Loop: 
        N/A

============================================================
+ Verbose Summary: Synthesis Manager
============================================================
InlineROM: 1
ExposeGlobal: 0
============================================================
+ Verbose Summary: CDFG Model
============================================================
IsTopModel: 0
ResetActiveHigh: 1
IsCombinational: 0
IsDatapathOnly: 0
HasWiredReturn: 1
HasMFsm: 2
HasVarLatency: 0
IsPipeline: 1
IsRtlPipelined: 1
IsInstanceOverlapped: 0
IsDontTouch: 0
HasImplIP: 0
IsGatedGlobalClock: 0

+ Individual pipeline summary: 
  * Pipeline-0: initiation interval (II) = 1, depth = 18


============================================================
+ Verbose Summary: Schedule
============================================================
* Number of FSM states : 18
* Pipeline : 1
  Pipeline-0 : II = 1, D = 18, States = { 1 2 3 4 5 6 7 8 9 10 11 12 13 14 15 16 17 18 }
* Dataflow Pipeline: 0

* FSM state transitions: 
1 --> 2 
2 --> 3 
3 --> 4 
4 --> 5 
5 --> 6 
6 --> 7 
7 --> 8 
8 --> 9 
9 --> 10 
10 --> 11 
11 --> 12 
12 --> 13 
13 --> 14 
14 --> 15 
15 --> 16 
16 --> 17 
17 --> 18 
18 --> 

* FSM state operations: 

State 1 <SV = 0> <Delay = 5.46>
ST_1 : Operation 19 [1/1] (0.00ns)   --->   "%do_cos_read = read i1 @_ssdm_op_Read.ap_auto.i1, i1 %do_cos" [/wrk/ci/prod/2025.2/hls_product/continuous/666/2025.2/src/shared/hls/clib/hlsmath/include/FloatingPoint/hls_hotbm.h:209]   --->   Operation 19 'read' 'do_cos_read' <Predicate = true> <Delay = 0.00>
ST_1 : Operation 20 [1/1] (0.00ns)   --->   "%t_in_read = read i32 @_ssdm_op_Read.ap_auto.float, i32 %t_in" [/wrk/ci/prod/2025.2/hls_product/continuous/666/2025.2/src/shared/hls/clib/hlsmath/include/FloatingPoint/hls_hotbm.h:209]   --->   Operation 20 'read' 't_in_read' <Predicate = true> <Delay = 0.00>
ST_1 : Operation 21 [1/1] (0.00ns)   --->   "%data = bitcast i32 %t_in_read" [/wrk/ci/prod/2025.2/hls_product/continuous/666/2025.2/src/shared/hls/clib/src/hls/utils/x_hls_utils.h:288->/wrk/ci/prod/2025.2/hls_product/continuous/666/2025.2/src/shared/hls/clib/hlsmath/include/FloatingPoint/hls_hotbm.h:223]   --->   Operation 21 'bitcast' 'data' <Predicate = true> <Delay = 0.00>
ST_1 : Operation 22 [1/1] (0.00ns)   --->   "%din_sign = bitselect i1 @_ssdm_op_BitSelect.i1.i32.i32, i32 %data, i32 31" [/wrk/ci/prod/2025.2/hls_product/continuous/666/2025.2/src/shared/hls/clib/src/hls/utils/x_hls_utils.h:294->/wrk/ci/prod/2025.2/hls_product/continuous/666/2025.2/src/shared/hls/clib/hlsmath/include/FloatingPoint/hls_hotbm.h:223]   --->   Operation 22 'bitselect' 'din_sign' <Predicate = true> <Delay = 0.00>
ST_1 : Operation 23 [1/1] (0.00ns)   --->   "%din_exp = partselect i8 @_ssdm_op_PartSelect.i8.i32.i32, i32 %data, i32 23" [/wrk/ci/prod/2025.2/hls_product/continuous/666/2025.2/src/shared/hls/clib/src/hls/utils/x_hls_utils.h:295->/wrk/ci/prod/2025.2/hls_product/continuous/666/2025.2/src/shared/hls/clib/hlsmath/include/FloatingPoint/hls_hotbm.h:223]   --->   Operation 23 'partselect' 'din_exp' <Predicate = true> <Delay = 0.00>
ST_1 : Operation 24 [1/1] (0.00ns)   --->   "%din_sig = trunc i32 %data" [/wrk/ci/prod/2025.2/hls_product/continuous/666/2025.2/src/shared/hls/clib/src/hls/utils/x_hls_utils.h:296->/wrk/ci/prod/2025.2/hls_product/continuous/666/2025.2/src/shared/hls/clib/hlsmath/include/FloatingPoint/hls_hotbm.h:223]   --->   Operation 24 'trunc' 'din_sig' <Predicate = true> <Delay = 0.00>
ST_1 : Operation 25 [1/1] (1.91ns)   --->   "%closepath = icmp_ult  i8 %din_exp, i8 126" [/wrk/ci/prod/2025.2/hls_product/continuous/666/2025.2/src/shared/hls/clib/hlsmath/include/FloatingPoint/hls_range_redux.h:451->/wrk/ci/prod/2025.2/hls_product/continuous/666/2025.2/src/shared/hls/clib/hlsmath/include/FloatingPoint/hls_hotbm.h:239]   --->   Operation 25 'icmp' 'closepath' <Predicate = true> <Delay = 1.91> <CoreInst = "Cmp">   --->   Core 9 'Cmp' <Latency = 0> <II = 1> <Delay = 1.91> <FuncUnit> <Opcode : 'seteq' 'setne' 'setle' 'setge' 'setlt' 'setgt'> <InPorts = 2> <OutPorts = 1>
ST_1 : Operation 26 [1/1] (1.91ns)   --->   "%add_ln376 = add i8 %din_exp, i8 194" [/wrk/ci/prod/2025.2/hls_product/continuous/666/2025.2/src/shared/hls/clib/hlsmath/include/FloatingPoint/hls_range_redux.h:376->/wrk/ci/prod/2025.2/hls_product/continuous/666/2025.2/src/shared/hls/clib/hlsmath/include/FloatingPoint/hls_range_redux.h:467->/wrk/ci/prod/2025.2/hls_product/continuous/666/2025.2/src/shared/hls/clib/hlsmath/include/FloatingPoint/hls_hotbm.h:239]   --->   Operation 26 'add' 'add_ln376' <Predicate = true> <Delay = 1.91> <CoreInst = "Adder">   --->   Core 1 'Adder' <Latency = 0> <II = 1> <Delay = 1.91> <FuncUnit> <Opcode : 'add' 'sub'> <InPorts = 2> <OutPorts = 1>
ST_1 : Operation 27 [1/1] (1.24ns)   --->   "%addr = select i1 %closepath, i8 63, i8 %add_ln376" [/wrk/ci/prod/2025.2/hls_product/continuous/666/2025.2/src/shared/hls/clib/hlsmath/include/FloatingPoint/hls_range_redux.h:376->/wrk/ci/prod/2025.2/hls_product/continuous/666/2025.2/src/shared/hls/clib/hlsmath/include/FloatingPoint/hls_range_redux.h:467->/wrk/ci/prod/2025.2/hls_product/continuous/666/2025.2/src/shared/hls/clib/hlsmath/include/FloatingPoint/hls_hotbm.h:239]   --->   Operation 27 'select' 'addr' <Predicate = true> <Delay = 1.24> <CoreInst = "Sel">   --->   Core 73 'Sel' <Latency = 0> <II = 1> <Delay = 1.24> <FuncUnit> <Opcode : 'select'> <InPorts = 3> <OutPorts = 1>
ST_1 : Operation 28 [1/1] (0.00ns)   --->   "%lshr_ln = partselect i4 @_ssdm_op_PartSelect.i4.i8.i32.i32, i8 %addr, i32 4, i32 7" [/wrk/ci/prod/2025.2/hls_product/continuous/666/2025.2/src/shared/hls/clib/hlsmath/include/FloatingPoint/hls_range_redux.h:378->/wrk/ci/prod/2025.2/hls_product/continuous/666/2025.2/src/shared/hls/clib/hlsmath/include/FloatingPoint/hls_range_redux.h:467->/wrk/ci/prod/2025.2/hls_product/continuous/666/2025.2/src/shared/hls/clib/hlsmath/include/FloatingPoint/hls_hotbm.h:239]   --->   Operation 28 'partselect' 'lshr_ln' <Predicate = true> <Delay = 0.00>
ST_1 : Operation 29 [1/1] (0.00ns)   --->   "%zext_ln378 = zext i4 %lshr_ln" [/wrk/ci/prod/2025.2/hls_product/continuous/666/2025.2/src/shared/hls/clib/hlsmath/include/FloatingPoint/hls_range_redux.h:378->/wrk/ci/prod/2025.2/hls_product/continuous/666/2025.2/src/shared/hls/clib/hlsmath/include/FloatingPoint/hls_range_redux.h:467->/wrk/ci/prod/2025.2/hls_product/continuous/666/2025.2/src/shared/hls/clib/hlsmath/include/FloatingPoint/hls_hotbm.h:239]   --->   Operation 29 'zext' 'zext_ln378' <Predicate = true> <Delay = 0.00>
ST_1 : Operation 30 [1/1] (0.00ns)   --->   "%ref_4oPi_table_100_addr = getelementptr i100 %ref_4oPi_table_100, i64 0, i64 %zext_ln378" [/wrk/ci/prod/2025.2/hls_product/continuous/666/2025.2/src/shared/hls/clib/hlsmath/include/FloatingPoint/hls_range_redux.h:378->/wrk/ci/prod/2025.2/hls_product/continuous/666/2025.2/src/shared/hls/clib/hlsmath/include/FloatingPoint/hls_range_redux.h:467->/wrk/ci/prod/2025.2/hls_product/continuous/666/2025.2/src/shared/hls/clib/hlsmath/include/FloatingPoint/hls_hotbm.h:239]   --->   Operation 30 'getelementptr' 'ref_4oPi_table_100_addr' <Predicate = true> <Delay = 0.00>
ST_1 : Operation 31 [2/2] (2.30ns)   --->   "%table_100 = load i4 %ref_4oPi_table_100_addr" [/wrk/ci/prod/2025.2/hls_product/continuous/666/2025.2/src/shared/hls/clib/hlsmath/include/FloatingPoint/hls_range_redux.h:378->/wrk/ci/prod/2025.2/hls_product/continuous/666/2025.2/src/shared/hls/clib/hlsmath/include/FloatingPoint/hls_range_redux.h:467->/wrk/ci/prod/2025.2/hls_product/continuous/666/2025.2/src/shared/hls/clib/hlsmath/include/FloatingPoint/hls_hotbm.h:239]   --->   Operation 31 'load' 'table_100' <Predicate = true> <Delay = 2.30> <CoreInst = "ROM_1P_LUTRAM">   --->   Core 96 'ROM_1P_LUTRAM' <Latency = 1> <II = 1> <Delay = 2.30> <Storage> <Opcode : 'load'> <Ports = 1> <Width = 100> <Depth = 13> <ROM>
ST_1 : Operation 32 [1/1] (0.00ns)   --->   "%trunc_ln379 = trunc i8 %addr" [/wrk/ci/prod/2025.2/hls_product/continuous/666/2025.2/src/shared/hls/clib/hlsmath/include/FloatingPoint/hls_range_redux.h:379->/wrk/ci/prod/2025.2/hls_product/continuous/666/2025.2/src/shared/hls/clib/hlsmath/include/FloatingPoint/hls_range_redux.h:467->/wrk/ci/prod/2025.2/hls_product/continuous/666/2025.2/src/shared/hls/clib/hlsmath/include/FloatingPoint/hls_hotbm.h:239]   --->   Operation 32 'trunc' 'trunc_ln379' <Predicate = true> <Delay = 0.00>

State 2 <SV = 1> <Delay = 7.07>
ST_2 : Operation 33 [1/2] ( I:2.30ns O:2.30ns )   --->   "%table_100 = load i4 %ref_4oPi_table_100_addr" [/wrk/ci/prod/2025.2/hls_product/continuous/666/2025.2/src/shared/hls/clib/hlsmath/include/FloatingPoint/hls_range_redux.h:378->/wrk/ci/prod/2025.2/hls_product/continuous/666/2025.2/src/shared/hls/clib/hlsmath/include/FloatingPoint/hls_range_redux.h:467->/wrk/ci/prod/2025.2/hls_product/continuous/666/2025.2/src/shared/hls/clib/hlsmath/include/FloatingPoint/hls_hotbm.h:239]   --->   Operation 33 'load' 'table_100' <Predicate = true> <Delay = 2.30> <CoreInst = "ROM_1P_LUTRAM">   --->   Core 96 'ROM_1P_LUTRAM' <Latency = 1> <II = 1> <Delay = 2.30> <Storage> <Opcode : 'load'> <Ports = 1> <Width = 100> <Depth = 13> <ROM>
ST_2 : Operation 34 [1/1] (0.00ns)   --->   "%zext_ln379 = zext i4 %trunc_ln379" [/wrk/ci/prod/2025.2/hls_product/continuous/666/2025.2/src/shared/hls/clib/hlsmath/include/FloatingPoint/hls_range_redux.h:379->/wrk/ci/prod/2025.2/hls_product/continuous/666/2025.2/src/shared/hls/clib/hlsmath/include/FloatingPoint/hls_range_redux.h:467->/wrk/ci/prod/2025.2/hls_product/continuous/666/2025.2/src/shared/hls/clib/hlsmath/include/FloatingPoint/hls_hotbm.h:239]   --->   Operation 34 'zext' 'zext_ln379' <Predicate = true> <Delay = 0.00>
ST_2 : Operation 35 [1/1] (4.77ns)   --->   "%shl_ln379 = shl i100 %table_100, i100 %zext_ln379" [/wrk/ci/prod/2025.2/hls_product/continuous/666/2025.2/src/shared/hls/clib/hlsmath/include/FloatingPoint/hls_range_redux.h:379->/wrk/ci/prod/2025.2/hls_product/continuous/666/2025.2/src/shared/hls/clib/hlsmath/include/FloatingPoint/hls_range_redux.h:467->/wrk/ci/prod/2025.2/hls_product/continuous/666/2025.2/src/shared/hls/clib/hlsmath/include/FloatingPoint/hls_hotbm.h:239]   --->   Operation 35 'shl' 'shl_ln379' <Predicate = true> <Delay = 4.77> <CoreInst = "Shifter">   --->   Core 75 'Shifter' <Latency = 0> <II = 1> <Delay = 4.77> <FuncUnit> <Opcode : 'shl' 'lshr' 'ashr'> <InPorts = 2> <OutPorts = 1>
ST_2 : Operation 36 [1/1] (0.00ns)   --->   "%Med = partselect i80 @_ssdm_op_PartSelect.i80.i100.i32, i100 %shl_ln379, i32 20" [/wrk/ci/prod/2025.2/hls_product/continuous/666/2025.2/src/shared/hls/clib/hlsmath/include/FloatingPoint/hls_range_redux.h:379->/wrk/ci/prod/2025.2/hls_product/continuous/666/2025.2/src/shared/hls/clib/hlsmath/include/FloatingPoint/hls_range_redux.h:467->/wrk/ci/prod/2025.2/hls_product/continuous/666/2025.2/src/shared/hls/clib/hlsmath/include/FloatingPoint/hls_hotbm.h:239]   --->   Operation 36 'partselect' 'Med' <Predicate = true> <Delay = 0.00>

State 3 <SV = 2> <Delay = 6.97>
ST_3 : Operation 37 [1/1] (0.00ns)   --->   "%X = bitconcatenate i24 @_ssdm_op_BitConcatenate.i24.i1.i23, i1 1, i23 %din_sig" [/wrk/ci/prod/2025.2/hls_product/continuous/666/2025.2/src/shared/hls/clib/hlsmath/include/FloatingPoint/hls_range_redux.h:468->/wrk/ci/prod/2025.2/hls_product/continuous/666/2025.2/src/shared/hls/clib/hlsmath/include/FloatingPoint/hls_hotbm.h:239]   --->   Operation 37 'bitconcatenate' 'X' <Predicate = true> <Delay = 0.00>
ST_3 : Operation 38 [1/1] (0.00ns)   --->   "%zext_ln468 = zext i24 %X" [/wrk/ci/prod/2025.2/hls_product/continuous/666/2025.2/src/shared/hls/clib/hlsmath/include/FloatingPoint/hls_range_redux.h:468->/wrk/ci/prod/2025.2/hls_product/continuous/666/2025.2/src/shared/hls/clib/hlsmath/include/FloatingPoint/hls_hotbm.h:239]   --->   Operation 38 'zext' 'zext_ln468' <Predicate = true> <Delay = 0.00>
ST_3 : Operation 39 [5/5] (6.97ns)   --->   "%h = mul i80 %Med, i80 %zext_ln468" [/wrk/ci/prod/2025.2/hls_product/continuous/666/2025.2/src/shared/hls/clib/hlsmath/include/FloatingPoint/hls_range_redux.h:468->/wrk/ci/prod/2025.2/hls_product/continuous/666/2025.2/src/shared/hls/clib/hlsmath/include/FloatingPoint/hls_hotbm.h:239]   --->   Operation 39 'mul' 'h' <Predicate = true> <Delay = 6.97> <CoreInst = "Multiplier">   --->   Core 3 'Multiplier' <Latency = 4> <II = 1> <Delay = 6.97> <FuncUnit> <Opcode : 'mul'> <InPorts = 2> <OutPorts = 1>
ST_3 : Operation 40 [1/1] (2.28ns)   --->   "%icmp_ln271_1 = icmp_eq  i23 %din_sig, i23 0" [/wrk/ci/prod/2025.2/hls_product/continuous/666/2025.2/src/shared/hls/clib/hlsmath/include/FloatingPoint/hls_hotbm.h:271]   --->   Operation 40 'icmp' 'icmp_ln271_1' <Predicate = true> <Delay = 2.28> <CoreInst = "Cmp">   --->   Core 9 'Cmp' <Latency = 0> <II = 1> <Delay = 2.28> <FuncUnit> <Opcode : 'seteq' 'setne' 'setle' 'setge' 'setlt' 'setgt'> <InPorts = 2> <OutPorts = 1>

State 4 <SV = 3> <Delay = 6.97>
ST_4 : Operation 41 [4/5] (6.97ns)   --->   "%h = mul i80 %Med, i80 %zext_ln468" [/wrk/ci/prod/2025.2/hls_product/continuous/666/2025.2/src/shared/hls/clib/hlsmath/include/FloatingPoint/hls_range_redux.h:468->/wrk/ci/prod/2025.2/hls_product/continuous/666/2025.2/src/shared/hls/clib/hlsmath/include/FloatingPoint/hls_hotbm.h:239]   --->   Operation 41 'mul' 'h' <Predicate = true> <Delay = 6.97> <CoreInst = "Multiplier">   --->   Core 3 'Multiplier' <Latency = 4> <II = 1> <Delay = 6.97> <FuncUnit> <Opcode : 'mul'> <InPorts = 2> <OutPorts = 1>

State 5 <SV = 4> <Delay = 6.97>
ST_5 : Operation 42 [3/5] (6.97ns)   --->   "%h = mul i80 %Med, i80 %zext_ln468" [/wrk/ci/prod/2025.2/hls_product/continuous/666/2025.2/src/shared/hls/clib/hlsmath/include/FloatingPoint/hls_range_redux.h:468->/wrk/ci/prod/2025.2/hls_product/continuous/666/2025.2/src/shared/hls/clib/hlsmath/include/FloatingPoint/hls_hotbm.h:239]   --->   Operation 42 'mul' 'h' <Predicate = true> <Delay = 6.97> <CoreInst = "Multiplier">   --->   Core 3 'Multiplier' <Latency = 4> <II = 1> <Delay = 6.97> <FuncUnit> <Opcode : 'mul'> <InPorts = 2> <OutPorts = 1>

State 6 <SV = 5> <Delay = 6.97>
ST_6 : Operation 43 [2/5] (6.97ns)   --->   "%h = mul i80 %Med, i80 %zext_ln468" [/wrk/ci/prod/2025.2/hls_product/continuous/666/2025.2/src/shared/hls/clib/hlsmath/include/FloatingPoint/hls_range_redux.h:468->/wrk/ci/prod/2025.2/hls_product/continuous/666/2025.2/src/shared/hls/clib/hlsmath/include/FloatingPoint/hls_hotbm.h:239]   --->   Operation 43 'mul' 'h' <Predicate = true> <Delay = 6.97> <CoreInst = "Multiplier">   --->   Core 3 'Multiplier' <Latency = 4> <II = 1> <Delay = 6.97> <FuncUnit> <Opcode : 'mul'> <InPorts = 2> <OutPorts = 1>

State 7 <SV = 6> <Delay = 6.97>
ST_7 : Operation 44 [1/5] (6.97ns)   --->   "%h = mul i80 %Med, i80 %zext_ln468" [/wrk/ci/prod/2025.2/hls_product/continuous/666/2025.2/src/shared/hls/clib/hlsmath/include/FloatingPoint/hls_range_redux.h:468->/wrk/ci/prod/2025.2/hls_product/continuous/666/2025.2/src/shared/hls/clib/hlsmath/include/FloatingPoint/hls_hotbm.h:239]   --->   Operation 44 'mul' 'h' <Predicate = true> <Delay = 6.97> <CoreInst = "Multiplier">   --->   Core 3 'Multiplier' <Latency = 4> <II = 1> <Delay = 6.97> <FuncUnit> <Opcode : 'mul'> <InPorts = 2> <OutPorts = 1>
ST_7 : Operation 45 [1/1] (0.00ns)   --->   "%Mx_bits = partselect i58 @_ssdm_op_PartSelect.i58.i80.i32.i32, i80 %h, i32 19, i32 76" [/wrk/ci/prod/2025.2/hls_product/continuous/666/2025.2/src/shared/hls/clib/hlsmath/include/FloatingPoint/hls_range_redux.h:483->/wrk/ci/prod/2025.2/hls_product/continuous/666/2025.2/src/shared/hls/clib/hlsmath/include/FloatingPoint/hls_hotbm.h:239]   --->   Operation 45 'partselect' 'Mx_bits' <Predicate = true> <Delay = 0.00>
ST_7 : Operation 46 [1/1] (0.00ns)   --->   "%trunc_ln = partselect i3 @_ssdm_op_PartSelect.i3.i80.i32.i32, i80 %h, i32 77, i32 79" [/wrk/ci/prod/2025.2/hls_product/continuous/666/2025.2/src/shared/hls/clib/hlsmath/include/FloatingPoint/hls_range_redux.h:487->/wrk/ci/prod/2025.2/hls_product/continuous/666/2025.2/src/shared/hls/clib/hlsmath/include/FloatingPoint/hls_hotbm.h:239]   --->   Operation 46 'partselect' 'trunc_ln' <Predicate = (!closepath)> <Delay = 0.00>

State 8 <SV = 7> <Delay = 4.44>
ST_8 : Operation 47 [1/1] (0.98ns)   --->   "%k = select i1 %closepath, i3 0, i3 %trunc_ln" [/wrk/ci/prod/2025.2/hls_product/continuous/666/2025.2/src/shared/hls/clib/hlsmath/include/FloatingPoint/hls_range_redux.h:451->/wrk/ci/prod/2025.2/hls_product/continuous/666/2025.2/src/shared/hls/clib/hlsmath/include/FloatingPoint/hls_hotbm.h:239]   --->   Operation 47 'select' 'k' <Predicate = true> <Delay = 0.98> <CoreInst = "Sel">   --->   Core 73 'Sel' <Latency = 0> <II = 1> <Delay = 0.98> <FuncUnit> <Opcode : 'select'> <InPorts = 3> <OutPorts = 1>
ST_8 : Operation 48 [1/1] (0.00ns)   --->   "%trunc_ln491 = trunc i3 %k" [/wrk/ci/prod/2025.2/hls_product/continuous/666/2025.2/src/shared/hls/clib/hlsmath/include/FloatingPoint/hls_range_redux.h:491->/wrk/ci/prod/2025.2/hls_product/continuous/666/2025.2/src/shared/hls/clib/hlsmath/include/FloatingPoint/hls_hotbm.h:239]   --->   Operation 48 'trunc' 'trunc_ln491' <Predicate = true> <Delay = 0.00>
ST_8 : Operation 49 [1/1] (3.36ns)   --->   "%Mx_bits_1 = sub i58 0, i58 %Mx_bits" [/wrk/ci/prod/2025.2/hls_product/continuous/666/2025.2/src/shared/hls/clib/hlsmath/include/FloatingPoint/hls_range_redux.h:492->/wrk/ci/prod/2025.2/hls_product/continuous/666/2025.2/src/shared/hls/clib/hlsmath/include/FloatingPoint/hls_hotbm.h:239]   --->   Operation 49 'sub' 'Mx_bits_1' <Predicate = true> <Delay = 3.36> <CoreInst = "Adder">   --->   Core 1 'Adder' <Latency = 0> <II = 1> <Delay = 3.36> <FuncUnit> <Opcode : 'add' 'sub'> <InPorts = 2> <OutPorts = 1>
ST_8 : Operation 50 [1/1] (1.07ns)   --->   "%Mx_bits_3 = select i1 %trunc_ln491, i58 %Mx_bits_1, i58 %Mx_bits" [/wrk/ci/prod/2025.2/hls_product/continuous/666/2025.2/src/shared/hls/clib/hlsmath/include/FloatingPoint/hls_range_redux.h:491->/wrk/ci/prod/2025.2/hls_product/continuous/666/2025.2/src/shared/hls/clib/hlsmath/include/FloatingPoint/hls_hotbm.h:239]   --->   Operation 50 'select' 'Mx_bits_3' <Predicate = true> <Delay = 1.07> <CoreInst = "Sel">   --->   Core 73 'Sel' <Latency = 0> <II = 1> <Delay = 1.07> <FuncUnit> <Opcode : 'select'> <InPorts = 3> <OutPorts = 1>
ST_8 : Operation 51 [1/1] (0.00ns)   --->   "%tmp_7 = partselect i29 @_ssdm_op_PartSelect.i29.i58.i32, i58 %Mx_bits_3, i32 29" [/wrk/ci/prod/2025.2/hls_product/continuous/666/2025.2/src/shared/hls/clib/hlsmath/include/FloatingPoint/hls_normalize.h:72->/wrk/ci/prod/2025.2/hls_product/continuous/666/2025.2/src/shared/hls/clib/hlsmath/include/FloatingPoint/hls_range_redux.h:495->/wrk/ci/prod/2025.2/hls_product/continuous/666/2025.2/src/shared/hls/clib/hlsmath/include/FloatingPoint/hls_hotbm.h:239]   --->   Operation 51 'partselect' 'tmp_7' <Predicate = true> <Delay = 0.00>
ST_8 : Operation 52 [1/1] (2.30ns)   --->   "%tmp_s = sparsemux i1 @_ssdm_op_SparseMux.ap_auto.8i1.i1.i3, i3 0, i1 0, i3 1, i1 1, i3 2, i1 1, i3 3, i1 0, i3 4, i1 0, i3 5, i1 1, i3 6, i1 1, i3 7, i1 0, i1 0, i3 %k" [/wrk/ci/prod/2025.2/hls_product/continuous/666/2025.2/src/shared/hls/clib/hlsmath/include/FloatingPoint/hls_hotbm.h:242]   --->   Operation 52 'sparsemux' 'tmp_s' <Predicate = true> <Delay = 2.30> <CoreInst = "BinarySparseMux_DontCare">   --->   Core 137 'BinarySparseMux_DontCare' <Latency = 0> <II = 1> <Delay = 2.30> <FuncUnit> <Opcode : 'sparsemux'> <InPorts = 2> <OutPorts = 1>

State 9 <SV = 8> <Delay = 6.66>
ST_9 : Operation 53 [1/1] (1.91ns)   --->   "%Ex = add i8 %din_exp, i8 131" [/wrk/ci/prod/2025.2/hls_product/continuous/666/2025.2/src/shared/hls/clib/hlsmath/include/FloatingPoint/hls_range_redux.h:454->/wrk/ci/prod/2025.2/hls_product/continuous/666/2025.2/src/shared/hls/clib/hlsmath/include/FloatingPoint/hls_hotbm.h:239]   --->   Operation 53 'add' 'Ex' <Predicate = (closepath)> <Delay = 1.91> <CoreInst = "Adder">   --->   Core 1 'Adder' <Latency = 0> <II = 1> <Delay = 1.91> <FuncUnit> <Opcode : 'add' 'sub'> <InPorts = 2> <OutPorts = 1>
ST_9 : Operation 54 [1/1] (0.00ns) (grouped into LUT with out node Ex_1)   --->   "%select_ln453 = select i1 %closepath, i8 %Ex, i8 0" [/wrk/ci/prod/2025.2/hls_product/continuous/666/2025.2/src/shared/hls/clib/hlsmath/include/FloatingPoint/hls_range_redux.h:453->/wrk/ci/prod/2025.2/hls_product/continuous/666/2025.2/src/shared/hls/clib/hlsmath/include/FloatingPoint/hls_hotbm.h:239]   --->   Operation 54 'select' 'select_ln453' <Predicate = true> <Delay = 0.00> <CoreInst = "Sel">   --->   Core 73 'Sel' <Latency = 0> <II = 1> <Delay = 1.24> <FuncUnit> <Opcode : 'select'> <InPorts = 3> <OutPorts = 1>
ST_9 : Operation 55 [1/1] (0.00ns)   --->   "%t = bitconcatenate i30 @_ssdm_op_BitConcatenate.i30.i29.i1, i29 %tmp_7, i1 1" [/wrk/ci/prod/2025.2/hls_product/continuous/666/2025.2/src/shared/hls/clib/hlsmath/include/FloatingPoint/hls_normalize.h:73->/wrk/ci/prod/2025.2/hls_product/continuous/666/2025.2/src/shared/hls/clib/hlsmath/include/FloatingPoint/hls_range_redux.h:495->/wrk/ci/prod/2025.2/hls_product/continuous/666/2025.2/src/shared/hls/clib/hlsmath/include/FloatingPoint/hls_hotbm.h:239]   --->   Operation 55 'bitconcatenate' 't' <Predicate = true> <Delay = 0.00>
ST_9 : Operation 56 [1/1] (2.06ns)   --->   "%Mx_zeros = ctlz i30 @llvm.ctlz.i30, i30 %t, i1 0" [/wrk/ci/prod/2025.2/hls_product/continuous/666/2025.2/src/shared/hls/clib/hlsmath/include/FloatingPoint/hls_normalize.h:75->/wrk/ci/prod/2025.2/hls_product/continuous/666/2025.2/src/shared/hls/clib/hlsmath/include/FloatingPoint/hls_range_redux.h:495->/wrk/ci/prod/2025.2/hls_product/continuous/666/2025.2/src/shared/hls/clib/hlsmath/include/FloatingPoint/hls_hotbm.h:239]   --->   Operation 56 'ctlz' 'Mx_zeros' <Predicate = true> <Delay = 2.06> <CoreInst = "ctlz">   --->   Core 133 'ctlz' <Latency = 0> <II = 1> <Delay = 2.06> <FuncUnit> <Opcode : 'ctlz'> <InPorts = 1> <OutPorts = 1>
ST_9 : Operation 57 [1/1] (0.00ns)   --->   "%zext_ln504 = zext i30 %Mx_zeros" [/wrk/ci/prod/2025.2/hls_product/continuous/666/2025.2/src/shared/hls/clib/hlsmath/include/FloatingPoint/hls_range_redux.h:504->/wrk/ci/prod/2025.2/hls_product/continuous/666/2025.2/src/shared/hls/clib/hlsmath/include/FloatingPoint/hls_hotbm.h:239]   --->   Operation 57 'zext' 'zext_ln504' <Predicate = true> <Delay = 0.00>
ST_9 : Operation 58 [1/1] (4.60ns)   --->   "%shl_ln504 = shl i58 %Mx_bits_3, i58 %zext_ln504" [/wrk/ci/prod/2025.2/hls_product/continuous/666/2025.2/src/shared/hls/clib/hlsmath/include/FloatingPoint/hls_range_redux.h:504->/wrk/ci/prod/2025.2/hls_product/continuous/666/2025.2/src/shared/hls/clib/hlsmath/include/FloatingPoint/hls_hotbm.h:239]   --->   Operation 58 'shl' 'shl_ln504' <Predicate = true> <Delay = 4.60> <CoreInst = "Shifter">   --->   Core 75 'Shifter' <Latency = 0> <II = 1> <Delay = 4.60> <FuncUnit> <Opcode : 'shl' 'lshr' 'ashr'> <InPorts = 2> <OutPorts = 1>
ST_9 : Operation 59 [1/1] (0.00ns)   --->   "%Mx = partselect i29 @_ssdm_op_PartSelect.i29.i58.i32.i32, i58 %shl_ln504, i32 29, i32 57" [/wrk/ci/prod/2025.2/hls_product/continuous/666/2025.2/src/shared/hls/clib/hlsmath/include/FloatingPoint/hls_range_redux.h:504->/wrk/ci/prod/2025.2/hls_product/continuous/666/2025.2/src/shared/hls/clib/hlsmath/include/FloatingPoint/hls_hotbm.h:239]   --->   Operation 59 'partselect' 'Mx' <Predicate = true> <Delay = 0.00>
ST_9 : Operation 60 [1/1] (0.00ns) (grouped into LUT with out node Ex_1)   --->   "%trunc_ln505 = trunc i30 %Mx_zeros" [/wrk/ci/prod/2025.2/hls_product/continuous/666/2025.2/src/shared/hls/clib/hlsmath/include/FloatingPoint/hls_range_redux.h:505->/wrk/ci/prod/2025.2/hls_product/continuous/666/2025.2/src/shared/hls/clib/hlsmath/include/FloatingPoint/hls_hotbm.h:239]   --->   Operation 60 'trunc' 'trunc_ln505' <Predicate = true> <Delay = 0.00>
ST_9 : Operation 61 [1/1] (1.91ns) (out node of the LUT)   --->   "%Ex_1 = sub i8 %select_ln453, i8 %trunc_ln505" [/wrk/ci/prod/2025.2/hls_product/continuous/666/2025.2/src/shared/hls/clib/hlsmath/include/FloatingPoint/hls_range_redux.h:505->/wrk/ci/prod/2025.2/hls_product/continuous/666/2025.2/src/shared/hls/clib/hlsmath/include/FloatingPoint/hls_hotbm.h:239]   --->   Operation 61 'sub' 'Ex_1' <Predicate = true> <Delay = 1.91> <CoreInst = "Adder">   --->   Core 1 'Adder' <Latency = 0> <II = 1> <Delay = 1.91> <FuncUnit> <Opcode : 'add' 'sub'> <InPorts = 2> <OutPorts = 1>
ST_9 : Operation 62 [1/1] (0.00ns)   --->   "%tmp = bitselect i1 @_ssdm_op_BitSelect.i1.i8.i32, i8 %Ex_1, i32 7" [/wrk/ci/prod/2025.2/hls_product/continuous/666/2025.2/src/shared/hls/clib/hlsmath/include/FloatingPoint/hls_range_redux.h:506->/wrk/ci/prod/2025.2/hls_product/continuous/666/2025.2/src/shared/hls/clib/hlsmath/include/FloatingPoint/hls_hotbm.h:239]   --->   Operation 62 'bitselect' 'tmp' <Predicate = true> <Delay = 0.00>
ST_9 : Operation 63 [1/1] (1.91ns)   --->   "%sub_ln506 = sub i8 0, i8 %Ex_1" [/wrk/ci/prod/2025.2/hls_product/continuous/666/2025.2/src/shared/hls/clib/hlsmath/include/FloatingPoint/hls_range_redux.h:506->/wrk/ci/prod/2025.2/hls_product/continuous/666/2025.2/src/shared/hls/clib/hlsmath/include/FloatingPoint/hls_hotbm.h:239]   --->   Operation 63 'sub' 'sub_ln506' <Predicate = true> <Delay = 1.91> <CoreInst = "Adder">   --->   Core 1 'Adder' <Latency = 0> <II = 1> <Delay = 1.91> <FuncUnit> <Opcode : 'add' 'sub'> <InPorts = 2> <OutPorts = 1>
ST_9 : Operation 64 [1/1] (0.97ns)   --->   "%xor_ln242 = xor i1 %tmp_s, i1 1" [/wrk/ci/prod/2025.2/hls_product/continuous/666/2025.2/src/shared/hls/clib/hlsmath/include/FloatingPoint/hls_hotbm.h:242]   --->   Operation 64 'xor' 'xor_ln242' <Predicate = true> <Delay = 0.97> <CoreInst = "LogicGate">   --->   Core 74 'LogicGate' <Latency = 0> <II = 1> <Delay = 0.97> <FuncUnit> <Opcode : 'and' 'or' 'xor'> <InPorts = 2> <OutPorts = 1>
ST_9 : Operation 65 [1/1] (0.99ns)   --->   "%cos_basis = select i1 %do_cos_read, i1 %xor_ln242, i1 %tmp_s" [/wrk/ci/prod/2025.2/hls_product/continuous/666/2025.2/src/shared/hls/clib/hlsmath/include/FloatingPoint/hls_hotbm.h:242]   --->   Operation 65 'select' 'cos_basis' <Predicate = true> <Delay = 0.99> <CoreInst = "Sel">   --->   Core 73 'Sel' <Latency = 0> <II = 1> <Delay = 0.99> <FuncUnit> <Opcode : 'select'> <InPorts = 3> <OutPorts = 1>
ST_9 : Operation 66 [1/1] (0.99ns)   --->   "%sin_basis = select i1 %do_cos_read, i1 %tmp_s, i1 %xor_ln242" [/wrk/ci/prod/2025.2/hls_product/continuous/666/2025.2/src/shared/hls/clib/hlsmath/src/common/hls_hotbm_float.cpp:25->/wrk/ci/prod/2025.2/hls_product/continuous/666/2025.2/src/shared/hls/clib/hlsmath/include/FloatingPoint/hls_hotbm.h:250]   --->   Operation 66 'select' 'sin_basis' <Predicate = true> <Delay = 0.99> <CoreInst = "Sel">   --->   Core 73 'Sel' <Latency = 0> <II = 1> <Delay = 0.99> <FuncUnit> <Opcode : 'select'> <InPorts = 3> <OutPorts = 1>
ST_9 : Operation 67 [1/1] (0.00ns)   --->   "%index = bitconcatenate i4 @_ssdm_op_BitConcatenate.i4.i1.i3, i1 %din_sign, i3 %k" [/wrk/ci/prod/2025.2/hls_product/continuous/666/2025.2/src/shared/hls/clib/hlsmath/include/FloatingPoint/hls_hotbm.h:266]   --->   Operation 67 'bitconcatenate' 'index' <Predicate = true> <Delay = 0.00>
ST_9 : Operation 68 [1/1] (0.00ns) (grouped into LUT with out node results_sign_4)   --->   "%tmp_8 = sparsemux i1 @_ssdm_op_SparseMux.ap_auto.16i1.i1.i4, i4 0, i1 0, i4 1, i1 0, i4 2, i1 0, i4 3, i1 1, i4 4, i1 1, i4 5, i1 1, i4 6, i1 1, i4 7, i1 0, i4 8, i1 0, i4 9, i1 1, i4 10, i1 1, i4 11, i1 1, i4 12, i1 1, i4 13, i1 0, i4 14, i1 0, i4 15, i1 0, i1 0, i4 %index" [/wrk/ci/prod/2025.2/hls_product/continuous/666/2025.2/src/shared/hls/clib/hlsmath/include/FloatingPoint/hls_hotbm.h:267]   --->   Operation 68 'sparsemux' 'tmp_8' <Predicate = true> <Delay = 0.00> <CoreInst = "BinarySparseMux_DontCare">   --->   Core 137 'BinarySparseMux_DontCare' <Latency = 0> <II = 1> <Delay = 2.06> <FuncUnit> <Opcode : 'sparsemux'> <InPorts = 2> <OutPorts = 1>
ST_9 : Operation 69 [1/1] (0.00ns) (grouped into LUT with out node results_sign_4)   --->   "%tmp_5 = sparsemux i1 @_ssdm_op_SparseMux.ap_auto.16i1.i1.i4, i4 0, i1 0, i4 1, i1 0, i4 2, i1 1, i4 3, i1 0, i4 4, i1 1, i4 5, i1 1, i4 6, i1 0, i4 7, i1 1, i4 8, i1 1, i4 9, i1 0, i4 10, i1 1, i4 11, i1 1, i4 12, i1 0, i4 13, i1 1, i4 14, i1 0, i4 15, i1 0, i1 0, i4 %index" [/wrk/ci/prod/2025.2/hls_product/continuous/666/2025.2/src/shared/hls/clib/hlsmath/include/FloatingPoint/hls_hotbm.h:267]   --->   Operation 69 'sparsemux' 'tmp_5' <Predicate = true> <Delay = 0.00> <CoreInst = "BinarySparseMux_DontCare">   --->   Core 137 'BinarySparseMux_DontCare' <Latency = 0> <II = 1> <Delay = 2.06> <FuncUnit> <Opcode : 'sparsemux'> <InPorts = 2> <OutPorts = 1>
ST_9 : Operation 70 [1/1] (0.00ns) (grouped into LUT with out node results_sign_4)   --->   "%results_sign = select i1 %cos_basis, i1 %tmp_8, i1 %tmp_5" [/wrk/ci/prod/2025.2/hls_product/continuous/666/2025.2/src/shared/hls/clib/hlsmath/include/FloatingPoint/hls_hotbm.h:242]   --->   Operation 70 'select' 'results_sign' <Predicate = true> <Delay = 0.00> <CoreInst = "Sel">   --->   Core 73 'Sel' <Latency = 0> <II = 1> <Delay = 0.99> <FuncUnit> <Opcode : 'select'> <InPorts = 3> <OutPorts = 1>
ST_9 : Operation 71 [1/1] (1.91ns)   --->   "%icmp_ln271 = icmp_eq  i8 %din_exp, i8 0" [/wrk/ci/prod/2025.2/hls_product/continuous/666/2025.2/src/shared/hls/clib/hlsmath/include/FloatingPoint/hls_hotbm.h:271]   --->   Operation 71 'icmp' 'icmp_ln271' <Predicate = true> <Delay = 1.91> <CoreInst = "Cmp">   --->   Core 9 'Cmp' <Latency = 0> <II = 1> <Delay = 1.91> <FuncUnit> <Opcode : 'seteq' 'setne' 'setle' 'setge' 'setlt' 'setgt'> <InPorts = 2> <OutPorts = 1>
ST_9 : Operation 72 [1/1] (0.97ns)   --->   "%and_ln271 = and i1 %icmp_ln271, i1 %icmp_ln271_1" [/wrk/ci/prod/2025.2/hls_product/continuous/666/2025.2/src/shared/hls/clib/hlsmath/include/FloatingPoint/hls_hotbm.h:271]   --->   Operation 72 'and' 'and_ln271' <Predicate = true> <Delay = 0.97> <CoreInst = "LogicGate">   --->   Core 74 'LogicGate' <Latency = 0> <II = 1> <Delay = 0.97> <FuncUnit> <Opcode : 'and' 'or' 'xor'> <InPorts = 2> <OutPorts = 1>
ST_9 : Operation 73 [1/1] (0.00ns) (grouped into LUT with out node results_sign_3)   --->   "%xor_ln278 = xor i1 %do_cos_read, i1 1" [/wrk/ci/prod/2025.2/hls_product/continuous/666/2025.2/src/shared/hls/clib/hlsmath/include/FloatingPoint/hls_hotbm.h:278]   --->   Operation 73 'xor' 'xor_ln278' <Predicate = true> <Delay = 0.00> <CoreInst = "LogicGate">   --->   Core 74 'LogicGate' <Latency = 0> <II = 1> <Delay = 0.97> <FuncUnit> <Opcode : 'and' 'or' 'xor'> <InPorts = 2> <OutPorts = 1>
ST_9 : Operation 74 [1/1] (0.00ns) (grouped into LUT with out node results_sign_3)   --->   "%results_sign_2 = and i1 %din_sign, i1 %xor_ln278" [/wrk/ci/prod/2025.2/hls_product/continuous/666/2025.2/src/shared/hls/clib/hlsmath/include/FloatingPoint/hls_hotbm.h:278]   --->   Operation 74 'and' 'results_sign_2' <Predicate = true> <Delay = 0.00> <CoreInst = "LogicGate">   --->   Core 74 'LogicGate' <Latency = 0> <II = 1> <Delay = 0.97> <FuncUnit> <Opcode : 'and' 'or' 'xor'> <InPorts = 2> <OutPorts = 1>
ST_9 : Operation 75 [1/1] (1.91ns)   --->   "%icmp_ln282 = icmp_eq  i8 %din_exp, i8 255" [/wrk/ci/prod/2025.2/hls_product/continuous/666/2025.2/src/shared/hls/clib/hlsmath/include/FloatingPoint/hls_hotbm.h:282]   --->   Operation 75 'icmp' 'icmp_ln282' <Predicate = true> <Delay = 1.91> <CoreInst = "Cmp">   --->   Core 9 'Cmp' <Latency = 0> <II = 1> <Delay = 1.91> <FuncUnit> <Opcode : 'seteq' 'setne' 'setle' 'setge' 'setlt' 'setgt'> <InPorts = 2> <OutPorts = 1>
ST_9 : Operation 76 [1/1] (0.00ns) (grouped into LUT with out node results_sign_4)   --->   "%xor_ln282 = xor i1 %icmp_ln282, i1 1" [/wrk/ci/prod/2025.2/hls_product/continuous/666/2025.2/src/shared/hls/clib/hlsmath/include/FloatingPoint/hls_hotbm.h:282]   --->   Operation 76 'xor' 'xor_ln282' <Predicate = true> <Delay = 0.00> <CoreInst = "LogicGate">   --->   Core 74 'LogicGate' <Latency = 0> <II = 1> <Delay = 0.97> <FuncUnit> <Opcode : 'and' 'or' 'xor'> <InPorts = 2> <OutPorts = 1>
ST_9 : Operation 77 [1/1] (2.06ns) (out node of the LUT)   --->   "%results_sign_4 = and i1 %results_sign, i1 %xor_ln282" [/wrk/ci/prod/2025.2/hls_product/continuous/666/2025.2/src/shared/hls/clib/hlsmath/include/FloatingPoint/hls_hotbm.h:282]   --->   Operation 77 'and' 'results_sign_4' <Predicate = true> <Delay = 2.06> <CoreInst = "LogicGate">   --->   Core 74 'LogicGate' <Latency = 0> <II = 1> <Delay = 0.97> <FuncUnit> <Opcode : 'and' 'or' 'xor'> <InPorts = 2> <OutPorts = 1>
ST_9 : Operation 78 [1/1] (0.99ns) (out node of the LUT)   --->   "%results_sign_3 = select i1 %and_ln271, i1 %results_sign_2, i1 %results_sign_4" [/wrk/ci/prod/2025.2/hls_product/continuous/666/2025.2/src/shared/hls/clib/hlsmath/include/FloatingPoint/hls_hotbm.h:271]   --->   Operation 78 'select' 'results_sign_3' <Predicate = true> <Delay = 0.99> <CoreInst = "Sel">   --->   Core 73 'Sel' <Latency = 0> <II = 1> <Delay = 0.99> <FuncUnit> <Opcode : 'select'> <InPorts = 3> <OutPorts = 1>

State 10 <SV = 9> <Delay = 6.28>
ST_10 : Operation 79 [1/1] (1.24ns)   --->   "%select_ln506 = select i1 %tmp, i8 %sub_ln506, i8 %Ex_1" [/wrk/ci/prod/2025.2/hls_product/continuous/666/2025.2/src/shared/hls/clib/hlsmath/include/FloatingPoint/hls_range_redux.h:506->/wrk/ci/prod/2025.2/hls_product/continuous/666/2025.2/src/shared/hls/clib/hlsmath/include/FloatingPoint/hls_hotbm.h:239]   --->   Operation 79 'select' 'select_ln506' <Predicate = true> <Delay = 1.24> <CoreInst = "Sel">   --->   Core 73 'Sel' <Latency = 0> <II = 1> <Delay = 1.24> <FuncUnit> <Opcode : 'select'> <InPorts = 3> <OutPorts = 1>
ST_10 : Operation 80 [1/1] (0.00ns)   --->   "%zext_ln506_1 = zext i8 %select_ln506" [/wrk/ci/prod/2025.2/hls_product/continuous/666/2025.2/src/shared/hls/clib/hlsmath/include/FloatingPoint/hls_range_redux.h:506->/wrk/ci/prod/2025.2/hls_product/continuous/666/2025.2/src/shared/hls/clib/hlsmath/include/FloatingPoint/hls_hotbm.h:239]   --->   Operation 80 'zext' 'zext_ln506_1' <Predicate = true> <Delay = 0.00>
ST_10 : Operation 81 [1/1] (0.00ns)   --->   "%zext_ln506 = zext i29 %Mx" [/wrk/ci/prod/2025.2/hls_product/continuous/666/2025.2/src/shared/hls/clib/hlsmath/include/FloatingPoint/hls_range_redux.h:506->/wrk/ci/prod/2025.2/hls_product/continuous/666/2025.2/src/shared/hls/clib/hlsmath/include/FloatingPoint/hls_hotbm.h:239]   --->   Operation 81 'zext' 'zext_ln506' <Predicate = true> <Delay = 0.00>
ST_10 : Operation 82 [1/1] (4.33ns)   --->   "%lshr_ln506 = lshr i32 %zext_ln506, i32 %zext_ln506_1" [/wrk/ci/prod/2025.2/hls_product/continuous/666/2025.2/src/shared/hls/clib/hlsmath/include/FloatingPoint/hls_range_redux.h:506->/wrk/ci/prod/2025.2/hls_product/continuous/666/2025.2/src/shared/hls/clib/hlsmath/include/FloatingPoint/hls_hotbm.h:239]   --->   Operation 82 'lshr' 'lshr_ln506' <Predicate = (tmp)> <Delay = 4.33> <CoreInst = "Shifter">   --->   Core 75 'Shifter' <Latency = 0> <II = 1> <Delay = 4.33> <FuncUnit> <Opcode : 'shl' 'lshr' 'ashr'> <InPorts = 2> <OutPorts = 1>
ST_10 : Operation 83 [1/1] (4.33ns)   --->   "%shl_ln506 = shl i32 %zext_ln506, i32 %zext_ln506_1" [/wrk/ci/prod/2025.2/hls_product/continuous/666/2025.2/src/shared/hls/clib/hlsmath/include/FloatingPoint/hls_range_redux.h:506->/wrk/ci/prod/2025.2/hls_product/continuous/666/2025.2/src/shared/hls/clib/hlsmath/include/FloatingPoint/hls_hotbm.h:239]   --->   Operation 83 'shl' 'shl_ln506' <Predicate = (!tmp)> <Delay = 4.33> <CoreInst = "Shifter">   --->   Core 75 'Shifter' <Latency = 0> <II = 1> <Delay = 4.33> <FuncUnit> <Opcode : 'shl' 'lshr' 'ashr'> <InPorts = 2> <OutPorts = 1>
ST_10 : Operation 84 [1/1] (0.69ns)   --->   "%select_ln506_1 = select i1 %tmp, i32 %lshr_ln506, i32 %shl_ln506" [/wrk/ci/prod/2025.2/hls_product/continuous/666/2025.2/src/shared/hls/clib/hlsmath/include/FloatingPoint/hls_range_redux.h:506->/wrk/ci/prod/2025.2/hls_product/continuous/666/2025.2/src/shared/hls/clib/hlsmath/include/FloatingPoint/hls_hotbm.h:239]   --->   Operation 84 'select' 'select_ln506_1' <Predicate = true> <Delay = 0.69> <CoreInst = "Sel">   --->   Core 73 'Sel' <Latency = 0> <II = 1> <Delay = 0.69> <FuncUnit> <Opcode : 'select'> <InPorts = 3> <OutPorts = 1>
ST_10 : Operation 85 [1/1] (0.00ns)   --->   "%B = trunc i32 %select_ln506_1" [/wrk/ci/prod/2025.2/hls_product/continuous/666/2025.2/src/shared/hls/clib/hlsmath/src/common/hls_hotbm_float.cpp:21->/wrk/ci/prod/2025.2/hls_product/continuous/666/2025.2/src/shared/hls/clib/hlsmath/include/FloatingPoint/hls_hotbm.h:250]   --->   Operation 85 'trunc' 'B' <Predicate = true> <Delay = 0.00>
ST_10 : Operation 86 [1/1] (0.80ns)   --->   "%Mx_1 = select i1 %cos_basis, i29 536870911, i29 %Mx" [/wrk/ci/prod/2025.2/hls_product/continuous/666/2025.2/src/shared/hls/clib/hlsmath/include/FloatingPoint/hls_hotbm.h:243]   --->   Operation 86 'select' 'Mx_1' <Predicate = true> <Delay = 0.80> <CoreInst = "Sel">   --->   Core 73 'Sel' <Latency = 0> <II = 1> <Delay = 0.80> <FuncUnit> <Opcode : 'select'> <InPorts = 3> <OutPorts = 1>
ST_10 : Operation 87 [1/1] (1.24ns)   --->   "%Ex_2 = select i1 %cos_basis, i8 0, i8 %Ex_1" [/wrk/ci/prod/2025.2/hls_product/continuous/666/2025.2/src/shared/hls/clib/hlsmath/include/FloatingPoint/hls_hotbm.h:243]   --->   Operation 87 'select' 'Ex_2' <Predicate = true> <Delay = 1.24> <CoreInst = "Sel">   --->   Core 73 'Sel' <Latency = 0> <II = 1> <Delay = 1.24> <FuncUnit> <Opcode : 'select'> <InPorts = 3> <OutPorts = 1>
ST_10 : Operation 88 [1/1] (0.00ns)   --->   "%tmp_1 = partselect i7 @_ssdm_op_PartSelect.i7.i32.i32.i32, i32 %select_ln506_1, i32 22, i32 28" [/wrk/ci/prod/2025.2/hls_product/continuous/666/2025.2/src/shared/hls/clib/hlsmath/src/common/hls_hotbm_float.cpp:20->/wrk/ci/prod/2025.2/hls_product/continuous/666/2025.2/src/shared/hls/clib/hlsmath/include/FloatingPoint/hls_hotbm.h:250]   --->   Operation 88 'partselect' 'tmp_1' <Predicate = true> <Delay = 0.00>
ST_10 : Operation 89 [1/1] (0.00ns)   --->   "%B_trunc = partselect i15 @_ssdm_op_PartSelect.i15.i32.i32.i32, i32 %select_ln506_1, i32 7, i32 21" [/wrk/ci/prod/2025.2/hls_product/continuous/666/2025.2/src/shared/hls/clib/hlsmath/src/common/hls_hotbm_float.cpp:22->/wrk/ci/prod/2025.2/hls_product/continuous/666/2025.2/src/shared/hls/clib/hlsmath/include/FloatingPoint/hls_hotbm.h:250]   --->   Operation 89 'partselect' 'B_trunc' <Predicate = true> <Delay = 0.00>

State 11 <SV = 10> <Delay = 2.32>
ST_11 : Operation 90 [1/1] (0.00ns)   --->   "%A = bitconcatenate i8 @_ssdm_op_BitConcatenate.i8.i1.i7, i1 %sin_basis, i7 %tmp_1" [/wrk/ci/prod/2025.2/hls_product/continuous/666/2025.2/src/shared/hls/clib/hlsmath/src/common/hls_hotbm_float.cpp:26->/wrk/ci/prod/2025.2/hls_product/continuous/666/2025.2/src/shared/hls/clib/hlsmath/include/FloatingPoint/hls_hotbm.h:250]   --->   Operation 90 'bitconcatenate' 'A' <Predicate = true> <Delay = 0.00>
ST_11 : Operation 91 [1/1] (0.00ns)   --->   "%zext_ln28 = zext i8 %A" [/wrk/ci/prod/2025.2/hls_product/continuous/666/2025.2/src/shared/hls/clib/hlsmath/src/common/hls_hotbm_float.cpp:28->/wrk/ci/prod/2025.2/hls_product/continuous/666/2025.2/src/shared/hls/clib/hlsmath/include/FloatingPoint/hls_hotbm.h:250]   --->   Operation 91 'zext' 'zext_ln28' <Predicate = true> <Delay = 0.00>
ST_11 : Operation 92 [1/1] (0.00ns)   --->   "%second_order_float_sin_cos_K0_addr = getelementptr i30 %second_order_float_sin_cos_K0, i64 0, i64 %zext_ln28" [/wrk/ci/prod/2025.2/hls_product/continuous/666/2025.2/src/shared/hls/clib/hlsmath/src/common/hls_hotbm_float.cpp:28->/wrk/ci/prod/2025.2/hls_product/continuous/666/2025.2/src/shared/hls/clib/hlsmath/include/FloatingPoint/hls_hotbm.h:250]   --->   Operation 92 'getelementptr' 'second_order_float_sin_cos_K0_addr' <Predicate = true> <Delay = 0.00>
ST_11 : Operation 93 [2/2] (2.32ns)   --->   "%second_order_float_sin_cos_K0_load = load i8 %second_order_float_sin_cos_K0_addr" [/wrk/ci/prod/2025.2/hls_product/continuous/666/2025.2/src/shared/hls/clib/hlsmath/src/common/hls_hotbm_float.cpp:28->/wrk/ci/prod/2025.2/hls_product/continuous/666/2025.2/src/shared/hls/clib/hlsmath/include/FloatingPoint/hls_hotbm.h:250]   --->   Operation 93 'load' 'second_order_float_sin_cos_K0_load' <Predicate = true> <Delay = 2.32> <CoreInst = "ROM_1P_LUTRAM">   --->   Core 96 'ROM_1P_LUTRAM' <Latency = 1> <II = 1> <Delay = 2.32> <Storage> <Opcode : 'load'> <Ports = 1> <Width = 30> <Depth = 256> <ROM>
ST_11 : Operation 94 [1/1] (0.00ns)   --->   "%second_order_float_sin_cos_K1_addr = getelementptr i23 %second_order_float_sin_cos_K1, i64 0, i64 %zext_ln28" [/wrk/ci/prod/2025.2/hls_product/continuous/666/2025.2/src/shared/hls/clib/hlsmath/src/common/hls_hotbm_float.cpp:29->/wrk/ci/prod/2025.2/hls_product/continuous/666/2025.2/src/shared/hls/clib/hlsmath/include/FloatingPoint/hls_hotbm.h:250]   --->   Operation 94 'getelementptr' 'second_order_float_sin_cos_K1_addr' <Predicate = true> <Delay = 0.00>
ST_11 : Operation 95 [2/2] (2.32ns)   --->   "%second_order_float_sin_cos_K1_load = load i8 %second_order_float_sin_cos_K1_addr" [/wrk/ci/prod/2025.2/hls_product/continuous/666/2025.2/src/shared/hls/clib/hlsmath/src/common/hls_hotbm_float.cpp:29->/wrk/ci/prod/2025.2/hls_product/continuous/666/2025.2/src/shared/hls/clib/hlsmath/include/FloatingPoint/hls_hotbm.h:250]   --->   Operation 95 'load' 'second_order_float_sin_cos_K1_load' <Predicate = true> <Delay = 2.32> <CoreInst = "ROM_1P_LUTRAM">   --->   Core 96 'ROM_1P_LUTRAM' <Latency = 1> <II = 1> <Delay = 2.32> <Storage> <Opcode : 'load'> <Ports = 1> <Width = 23> <Depth = 256> <ROM>
ST_11 : Operation 96 [1/1] (0.00ns)   --->   "%second_order_float_sin_cos_K2_addr = getelementptr i15 %second_order_float_sin_cos_K2, i64 0, i64 %zext_ln28" [/wrk/ci/prod/2025.2/hls_product/continuous/666/2025.2/src/shared/hls/clib/hlsmath/src/common/hls_hotbm_float.cpp:30->/wrk/ci/prod/2025.2/hls_product/continuous/666/2025.2/src/shared/hls/clib/hlsmath/include/FloatingPoint/hls_hotbm.h:250]   --->   Operation 96 'getelementptr' 'second_order_float_sin_cos_K2_addr' <Predicate = true> <Delay = 0.00>
ST_11 : Operation 97 [2/2] (2.32ns)   --->   "%second_order_float_sin_cos_K2_load = load i8 %second_order_float_sin_cos_K2_addr" [/wrk/ci/prod/2025.2/hls_product/continuous/666/2025.2/src/shared/hls/clib/hlsmath/src/common/hls_hotbm_float.cpp:30->/wrk/ci/prod/2025.2/hls_product/continuous/666/2025.2/src/shared/hls/clib/hlsmath/include/FloatingPoint/hls_hotbm.h:250]   --->   Operation 97 'load' 'second_order_float_sin_cos_K2_load' <Predicate = true> <Delay = 2.32> <CoreInst = "ROM_1P_LUTRAM">   --->   Core 96 'ROM_1P_LUTRAM' <Latency = 1> <II = 1> <Delay = 2.32> <Storage> <Opcode : 'load'> <Ports = 1> <Width = 15> <Depth = 256> <ROM>

State 12 <SV = 11> <Delay = 5.59>
ST_12 : Operation 98 [1/1] (0.00ns)   --->   "%zext_ln23 = zext i15 %B_trunc" [/wrk/ci/prod/2025.2/hls_product/continuous/666/2025.2/src/shared/hls/clib/hlsmath/src/common/hls_hotbm_float.cpp:23->/wrk/ci/prod/2025.2/hls_product/continuous/666/2025.2/src/shared/hls/clib/hlsmath/include/FloatingPoint/hls_hotbm.h:250]   --->   Operation 98 'zext' 'zext_ln23' <Predicate = true> <Delay = 0.00>
ST_12 : Operation 99 [1/1] (5.59ns)   --->   "%mul_ln23 = mul i30 %zext_ln23, i30 %zext_ln23" [/wrk/ci/prod/2025.2/hls_product/continuous/666/2025.2/src/shared/hls/clib/hlsmath/src/common/hls_hotbm_float.cpp:23->/wrk/ci/prod/2025.2/hls_product/continuous/666/2025.2/src/shared/hls/clib/hlsmath/include/FloatingPoint/hls_hotbm.h:250]   --->   Operation 99 'mul' 'mul_ln23' <Predicate = true> <Delay = 5.59> <CoreInst = "Multiplier">   --->   Core 3 'Multiplier' <Latency = 0> <II = 1> <Delay = 5.59> <FuncUnit> <Opcode : 'mul'> <InPorts = 2> <OutPorts = 1>
ST_12 : Operation 100 [1/1] (0.00ns)   --->   "%B_squared = partselect i15 @_ssdm_op_PartSelect.i15.i30.i32.i32, i30 %mul_ln23, i32 15, i32 29" [/wrk/ci/prod/2025.2/hls_product/continuous/666/2025.2/src/shared/hls/clib/hlsmath/src/common/hls_hotbm_float.cpp:23->/wrk/ci/prod/2025.2/hls_product/continuous/666/2025.2/src/shared/hls/clib/hlsmath/include/FloatingPoint/hls_hotbm.h:250]   --->   Operation 100 'partselect' 'B_squared' <Predicate = true> <Delay = 0.00>
ST_12 : Operation 101 [1/2] ( I:2.32ns O:2.32ns )   --->   "%second_order_float_sin_cos_K0_load = load i8 %second_order_float_sin_cos_K0_addr" [/wrk/ci/prod/2025.2/hls_product/continuous/666/2025.2/src/shared/hls/clib/hlsmath/src/common/hls_hotbm_float.cpp:28->/wrk/ci/prod/2025.2/hls_product/continuous/666/2025.2/src/shared/hls/clib/hlsmath/include/FloatingPoint/hls_hotbm.h:250]   --->   Operation 101 'load' 'second_order_float_sin_cos_K0_load' <Predicate = true> <Delay = 2.32> <CoreInst = "ROM_1P_LUTRAM">   --->   Core 96 'ROM_1P_LUTRAM' <Latency = 1> <II = 1> <Delay = 2.32> <Storage> <Opcode : 'load'> <Ports = 1> <Width = 30> <Depth = 256> <ROM>
ST_12 : Operation 102 [1/1] (0.00ns)   --->   "%t1 = partselect i29 @_ssdm_op_PartSelect.i29.i30.i32.i32, i30 %second_order_float_sin_cos_K0_load, i32 1, i32 29" [/wrk/ci/prod/2025.2/hls_product/continuous/666/2025.2/src/shared/hls/clib/hlsmath/src/common/hls_hotbm_float.cpp:28->/wrk/ci/prod/2025.2/hls_product/continuous/666/2025.2/src/shared/hls/clib/hlsmath/include/FloatingPoint/hls_hotbm.h:250]   --->   Operation 102 'partselect' 't1' <Predicate = true> <Delay = 0.00>
ST_12 : Operation 103 [1/2] ( I:2.32ns O:2.32ns )   --->   "%second_order_float_sin_cos_K1_load = load i8 %second_order_float_sin_cos_K1_addr" [/wrk/ci/prod/2025.2/hls_product/continuous/666/2025.2/src/shared/hls/clib/hlsmath/src/common/hls_hotbm_float.cpp:29->/wrk/ci/prod/2025.2/hls_product/continuous/666/2025.2/src/shared/hls/clib/hlsmath/include/FloatingPoint/hls_hotbm.h:250]   --->   Operation 103 'load' 'second_order_float_sin_cos_K1_load' <Predicate = true> <Delay = 2.32> <CoreInst = "ROM_1P_LUTRAM">   --->   Core 96 'ROM_1P_LUTRAM' <Latency = 1> <II = 1> <Delay = 2.32> <Storage> <Opcode : 'load'> <Ports = 1> <Width = 23> <Depth = 256> <ROM>
ST_12 : Operation 104 [1/2] ( I:2.32ns O:2.32ns )   --->   "%second_order_float_sin_cos_K2_load = load i8 %second_order_float_sin_cos_K2_addr" [/wrk/ci/prod/2025.2/hls_product/continuous/666/2025.2/src/shared/hls/clib/hlsmath/src/common/hls_hotbm_float.cpp:30->/wrk/ci/prod/2025.2/hls_product/continuous/666/2025.2/src/shared/hls/clib/hlsmath/include/FloatingPoint/hls_hotbm.h:250]   --->   Operation 104 'load' 'second_order_float_sin_cos_K2_load' <Predicate = true> <Delay = 2.32> <CoreInst = "ROM_1P_LUTRAM">   --->   Core 96 'ROM_1P_LUTRAM' <Latency = 1> <II = 1> <Delay = 2.32> <Storage> <Opcode : 'load'> <Ports = 1> <Width = 15> <Depth = 256> <ROM>

State 13 <SV = 12> <Delay = 6.43>
ST_13 : Operation 105 [1/1] (0.00ns)   --->   "%zext_ln23_1 = zext i15 %B_squared" [/wrk/ci/prod/2025.2/hls_product/continuous/666/2025.2/src/shared/hls/clib/hlsmath/src/common/hls_hotbm_float.cpp:23->/wrk/ci/prod/2025.2/hls_product/continuous/666/2025.2/src/shared/hls/clib/hlsmath/include/FloatingPoint/hls_hotbm.h:250]   --->   Operation 105 'zext' 'zext_ln23_1' <Predicate = true> <Delay = 0.00>
ST_13 : Operation 106 [1/1] (0.00ns)   --->   "%zext_ln29 = zext i22 %B" [/wrk/ci/prod/2025.2/hls_product/continuous/666/2025.2/src/shared/hls/clib/hlsmath/src/common/hls_hotbm_float.cpp:29->/wrk/ci/prod/2025.2/hls_product/continuous/666/2025.2/src/shared/hls/clib/hlsmath/include/FloatingPoint/hls_hotbm.h:250]   --->   Operation 106 'zext' 'zext_ln29' <Predicate = true> <Delay = 0.00>
ST_13 : Operation 107 [1/1] (0.00ns)   --->   "%sext_ln29 = sext i23 %second_order_float_sin_cos_K1_load" [/wrk/ci/prod/2025.2/hls_product/continuous/666/2025.2/src/shared/hls/clib/hlsmath/src/common/hls_hotbm_float.cpp:29->/wrk/ci/prod/2025.2/hls_product/continuous/666/2025.2/src/shared/hls/clib/hlsmath/include/FloatingPoint/hls_hotbm.h:250]   --->   Operation 107 'sext' 'sext_ln29' <Predicate = true> <Delay = 0.00>
ST_13 : Operation 108 [1/1] (6.43ns)   --->   "%mul_ln29 = mul i45 %sext_ln29, i45 %zext_ln29" [/wrk/ci/prod/2025.2/hls_product/continuous/666/2025.2/src/shared/hls/clib/hlsmath/src/common/hls_hotbm_float.cpp:29->/wrk/ci/prod/2025.2/hls_product/continuous/666/2025.2/src/shared/hls/clib/hlsmath/include/FloatingPoint/hls_hotbm.h:250]   --->   Operation 108 'mul' 'mul_ln29' <Predicate = true> <Delay = 6.43> <CoreInst = "Multiplier">   --->   Core 3 'Multiplier' <Latency = 0> <II = 1> <Delay = 6.43> <FuncUnit> <Opcode : 'mul'> <InPorts = 2> <OutPorts = 1>
ST_13 : Operation 109 [1/1] (0.00ns)   --->   "%trunc_ln2 = partselect i22 @_ssdm_op_PartSelect.i22.i45.i32.i32, i45 %mul_ln29, i32 23, i32 44" [/wrk/ci/prod/2025.2/hls_product/continuous/666/2025.2/src/shared/hls/clib/hlsmath/src/common/hls_hotbm_float.cpp:29->/wrk/ci/prod/2025.2/hls_product/continuous/666/2025.2/src/shared/hls/clib/hlsmath/include/FloatingPoint/hls_hotbm.h:250]   --->   Operation 109 'partselect' 'trunc_ln2' <Predicate = true> <Delay = 0.00>
ST_13 : Operation 110 [1/1] (0.00ns)   --->   "%sext_ln30 = sext i15 %second_order_float_sin_cos_K2_load" [/wrk/ci/prod/2025.2/hls_product/continuous/666/2025.2/src/shared/hls/clib/hlsmath/src/common/hls_hotbm_float.cpp:30->/wrk/ci/prod/2025.2/hls_product/continuous/666/2025.2/src/shared/hls/clib/hlsmath/include/FloatingPoint/hls_hotbm.h:250]   --->   Operation 110 'sext' 'sext_ln30' <Predicate = true> <Delay = 0.00>
ST_13 : Operation 111 [1/1] (5.59ns)   --->   "%mul_ln30 = mul i30 %zext_ln23_1, i30 %sext_ln30" [/wrk/ci/prod/2025.2/hls_product/continuous/666/2025.2/src/shared/hls/clib/hlsmath/src/common/hls_hotbm_float.cpp:30->/wrk/ci/prod/2025.2/hls_product/continuous/666/2025.2/src/shared/hls/clib/hlsmath/include/FloatingPoint/hls_hotbm.h:250]   --->   Operation 111 'mul' 'mul_ln30' <Predicate = true> <Delay = 5.59> <CoreInst = "Multiplier">   --->   Core 3 'Multiplier' <Latency = 0> <II = 1> <Delay = 5.59> <FuncUnit> <Opcode : 'mul'> <InPorts = 2> <OutPorts = 1>
ST_13 : Operation 112 [1/1] (0.00ns)   --->   "%trunc_ln3 = partselect i14 @_ssdm_op_PartSelect.i14.i30.i32.i32, i30 %mul_ln30, i32 16, i32 29" [/wrk/ci/prod/2025.2/hls_product/continuous/666/2025.2/src/shared/hls/clib/hlsmath/src/common/hls_hotbm_float.cpp:30->/wrk/ci/prod/2025.2/hls_product/continuous/666/2025.2/src/shared/hls/clib/hlsmath/include/FloatingPoint/hls_hotbm.h:250]   --->   Operation 112 'partselect' 'trunc_ln3' <Predicate = true> <Delay = 0.00>

State 14 <SV = 13> <Delay = 4.31>
ST_14 : Operation 113 [1/1] (0.00ns)   --->   "%sext_ln32 = sext i29 %t1" [/wrk/ci/prod/2025.2/hls_product/continuous/666/2025.2/src/shared/hls/clib/hlsmath/src/common/hls_hotbm_float.cpp:32->/wrk/ci/prod/2025.2/hls_product/continuous/666/2025.2/src/shared/hls/clib/hlsmath/include/FloatingPoint/hls_hotbm.h:250]   --->   Operation 113 'sext' 'sext_ln32' <Predicate = true> <Delay = 0.00>
ST_14 : Operation 114 [1/1] (0.00ns)   --->   "%sext_ln32_1 = sext i22 %trunc_ln2" [/wrk/ci/prod/2025.2/hls_product/continuous/666/2025.2/src/shared/hls/clib/hlsmath/src/common/hls_hotbm_float.cpp:32->/wrk/ci/prod/2025.2/hls_product/continuous/666/2025.2/src/shared/hls/clib/hlsmath/include/FloatingPoint/hls_hotbm.h:250]   --->   Operation 114 'sext' 'sext_ln32_1' <Predicate = true> <Delay = 0.00>
ST_14 : Operation 115 [1/1] (0.00ns) (grouped into TernaryAdder)   --->   "%add_ln32 = add i30 %sext_ln32, i30 %sext_ln32_1" [/wrk/ci/prod/2025.2/hls_product/continuous/666/2025.2/src/shared/hls/clib/hlsmath/src/common/hls_hotbm_float.cpp:32->/wrk/ci/prod/2025.2/hls_product/continuous/666/2025.2/src/shared/hls/clib/hlsmath/include/FloatingPoint/hls_hotbm.h:250]   --->   Operation 115 'add' 'add_ln32' <Predicate = true> <Delay = 0.00> <CoreInst = "TAddSub">   --->   Core 10 'TAddSub' <Latency = 0> <II = 1> <Delay = 1.84> <IPBlock> <Opcode : 'add' 'sub'> <InPorts = 3> <OutPorts = 1> <Sync> <CReg>
ST_14 : Operation 116 [1/1] (0.00ns)   --->   "%sext_ln32_2 = sext i14 %trunc_ln3" [/wrk/ci/prod/2025.2/hls_product/continuous/666/2025.2/src/shared/hls/clib/hlsmath/src/common/hls_hotbm_float.cpp:32->/wrk/ci/prod/2025.2/hls_product/continuous/666/2025.2/src/shared/hls/clib/hlsmath/include/FloatingPoint/hls_hotbm.h:250]   --->   Operation 116 'sext' 'sext_ln32_2' <Predicate = true> <Delay = 0.00>
ST_14 : Operation 117 [1/1] (4.31ns) (root node of TernaryAdder)   --->   "%add_ln32_1 = add i30 %add_ln32, i30 %sext_ln32_2" [/wrk/ci/prod/2025.2/hls_product/continuous/666/2025.2/src/shared/hls/clib/hlsmath/src/common/hls_hotbm_float.cpp:32->/wrk/ci/prod/2025.2/hls_product/continuous/666/2025.2/src/shared/hls/clib/hlsmath/include/FloatingPoint/hls_hotbm.h:250]   --->   Operation 117 'add' 'add_ln32_1' <Predicate = true> <Delay = 4.31> <CoreInst = "TAddSub">   --->   Core 10 'TAddSub' <Latency = 0> <II = 1> <Delay = 1.84> <IPBlock> <Opcode : 'add' 'sub'> <InPorts = 3> <OutPorts = 1> <Sync> <CReg>

State 15 <SV = 14> <Delay = 6.91>
ST_15 : Operation 118 [1/1] (0.00ns)   --->   "%sext_ln32_3 = sext i30 %add_ln32_1" [/wrk/ci/prod/2025.2/hls_product/continuous/666/2025.2/src/shared/hls/clib/hlsmath/src/common/hls_hotbm_float.cpp:32->/wrk/ci/prod/2025.2/hls_product/continuous/666/2025.2/src/shared/hls/clib/hlsmath/include/FloatingPoint/hls_hotbm.h:250]   --->   Operation 118 'sext' 'sext_ln32_3' <Predicate = true> <Delay = 0.00>
ST_15 : Operation 119 [1/1] (0.00ns)   --->   "%zext_ln32 = zext i29 %Mx_1" [/wrk/ci/prod/2025.2/hls_product/continuous/666/2025.2/src/shared/hls/clib/hlsmath/src/common/hls_hotbm_float.cpp:32->/wrk/ci/prod/2025.2/hls_product/continuous/666/2025.2/src/shared/hls/clib/hlsmath/include/FloatingPoint/hls_hotbm.h:250]   --->   Operation 119 'zext' 'zext_ln32' <Predicate = true> <Delay = 0.00>
ST_15 : Operation 120 [2/2] (6.91ns)   --->   "%mul_ln32 = mul i58 %sext_ln32_3, i58 %zext_ln32" [/wrk/ci/prod/2025.2/hls_product/continuous/666/2025.2/src/shared/hls/clib/hlsmath/src/common/hls_hotbm_float.cpp:32->/wrk/ci/prod/2025.2/hls_product/continuous/666/2025.2/src/shared/hls/clib/hlsmath/include/FloatingPoint/hls_hotbm.h:250]   --->   Operation 120 'mul' 'mul_ln32' <Predicate = true> <Delay = 6.91> <CoreInst = "Multiplier">   --->   Core 3 'Multiplier' <Latency = 1> <II = 1> <Delay = 6.91> <FuncUnit> <Opcode : 'mul'> <InPorts = 2> <OutPorts = 1>

State 16 <SV = 15> <Delay = 6.91>
ST_16 : Operation 121 [1/2] (6.91ns)   --->   "%mul_ln32 = mul i58 %sext_ln32_3, i58 %zext_ln32" [/wrk/ci/prod/2025.2/hls_product/continuous/666/2025.2/src/shared/hls/clib/hlsmath/src/common/hls_hotbm_float.cpp:32->/wrk/ci/prod/2025.2/hls_product/continuous/666/2025.2/src/shared/hls/clib/hlsmath/include/FloatingPoint/hls_hotbm.h:250]   --->   Operation 121 'mul' 'mul_ln32' <Predicate = true> <Delay = 6.91> <CoreInst = "Multiplier">   --->   Core 3 'Multiplier' <Latency = 1> <II = 1> <Delay = 6.91> <FuncUnit> <Opcode : 'mul'> <InPorts = 2> <OutPorts = 1>
ST_16 : Operation 122 [1/1] (0.00ns)   --->   "%result = partselect i29 @_ssdm_op_PartSelect.i29.i58.i32.i32, i58 %mul_ln32, i32 29, i32 57" [/wrk/ci/prod/2025.2/hls_product/continuous/666/2025.2/src/shared/hls/clib/hlsmath/src/common/hls_hotbm_float.cpp:32->/wrk/ci/prod/2025.2/hls_product/continuous/666/2025.2/src/shared/hls/clib/hlsmath/include/FloatingPoint/hls_hotbm.h:250]   --->   Operation 122 'partselect' 'result' <Predicate = true> <Delay = 0.00>
ST_16 : Operation 123 [1/1] (0.00ns)   --->   "%tmp_3 = partselect i16 @_ssdm_op_PartSelect.i16.i58.i32.i32, i58 %mul_ln32, i32 42, i32 57" [/wrk/ci/prod/2025.2/hls_product/continuous/666/2025.2/src/shared/hls/clib/src/hls/utils/x_hls_float_utils.h:271->/wrk/ci/prod/2025.2/hls_product/continuous/666/2025.2/src/shared/hls/clib/hlsmath/include/FloatingPoint/hls_hotbm.h:252]   --->   Operation 123 'partselect' 'tmp_3' <Predicate = true> <Delay = 0.00>
ST_16 : Operation 124 [1/1] (0.00ns)   --->   "%tmp_4 = partselect i13 @_ssdm_op_PartSelect.i13.i58.i32.i32, i58 %mul_ln32, i32 29, i32 41" [/wrk/ci/prod/2025.2/hls_product/continuous/666/2025.2/src/shared/hls/clib/src/hls/utils/x_hls_float_utils.h:276->/wrk/ci/prod/2025.2/hls_product/continuous/666/2025.2/src/shared/hls/clib/hlsmath/include/FloatingPoint/hls_hotbm.h:252]   --->   Operation 124 'partselect' 'tmp_4' <Predicate = true> <Delay = 0.00>
ST_16 : Operation 125 [1/1] (0.00ns)   --->   "%trunc_ln5 = partselect i28 @_ssdm_op_PartSelect.i28.i58.i32.i32, i58 %mul_ln32, i32 29, i32 56" [/wrk/ci/prod/2025.2/hls_product/continuous/666/2025.2/src/shared/hls/clib/src/hls/utils/x_hls_float_utils.h:291->/wrk/ci/prod/2025.2/hls_product/continuous/666/2025.2/src/shared/hls/clib/hlsmath/include/FloatingPoint/hls_hotbm.h:252]   --->   Operation 125 'partselect' 'trunc_ln5' <Predicate = (!and_ln271)> <Delay = 0.00>

State 17 <SV = 16> <Delay = 6.44>
ST_17 : Operation 126 [1/1] (0.00ns)   --->   "%out_bits = bitconcatenate i32 @_ssdm_op_BitConcatenate.i32.i16.i16, i16 %tmp_3, i16 32768" [/wrk/ci/prod/2025.2/hls_product/continuous/666/2025.2/src/shared/hls/clib/src/hls/utils/x_hls_float_utils.h:273->/wrk/ci/prod/2025.2/hls_product/continuous/666/2025.2/src/shared/hls/clib/hlsmath/include/FloatingPoint/hls_hotbm.h:252]   --->   Operation 126 'bitconcatenate' 'out_bits' <Predicate = true> <Delay = 0.00>
ST_17 : Operation 127 [1/1] (0.00ns)   --->   "%out_bits_2 = bitconcatenate i32 @_ssdm_op_BitConcatenate.i32.i13.i19, i13 %tmp_4, i19 262144" [/wrk/ci/prod/2025.2/hls_product/continuous/666/2025.2/src/shared/hls/clib/src/hls/utils/x_hls_float_utils.h:278->/wrk/ci/prod/2025.2/hls_product/continuous/666/2025.2/src/shared/hls/clib/hlsmath/include/FloatingPoint/hls_hotbm.h:252]   --->   Operation 127 'bitconcatenate' 'out_bits_2' <Predicate = true> <Delay = 0.00>
ST_17 : Operation 128 [1/1] (2.12ns)   --->   "%c = ctlz i32 @llvm.ctlz.i32, i32 %out_bits, i1 0" [/wrk/ci/prod/2025.2/hls_product/continuous/666/2025.2/src/shared/hls/clib/hlsmath/include/FloatingPoint/hls_normalize.h:81->/wrk/ci/prod/2025.2/hls_product/continuous/666/2025.2/src/shared/hls/clib/src/hls/utils/x_hls_float_utils.h:283->/wrk/ci/prod/2025.2/hls_product/continuous/666/2025.2/src/shared/hls/clib/hlsmath/include/FloatingPoint/hls_hotbm.h:252]   --->   Operation 128 'ctlz' 'c' <Predicate = true> <Delay = 2.12> <CoreInst = "ctlz">   --->   Core 133 'ctlz' <Latency = 0> <II = 1> <Delay = 2.12> <FuncUnit> <Opcode : 'ctlz'> <InPorts = 1> <OutPorts = 1>
ST_17 : Operation 129 [1/1] (0.00ns)   --->   "%trunc_ln281 = trunc i32 %c" [/wrk/ci/prod/2025.2/hls_product/continuous/666/2025.2/src/shared/hls/clib/src/hls/utils/x_hls_float_utils.h:281->/wrk/ci/prod/2025.2/hls_product/continuous/666/2025.2/src/shared/hls/clib/hlsmath/include/FloatingPoint/hls_hotbm.h:252]   --->   Operation 129 'trunc' 'trunc_ln281' <Predicate = true> <Delay = 0.00>
ST_17 : Operation 130 [1/1] (0.00ns)   --->   "%zext_ln281 = zext i5 %trunc_ln281" [/wrk/ci/prod/2025.2/hls_product/continuous/666/2025.2/src/shared/hls/clib/src/hls/utils/x_hls_float_utils.h:281->/wrk/ci/prod/2025.2/hls_product/continuous/666/2025.2/src/shared/hls/clib/hlsmath/include/FloatingPoint/hls_hotbm.h:252]   --->   Operation 130 'zext' 'zext_ln281' <Predicate = (!and_ln271)> <Delay = 0.00>
ST_17 : Operation 131 [1/1] (2.12ns)   --->   "%c_1 = ctlz i32 @llvm.ctlz.i32, i32 %out_bits_2, i1 0" [/wrk/ci/prod/2025.2/hls_product/continuous/666/2025.2/src/shared/hls/clib/hlsmath/include/FloatingPoint/hls_normalize.h:81->/wrk/ci/prod/2025.2/hls_product/continuous/666/2025.2/src/shared/hls/clib/src/hls/utils/x_hls_float_utils.h:283->/wrk/ci/prod/2025.2/hls_product/continuous/666/2025.2/src/shared/hls/clib/hlsmath/include/FloatingPoint/hls_hotbm.h:252]   --->   Operation 131 'ctlz' 'c_1' <Predicate = true> <Delay = 2.12> <CoreInst = "ctlz">   --->   Core 133 'ctlz' <Latency = 0> <II = 1> <Delay = 2.12> <FuncUnit> <Opcode : 'ctlz'> <InPorts = 1> <OutPorts = 1>
ST_17 : Operation 132 [1/1] (0.00ns)   --->   "%trunc_ln281_1 = trunc i32 %c_1" [/wrk/ci/prod/2025.2/hls_product/continuous/666/2025.2/src/shared/hls/clib/src/hls/utils/x_hls_float_utils.h:281->/wrk/ci/prod/2025.2/hls_product/continuous/666/2025.2/src/shared/hls/clib/hlsmath/include/FloatingPoint/hls_hotbm.h:252]   --->   Operation 132 'trunc' 'trunc_ln281_1' <Predicate = true> <Delay = 0.00>
ST_17 : Operation 133 [1/1] (4.31ns)   --->   "%in_shift_1 = shl i28 %trunc_ln5, i28 %zext_ln281" [/wrk/ci/prod/2025.2/hls_product/continuous/666/2025.2/src/shared/hls/clib/src/hls/utils/x_hls_float_utils.h:291->/wrk/ci/prod/2025.2/hls_product/continuous/666/2025.2/src/shared/hls/clib/hlsmath/include/FloatingPoint/hls_hotbm.h:252]   --->   Operation 133 'shl' 'in_shift_1' <Predicate = (!and_ln271)> <Delay = 4.31> <CoreInst = "Shifter">   --->   Core 75 'Shifter' <Latency = 0> <II = 1> <Delay = 4.31> <FuncUnit> <Opcode : 'shl' 'lshr' 'ashr'> <InPorts = 2> <OutPorts = 1>
ST_17 : Operation 134 [1/1] (1.78ns)   --->   "%icmp_ln292 = icmp_eq  i5 %trunc_ln281, i5 16" [/wrk/ci/prod/2025.2/hls_product/continuous/666/2025.2/src/shared/hls/clib/src/hls/utils/x_hls_float_utils.h:292->/wrk/ci/prod/2025.2/hls_product/continuous/666/2025.2/src/shared/hls/clib/hlsmath/include/FloatingPoint/hls_hotbm.h:252]   --->   Operation 134 'icmp' 'icmp_ln292' <Predicate = true> <Delay = 1.78> <CoreInst = "Cmp">   --->   Core 9 'Cmp' <Latency = 0> <II = 1> <Delay = 1.78> <FuncUnit> <Opcode : 'seteq' 'setne' 'setle' 'setge' 'setlt' 'setgt'> <InPorts = 2> <OutPorts = 1>
ST_17 : Operation 135 [1/1] (2.46ns)   --->   "%icmp_ln306 = icmp_eq  i29 %result, i29 0" [/wrk/ci/prod/2025.2/hls_product/continuous/666/2025.2/src/shared/hls/clib/src/hls/utils/x_hls_float_utils.h:306->/wrk/ci/prod/2025.2/hls_product/continuous/666/2025.2/src/shared/hls/clib/hlsmath/include/FloatingPoint/hls_hotbm.h:252]   --->   Operation 135 'icmp' 'icmp_ln306' <Predicate = true> <Delay = 2.46> <CoreInst = "Cmp">   --->   Core 9 'Cmp' <Latency = 0> <II = 1> <Delay = 2.46> <FuncUnit> <Opcode : 'seteq' 'setne' 'setle' 'setge' 'setlt' 'setgt'> <InPorts = 2> <OutPorts = 1>

State 18 <SV = 17> <Delay = 7.13>
ST_18 : Operation 136 [1/1] (0.00ns)   --->   "%specmemcore_ln375 = specmemcore void @_ssdm_op_SpecMemCore, i100 %ref_4oPi_table_100, i64 666, i64 34, i64 18446744073709551615, i1 0" [/wrk/ci/prod/2025.2/hls_product/continuous/666/2025.2/src/shared/hls/clib/hlsmath/include/FloatingPoint/hls_range_redux.h:375->/wrk/ci/prod/2025.2/hls_product/continuous/666/2025.2/src/shared/hls/clib/hlsmath/include/FloatingPoint/hls_range_redux.h:467->/wrk/ci/prod/2025.2/hls_product/continuous/666/2025.2/src/shared/hls/clib/hlsmath/include/FloatingPoint/hls_hotbm.h:239]   --->   Operation 136 'specmemcore' 'specmemcore_ln375' <Predicate = true> <Delay = 0.00>
ST_18 : Operation 137 [1/1] (0.00ns)   --->   "%specmemcore_ln16 = specmemcore void @_ssdm_op_SpecMemCore, i30 %second_order_float_sin_cos_K0, i64 666, i64 34, i64 18446744073709551615, i1 0" [/wrk/ci/prod/2025.2/hls_product/continuous/666/2025.2/src/shared/hls/clib/hlsmath/src/common/hls_hotbm_float.cpp:16->/wrk/ci/prod/2025.2/hls_product/continuous/666/2025.2/src/shared/hls/clib/hlsmath/include/FloatingPoint/hls_hotbm.h:250]   --->   Operation 137 'specmemcore' 'specmemcore_ln16' <Predicate = true> <Delay = 0.00>
ST_18 : Operation 138 [1/1] (0.00ns)   --->   "%specmemcore_ln17 = specmemcore void @_ssdm_op_SpecMemCore, i23 %second_order_float_sin_cos_K1, i64 666, i64 34, i64 18446744073709551615, i1 0" [/wrk/ci/prod/2025.2/hls_product/continuous/666/2025.2/src/shared/hls/clib/hlsmath/src/common/hls_hotbm_float.cpp:17->/wrk/ci/prod/2025.2/hls_product/continuous/666/2025.2/src/shared/hls/clib/hlsmath/include/FloatingPoint/hls_hotbm.h:250]   --->   Operation 138 'specmemcore' 'specmemcore_ln17' <Predicate = true> <Delay = 0.00>
ST_18 : Operation 139 [1/1] (0.00ns)   --->   "%specmemcore_ln18 = specmemcore void @_ssdm_op_SpecMemCore, i15 %second_order_float_sin_cos_K2, i64 666, i64 34, i64 18446744073709551615, i1 0" [/wrk/ci/prod/2025.2/hls_product/continuous/666/2025.2/src/shared/hls/clib/hlsmath/src/common/hls_hotbm_float.cpp:18->/wrk/ci/prod/2025.2/hls_product/continuous/666/2025.2/src/shared/hls/clib/hlsmath/include/FloatingPoint/hls_hotbm.h:250]   --->   Operation 139 'specmemcore' 'specmemcore_ln18' <Predicate = true> <Delay = 0.00>
ST_18 : Operation 140 [1/1] (0.00ns)   --->   "%sext_ln252 = sext i8 %Ex_2" [/wrk/ci/prod/2025.2/hls_product/continuous/666/2025.2/src/shared/hls/clib/hlsmath/include/FloatingPoint/hls_hotbm.h:252]   --->   Operation 140 'sext' 'sext_ln252' <Predicate = true> <Delay = 0.00>
ST_18 : Operation 141 [1/1] (0.00ns)   --->   "%zext_ln281_1 = zext i4 %trunc_ln281_1" [/wrk/ci/prod/2025.2/hls_product/continuous/666/2025.2/src/shared/hls/clib/src/hls/utils/x_hls_float_utils.h:281->/wrk/ci/prod/2025.2/hls_product/continuous/666/2025.2/src/shared/hls/clib/hlsmath/include/FloatingPoint/hls_hotbm.h:252]   --->   Operation 141 'zext' 'zext_ln281_1' <Predicate = (!and_ln271 & icmp_ln292)> <Delay = 0.00>
ST_18 : Operation 142 [1/1] (0.00ns)   --->   "%shift_1 = bitconcatenate i5 @_ssdm_op_BitConcatenate.i5.i1.i4, i1 1, i4 %trunc_ln281_1" [/wrk/ci/prod/2025.2/hls_product/continuous/666/2025.2/src/shared/hls/clib/src/hls/utils/x_hls_float_utils.h:290->/wrk/ci/prod/2025.2/hls_product/continuous/666/2025.2/src/shared/hls/clib/hlsmath/include/FloatingPoint/hls_hotbm.h:252]   --->   Operation 142 'bitconcatenate' 'shift_1' <Predicate = (icmp_ln292)> <Delay = 0.00>
ST_18 : Operation 143 [1/1] (4.31ns)   --->   "%in_shift_2 = shl i28 %in_shift_1, i28 %zext_ln281_1" [/wrk/ci/prod/2025.2/hls_product/continuous/666/2025.2/src/shared/hls/clib/src/hls/utils/x_hls_float_utils.h:291->/wrk/ci/prod/2025.2/hls_product/continuous/666/2025.2/src/shared/hls/clib/hlsmath/include/FloatingPoint/hls_hotbm.h:252]   --->   Operation 143 'shl' 'in_shift_2' <Predicate = (!and_ln271 & icmp_ln292)> <Delay = 4.31> <CoreInst = "Shifter">   --->   Core 75 'Shifter' <Latency = 0> <II = 1> <Delay = 4.31> <FuncUnit> <Opcode : 'shl' 'lshr' 'ashr'> <InPorts = 2> <OutPorts = 1>
ST_18 : Operation 144 [1/1] (1.21ns)   --->   "%shift_2 = select i1 %icmp_ln292, i5 %shift_1, i5 %trunc_ln281" [/wrk/ci/prod/2025.2/hls_product/continuous/666/2025.2/src/shared/hls/clib/src/hls/utils/x_hls_float_utils.h:292->/wrk/ci/prod/2025.2/hls_product/continuous/666/2025.2/src/shared/hls/clib/hlsmath/include/FloatingPoint/hls_hotbm.h:252]   --->   Operation 144 'select' 'shift_2' <Predicate = true> <Delay = 1.21> <CoreInst = "Sel">   --->   Core 73 'Sel' <Latency = 0> <II = 1> <Delay = 1.21> <FuncUnit> <Opcode : 'select'> <InPorts = 3> <OutPorts = 1>
ST_18 : Operation 145 [1/1] (0.00ns)   --->   "%zext_ln286 = zext i5 %shift_2" [/wrk/ci/prod/2025.2/hls_product/continuous/666/2025.2/src/shared/hls/clib/src/hls/utils/x_hls_float_utils.h:286->/wrk/ci/prod/2025.2/hls_product/continuous/666/2025.2/src/shared/hls/clib/hlsmath/include/FloatingPoint/hls_hotbm.h:252]   --->   Operation 145 'zext' 'zext_ln286' <Predicate = true> <Delay = 0.00>
ST_18 : Operation 146 [1/1] (0.00ns) (grouped into TernaryAdder)   --->   "%add_ln300 = add i9 %sext_ln252, i9 127" [/wrk/ci/prod/2025.2/hls_product/continuous/666/2025.2/src/shared/hls/clib/src/hls/utils/x_hls_float_utils.h:300->/wrk/ci/prod/2025.2/hls_product/continuous/666/2025.2/src/shared/hls/clib/hlsmath/include/FloatingPoint/hls_hotbm.h:252]   --->   Operation 146 'add' 'add_ln300' <Predicate = true> <Delay = 0.00> <CoreInst = "TAddSub">   --->   Core 10 'TAddSub' <Latency = 0> <II = 1> <Delay = 1.84> <IPBlock> <Opcode : 'add' 'sub'> <InPorts = 3> <OutPorts = 1> <Sync> <CReg>
ST_18 : Operation 147 [1/1] (3.69ns) (root node of TernaryAdder)   --->   "%newexp = sub i9 %add_ln300, i9 %zext_ln286" [/wrk/ci/prod/2025.2/hls_product/continuous/666/2025.2/src/shared/hls/clib/src/hls/utils/x_hls_float_utils.h:300->/wrk/ci/prod/2025.2/hls_product/continuous/666/2025.2/src/shared/hls/clib/hlsmath/include/FloatingPoint/hls_hotbm.h:252]   --->   Operation 147 'sub' 'newexp' <Predicate = true> <Delay = 3.69> <CoreInst = "TAddSub">   --->   Core 10 'TAddSub' <Latency = 0> <II = 1> <Delay = 1.84> <IPBlock> <Opcode : 'add' 'sub'> <InPorts = 3> <OutPorts = 1> <Sync> <CReg>
ST_18 : Operation 148 [1/1] (0.00ns) (grouped into LUT with out node or_ln282)   --->   "%tmp_2 = bitselect i1 @_ssdm_op_BitSelect.i1.i9.i32, i9 %newexp, i32 8" [/wrk/ci/prod/2025.2/hls_product/continuous/666/2025.2/src/shared/hls/clib/src/hls/utils/x_hls_float_utils.h:306->/wrk/ci/prod/2025.2/hls_product/continuous/666/2025.2/src/shared/hls/clib/hlsmath/include/FloatingPoint/hls_hotbm.h:252]   --->   Operation 148 'bitselect' 'tmp_2' <Predicate = true> <Delay = 0.00>
ST_18 : Operation 149 [1/1] (0.00ns) (grouped into LUT with out node or_ln282)   --->   "%or_ln306 = or i1 %tmp_2, i1 %icmp_ln306" [/wrk/ci/prod/2025.2/hls_product/continuous/666/2025.2/src/shared/hls/clib/src/hls/utils/x_hls_float_utils.h:306->/wrk/ci/prod/2025.2/hls_product/continuous/666/2025.2/src/shared/hls/clib/hlsmath/include/FloatingPoint/hls_hotbm.h:252]   --->   Operation 149 'or' 'or_ln306' <Predicate = true> <Delay = 0.00> <CoreInst = "LogicGate">   --->   Core 74 'LogicGate' <Latency = 0> <II = 1> <Delay = 0.97> <FuncUnit> <Opcode : 'and' 'or' 'xor'> <InPorts = 2> <OutPorts = 1>
ST_18 : Operation 150 [1/1] (0.00ns) (grouped into LUT with out node results_exp_1)   --->   "%empty = trunc i9 %newexp" [/wrk/ci/prod/2025.2/hls_product/continuous/666/2025.2/src/shared/hls/clib/src/hls/utils/x_hls_float_utils.h:300->/wrk/ci/prod/2025.2/hls_product/continuous/666/2025.2/src/shared/hls/clib/hlsmath/include/FloatingPoint/hls_hotbm.h:252]   --->   Operation 150 'trunc' 'empty' <Predicate = (!and_ln271)> <Delay = 0.00>
ST_18 : Operation 151 [1/1] (0.00ns) (grouped into LUT with out node results_sig_1)   --->   "%tmp_6 = partselect i23 @_ssdm_op_PartSelect.i23.i28.i32.i32, i28 %in_shift_2, i32 5, i32 27" [/wrk/ci/prod/2025.2/hls_product/continuous/666/2025.2/src/shared/hls/clib/src/hls/utils/x_hls_float_utils.h:291->/wrk/ci/prod/2025.2/hls_product/continuous/666/2025.2/src/shared/hls/clib/hlsmath/include/FloatingPoint/hls_hotbm.h:252]   --->   Operation 151 'partselect' 'tmp_6' <Predicate = (!and_ln271 & icmp_ln292)> <Delay = 0.00>
ST_18 : Operation 152 [1/1] (0.00ns) (grouped into LUT with out node results_sig_1)   --->   "%tmp_9 = partselect i23 @_ssdm_op_PartSelect.i23.i28.i32.i32, i28 %in_shift_1, i32 5, i32 27" [/wrk/ci/prod/2025.2/hls_product/continuous/666/2025.2/src/shared/hls/clib/src/hls/utils/x_hls_float_utils.h:291->/wrk/ci/prod/2025.2/hls_product/continuous/666/2025.2/src/shared/hls/clib/hlsmath/include/FloatingPoint/hls_hotbm.h:252]   --->   Operation 152 'partselect' 'tmp_9' <Predicate = (!and_ln271 & !icmp_ln292)> <Delay = 0.00>
ST_18 : Operation 153 [1/1] (0.00ns) (grouped into LUT with out node results_sig_1)   --->   "%empty_59 = select i1 %icmp_ln292, i23 %tmp_6, i23 %tmp_9" [/wrk/ci/prod/2025.2/hls_product/continuous/666/2025.2/src/shared/hls/clib/src/hls/utils/x_hls_float_utils.h:292->/wrk/ci/prod/2025.2/hls_product/continuous/666/2025.2/src/shared/hls/clib/hlsmath/include/FloatingPoint/hls_hotbm.h:252]   --->   Operation 153 'select' 'empty_59' <Predicate = (!and_ln271)> <Delay = 0.00> <CoreInst = "Sel">   --->   Core 73 'Sel' <Latency = 0> <II = 1> <Delay = 0.69> <FuncUnit> <Opcode : 'select'> <InPorts = 3> <OutPorts = 1>
ST_18 : Operation 154 [1/1] (0.00ns) (grouped into LUT with out node results_exp_1)   --->   "%select_ln259 = select i1 %do_cos_read, i8 127, i8 0" [/wrk/ci/prod/2025.2/hls_product/continuous/666/2025.2/src/shared/hls/clib/hlsmath/include/FloatingPoint/hls_hotbm.h:259]   --->   Operation 154 'select' 'select_ln259' <Predicate = (and_ln271)> <Delay = 0.00> <CoreInst = "Sel">   --->   Core 73 'Sel' <Latency = 0> <II = 1> <Delay = 1.24> <FuncUnit> <Opcode : 'select'> <InPorts = 3> <OutPorts = 1>
ST_18 : Operation 155 [1/1] (0.00ns) (grouped into LUT with out node results_exp_1)   --->   "%select_ln282 = select i1 %icmp_ln282, i8 255, i8 0" [/wrk/ci/prod/2025.2/hls_product/continuous/666/2025.2/src/shared/hls/clib/hlsmath/include/FloatingPoint/hls_hotbm.h:282]   --->   Operation 155 'select' 'select_ln282' <Predicate = (!and_ln271)> <Delay = 0.00> <CoreInst = "Sel">   --->   Core 73 'Sel' <Latency = 0> <II = 1> <Delay = 0.99> <FuncUnit> <Opcode : 'select'> <InPorts = 3> <OutPorts = 1>
ST_18 : Operation 156 [1/1] (0.97ns) (out node of the LUT)   --->   "%or_ln282 = or i1 %icmp_ln282, i1 %or_ln306" [/wrk/ci/prod/2025.2/hls_product/continuous/666/2025.2/src/shared/hls/clib/hlsmath/include/FloatingPoint/hls_hotbm.h:282]   --->   Operation 156 'or' 'or_ln282' <Predicate = true> <Delay = 0.97> <CoreInst = "LogicGate">   --->   Core 74 'LogicGate' <Latency = 0> <II = 1> <Delay = 0.97> <FuncUnit> <Opcode : 'and' 'or' 'xor'> <InPorts = 2> <OutPorts = 1>
ST_18 : Operation 157 [1/1] (0.00ns) (grouped into LUT with out node results_exp_1)   --->   "%results_exp = select i1 %or_ln282, i8 %select_ln282, i8 %empty" [/wrk/ci/prod/2025.2/hls_product/continuous/666/2025.2/src/shared/hls/clib/hlsmath/include/FloatingPoint/hls_hotbm.h:282]   --->   Operation 157 'select' 'results_exp' <Predicate = (!and_ln271)> <Delay = 0.00> <CoreInst = "Sel">   --->   Core 73 'Sel' <Latency = 0> <II = 1> <Delay = 1.24> <FuncUnit> <Opcode : 'select'> <InPorts = 3> <OutPorts = 1>
ST_18 : Operation 158 [1/1] (0.00ns) (grouped into LUT with out node results_sig_1)   --->   "%select_ln282_2 = select i1 %icmp_ln282, i23 8388607, i23 0" [/wrk/ci/prod/2025.2/hls_product/continuous/666/2025.2/src/shared/hls/clib/hlsmath/include/FloatingPoint/hls_hotbm.h:282]   --->   Operation 158 'select' 'select_ln282_2' <Predicate = (!and_ln271)> <Delay = 0.00> <CoreInst = "Sel">   --->   Core 73 'Sel' <Latency = 0> <II = 1> <Delay = 0.99> <FuncUnit> <Opcode : 'select'> <InPorts = 3> <OutPorts = 1>
ST_18 : Operation 159 [1/1] (0.00ns) (grouped into LUT with out node results_sig_1)   --->   "%results_sig = select i1 %or_ln282, i23 %select_ln282_2, i23 %empty_59" [/wrk/ci/prod/2025.2/hls_product/continuous/666/2025.2/src/shared/hls/clib/hlsmath/include/FloatingPoint/hls_hotbm.h:282]   --->   Operation 159 'select' 'results_sig' <Predicate = (!and_ln271)> <Delay = 0.00> <CoreInst = "Sel">   --->   Core 73 'Sel' <Latency = 0> <II = 1> <Delay = 0.69> <FuncUnit> <Opcode : 'select'> <InPorts = 3> <OutPorts = 1>
ST_18 : Operation 160 [1/1] (1.24ns) (out node of the LUT)   --->   "%results_exp_1 = select i1 %and_ln271, i8 %select_ln259, i8 %results_exp" [/wrk/ci/prod/2025.2/hls_product/continuous/666/2025.2/src/shared/hls/clib/hlsmath/include/FloatingPoint/hls_hotbm.h:271]   --->   Operation 160 'select' 'results_exp_1' <Predicate = true> <Delay = 1.24> <CoreInst = "Sel">   --->   Core 73 'Sel' <Latency = 0> <II = 1> <Delay = 1.24> <FuncUnit> <Opcode : 'select'> <InPorts = 3> <OutPorts = 1>
ST_18 : Operation 161 [1/1] (0.99ns) (out node of the LUT)   --->   "%results_sig_1 = select i1 %and_ln271, i23 0, i23 %results_sig" [/wrk/ci/prod/2025.2/hls_product/continuous/666/2025.2/src/shared/hls/clib/hlsmath/include/FloatingPoint/hls_hotbm.h:271]   --->   Operation 161 'select' 'results_sig_1' <Predicate = true> <Delay = 0.99> <CoreInst = "Sel">   --->   Core 73 'Sel' <Latency = 0> <II = 1> <Delay = 0.69> <FuncUnit> <Opcode : 'select'> <InPorts = 3> <OutPorts = 1>
ST_18 : Operation 162 [1/1] (0.00ns)   --->   "%t_2 = bitconcatenate i32 @_ssdm_op_BitConcatenate.i32.i1.i8.i23, i1 %results_sign_3, i8 %results_exp_1, i23 %results_sig_1" [/wrk/ci/prod/2025.2/hls_product/continuous/666/2025.2/src/shared/hls/clib/src/hls/utils/x_hls_utils.h:313->/wrk/ci/prod/2025.2/hls_product/continuous/666/2025.2/src/shared/hls/clib/src/hls/utils/x_hls_utils.h:326->/wrk/ci/prod/2025.2/hls_product/continuous/666/2025.2/src/shared/hls/clib/src/hls/utils/x_hls_utils.h:347->/wrk/ci/prod/2025.2/hls_product/continuous/666/2025.2/src/shared/hls/clib/hlsmath/include/FloatingPoint/hls_hotbm.h:287]   --->   Operation 162 'bitconcatenate' 't_2' <Predicate = true> <Delay = 0.00>
ST_18 : Operation 163 [1/1] (0.00ns)   --->   "%bitcast_ln327 = bitcast i32 %t_2" [/wrk/ci/prod/2025.2/hls_product/continuous/666/2025.2/src/shared/hls/clib/src/hls/utils/x_hls_utils.h:327->/wrk/ci/prod/2025.2/hls_product/continuous/666/2025.2/src/shared/hls/clib/src/hls/utils/x_hls_utils.h:347->/wrk/ci/prod/2025.2/hls_product/continuous/666/2025.2/src/shared/hls/clib/hlsmath/include/FloatingPoint/hls_hotbm.h:287]   --->   Operation 163 'bitcast' 'bitcast_ln327' <Predicate = true> <Delay = 0.00>
ST_18 : Operation 164 [1/1] (0.00ns)   --->   "%ret_ln287 = ret i32 %bitcast_ln327" [/wrk/ci/prod/2025.2/hls_product/continuous/666/2025.2/src/shared/hls/clib/hlsmath/include/FloatingPoint/hls_hotbm.h:287]   --->   Operation 164 'ret' 'ret_ln287' <Predicate = true> <Delay = 0.00>


============================================================
+ Verbose Summary: Timing violations
============================================================
Target clock period: 10.000ns, clock uncertainty: 2.700ns.

 <State 1>: 5.466ns
The critical path consists of the following:
	wire read operation ('t_in', /wrk/ci/prod/2025.2/hls_product/continuous/666/2025.2/src/shared/hls/clib/hlsmath/include/FloatingPoint/hls_hotbm.h:209) on port 't_in' (/wrk/ci/prod/2025.2/hls_product/continuous/666/2025.2/src/shared/hls/clib/hlsmath/include/FloatingPoint/hls_hotbm.h:209) [8]  (0.000 ns)
	'icmp' operation 1 bit ('closepath', /wrk/ci/prod/2025.2/hls_product/continuous/666/2025.2/src/shared/hls/clib/hlsmath/include/FloatingPoint/hls_range_redux.h:451->/wrk/ci/prod/2025.2/hls_product/continuous/666/2025.2/src/shared/hls/clib/hlsmath/include/FloatingPoint/hls_hotbm.h:239) [13]  (1.915 ns)
	'select' operation 8 bit ('addr', /wrk/ci/prod/2025.2/hls_product/continuous/666/2025.2/src/shared/hls/clib/hlsmath/include/FloatingPoint/hls_range_redux.h:376->/wrk/ci/prod/2025.2/hls_product/continuous/666/2025.2/src/shared/hls/clib/hlsmath/include/FloatingPoint/hls_range_redux.h:467->/wrk/ci/prod/2025.2/hls_product/continuous/666/2025.2/src/shared/hls/clib/hlsmath/include/FloatingPoint/hls_hotbm.h:239) [19]  (1.248 ns)
	'getelementptr' operation 4 bit ('ref_4oPi_table_100_addr', /wrk/ci/prod/2025.2/hls_product/continuous/666/2025.2/src/shared/hls/clib/hlsmath/include/FloatingPoint/hls_range_redux.h:378->/wrk/ci/prod/2025.2/hls_product/continuous/666/2025.2/src/shared/hls/clib/hlsmath/include/FloatingPoint/hls_range_redux.h:467->/wrk/ci/prod/2025.2/hls_product/continuous/666/2025.2/src/shared/hls/clib/hlsmath/include/FloatingPoint/hls_hotbm.h:239) [22]  (0.000 ns)
	'load' operation 100 bit ('table_100', /wrk/ci/prod/2025.2/hls_product/continuous/666/2025.2/src/shared/hls/clib/hlsmath/include/FloatingPoint/hls_range_redux.h:378->/wrk/ci/prod/2025.2/hls_product/continuous/666/2025.2/src/shared/hls/clib/hlsmath/include/FloatingPoint/hls_range_redux.h:467->/wrk/ci/prod/2025.2/hls_product/continuous/666/2025.2/src/shared/hls/clib/hlsmath/include/FloatingPoint/hls_hotbm.h:239) on array 'ref_4oPi_table_100' [23]  (2.303 ns)

 <State 2>: 7.074ns
The critical path consists of the following:
	'load' operation 100 bit ('table_100', /wrk/ci/prod/2025.2/hls_product/continuous/666/2025.2/src/shared/hls/clib/hlsmath/include/FloatingPoint/hls_range_redux.h:378->/wrk/ci/prod/2025.2/hls_product/continuous/666/2025.2/src/shared/hls/clib/hlsmath/include/FloatingPoint/hls_range_redux.h:467->/wrk/ci/prod/2025.2/hls_product/continuous/666/2025.2/src/shared/hls/clib/hlsmath/include/FloatingPoint/hls_hotbm.h:239) on array 'ref_4oPi_table_100' [23]  (2.303 ns)
	'shl' operation 100 bit ('shl_ln379', /wrk/ci/prod/2025.2/hls_product/continuous/666/2025.2/src/shared/hls/clib/hlsmath/include/FloatingPoint/hls_range_redux.h:379->/wrk/ci/prod/2025.2/hls_product/continuous/666/2025.2/src/shared/hls/clib/hlsmath/include/FloatingPoint/hls_range_redux.h:467->/wrk/ci/prod/2025.2/hls_product/continuous/666/2025.2/src/shared/hls/clib/hlsmath/include/FloatingPoint/hls_hotbm.h:239) [26]  (4.771 ns)

 <State 3>: 6.978ns
The critical path consists of the following:
	'mul' operation 80 bit ('h', /wrk/ci/prod/2025.2/hls_product/continuous/666/2025.2/src/shared/hls/clib/hlsmath/include/FloatingPoint/hls_range_redux.h:468->/wrk/ci/prod/2025.2/hls_product/continuous/666/2025.2/src/shared/hls/clib/hlsmath/include/FloatingPoint/hls_hotbm.h:239) [29]  (6.978 ns)

 <State 4>: 6.978ns
The critical path consists of the following:
	'mul' operation 80 bit ('h', /wrk/ci/prod/2025.2/hls_product/continuous/666/2025.2/src/shared/hls/clib/hlsmath/include/FloatingPoint/hls_range_redux.h:468->/wrk/ci/prod/2025.2/hls_product/continuous/666/2025.2/src/shared/hls/clib/hlsmath/include/FloatingPoint/hls_hotbm.h:239) [29]  (6.978 ns)

 <State 5>: 6.978ns
The critical path consists of the following:
	'mul' operation 80 bit ('h', /wrk/ci/prod/2025.2/hls_product/continuous/666/2025.2/src/shared/hls/clib/hlsmath/include/FloatingPoint/hls_range_redux.h:468->/wrk/ci/prod/2025.2/hls_product/continuous/666/2025.2/src/shared/hls/clib/hlsmath/include/FloatingPoint/hls_hotbm.h:239) [29]  (6.978 ns)

 <State 6>: 6.978ns
The critical path consists of the following:
	'mul' operation 80 bit ('h', /wrk/ci/prod/2025.2/hls_product/continuous/666/2025.2/src/shared/hls/clib/hlsmath/include/FloatingPoint/hls_range_redux.h:468->/wrk/ci/prod/2025.2/hls_product/continuous/666/2025.2/src/shared/hls/clib/hlsmath/include/FloatingPoint/hls_hotbm.h:239) [29]  (6.978 ns)

 <State 7>: 6.978ns
The critical path consists of the following:
	'mul' operation 80 bit ('h', /wrk/ci/prod/2025.2/hls_product/continuous/666/2025.2/src/shared/hls/clib/hlsmath/include/FloatingPoint/hls_range_redux.h:468->/wrk/ci/prod/2025.2/hls_product/continuous/666/2025.2/src/shared/hls/clib/hlsmath/include/FloatingPoint/hls_hotbm.h:239) [29]  (6.978 ns)

 <State 8>: 4.443ns
The critical path consists of the following:
	'sub' operation 58 bit ('Mx_bits', /wrk/ci/prod/2025.2/hls_product/continuous/666/2025.2/src/shared/hls/clib/hlsmath/include/FloatingPoint/hls_range_redux.h:492->/wrk/ci/prod/2025.2/hls_product/continuous/666/2025.2/src/shared/hls/clib/hlsmath/include/FloatingPoint/hls_hotbm.h:239) [34]  (3.365 ns)
	'select' operation 58 bit ('Mx_bits', /wrk/ci/prod/2025.2/hls_product/continuous/666/2025.2/src/shared/hls/clib/hlsmath/include/FloatingPoint/hls_range_redux.h:491->/wrk/ci/prod/2025.2/hls_product/continuous/666/2025.2/src/shared/hls/clib/hlsmath/include/FloatingPoint/hls_hotbm.h:239) [35]  (1.077 ns)

 <State 9>: 6.665ns
The critical path consists of the following:
	'ctlz' operation 30 bit ('Mx_zeros', /wrk/ci/prod/2025.2/hls_product/continuous/666/2025.2/src/shared/hls/clib/hlsmath/include/FloatingPoint/hls_normalize.h:75->/wrk/ci/prod/2025.2/hls_product/continuous/666/2025.2/src/shared/hls/clib/hlsmath/include/FloatingPoint/hls_range_redux.h:495->/wrk/ci/prod/2025.2/hls_product/continuous/666/2025.2/src/shared/hls/clib/hlsmath/include/FloatingPoint/hls_hotbm.h:239) [38]  (2.060 ns)
	'shl' operation 58 bit ('shl_ln504', /wrk/ci/prod/2025.2/hls_product/continuous/666/2025.2/src/shared/hls/clib/hlsmath/include/FloatingPoint/hls_range_redux.h:504->/wrk/ci/prod/2025.2/hls_product/continuous/666/2025.2/src/shared/hls/clib/hlsmath/include/FloatingPoint/hls_hotbm.h:239) [40]  (4.605 ns)

 <State 10>: 6.285ns
The critical path consists of the following:
	'select' operation 8 bit ('select_ln506', /wrk/ci/prod/2025.2/hls_product/continuous/666/2025.2/src/shared/hls/clib/hlsmath/include/FloatingPoint/hls_range_redux.h:506->/wrk/ci/prod/2025.2/hls_product/continuous/666/2025.2/src/shared/hls/clib/hlsmath/include/FloatingPoint/hls_hotbm.h:239) [46]  (1.248 ns)
	'lshr' operation 32 bit ('lshr_ln506', /wrk/ci/prod/2025.2/hls_product/continuous/666/2025.2/src/shared/hls/clib/hlsmath/include/FloatingPoint/hls_range_redux.h:506->/wrk/ci/prod/2025.2/hls_product/continuous/666/2025.2/src/shared/hls/clib/hlsmath/include/FloatingPoint/hls_hotbm.h:239) [49]  (4.339 ns)
	'select' operation 32 bit ('select_ln506_1', /wrk/ci/prod/2025.2/hls_product/continuous/666/2025.2/src/shared/hls/clib/hlsmath/include/FloatingPoint/hls_range_redux.h:506->/wrk/ci/prod/2025.2/hls_product/continuous/666/2025.2/src/shared/hls/clib/hlsmath/include/FloatingPoint/hls_hotbm.h:239) [51]  (0.698 ns)

 <State 11>: 2.322ns
The critical path consists of the following:
	'getelementptr' operation 8 bit ('second_order_float_sin_cos_K0_addr', /wrk/ci/prod/2025.2/hls_product/continuous/666/2025.2/src/shared/hls/clib/hlsmath/src/common/hls_hotbm_float.cpp:28->/wrk/ci/prod/2025.2/hls_product/continuous/666/2025.2/src/shared/hls/clib/hlsmath/include/FloatingPoint/hls_hotbm.h:250) [70]  (0.000 ns)
	'load' operation 30 bit ('second_order_float_sin_cos_K0_load', /wrk/ci/prod/2025.2/hls_product/continuous/666/2025.2/src/shared/hls/clib/hlsmath/src/common/hls_hotbm_float.cpp:28->/wrk/ci/prod/2025.2/hls_product/continuous/666/2025.2/src/shared/hls/clib/hlsmath/include/FloatingPoint/hls_hotbm.h:250) on array 'second_order_float_sin_cos_K0' [71]  (2.322 ns)

 <State 12>: 5.590ns
The critical path consists of the following:
	'mul' operation 30 bit ('mul_ln23', /wrk/ci/prod/2025.2/hls_product/continuous/666/2025.2/src/shared/hls/clib/hlsmath/src/common/hls_hotbm_float.cpp:23->/wrk/ci/prod/2025.2/hls_product/continuous/666/2025.2/src/shared/hls/clib/hlsmath/include/FloatingPoint/hls_hotbm.h:250) [64]  (5.590 ns)

 <State 13>: 6.430ns
The critical path consists of the following:
	'mul' operation 45 bit ('mul_ln29', /wrk/ci/prod/2025.2/hls_product/continuous/666/2025.2/src/shared/hls/clib/hlsmath/src/common/hls_hotbm_float.cpp:29->/wrk/ci/prod/2025.2/hls_product/continuous/666/2025.2/src/shared/hls/clib/hlsmath/include/FloatingPoint/hls_hotbm.h:250) [77]  (6.430 ns)

 <State 14>: 4.312ns
The critical path consists of the following:
	'add' operation 30 bit ('add_ln32', /wrk/ci/prod/2025.2/hls_product/continuous/666/2025.2/src/shared/hls/clib/hlsmath/src/common/hls_hotbm_float.cpp:32->/wrk/ci/prod/2025.2/hls_product/continuous/666/2025.2/src/shared/hls/clib/hlsmath/include/FloatingPoint/hls_hotbm.h:250) [86]  (0.000 ns)
	'add' operation 30 bit ('add_ln32_1', /wrk/ci/prod/2025.2/hls_product/continuous/666/2025.2/src/shared/hls/clib/hlsmath/src/common/hls_hotbm_float.cpp:32->/wrk/ci/prod/2025.2/hls_product/continuous/666/2025.2/src/shared/hls/clib/hlsmath/include/FloatingPoint/hls_hotbm.h:250) [88]  (4.312 ns)

 <State 15>: 6.912ns
The critical path consists of the following:
	'mul' operation 58 bit ('mul_ln32', /wrk/ci/prod/2025.2/hls_product/continuous/666/2025.2/src/shared/hls/clib/hlsmath/src/common/hls_hotbm_float.cpp:32->/wrk/ci/prod/2025.2/hls_product/continuous/666/2025.2/src/shared/hls/clib/hlsmath/include/FloatingPoint/hls_hotbm.h:250) [91]  (6.912 ns)

 <State 16>: 6.912ns
The critical path consists of the following:
	'mul' operation 58 bit ('mul_ln32', /wrk/ci/prod/2025.2/hls_product/continuous/666/2025.2/src/shared/hls/clib/hlsmath/src/common/hls_hotbm_float.cpp:32->/wrk/ci/prod/2025.2/hls_product/continuous/666/2025.2/src/shared/hls/clib/hlsmath/include/FloatingPoint/hls_hotbm.h:250) [91]  (6.912 ns)

 <State 17>: 6.441ns
The critical path consists of the following:
	'ctlz' operation 32 bit ('c', /wrk/ci/prod/2025.2/hls_product/continuous/666/2025.2/src/shared/hls/clib/hlsmath/include/FloatingPoint/hls_normalize.h:81->/wrk/ci/prod/2025.2/hls_product/continuous/666/2025.2/src/shared/hls/clib/src/hls/utils/x_hls_float_utils.h:283->/wrk/ci/prod/2025.2/hls_product/continuous/666/2025.2/src/shared/hls/clib/hlsmath/include/FloatingPoint/hls_hotbm.h:252) [98]  (2.129 ns)
	'shl' operation 28 bit ('in_shift', /wrk/ci/prod/2025.2/hls_product/continuous/666/2025.2/src/shared/hls/clib/src/hls/utils/x_hls_float_utils.h:291->/wrk/ci/prod/2025.2/hls_product/continuous/666/2025.2/src/shared/hls/clib/hlsmath/include/FloatingPoint/hls_hotbm.h:252) [105]  (4.312 ns)

 <State 18>: 7.139ns
The critical path consists of the following:
	'select' operation 5 bit ('shift', /wrk/ci/prod/2025.2/hls_product/continuous/666/2025.2/src/shared/hls/clib/src/hls/utils/x_hls_float_utils.h:292->/wrk/ci/prod/2025.2/hls_product/continuous/666/2025.2/src/shared/hls/clib/hlsmath/include/FloatingPoint/hls_hotbm.h:252) [109]  (1.215 ns)
	'sub' operation 9 bit ('newexp', /wrk/ci/prod/2025.2/hls_product/continuous/666/2025.2/src/shared/hls/clib/src/hls/utils/x_hls_float_utils.h:300->/wrk/ci/prod/2025.2/hls_product/continuous/666/2025.2/src/shared/hls/clib/hlsmath/include/FloatingPoint/hls_hotbm.h:252) [112]  (3.698 ns)
	'or' operation 1 bit ('or_ln306', /wrk/ci/prod/2025.2/hls_product/continuous/666/2025.2/src/shared/hls/clib/src/hls/utils/x_hls_float_utils.h:306->/wrk/ci/prod/2025.2/hls_product/continuous/666/2025.2/src/shared/hls/clib/hlsmath/include/FloatingPoint/hls_hotbm.h:252) [115]  (0.000 ns)
	'or' operation 1 bit ('or_ln282', /wrk/ci/prod/2025.2/hls_product/continuous/666/2025.2/src/shared/hls/clib/hlsmath/include/FloatingPoint/hls_hotbm.h:282) [134]  (0.978 ns)
	'select' operation 8 bit ('results.exp', /wrk/ci/prod/2025.2/hls_product/continuous/666/2025.2/src/shared/hls/clib/hlsmath/include/FloatingPoint/hls_hotbm.h:282) [135]  (0.000 ns)
	'select' operation 8 bit ('results.exp', /wrk/ci/prod/2025.2/hls_product/continuous/666/2025.2/src/shared/hls/clib/hlsmath/include/FloatingPoint/hls_hotbm.h:271) [139]  (1.248 ns)


============================================================
+ Verbose Summary: Binding
============================================================
N/A
* FSMD analyzer results:
  - Output states:
 - Input state : 
  - Chain level:
	State 1
	State 2
	State 3
	State 4
	State 5
	State 6
	State 7
	State 8
	State 9
	State 10
	State 11
	State 12
	State 13
	State 14
	State 15
	State 16
	State 17
	State 18


============================================================
+ Verbose Summary: Datapath Resource usage 
============================================================
N/A
